www.informatics.uci.edu
www.informatics.uci.edu/brochure-tiles/what-we-build
www.informatics.uci.edu/files/pdf/InformaticsBrochure-March2018
www.informatics.uci.edu
www.informatics.uci.edu/brochure-tiles/what-we-build
www.informatics.uci.edu/files/pdf/InformaticsBrochure-March2018
www.informatics.uci.edu/explore/faculty-profiles/stacy-branham
www.informatics.uci.edu/explore/faculty-profiles/yunan-chen
www.ics.uci.edu/~yunanc
www.ics.uci.edu/~claram/

www.informatics.uci.edu/explore/faculty-profiles/roderic-crooks
www.informatics.uci.edu/explore/faculty-profiles/paul-dourish
www.informatics.uci.edu/explore/faculty-profiles/daniel-epstein
www.informatics.uci.edu/explore/faculty-profiles/joshua-garcia
jgarcia.ics.uci.edu
jgarcia.ics.uci.edu/
jgarcia.ics.uci.edu/
jgarcia.ics.uci.edu/
jgarcia.ics.uci.edu/
jgarcia.ics.uci.edu/
jgarcia.ics.uci.edu/
jgarcia.ics.uci.edu/
seal.ics.uci.edu/projects/salma/index.html
www.ics.uci.edu/~seal
www.informatics.ics.uci.edu
www.ics.uci.edu/~malek
seal.ics.uci.edu
www.ics.uci.edu/~seal/publications.html
jgarcia.ics.uci.edu/
jgarcia.ics.uci.edu/
jgarcia.ics.uci.edu/
jgarcia.ics.uci.edu/
jgarcia.ics.uci.edu/
jgarcia.ics.uci.edu/
jgarcia.ics.uci.edu/
jgarcia.ics.uci.edu/
jgarcia.ics.uci.edu/
www.ics.uci.edu/~seal/projects/trimdroid
seal.ics.uci.edu/projects/droid-sec-taxonomy/index.html
seal.ics.uci.edu/projects/obfuscation/index.html
www.ics.uci.edu/~seal/projects/covert
seal.ics.uci.edu/projects/letterbomb
seal.ics.uci.edu/projects/revealdroid
jgarcia.ics.uci.edu/
www.informatics.uci.edu/explore/faculty-profiles/gillian-hayes
www.informatics.uci.edu/explore/faculty-profiles/mizuko-ito
www.informatics.uci.edu/explore/faculty-profiles/james-a-jones
www.ics.uci.edu/~jajones
www.informatics.uci.edu/explore/faculty-profiles/david-g-kay
www.ics.uci.edu/~kay
www.ics.uci.edu/~kay/labtutors
www.ics.uci.edu/~kay/teachingics.html
www.ics.uci.edu/~kay/ask.html
www.ics.uci.edu/~kay/checker.html
www.ics.uci.edu/~kay/turnitin.html
checkmate.ics.uci.edu
www.ics.uci.edu/~kay/taguide.html
www.ics.uci.edu/ugrad/policies/index.php
www.ics.uci.edu/about/about_contact.php
www.ics.uci.edu/about
www.ics.uci.edu/about/about_safety.php
www.ics.uci.edu/accessibility
www.ics.uci.edu/about/visit/index.php
www.ics.uci.edu/about/visit
www.ics.uci.edu/community/news
calendar.ics.uci.edu/calendar.php
www.ics.uci.edu/community
www.ics.uci.edu/community/news/view_news
www.ics.uci.edu/community/news/view_news
www.ics.uci.edu/~rostami1
www.ics.uci.edu/community/news/view_news
www.ics.uci.edu/community/news/view_news
www.ics.uci.edu/~gts
www.ics.uci.edu/%7Egts/words.html
www.ics.uci.edu/%7Egts/stupid.html
www.ics.uci.edu/%7Egts/facts.html
www.ics.uci.edu/%7Egts/students.html
www.ics.uci.edu/%7Egts/pats.html
www.ics.uci.edu/%7Egts/contact.html
sprout.ics.uci.edu
mswe.ics.uci.edu
mswe.ics.uci.edu/contact-us
mswe.ics.uci.edu/faq
mswe.ics.uci.edu/career/resources-for-international-students
mswe.ics.uci.edu/career
mswe.ics.uci.edu/career/additional-resources
www.ics.uci.edu/ugrad/resources/ICS_StudentOrgs.php
wics.ics.uci.edu
wics.ics.uci.edu/katie-yeh
wics.ics.uci.edu/katie-khu
wics.ics.uci.edu/janay-nunez
wics.ics.uci.edu/wics-winter-quarter-week-1-first-general-meeting-2
wics.ics.uci.edu/wics-fall-quarter-week-9-friendsgiving-potluck
wics.ics.uci.edu/wics-fall-quarter-week-8-movie-night
wics.ics.uci.edu/wics-fall-quarter-week-6-mentorship-reveal
wics.ics.uci.edu/wics-fall-quarter-week-5-facebook-coding-event
wics.ics.uci.edu/wics-fall-quarter-week-4-honey-information-session
wics.ics.uci.edu/wics-fall-quarter-week-3-zillow-interview-workshop
wics.ics.uci.edu/wics-fall-quarter-week-3-wics-games-2
wics.ics.uci.edu/wics-fall-quarter-week-2-meet-the-board-social-qa
wics.ics.uci.edu/wics-fall-quarter-week-2-mentorship-mixer-2
wics.ics.uci.edu/wics-fall-quarter-week-1-first-general-meeting-2
wics.ics.uci.edu/wics-spring-quarter-week-10-amazon-alexa-wokshop
wics.ics.uci.edu/wics-spring-quarter-week-8-wics-game-night
wics.ics.uci.edu/wics-spring-quarter-week-7-slalom-tour
wics.ics.uci.edu/wics-spring-quarter-week-6-intuit-tour
wics.ics.uci.edu/wics-spring-quarter-week-8-paciolan-job-shadowing
wics.ics.uci.edu/wics-spring-quarter-week-7-resume-workshop
wics.ics.uci.edu/wics-spring-quarter-week-6-study-session
wics.ics.uci.edu/wics-spring-quarter-week5-intro-to-web-design
wics.ics.uci.edu/wics-spring-quarter-week-4-battle-of-the-mentorships
wics.ics.uci.edu/athenahacks-2019
wics.ics.uci.edu/wics-spring-quarter-week-3-ghc-info-session
wics.ics.uci.edu/wics-spring-quarter-week-2-paciolan-info-session
wics.ics.uci.edu/wics-spring-quarter-week-1-first-general-meeting
wics.ics.uci.edu/wics-spring-quarter-week-1-first-general-meeting/
wics.ics.uci.edu/wics-spring-quarter-week-1-first-general-meeting/
wics.ics.uci.edu/wics-spring-quarter-week-1-first-general-meeting/
wics.ics.uci.edu/wics-spring-quarter-week-2-paciolan-info-session/
wics.ics.uci.edu/wics-spring-quarter-week-2-paciolan-info-session/
wics.ics.uci.edu/wics-spring-quarter-week-2-paciolan-info-session/
wics.ics.uci.edu/wics-spring-quarter-week-3-ghc-info-session/
wics.ics.uci.edu/wics-spring-quarter-week-3-ghc-info-session/
wics.ics.uci.edu/wics-spring-quarter-week-3-ghc-info-session/
wics.ics.uci.edu/athenahacks-2019/
wics.ics.uci.edu/athenahacks-2019/
wics.ics.uci.edu/athenahacks-2019/
wics.ics.uci.edu/wics-spring-quarter-week-4-battle-of-the-mentorships/
wics.ics.uci.edu/wics-spring-quarter-week-4-battle-of-the-mentorships/
wics.ics.uci.edu/wics-spring-quarter-week-4-battle-of-the-mentorships/
wics.ics.uci.edu/wics-spring-quarter-week5-intro-to-web-design/
wics.ics.uci.edu/wics-spring-quarter-week5-intro-to-web-design/
wics.ics.uci.edu/wics-spring-quarter-week5-intro-to-web-design/
wics.ics.uci.edu/wics-spring-quarter-week-6-study-session/
wics.ics.uci.edu/wics-spring-quarter-week-6-study-session/
wics.ics.uci.edu/wics-spring-quarter-week-6-study-session/
wics.ics.uci.edu/wics-spring-quarter-week-7-resume-workshop/
wics.ics.uci.edu/wics-spring-quarter-week-7-resume-workshop/
wics.ics.uci.edu/wics-spring-quarter-week-7-resume-workshop/
wics.ics.uci.edu/wics-spring-quarter-week-8-paciolan-job-shadowing/
wics.ics.uci.edu/wics-spring-quarter-week-8-paciolan-job-shadowing/
wics.ics.uci.edu/wics-spring-quarter-week-8-paciolan-job-shadowing/
wics.ics.uci.edu/wics-spring-quarter-week-6-intuit-tour/
wics.ics.uci.edu/wics-spring-quarter-week-6-intuit-tour/
wics.ics.uci.edu/wics-spring-quarter-week-6-intuit-tour/
wics.ics.uci.edu/category/news/tour
wics.ics.uci.edu/wics-goes-to-blizzard
wics.ics.uci.edu/wics-hosts-a-toy-hacking-workshop-with-dr-garnet-hertz
wics.ics.uci.edu/wics-hosts-a-toy-hacking-workshop-with-dr-garnet-hertz/
wics.ics.uci.edu/wics-hosts-a-toy-hacking-workshop-with-dr-garnet-hertz/
wics.ics.uci.edu/wics-hosts-a-toy-hacking-workshop-with-dr-garnet-hertz/
wics.ics.uci.edu/wics-hosts-a-toy-hacking-workshop-with-dr-garnet-hertz/13-02-03-toy-hacker-005
wics.ics.uci.edu/wics-hosts-a-toy-hacking-workshop-with-dr-garnet-hertz/13-02-03-toy-hacker-006
wics.ics.uci.edu/wics-hosts-a-toy-hacking-workshop-with-dr-garnet-hertz/13-02-03-toy-hacker-011
wics.ics.uci.edu/wics-hosts-a-toy-hacking-workshop-with-dr-garnet-hertz/13-02-03-toy-hacker-010
wics.ics.uci.edu/wics-hosts-a-toy-hacking-workshop-with-dr-garnet-hertz/13-02-03-toy-hacker-009
wics.ics.uci.edu/wics-hosts-a-toy-hacking-workshop-with-dr-garnet-hertz/13-02-03-toy-hacker-008
wics.ics.uci.edu/wics-hosts-a-toy-hacking-workshop-with-dr-garnet-hertz/13-02-03-toy-hacker-007
wics.ics.uci.edu/wics-hosts-a-toy-hacking-workshop-with-dr-garnet-hertz/13-02-03-toy-hacker-012
wics.ics.uci.edu/wics-hosts-a-toy-hacking-workshop-with-dr-garnet-hertz/13-02-03-toy-hacker-013
wics.ics.uci.edu/wics-hosts-a-toy-hacking-workshop-with-dr-garnet-hertz/13-02-03-toy-hacker-016
wics.ics.uci.edu/wics-hosts-a-toy-hacking-workshop-with-dr-garnet-hertz/13-02-03-toy-hacker-020
wics.ics.uci.edu/wics-hosts-a-toy-hacking-workshop-with-dr-garnet-hertz/13-02-03-toy-hacker-001
wics.ics.uci.edu/category/news/workshop-2
wics.ics.uci.edu/category/news/workshop-2/page/2
wics.ics.uci.edu/wics-hosts-a-toy-hacking-workshop
wics.ics.uci.edu/beginning-of-the-quarter-general-meeting
wics.ics.uci.edu/fall-quarter-update
wics.ics.uci.edu/wics-is-awarded-the-ncwit-student-seed-fund
wics.ics.uci.edu/google-career-panel
wics.ics.uci.edu/wics-swe-hosts-women-in-consulting-with-capgemini
wics.ics.uci.edu/masimo-presents-the-hidden-job-market
wics.ics.uci.edu/wics-mentorship-program
wics.ics.uci.edu/wics-first-general-meeting
wics.ics.uci.edu/2nd-post
wics.ics.uci.edu/hello-world
wics.ics.uci.edu/hello-world/
wics.ics.uci.edu/hello-world/
wics.ics.uci.edu/hello-world/
wics.ics.uci.edu/2nd-post/
wics.ics.uci.edu/2nd-post/
wics.ics.uci.edu/2nd-post/
wics.ics.uci.edu/wics-first-general-meeting/
wics.ics.uci.edu/wics-first-general-meeting/
wics.ics.uci.edu/wics-first-general-meeting/
wics.ics.uci.edu/wics-mentorship-program/
wics.ics.uci.edu/wics-mentorship-program/
wics.ics.uci.edu/wics-mentorship-program/
wics.ics.uci.edu/masimo-presents-the-hidden-job-market/
wics.ics.uci.edu/masimo-presents-the-hidden-job-market/
wics.ics.uci.edu/masimo-presents-the-hidden-job-market/
wics.ics.uci.edu/wics-swe-hosts-women-in-consulting-with-capgemini/
wics.ics.uci.edu/wics-swe-hosts-women-in-consulting-with-capgemini/
wics.ics.uci.edu/wics-swe-hosts-women-in-consulting-with-capgemini/
wics.ics.uci.edu/google-career-panel/
wics.ics.uci.edu/google-career-panel/
wics.ics.uci.edu/google-career-panel/
wics.ics.uci.edu/wics-is-awarded-the-ncwit-student-seed-fund/
wics.ics.uci.edu/wics-is-awarded-the-ncwit-student-seed-fund/
wics.ics.uci.edu/wics-is-awarded-the-ncwit-student-seed-fund/
wics.ics.uci.edu/
wics.ics.uci.edu/fall-quarter-update/
wics.ics.uci.edu/fall-quarter-update/
wics.ics.uci.edu/fall-quarter-update/
wics.ics.uci.edu/fall-quarter-update/8320259749_9a05d5b2c8_b
wics.ics.uci.edu/fall-quarter-update/8322168491_dc9f8e4a1f_b
wics.ics.uci.edu/fall-quarter-update/8322267881_97e253a538_c
wics.ics.uci.edu/fall-quarter-update/8323227800_335865d9be_b
wics.ics.uci.edu/fall-quarter-update/img_0029
wics.ics.uci.edu/beginning-of-the-quarter-general-meeting/
wics.ics.uci.edu/beginning-of-the-quarter-general-meeting/
wics.ics.uci.edu/beginning-of-the-quarter-general-meeting/
wics.ics.uci.edu/photo-jan-08-18-39-07
wics.ics.uci.edu/photo-jan-08-19-08-34
wics.ics.uci.edu/photo-jan-08-18-43-06-2
wics.ics.uci.edu/photo-jan-08-18-39-43-2
wics.ics.uci.edu/category/news/wics-meeting
wics.ics.uci.edu/category/news/wics-meeting/page/2
wics.ics.uci.edu/annual-mentorship-program-2013
wics.ics.uci.edu/wics-week-0-meet-and-greet
wics.ics.uci.edu/wics-week-0-meet-and-greet/
wics.ics.uci.edu/wics-week-0-meet-and-greet/
wics.ics.uci.edu/wics-week-0-meet-and-greet/
wics.ics.uci.edu/wics-week-0-meet-and-greet/
wics.ics.uci.edu/wics-week-0-meet-and-greet/
wics.ics.uci.edu/wics-week-0-meet-and-greet/
wics.ics.uci.edu/event/week-1-general-meeting-mentorship-program
wics.ics.uci.edu/event/week-1-general-meeting-mentorship-program/
wics.ics.uci.edu/
wics.ics.uci.edu/event/project-meeting
wics.ics.uci.edu/event/project-meeting/
wics.ics.uci.edu/project-development
wics.ics.uci.edu/android-app-rewards
wics.ics.uci.edu/android-app-finale/
wics.ics.uci.edu/android-app-finale/
wics.ics.uci.edu/android-app-finale/
wics.ics.uci.edu/android-app-finale/
wics.ics.uci.edu/android-app-finale/
wics.ics.uci.edu/event/project-meeting-2
wics.ics.uci.edu/event/project-meeting-2/
wics.ics.uci.edu/event/week-2-broadcom-info-session-wics-ieee-hkn-and-icssc
wics.ics.uci.edu/event/week-2-broadcom-info-session-wics-ieee-hkn-and-icssc/
wics.ics.uci.edu/event/week-3-resume-workshop
wics.ics.uci.edu/event/week-3-resume-workshop/
wics.ics.uci.edu/event/project-meeting-3
wics.ics.uci.edu/event/project-meeting-3/
wics.ics.uci.edu/powerpoint-slides
wics.ics.uci.edu/event/project-meeting-4
wics.ics.uci.edu/event/project-meeting-4/
wics.ics.uci.edu/event/tba
wics.ics.uci.edu/event/tba/
wics.ics.uci.edu/event/project-meeting-5
wics.ics.uci.edu/event/project-meeting-5/
wics.ics.uci.edu/event/week-5-northrop-grumman-workshop
wics.ics.uci.edu/event/week-5-northrop-grumman-workshop/
wics.ics.uci.edu/event/week-6-southern-california-gas-company-info-session
wics.ics.uci.edu/event/week-6-southern-california-gas-company-info-session/
wics.ics.uci.edu/event/project-meeting-6
wics.ics.uci.edu/event/project-meeting-6/
wics.ics.uci.edu/event/tba-2
wics.ics.uci.edu/event/tba-2/
wics.ics.uci.edu/event/video-game-night-with-faculty
wics.ics.uci.edu/event/video-game-night-with-faculty/
wics.ics.uci.edu/event/project-meeting-7
wics.ics.uci.edu/event/project-meeting-7/
wics.ics.uci.edu/event/project-meeting-8
wics.ics.uci.edu/event/project-meeting-8/
wics.ics.uci.edu/event/wics-wk8-thanksgiving-potluck
wics.ics.uci.edu/event/wics-wk8-thanksgiving-potluck/
wics.ics.uci.edu/event/week-9-cia-info-session
wics.ics.uci.edu/event/week-9-cia-info-session/
wics.ics.uci.edu/event/websites-due
wics.ics.uci.edu/event/websites-due/
wics.ics.uci.edu/event/hour-of-code-workshop
wics.ics.uci.edu/event/hour-of-code-workshop/
wics.ics.uci.edu/event/project-meeting-awards
wics.ics.uci.edu/event/project-meeting-awards/
wics.ics.uci.edu/event/first-winter-quarter-meeting
wics.ics.uci.edu/event/first-winter-quarter-meeting/
wics.ics.uci.edu/event/week-2-intro-to-networking-and-professional-attire-workshop
wics.ics.uci.edu/event/week-2-intro-to-networking-and-professional-attire-workshop/
wics.ics.uci.edu/event/week-2-google-career-panel
wics.ics.uci.edu/event/week-2-google-career-panel/
wics.ics.uci.edu/event/t-shirt-design-contest
wics.ics.uci.edu/event/t-shirt-design-contest/
wics.ics.uci.edu/event/project-meeting-1
wics.ics.uci.edu/event/project-meeting-1/
wics.ics.uci.edu/event/week-3-swe-industry-networking-night
wics.ics.uci.edu/event/week-3-swe-industry-networking-night/
wics.ics.uci.edu/event/week-4-movie-night
wics.ics.uci.edu/event/week-4-movie-night/
wics.ics.uci.edu/event/project-meeting-2-2
wics.ics.uci.edu/event/project-meeting-2-2/
wics.ics.uci.edu/event/week-5-potluck
wics.ics.uci.edu/event/week-5-potluck/
wics.ics.uci.edu/event/project-meeting-2-3
wics.ics.uci.edu/event/project-meeting-2-3/
wics.ics.uci.edu/event/computer-expert-badge-brownie-troops-workshop
wics.ics.uci.edu/event/computer-expert-badge-brownie-troops-workshop/
wics.ics.uci.edu/event/week-6-homework-help
wics.ics.uci.edu/event/week-6-homework-help/
wics.ics.uci.edu/event/week-6-northrop-grumman
wics.ics.uci.edu/event/week-6-northrop-grumman/
wics.ics.uci.edu/event/project-meeting-3-2
wics.ics.uci.edu/event/project-meeting-3-2/
wics.ics.uci.edu/event/presidents-day
wics.ics.uci.edu/event/presidents-day/
wics.ics.uci.edu/event/week-7-tba
wics.ics.uci.edu/event/week-7-tba/
wics.ics.uci.edu/event/week-8-littlebits-workshop-with-brownie-troops
wics.ics.uci.edu/event/week-8-littlebits-workshop-with-brownie-troops/
wics.ics.uci.edu/event/week-8-arista-networks-info-session
wics.ics.uci.edu/event/week-8-arista-networks-info-session/
wics.ics.uci.edu/event/project-meeting-5-2
wics.ics.uci.edu/event/project-meeting-5-2/
wics.ics.uci.edu/event/week-9-mock-technical-interview-workshop
wics.ics.uci.edu/event/week-9-mock-technical-interview-workshop/
wics.ics.uci.edu/event/project-meeting-6-2
wics.ics.uci.edu/event/project-meeting-6-2/
wics.ics.uci.edu/event/spireon-techtalk
wics.ics.uci.edu/event/spireon-techtalk/
wics.ics.uci.edu/event/first-general-wics-meeting
wics.ics.uci.edu/event/first-general-wics-meeting/
wics.ics.uci.edu/event/western-digital-tour
wics.ics.uci.edu/event/western-digital-tour/
wics.ics.uci.edu/event/cwic-socal
wics.ics.uci.edu/event/cwic-socal/
wics.ics.uci.edu/event/week-2-the-portal-mascotsecret
wics.ics.uci.edu/event/week-2-the-portal-mascotsecret/
wics.ics.uci.edu/event/board-games-social
wics.ics.uci.edu/event/board-games-social/
wics.ics.uci.edu/event/wics-crepe-booth-fundraiser
wics.ics.uci.edu/event/wics-crepe-booth-fundraiser/
wics.ics.uci.edu/event/witi-waterfall-to-lean-with-agile-in-between
wics.ics.uci.edu/event/witi-waterfall-to-lean-with-agile-in-between/
wics.ics.uci.edu/event/week-4-python-projects-launch
wics.ics.uci.edu/event/week-4-python-projects-launch/
wics.ics.uci.edu/event/week-4-homework-and-interview-help
wics.ics.uci.edu/event/week-4-homework-and-interview-help/
wics.ics.uci.edu/event/week-4-swe-engineering-day
wics.ics.uci.edu/event/week-4-swe-engineering-day/
wics.ics.uci.edu/event/week-5-ics-potluck
wics.ics.uci.edu/event/week-5-ics-potluck/
wics.ics.uci.edu/event/python-project-meeting
wics.ics.uci.edu/event/python-project-meeting/
wics.ics.uci.edu/event/week-6-python-projects
wics.ics.uci.edu/event/week-6-python-projects/
wics.ics.uci.edu/event/week-6-social-event-tba
wics.ics.uci.edu/event/week-6-social-event-tba/
wics.ics.uci.edu/event/week-7-python-project-meeting
wics.ics.uci.edu/event/week-7-python-project-meeting/
wics.ics.uci.edu/event/week-7-startup-career-fair
wics.ics.uci.edu/event/week-7-startup-career-fair/
wics.ics.uci.edu/event/week-8-python-project-meeting
wics.ics.uci.edu/event/week-8-python-project-meeting/
wics.ics.uci.edu/event/week-8-ics-day
wics.ics.uci.edu/event/week-8-ics-day/
wics.ics.uci.edu/event/hackuci
wics.ics.uci.edu/event/hackuci/
wics.ics.uci.edu/event/memorial-day
wics.ics.uci.edu/event/memorial-day/
wics.ics.uci.edu/event/anteater-involvement-fair-2
wics.ics.uci.edu/event/anteater-involvement-fair-2/
wics.ics.uci.edu/event/ics-scavenger-hunt
wics.ics.uci.edu/event/ics-scavenger-hunt/
wics.ics.uci.edu/event/how-to-start-a-startup-class-series-from-stanford-university
wics.ics.uci.edu/event/how-to-start-a-startup-class-series-from-stanford-university/
wics.ics.uci.edu/event/week-0-wics-games
wics.ics.uci.edu/event/week-0-wics-games/
wics.ics.uci.edu/event/stanford-class-series-ideas-products-teams-and-execution
wics.ics.uci.edu/event/stanford-class-series-ideas-products-teams-and-execution/
wics.ics.uci.edu/event/week-1-general-meeting-mentorship-program-2
wics.ics.uci.edu/event/week-1-general-meeting-mentorship-program-2/
wics.ics.uci.edu/event/stanford-class-series-how-to-have-ideas-and-how-to-get-started
wics.ics.uci.edu/event/stanford-class-series-how-to-have-ideas-and-how-to-get-started/
wics.ics.uci.edu/event/stanford-class-series-building-product-talking-to-users-and-growing
wics.ics.uci.edu/event/stanford-class-series-building-product-talking-to-users-and-growing/
wics.ics.uci.edu/event/ios-beginner-workshop
wics.ics.uci.edu/event/ios-beginner-workshop/
student-council.ics.uci.edu/medappjam
wics.ics.uci.edu/event/the-portal-career-fair
wics.ics.uci.edu/event/the-portal-career-fair/
wics.ics.uci.edu/event/stanford-class-series-business-strategy-and-monopoly-theory
wics.ics.uci.edu/event/stanford-class-series-business-strategy-and-monopoly-theory/
wics.ics.uci.edu/event/week-3-career-fair-prep-workshop
wics.ics.uci.edu/event/week-3-career-fair-prep-workshop/
wics.ics.uci.edu/event/stanford-class-series-growth
wics.ics.uci.edu/event/stanford-class-series-growth/
wics.ics.uci.edu/event/stanford-class-series-how-to-build-products-users-love-pt-1
wics.ics.uci.edu/event/stanford-class-series-how-to-build-products-users-love-pt-1/
wics.ics.uci.edu/event/week-4-advanced-ios-workshop
wics.ics.uci.edu/event/week-4-advanced-ios-workshop/
wics.ics.uci.edu/event/stanford-class-series-how-to-build-products-users-love-pt-2
wics.ics.uci.edu/event/stanford-class-series-how-to-build-products-users-love-pt-2/
wics.ics.uci.edu/event/stanford-class-series-how-to-raise-money
wics.ics.uci.edu/event/stanford-class-series-how-to-raise-money/
wics.ics.uci.edu/event/week-5-facebook-women-panel
wics.ics.uci.edu/event/week-5-facebook-women-panel/
wics.ics.uci.edu/event/stanford-class-series-company-culture-and-building-a-team-part-i
wics.ics.uci.edu/event/stanford-class-series-company-culture-and-building-a-team-part-i/
wics.ics.uci.edu/event/stanford-class-series-company-culture-and-building-a-team-part-ii
wics.ics.uci.edu/event/stanford-class-series-company-culture-and-building-a-team-part-ii/
wics.ics.uci.edu/event/week-6-house-of-moves-tour
wics.ics.uci.edu/event/week-6-house-of-moves-tour/
wics.ics.uci.edu/event/veterans-day
wics.ics.uci.edu/event/veterans-day/
wics.ics.uci.edu/event/stanford-class-series-sales-and-marketing
wics.ics.uci.edu/event/stanford-class-series-sales-and-marketing/
wics.ics.uci.edu/event/stanford-class-series
wics.ics.uci.edu/event/stanford-class-series/
wics.ics.uci.edu/event/international-womens-hackathon
wics.ics.uci.edu/event/international-womens-hackathon/
wics.ics.uci.edu/event/week-7-wics-datspace-fab-tech-workshop
wics.ics.uci.edu/event/week-7-wics-datspace-fab-tech-workshop/
wics.ics.uci.edu/event/stanford-class-series-how-to-operate
wics.ics.uci.edu/event/stanford-class-series-how-to-operate/
wics.ics.uci.edu/event/week-7-crepe-booth
wics.ics.uci.edu/event/week-7-crepe-booth/
wics.ics.uci.edu/event/stanford-class-series-how-to-manage
wics.ics.uci.edu/event/stanford-class-series-how-to-manage/
wics.ics.uci.edu/event/week-8-ics-potluck
wics.ics.uci.edu/event/week-8-ics-potluck/
wics.ics.uci.edu/event/csedweek-hour-of-code-workshop
wics.ics.uci.edu/event/csedweek-hour-of-code-workshop/
wics.ics.uci.edu/event/general-meeting
wics.ics.uci.edu/event/general-meeting/
wics.ics.uci.edu/event/ics-career-panel
wics.ics.uci.edu/event/ics-career-panel/
wics.ics.uci.edu/event/adobe-info-session
wics.ics.uci.edu/event/adobe-info-session/
wics.ics.uci.edu/event/career-fair
wics.ics.uci.edu/event/career-fair/
wics.ics.uci.edu/event/week-3-club-affiliates-fair
wics.ics.uci.edu/event/week-3-club-affiliates-fair/
wics.ics.uci.edu/event/western-digital-tour-2
wics.ics.uci.edu/event/western-digital-tour-2/
wics.ics.uci.edu/event/week-4-payoff-company-tour
wics.ics.uci.edu/event/week-4-payoff-company-tour/
wics.ics.uci.edu/event/factory-enova
wics.ics.uci.edu/event/factory-enova/
wics.ics.uci.edu/event/week-6-study-session
wics.ics.uci.edu/event/week-6-study-session/
wics.ics.uci.edu/event/week-7-verizon
wics.ics.uci.edu/event/week-7-verizon/
wics.ics.uci.edu/event/engitech-career-fair
wics.ics.uci.edu/event/engitech-career-fair/
wics.ics.uci.edu/event/week-8-crepe-booth
wics.ics.uci.edu/event/week-8-crepe-booth/
wics.ics.uci.edu/event/amazon-info-session
wics.ics.uci.edu/event/amazon-info-session/
wics.ics.uci.edu/event/week-9-ics-quarterly-potluck
wics.ics.uci.edu/event/week-9-ics-quarterly-potluck/
wics.ics.uci.edu/event/week-1-general-meeting
wics.ics.uci.edu/event/week-1-general-meeting/
wics.ics.uci.edu/event/week-2-portal-tech-career-fair
wics.ics.uci.edu/event/week-2-portal-tech-career-fair/
wics.ics.uci.edu/event/week-3-mock-interview
wics.ics.uci.edu/event/week-3-mock-interview/
wics.ics.uci.edu/event/week-2-pariveda-solutions-info-sesion
wics.ics.uci.edu/event/week-2-pariveda-solutions-info-sesion/
wics.ics.uci.edu/event/recurse-center
wics.ics.uci.edu/event/recurse-center/
wics.ics.uci.edu/event/week-4-wics-bonding-aquarium-of-the-pacific
wics.ics.uci.edu/event/week-4-wics-bonding-aquarium-of-the-pacific/
wics.ics.uci.edu/event/week-5-movie-night
wics.ics.uci.edu/event/week-5-movie-night/
wics.ics.uci.edu/event/week-6-board-game-night
wics.ics.uci.edu/event/week-6-board-game-night/
wics.ics.uci.edu/event/week-7-ics-day
wics.ics.uci.edu/event/week-7-ics-day/
wics.ics.uci.edu/event/week-9-ics-potluck
wics.ics.uci.edu/event/week-9-ics-potluck/
wics.ics.uci.edu/event/week-0-anteater-involvement-fair
wics.ics.uci.edu/event/week-0-anteater-involvement-fair/
wics.ics.uci.edu/event/week-1-first-general-meeting-mentorship-mixer
wics.ics.uci.edu/event/week-1-first-general-meeting-mentorship-mixer/
wics.ics.uci.edu/event/sd-hacks
wics.ics.uci.edu/event/sd-hacks/
wics.ics.uci.edu/event/week-2-wics-games
wics.ics.uci.edu/event/week-2-wics-games/
wics.ics.uci.edu/event/cal-hacks
wics.ics.uci.edu/event/cal-hacks/
wics.ics.uci.edu/event/grace-hopper-conference
wics.ics.uci.edu/event/grace-hopper-conference/
wics.ics.uci.edu/event/uci-stem-career-fair
wics.ics.uci.edu/event/uci-stem-career-fair/
wics.ics.uci.edu/event/uci-career-fair
wics.ics.uci.edu/event/uci-career-fair/
wics.ics.uci.edu/event/girls-inc-info-session
wics.ics.uci.edu/event/girls-inc-info-session/
wics.ics.uci.edu/event/southern-california-edison-info-session
wics.ics.uci.edu/event/southern-california-edison-info-session/
wics.ics.uci.edu/event/week-0-anteater-involvement-fair-2
wics.ics.uci.edu/event/week-0-anteater-involvement-fair-2/
wics.ics.uci.edu/event/week-0-ics-adventure-quest
wics.ics.uci.edu/event/week-0-ics-adventure-quest/
wics.ics.uci.edu/event/week-0-oai-open-house
wics.ics.uci.edu/event/week-0-oai-open-house/
wics.ics.uci.edu/event/week-0-ics-bonfire
wics.ics.uci.edu/event/week-0-ics-bonfire/
wics.ics.uci.edu/event/week-1-first-general-meeting
wics.ics.uci.edu/event/week-1-first-general-meeting/
wics.ics.uci.edu/event/week-1-mentorship-mixer
wics.ics.uci.edu/event/week-1-mentorship-mixer/
wics.ics.uci.edu/event/sd-hacks-2
wics.ics.uci.edu/event/sd-hacks-2/
wics.ics.uci.edu/event/week-2-wics-games-2
wics.ics.uci.edu/event/week-2-wics-games-2/
wics.ics.uci.edu/event/week-3-mentorship-reveal
wics.ics.uci.edu/event/week-3-mentorship-reveal/
wics.ics.uci.edu/event/crepe-booth-2
wics.ics.uci.edu/event/crepe-booth-2/
wics.ics.uci.edu/event/oai-industry-night
wics.ics.uci.edu/event/oai-industry-night/
wics.ics.uci.edu/event/uci-stem-career-fair-2
wics.ics.uci.edu/event/uci-stem-career-fair-2/
wics.ics.uci.edu/event/week-3-pwc-info-session
wics.ics.uci.edu/event/week-3-pwc-info-session/
wics.ics.uci.edu/event/week-4-salesforce-mixer
wics.ics.uci.edu/event/week-4-salesforce-mixer/
wics.ics.uci.edu/event/gracehopper-conference
wics.ics.uci.edu/event/gracehopper-conference/
wics.ics.uci.edu/event/citrus-hacks
wics.ics.uci.edu/event/citrus-hacks/
wics.ics.uci.edu/event/week-5-study-session-tentative
wics.ics.uci.edu/event/week-5-study-session-tentative/
wics.ics.uci.edu/event/week-6-facebook-event-w-icssc-nsbe-shpe
wics.ics.uci.edu/event/week-6-facebook-event-w-icssc-nsbe-shpe/
wics.ics.uci.edu/event/week-6-prosky-event-w-maissvgdc
wics.ics.uci.edu/event/week-6-prosky-event-w-maissvgdc/
wics.ics.uci.edu/event/crepe-booth
wics.ics.uci.edu/event/crepe-booth/
wics.ics.uci.edu/event/week-7-tentative-summer-internship-panel
wics.ics.uci.edu/event/week-7-tentative-summer-internship-panel/
wics.ics.uci.edu/event/week-8-social-event
wics.ics.uci.edu/event/week-8-social-event/
wics.ics.uci.edu/event/week-9-ics-potluck-2
wics.ics.uci.edu/event/week-9-ics-potluck-2/
wics.ics.uci.edu/event/wics-general-meeting
wics.ics.uci.edu/event/wics-general-meeting/
wics.ics.uci.edu/event/general-meeting-2
wics.ics.uci.edu/event/general-meeting-2/
wics.ics.uci.edu/event/hackuci-2
wics.ics.uci.edu/event/hackuci-2/
wics.ics.uci.edu/event/martin-luther-king-day
wics.ics.uci.edu/event/martin-luther-king-day/
wics.ics.uci.edu/event/holiday-martin-luther-king-day
wics.ics.uci.edu/event/holiday-martin-luther-king-day/
wics.ics.uci.edu/event/icssc-big-bear-retreat
wics.ics.uci.edu/event/icssc-big-bear-retreat/
wics.ics.uci.edu/event/holiday-martin-luther-king
wics.ics.uci.edu/event/holiday-martin-luther-king/
wics.ics.uci.edu/event/week-3-wics-meeting
wics.ics.uci.edu/event/week-3-wics-meeting/
wics.ics.uci.edu/event/week-4-wics-meeting
wics.ics.uci.edu/event/week-4-wics-meeting/
wics.ics.uci.edu/event/week-5-twilio-workshop-w-icssc
wics.ics.uci.edu/event/week-5-twilio-workshop-w-icssc/
wics.ics.uci.edu/event/week-6-wics-study-session
wics.ics.uci.edu/event/week-6-wics-study-session/
wics.ics.uci.edu/event/holiday-presidents-day
wics.ics.uci.edu/event/holiday-presidents-day/
wics.ics.uci.edu/event/week-7-intuit-hackathon-prep-workshop
wics.ics.uci.edu/event/week-7-intuit-hackathon-prep-workshop/
wics.ics.uci.edu/event/wics-getty-museum-outing
wics.ics.uci.edu/event/wics-getty-museum-outing/
wics.ics.uci.edu/event/week-8-wics-mentorship-only-baking-potluckmovie-night
wics.ics.uci.edu/event/week-8-wics-mentorship-only-baking-potluckmovie-night/
wics.ics.uci.edu/event/week-8-wics-committee-sleepover
wics.ics.uci.edu/event/week-8-wics-committee-sleepover/
wics.ics.uci.edu/event/week-9-ge-digital-info-session
wics.ics.uci.edu/event/week-9-ge-digital-info-session/
wics.ics.uci.edu/event/week-10-ics-potluck
wics.ics.uci.edu/event/week-10-ics-potluck/
wics.ics.uci.edu/event/week-1-general-meeting-3
wics.ics.uci.edu/event/week-1-general-meeting-3/
wics.ics.uci.edu/event/athena-hacks
wics.ics.uci.edu/event/athena-hacks/
wics.ics.uci.edu/event/week-2-hack-workshop
wics.ics.uci.edu/event/week-2-hack-workshop/
wics.ics.uci.edu/event/riot-tour
wics.ics.uci.edu/event/riot-tour/
wics.ics.uci.edu/event/blizzard-tour
wics.ics.uci.edu/event/blizzard-tour/
wics.ics.uci.edu/event/week-3-northrop-grumman-event
wics.ics.uci.edu/event/week-3-northrop-grumman-event/
wics.ics.uci.edu/event/week-4-intuit-info-session
wics.ics.uci.edu/event/week-4-intuit-info-session/
wics.ics.uci.edu/event/wics-paid-member-retreat
wics.ics.uci.edu/event/wics-paid-member-retreat/
wics.ics.uci.edu/event/week-5-mobile-and-web-architecture-workshop-w-the-portal
wics.ics.uci.edu/event/week-5-mobile-and-web-architecture-workshop-w-the-portal/
wics.ics.uci.edu/event/angels-game
wics.ics.uci.edu/event/angels-game/
wics.ics.uci.edu/event/week-6-mentorship-interview-prep-w-pariveda-solutions
wics.ics.uci.edu/event/week-6-mentorship-interview-prep-w-pariveda-solutions/
wics.ics.uci.edu/event/week-7-women-in-tech-panel-with-icssc
wics.ics.uci.edu/event/week-7-women-in-tech-panel-with-icssc/
wics.ics.uci.edu/event/week-8-mentorship-banquetics-day
wics.ics.uci.edu/event/week-8-mentorship-banquetics-day/
wics.ics.uci.edu/event/week-8-a-career-in-cybersecurity-panel
wics.ics.uci.edu/event/week-8-a-career-in-cybersecurity-panel/
wics.ics.uci.edu/event/week-8-autogravity-job-shadowing
wics.ics.uci.edu/event/week-8-autogravity-job-shadowing/
wics.ics.uci.edu/event/week-9-ics-potluck-3
wics.ics.uci.edu/event/week-9-ics-potluck-3/
wics.ics.uci.edu/event/week-10-ics-banquet
wics.ics.uci.edu/event/week-10-ics-banquet/
wics.ics.uci.edu/event/week-10-mentorship-banquet
wics.ics.uci.edu/event/week-10-mentorship-banquet/
wics.ics.uci.edu/event/anteater-involvement-fair-3
wics.ics.uci.edu/event/anteater-involvement-fair-3/
wics.ics.uci.edu/event/ics-deans-welcome
wics.ics.uci.edu/event/ics-deans-welcome/
wics.ics.uci.edu/event/ics-scavenger-hunt-2
wics.ics.uci.edu/event/ics-scavenger-hunt-2/
wics.ics.uci.edu/event/general-meeting-3
wics.ics.uci.edu/event/general-meeting-3/
wics.ics.uci.edu/event/wics-mentorship-mixer
wics.ics.uci.edu/event/wics-mentorship-mixer/
wics.ics.uci.edu/event/intuit-data-science-tech-talk
wics.ics.uci.edu/event/intuit-data-science-tech-talk/
wics.ics.uci.edu/event/microsoft-coding-competition-with-wics
wics.ics.uci.edu/event/microsoft-coding-competition-with-wics/
wics.ics.uci.edu/event/wics-games
wics.ics.uci.edu/event/wics-games/
wics.ics.uci.edu/event/facebook-event-with-icssc
wics.ics.uci.edu/event/facebook-event-with-icssc/
wics.ics.uci.edu/event/wics-mentorship-reveal
wics.ics.uci.edu/event/wics-mentorship-reveal/
wics.ics.uci.edu/event/potential-wics-study-session
wics.ics.uci.edu/event/potential-wics-study-session/
wics.ics.uci.edu/event/amazon-event
wics.ics.uci.edu/event/amazon-event/
wics.ics.uci.edu/event/wics-group-mock-interviews
wics.ics.uci.edu/event/wics-group-mock-interviews/
wics.ics.uci.edu/event/thanksgiving
wics.ics.uci.edu/event/thanksgiving/
wics.ics.uci.edu/event/general-meeting-in-ics-432
wics.ics.uci.edu/event/general-meeting-in-ics-432/
wics.ics.uci.edu/event/martin-luther-king-day-2
wics.ics.uci.edu/event/martin-luther-king-day-2/
wics.ics.uci.edu/event/wics-networking-event
wics.ics.uci.edu/event/wics-networking-event/
wics.ics.uci.edu/event/mock-technical-interviews
wics.ics.uci.edu/event/mock-technical-interviews/
wics.ics.uci.edu/event/round-1-social
wics.ics.uci.edu/event/round-1-social/
wics.ics.uci.edu/event/wics-study-session-2
wics.ics.uci.edu/event/wics-study-session-2/
wics.ics.uci.edu/event/wics-group-tech-interview-practice
wics.ics.uci.edu/event/wics-group-tech-interview-practice/
wics.ics.uci.edu/event/presidents-day-2
wics.ics.uci.edu/event/presidents-day-2/
wics.ics.uci.edu/event/redfin-resume-workshop
wics.ics.uci.edu/event/redfin-resume-workshop/
wics.ics.uci.edu/event/amazon-interview-workshop
wics.ics.uci.edu/event/amazon-interview-workshop/
wics.ics.uci.edu/event/wics-movie-night
wics.ics.uci.edu/event/wics-movie-night/
wics.ics.uci.edu/event/ics-potluck
wics.ics.uci.edu/event/ics-potluck/
wics.ics.uci.edu/event/wics-general-meeting-2
wics.ics.uci.edu/event/wics-general-meeting-2/
wics.ics.uci.edu/event/intuit-workshop
wics.ics.uci.edu/event/intuit-workshop/
wics.ics.uci.edu/event/cwic-socal-conference
wics.ics.uci.edu/event/cwic-socal-conference/
wics.ics.uci.edu/event/blind-squirrel-event
wics.ics.uci.edu/event/blind-squirrel-event/
wics.ics.uci.edu/event/autogravity-job-shadowing
wics.ics.uci.edu/event/autogravity-job-shadowing/
wics.ics.uci.edu/event/study-session-snack-study
wics.ics.uci.edu/event/study-session-snack-study/
wics.ics.uci.edu/event/riot-tour-2
wics.ics.uci.edu/event/riot-tour-2/
wics.ics.uci.edu/event/the-portal-2
wics.ics.uci.edu/event/the-portal-2/
wics.ics.uci.edu/event/the-portal
wics.ics.uci.edu/event/the-portal/
wics.ics.uci.edu/event/google-tour
wics.ics.uci.edu/event/google-tour/
wics.ics.uci.edu/event/amazon-workshop
wics.ics.uci.edu/event/amazon-workshop/
wics.ics.uci.edu/event/mentorship-banquet
wics.ics.uci.edu/event/mentorship-banquet/
wics.ics.uci.edu/event/ics-banquet
wics.ics.uci.edu/event/ics-banquet/
wics.ics.uci.edu/event/anteater-involvement-fair-4
wics.ics.uci.edu/event/anteater-involvement-fair-4/
wics.ics.uci.edu/event/first-general-meeting-social-dbh-6011
wics.ics.uci.edu/event/first-general-meeting-social-dbh-6011/
wics.ics.uci.edu/event/wics-mentorship-mixer-2
wics.ics.uci.edu/event/wics-mentorship-mixer-2/
wics.ics.uci.edu/event/wics-games-2
wics.ics.uci.edu/event/wics-games-2/
wics.ics.uci.edu/event/amazon-workshop-2
wics.ics.uci.edu/event/amazon-workshop-2/
wics.ics.uci.edu/event/blizzard-info-session
wics.ics.uci.edu/event/blizzard-info-session/
wics.ics.uci.edu/event/coffee-chat-with-deloitte
wics.ics.uci.edu/event/coffee-chat-with-deloitte/
wics.ics.uci.edu/event/mentorship-reveal-dbh-6011
wics.ics.uci.edu/event/mentorship-reveal-dbh-6011/
wics.ics.uci.edu/event/acm-x-wics-mock-technical-interview
wics.ics.uci.edu/event/acm-x-wics-mock-technical-interview/
wics.ics.uci.edu/event/msc-software-info-session-dbh-3011
wics.ics.uci.edu/event/msc-software-info-session-dbh-3011/
wics.ics.uci.edu/event/mentee-and-me-academic-planning-dbh-6011
wics.ics.uci.edu/event/mentee-and-me-academic-planning-dbh-6011/
wics.ics.uci.edu/event/casino-night
wics.ics.uci.edu/event/casino-night/
wics.ics.uci.edu/event/bowling-night-with-swe
wics.ics.uci.edu/event/bowling-night-with-swe/
wics.ics.uci.edu/event/wics-potluck
wics.ics.uci.edu/event/wics-potluck/
wics.ics.uci.edu/event/winter-quarter-first-general-meeting
wics.ics.uci.edu/event/winter-quarter-first-general-meeting/
wics.ics.uci.edu/event/interview-prep-workshop
wics.ics.uci.edu/event/interview-prep-workshop/
wics.ics.uci.edu/event/mock-technical-interview
wics.ics.uci.edu/event/mock-technical-interview/
wics.ics.uci.edu/event/vmware-info-session
wics.ics.uci.edu/event/vmware-info-session/
wics.ics.uci.edu/event/battle-of-the-mentorships
wics.ics.uci.edu/event/battle-of-the-mentorships/
wics.ics.uci.edu/event/study-session
wics.ics.uci.edu/event/study-session/
wics.ics.uci.edu/event/jeopardy-night
wics.ics.uci.edu/event/jeopardy-night/
wics.ics.uci.edu/event/wics-x-vgdc-women-in-games-panel
wics.ics.uci.edu/event/wics-x-vgdc-women-in-games-panel/
wics.ics.uci.edu/event/crepe-boothing
wics.ics.uci.edu/event/crepe-boothing/
wics.ics.uci.edu/event/round-1-social-2
wics.ics.uci.edu/event/round-1-social-2/
wics.ics.uci.edu/event/slalom-info-session
wics.ics.uci.edu/event/slalom-info-session/
wics.ics.uci.edu/event/self-care-session
wics.ics.uci.edu/event/self-care-session/
wics.ics.uci.edu/event/mentorship-game-night
wics.ics.uci.edu/event/mentorship-game-night/
wics.ics.uci.edu/event/wics-potluck-2
wics.ics.uci.edu/event/wics-potluck-2/
wics.ics.uci.edu/event/spring-first-general-meeting
wics.ics.uci.edu/event/spring-first-general-meeting/
wics.ics.uci.edu/event/paciolan-info-session
wics.ics.uci.edu/event/paciolan-info-session/
wics.ics.uci.edu/event/wics-hangout-dave-busters
wics.ics.uci.edu/event/wics-hangout-dave-busters/
wics.ics.uci.edu/event/ghc-info-session-qa
wics.ics.uci.edu/event/ghc-info-session-qa/
wics.ics.uci.edu/event/battle-of-the-mentorships-2
wics.ics.uci.edu/event/battle-of-the-mentorships-2/
wics.ics.uci.edu/event/wics-crepe-boothing
wics.ics.uci.edu/event/wics-crepe-boothing/
wics.ics.uci.edu/event/intro-to-web-design
wics.ics.uci.edu/event/intro-to-web-design/
wics.ics.uci.edu/event/study-session-2
wics.ics.uci.edu/event/study-session-2/
wics.ics.uci.edu/event/intuit-tour
wics.ics.uci.edu/event/intuit-tour/
wics.ics.uci.edu/event/ak%cf%88-x-wics-deloitte-tech-consulting-panel
wics.ics.uci.edu/event/ak%cf%88-x-wics-deloitte-tech-consulting-panel/
wics.ics.uci.edu/event/mentorship-bonding-at-spectrum
wics.ics.uci.edu/event/mentorship-bonding-at-spectrum/
wics.ics.uci.edu/event/crepe-boothing-2
wics.ics.uci.edu/event/crepe-boothing-2/
wics.ics.uci.edu/event/resume-workshop
wics.ics.uci.edu/event/resume-workshop/
wics.ics.uci.edu/event/slalom-tour
wics.ics.uci.edu/event/slalom-tour/
wics.ics.uci.edu/event/wics-game-night
wics.ics.uci.edu/event/wics-game-night/
wics.ics.uci.edu/event/paciolan-shadowing-day
wics.ics.uci.edu/event/paciolan-shadowing-day/
wics.ics.uci.edu/event/mentorship-banquet-2
wics.ics.uci.edu/event/mentorship-banquet-2/
wics.ics.uci.edu/event/anteater-involvement-fair-ics-dean-welcome-ghc-orientation
wics.ics.uci.edu/event/anteater-involvement-fair-ics-dean-welcome-ghc-orientation/
wics.ics.uci.edu/event/general-meeting-4
wics.ics.uci.edu/event/general-meeting-4/
wics.ics.uci.edu/event/mentorship-mixer
wics.ics.uci.edu/event/mentorship-mixer/
wics.ics.uci.edu/event/wics-games-3
wics.ics.uci.edu/event/wics-games-3/
wics.ics.uci.edu/event/zillow-interview-workshop
wics.ics.uci.edu/event/zillow-interview-workshop/
wics.ics.uci.edu/event/honey-information-session
wics.ics.uci.edu/event/honey-information-session/
wics.ics.uci.edu/event/microsoft-1st-round-screen-workshop
wics.ics.uci.edu/event/microsoft-1st-round-screen-workshop/
wics.ics.uci.edu/event/microsoft-office-hours
wics.ics.uci.edu/event/microsoft-office-hours/
wics.ics.uci.edu/event/fb-coding-event
wics.ics.uci.edu/event/fb-coding-event/
wics.ics.uci.edu/event/mentorship-reveal
wics.ics.uci.edu/event/mentorship-reveal/
wics.ics.uci.edu/event/movie-night
wics.ics.uci.edu/event/movie-night/
wics.ics.uci.edu/event/friendsgiving-potluck
wics.ics.uci.edu/event/friendsgiving-potluck/
wics.ics.uci.edu/event/study-session-3
wics.ics.uci.edu/event/study-session-3/
wics.ics.uci.edu/event/week-0-meet-and-greet
wics.ics.uci.edu/event/week-0-meet-and-greet/
wics.ics.uci.edu/event/anteater-involvement-fair
wics.ics.uci.edu/event/anteater-involvement-fair/
wics.ics.uci.edu/event/wics-study-session
wics.ics.uci.edu/event/wics-study-session/
wics.ics.uci.edu/annual-mentorship-program-2013/
wics.ics.uci.edu/annual-mentorship-program-2013/
wics.ics.uci.edu/annual-mentorship-program-2013/
wics.ics.uci.edu/annual-mentorship-program-2013/
wics.ics.uci.edu/annual-mentorship-program-2013/
wics.ics.uci.edu/annual-mentorship-program-2013/
wics.ics.uci.edu/first-wics-meeting-of-winter-14
wics.ics.uci.edu/wics-co-hosts-google-panel
wics.ics.uci.edu/movie-night-and-boardgames-with-wics
wics.ics.uci.edu/movie-night-and-boardgames-with-wics/
wics.ics.uci.edu/movie-night-and-boardgames-with-wics/
wics.ics.uci.edu/movie-night-and-boardgames-with-wics/
wics.ics.uci.edu/wics-co-hosts-google-panel/
wics.ics.uci.edu/wics-co-hosts-google-panel/
wics.ics.uci.edu/wics-co-hosts-google-panel/
wics.ics.uci.edu/wics-co-hosts-google-panel/
wics.ics.uci.edu/wics-co-hosts-google-panel/
wics.ics.uci.edu/first-wics-meeting-of-winter-14/
wics.ics.uci.edu/first-wics-meeting-of-winter-14/
wics.ics.uci.edu/first-wics-meeting-of-winter-14/
wics.ics.uci.edu/first-wics-meeting-of-winter-14/
wics.ics.uci.edu/first-wics-meeting-of-winter-14/
wics.ics.uci.edu/first-android-app-development-meeting
wics.ics.uci.edu/food-and-fun-with-wics
wics.ics.uci.edu/food-and-fun-with-wics/
wics.ics.uci.edu/food-and-fun-with-wics/
wics.ics.uci.edu/food-and-fun-with-wics/
wics.ics.uci.edu/food-and-fun-with-wics/
wics.ics.uci.edu/food-and-fun-with-wics/
wics.ics.uci.edu/first-android-app-development-meeting/
wics.ics.uci.edu/first-android-app-development-meeting/
wics.ics.uci.edu/first-android-app-development-meeting/
wics.ics.uci.edu/first-android-app-development-meeting/
wics.ics.uci.edu/first-android-app-development-meeting/
wics.ics.uci.edu/android-app-projects-winter-2014
wics.ics.uci.edu/android-app-finale
wics.ics.uci.edu/wics-first-general-spring-quarter-meeting
wics.ics.uci.edu/wics-first-general-spring-quarter-meeting/
wics.ics.uci.edu/wics-first-general-spring-quarter-meeting/
wics.ics.uci.edu/wics-first-general-spring-quarter-meeting/
wics.ics.uci.edu/wics-launches-a-flappy-bird-python-project
wics.ics.uci.edu/witi-comes-to-uci
wics.ics.uci.edu/witi-comes-to-uci/
wics.ics.uci.edu/witi-comes-to-uci/
wics.ics.uci.edu/witi-comes-to-uci/
wics.ics.uci.edu/wics-launches-a-flappy-bird-python-project/
wics.ics.uci.edu/wics-launches-a-flappy-bird-python-project/
wics.ics.uci.edu/wics-launches-a-flappy-bird-python-project/
wics.ics.uci.edu/wics-launches-a-flappy-bird-python-project/
wics.ics.uci.edu/wics-launches-a-flappy-bird-python-project/
wics.ics.uci.edu/spring-potluck-with-ics-clubs
wics.ics.uci.edu/studying-with-wics-2
wics.ics.uci.edu/studying-with-wics-2/
wics.ics.uci.edu/studying-with-wics-2/
wics.ics.uci.edu/studying-with-wics-2/
wics.ics.uci.edu/spring-potluck-with-ics-clubs/
wics.ics.uci.edu/spring-potluck-with-ics-clubs/
wics.ics.uci.edu/spring-potluck-with-ics-clubs/
wics.ics.uci.edu/spring-potluck-with-ics-clubs/
wics.ics.uci.edu/spring-potluck-with-ics-clubs/
wics.ics.uci.edu/spring-potluck-with-ics-clubs/
wics.ics.uci.edu/spring-potluck-with-ics-clubs/
wics.ics.uci.edu/wics-final-python-project-meeting
wics.ics.uci.edu/hackuci-spring-2014
wics.ics.uci.edu/first-annual-wics-games
wics.ics.uci.edu/first-annual-wics-games/
wics.ics.uci.edu/first-annual-wics-games/
wics.ics.uci.edu/first-annual-wics-games/
wics.ics.uci.edu/first-annual-wics-games/
wics.ics.uci.edu/first-annual-wics-games/
wics.ics.uci.edu/first-annual-wics-games/
wics.ics.uci.edu/first-annual-wics-games/
wics.ics.uci.edu/first-annual-wics-games/
wics.ics.uci.edu/hackuci-spring-2014/
wics.ics.uci.edu/hackuci-spring-2014/
wics.ics.uci.edu/hackuci-spring-2014/
wics.ics.uci.edu/wics-final-python-project-meeting/
wics.ics.uci.edu/wics-final-python-project-meeting/
wics.ics.uci.edu/wics-final-python-project-meeting/
wics.ics.uci.edu/category/news/wics-meeting/project-meeting
wics.ics.uci.edu/gen-meeting-and-mentorship-14
wics.ics.uci.edu/grace-hopper-celebration-2014
wics.ics.uci.edu/grace-hopper-celebration-2014/
wics.ics.uci.edu/grace-hopper-celebration-2014/
wics.ics.uci.edu/grace-hopper-celebration-2014/
wics.ics.uci.edu/
wics.ics.uci.edu/gen-meeting-and-mentorship-14/
wics.ics.uci.edu/gen-meeting-and-mentorship-14/
wics.ics.uci.edu/gen-meeting-and-mentorship-14/
wics.ics.uci.edu/gen-meeting-and-mentorship-14/
wics.ics.uci.edu/gen-meeting-and-mentorship-14/
wics.ics.uci.edu/gen-meeting-and-mentorship-14/
wics.ics.uci.edu/gen-meeting-and-mentorship-14/
wics.ics.uci.edu/gen-meeting-and-mentorship-14/
wics.ics.uci.edu/week-5-facebook-women-panel
wics.ics.uci.edu/week-5-facebook-women-panel/
wics.ics.uci.edu/week-5-facebook-women-panel/
wics.ics.uci.edu/week-5-facebook-women-panel/
wics.ics.uci.edu/week-5-facebook-women-panel/
wics.ics.uci.edu/week-5-facebook-women-panel/
wics.ics.uci.edu/week-5-facebook-women-panel/
wics.ics.uci.edu/week-5-facebook-women-panel/
wics.ics.uci.edu/week-5-facebook-women-panel/
wics.ics.uci.edu/first-general-meeting
wics.ics.uci.edu/ics-career-panel
wics.ics.uci.edu/adobe-info-session
wics.ics.uci.edu/wics-is-awarded-the-ncwit-student-seed-fund-2
wics.ics.uci.edu/wics-is-awarded-the-ncwit-student-seed-fund-2/
wics.ics.uci.edu/wics-is-awarded-the-ncwit-student-seed-fund-2/
wics.ics.uci.edu/wics-is-awarded-the-ncwit-student-seed-fund-2/
wics.ics.uci.edu/adobe-info-session/
wics.ics.uci.edu/adobe-info-session/
wics.ics.uci.edu/adobe-info-session/
wics.ics.uci.edu/ics-career-panel/
wics.ics.uci.edu/ics-career-panel/
wics.ics.uci.edu/ics-career-panel/
wics.ics.uci.edu/ics-career-panel/
wics.ics.uci.edu/ics-career-panel/
wics.ics.uci.edu/ics-career-panel/
wics.ics.uci.edu/first-general-meeting/
wics.ics.uci.edu/first-general-meeting/
wics.ics.uci.edu/first-general-meeting/
wics.ics.uci.edu/study-session
wics.ics.uci.edu/study-session/
wics.ics.uci.edu/study-session/
wics.ics.uci.edu/study-session/
wics.ics.uci.edu/verizon-info-session
wics.ics.uci.edu/verizon-info-session/
wics.ics.uci.edu/verizon-info-session/
wics.ics.uci.edu/verizon-info-session/
wics.ics.uci.edu/verizon-info-session/
wics.ics.uci.edu/verizon-info-session/
wics.ics.uci.edu/verizon-info-session/
wics.ics.uci.edu/amazon-info-session
wics.ics.uci.edu/spring-general-meeting
wics.ics.uci.edu/mock-interview
wics.ics.uci.edu/consulting-versus-industry-pariveda-solutions
wics.ics.uci.edu/recurse-center
wics.ics.uci.edu/movie-night
wics.ics.uci.edu/board-game-night
wics.ics.uci.edu/wics-resume-workshop
wics.ics.uci.edu/wics-is-awarded-the-trailblazer-award-from-ncwit-and-google-org
wics.ics.uci.edu/fall-quarter-2016-first-general-meeting
wics.ics.uci.edu/fall-quarter-2016-week-1-mentorship-mixer
wics.ics.uci.edu/fall-quarter-2016-week-2-social-meet-and-greet-event
wics.ics.uci.edu/fall-quarter-2016-week-3-wics-games
wics.ics.uci.edu/fall-quarter-2016-week-3-pwc-info-session
wics.ics.uci.edu/fall-quarter-2016-week-4-mentorship-reveal
wics.ics.uci.edu/wics-attends-gracehopper-conference-2016
wics.ics.uci.edu/fall-quarter-week-4-study-session
wics.ics.uci.edu/fall-quarter-2016-week-6-facebook-diversity-panel
wics.ics.uci.edu/fall-quarter-2016-prosky-interactive-info-session
wics.ics.uci.edu/fall-quarter-2016-wk-7-summer-internship-panel
wics.ics.uci.edu/i-htm
wics.ics.uci.edu/winter-quarter-2017-week-1-general-meeting
wics.ics.uci.edu/winter-quarter-2017-mock-technical-interviews-prep-workshop
wics.ics.uci.edu/winter-quarter-2017-week-4-crime-and-mystery-game-night
wics.ics.uci.edu/winter-quarter-2017-week-5-twilio-info-session
wics.ics.uci.edu/winter-quarter-2017-week-6-study-session
wics.ics.uci.edu/winter-quarter-2017-week-7-intuit-interactive-hackathon-prep
wics.ics.uci.edu/winter-quarter-2017-week-8-wics-mentorship-baked-goods-potluck-and-movie-night
wics.ics.uci.edu/spring-quarter-2017-week-1-general-meeting
wics.ics.uci.edu/spring-quarter-2017-week-2-intro-to-command-line-workshop-w-hack
wics.ics.uci.edu/spring-quarter-2017-week-3-blizzard-tour
wics.ics.uci.edu/aspireit-2017
wics.ics.uci.edu/spring-quarter-2017-week-3-riot-tour
wics.ics.uci.edu/fall-quarter-2017-week-0-wics-social
wics.ics.uci.edu/fall-quarter-2017-week-1-wics-first-general-meeting
wics.ics.uci.edu/wics-fall-quarter-2017-week-2-mentorship-mixer
wics.ics.uci.edu/fall-quarter-2017-week-3-wics-games
wics.ics.uci.edu/wics-fall-quarter-week-4-twitter-qa-and-info-session
wics.ics.uci.edu/fall-quarter-2017-week-5-wics-mentorship-reveal
wics.ics.uci.edu/wics-fall-quarter-week-6-amazon-info-session-and-tabling
wics.ics.uci.edu/wics-winter-quarter-week-8-amazon-interview-workshop
wics.ics.uci.edu/wics-winter-quarter-week-8-amazon-interview-workshop/
wics.ics.uci.edu/wics-winter-quarter-week-8-amazon-interview-workshop/
wics.ics.uci.edu/wics-winter-quarter-week-8-amazon-interview-workshop/
wics.ics.uci.edu/wics-fall-quarter-week-6-amazon-info-session-and-tabling/
wics.ics.uci.edu/wics-fall-quarter-week-6-amazon-info-session-and-tabling/
wics.ics.uci.edu/wics-fall-quarter-week-6-amazon-info-session-and-tabling/
wics.ics.uci.edu/fall-quarter-2017-week-5-wics-mentorship-reveal/
wics.ics.uci.edu/fall-quarter-2017-week-5-wics-mentorship-reveal/
wics.ics.uci.edu/fall-quarter-2017-week-5-wics-mentorship-reveal/
wics.ics.uci.edu/fall-quarter-2017-week-5-wics-mentorship-reveal/
wics.ics.uci.edu/fall-quarter-2017-week-5-wics-mentorship-reveal/
wics.ics.uci.edu/fall-quarter-2017-week-5-wics-mentorship-reveal/
wics.ics.uci.edu/fall-quarter-2017-week-5-wics-mentorship-reveal/
wics.ics.uci.edu/fall-quarter-2017-week-5-wics-mentorship-reveal/
wics.ics.uci.edu/wics-fall-quarter-week-4-twitter-qa-and-info-session/
wics.ics.uci.edu/wics-fall-quarter-week-4-twitter-qa-and-info-session/
wics.ics.uci.edu/wics-fall-quarter-week-4-twitter-qa-and-info-session/
wics.ics.uci.edu/fall-quarter-2017-week-3-wics-games/
wics.ics.uci.edu/fall-quarter-2017-week-3-wics-games/
wics.ics.uci.edu/fall-quarter-2017-week-3-wics-games/
wics.ics.uci.edu/wics-fall-quarter-2017-week-2-mentorship-mixer/
wics.ics.uci.edu/wics-fall-quarter-2017-week-2-mentorship-mixer/
wics.ics.uci.edu/wics-fall-quarter-2017-week-2-mentorship-mixer/
wics.ics.uci.edu/fall-quarter-2017-week-1-wics-first-general-meeting/
wics.ics.uci.edu/fall-quarter-2017-week-1-wics-first-general-meeting/
wics.ics.uci.edu/fall-quarter-2017-week-1-wics-first-general-meeting/
wics.ics.uci.edu/fall-quarter-2017-week-0-wics-social/
wics.ics.uci.edu/fall-quarter-2017-week-0-wics-social/
wics.ics.uci.edu/fall-quarter-2017-week-0-wics-social/
wics.ics.uci.edu/spring-quarter-2017-week-3-riot-tour/
wics.ics.uci.edu/spring-quarter-2017-week-3-riot-tour/
wics.ics.uci.edu/spring-quarter-2017-week-3-riot-tour/
wics.ics.uci.edu/aspireit-2017/
wics.ics.uci.edu/aspireit-2017/
wics.ics.uci.edu/aspireit-2017/
wics.ics.uci.edu/aspireit-2017/
wics.ics.uci.edu/aspireit-2017/
wics.ics.uci.edu/aspireit-2017/
wics.ics.uci.edu/spring-quarter-2017-week-3-blizzard-tour/
wics.ics.uci.edu/spring-quarter-2017-week-3-blizzard-tour/
wics.ics.uci.edu/spring-quarter-2017-week-3-blizzard-tour/
wics.ics.uci.edu/spring-quarter-2017-week-2-intro-to-command-line-workshop-w-hack/
wics.ics.uci.edu/spring-quarter-2017-week-2-intro-to-command-line-workshop-w-hack/
wics.ics.uci.edu/spring-quarter-2017-week-2-intro-to-command-line-workshop-w-hack/
wics.ics.uci.edu/spring-quarter-2017-week-1-general-meeting/
wics.ics.uci.edu/spring-quarter-2017-week-1-general-meeting/
wics.ics.uci.edu/spring-quarter-2017-week-1-general-meeting/
wics.ics.uci.edu/author/zeronidan
wics.ics.uci.edu/winter-quarter-2017-week-8-wics-mentorship-baked-goods-potluck-and-movie-night/
wics.ics.uci.edu/winter-quarter-2017-week-8-wics-mentorship-baked-goods-potluck-and-movie-night/
wics.ics.uci.edu/winter-quarter-2017-week-8-wics-mentorship-baked-goods-potluck-and-movie-night/
wics.ics.uci.edu/winter-quarter-2017-week-7-intuit-interactive-hackathon-prep/
wics.ics.uci.edu/winter-quarter-2017-week-7-intuit-interactive-hackathon-prep/
wics.ics.uci.edu/winter-quarter-2017-week-7-intuit-interactive-hackathon-prep/
wics.ics.uci.edu/winter-quarter-2017-week-6-study-session/
wics.ics.uci.edu/winter-quarter-2017-week-6-study-session/
wics.ics.uci.edu/winter-quarter-2017-week-6-study-session/
wics.ics.uci.edu/winter-quarter-2017-week-5-twilio-info-session/
wics.ics.uci.edu/winter-quarter-2017-week-5-twilio-info-session/
wics.ics.uci.edu/winter-quarter-2017-week-5-twilio-info-session/
wics.ics.uci.edu/winter-quarter-2017-week-4-crime-and-mystery-game-night/
wics.ics.uci.edu/winter-quarter-2017-week-4-crime-and-mystery-game-night/
wics.ics.uci.edu/winter-quarter-2017-week-4-crime-and-mystery-game-night/
wics.ics.uci.edu/winter-quarter-2017-mock-technical-interviews-prep-workshop/
wics.ics.uci.edu/winter-quarter-2017-mock-technical-interviews-prep-workshop/
wics.ics.uci.edu/winter-quarter-2017-mock-technical-interviews-prep-workshop/
wics.ics.uci.edu/winter-quarter-2017-week-1-general-meeting/
wics.ics.uci.edu/winter-quarter-2017-week-1-general-meeting/
wics.ics.uci.edu/winter-quarter-2017-week-1-general-meeting/
wics.ics.uci.edu/winter-quarter-2017-week-1-general-meeting/
wics.ics.uci.edu/winter-quarter-2017-week-1-general-meeting/
wics.ics.uci.edu/winter-quarter-2017-week-1-general-meeting/
wics.ics.uci.edu/winter-quarter-2017-week-1-general-meeting/
wics.ics.uci.edu/i-htm/
wics.ics.uci.edu/i-htm/
wics.ics.uci.edu/i-htm/
wics.ics.uci.edu/fall-quarter-2016-wk-7-summer-internship-panel/
wics.ics.uci.edu/fall-quarter-2016-wk-7-summer-internship-panel/
wics.ics.uci.edu/fall-quarter-2016-wk-7-summer-internship-panel/
wics.ics.uci.edu/fall-quarter-2016-prosky-interactive-info-session/
wics.ics.uci.edu/fall-quarter-2016-prosky-interactive-info-session/
wics.ics.uci.edu/fall-quarter-2016-prosky-interactive-info-session/
wics.ics.uci.edu/fall-quarter-2016-week-6-facebook-diversity-panel/
wics.ics.uci.edu/fall-quarter-2016-week-6-facebook-diversity-panel/
wics.ics.uci.edu/fall-quarter-2016-week-6-facebook-diversity-panel/
wics.ics.uci.edu/fall-quarter-week-4-study-session/
wics.ics.uci.edu/fall-quarter-week-4-study-session/
wics.ics.uci.edu/fall-quarter-week-4-study-session/
wics.ics.uci.edu/wics-attends-gracehopper-conference-2016/
wics.ics.uci.edu/wics-attends-gracehopper-conference-2016/
wics.ics.uci.edu/wics-attends-gracehopper-conference-2016/
wics.ics.uci.edu/fall-quarter-2016-week-4-mentorship-reveal/
wics.ics.uci.edu/fall-quarter-2016-week-4-mentorship-reveal/
wics.ics.uci.edu/fall-quarter-2016-week-4-mentorship-reveal/
wics.ics.uci.edu/fall-quarter-2016-week-3-pwc-info-session/
wics.ics.uci.edu/fall-quarter-2016-week-3-pwc-info-session/
wics.ics.uci.edu/fall-quarter-2016-week-3-pwc-info-session/
wics.ics.uci.edu/fall-quarter-2016-week-3-wics-games/
wics.ics.uci.edu/fall-quarter-2016-week-3-wics-games/
wics.ics.uci.edu/fall-quarter-2016-week-3-wics-games/
wics.ics.uci.edu/fall-quarter-2016-week-2-social-meet-and-greet-event/
wics.ics.uci.edu/fall-quarter-2016-week-2-social-meet-and-greet-event/
wics.ics.uci.edu/fall-quarter-2016-week-2-social-meet-and-greet-event/
wics.ics.uci.edu/fall-quarter-2016-week-1-mentorship-mixer/
wics.ics.uci.edu/fall-quarter-2016-week-1-mentorship-mixer/
wics.ics.uci.edu/fall-quarter-2016-week-1-mentorship-mixer/
wics.ics.uci.edu/fall-quarter-2016-week-1-mentorship-mixer/img_2377
wics.ics.uci.edu/fall-quarter-2016-week-1-mentorship-mixer/img_2366
wics.ics.uci.edu/fall-quarter-2016-week-1-mentorship-mixer/img_2351
wics.ics.uci.edu/fall-quarter-2016-week-1-mentorship-mixer/img_2349
wics.ics.uci.edu/fall-quarter-2016-week-1-mentorship-mixer/img_2341
wics.ics.uci.edu/fall-quarter-2016-week-1-mentorship-mixer/img_2338
wics.ics.uci.edu/fall-quarter-2016-week-1-mentorship-mixer/img_2335
wics.ics.uci.edu/fall-quarter-2016-first-general-meeting/
wics.ics.uci.edu/fall-quarter-2016-first-general-meeting/
wics.ics.uci.edu/fall-quarter-2016-first-general-meeting/
wics.ics.uci.edu/fall-quarter-2016-first-general-meeting/
wics.ics.uci.edu/fall-quarter-2016-first-general-meeting/
wics.ics.uci.edu/fall-quarter-2016-first-general-meeting/
wics.ics.uci.edu/wics-is-awarded-the-trailblazer-award-from-ncwit-and-google-org/
wics.ics.uci.edu/wics-is-awarded-the-trailblazer-award-from-ncwit-and-google-org/
wics.ics.uci.edu/wics-is-awarded-the-trailblazer-award-from-ncwit-and-google-org/
wics.ics.uci.edu/author/hitekpnai
wics.ics.uci.edu/author/hitekpnai/page/3
wics.ics.uci.edu/author/hitekpnai/page/2
wics.ics.uci.edu/wics-resume-workshop/
wics.ics.uci.edu/wics-resume-workshop/
wics.ics.uci.edu/wics-resume-workshop/
wics.ics.uci.edu/wics-resume-workshop/
wics.ics.uci.edu/wics-resume-workshop/
wics.ics.uci.edu/board-game-night/
wics.ics.uci.edu/board-game-night/
wics.ics.uci.edu/board-game-night/
wics.ics.uci.edu/movie-night/
wics.ics.uci.edu/movie-night/
wics.ics.uci.edu/movie-night/
wics.ics.uci.edu/recurse-center/
wics.ics.uci.edu/recurse-center/
wics.ics.uci.edu/recurse-center/
wics.ics.uci.edu/recurse-center/
wics.ics.uci.edu/recurse-center/
wics.ics.uci.edu/consulting-versus-industry-pariveda-solutions/
wics.ics.uci.edu/consulting-versus-industry-pariveda-solutions/
wics.ics.uci.edu/consulting-versus-industry-pariveda-solutions/
wics.ics.uci.edu/consulting-versus-industry-pariveda-solutions/
wics.ics.uci.edu/consulting-versus-industry-pariveda-solutions/
wics.ics.uci.edu/consulting-versus-industry-pariveda-solutions/
wics.ics.uci.edu/mock-interview/
wics.ics.uci.edu/mock-interview/
wics.ics.uci.edu/mock-interview/
wics.ics.uci.edu/spring-general-meeting/
wics.ics.uci.edu/spring-general-meeting/
wics.ics.uci.edu/spring-general-meeting/
wics.ics.uci.edu/amazon-info-session/
wics.ics.uci.edu/amazon-info-session/
wics.ics.uci.edu/amazon-info-session/
wics.ics.uci.edu/amazon-info-session/
wics.ics.uci.edu/amazon-info-session/
wics.ics.uci.edu/amazon-info-session/
wics.ics.uci.edu/wics-hosts-a-toy-hacking-workshop/
wics.ics.uci.edu/wics-hosts-a-toy-hacking-workshop/
wics.ics.uci.edu/wics-hosts-a-toy-hacking-workshop/
wics.ics.uci.edu/wics-hosts-a-toy-hacking-workshop/attachment/001
wics.ics.uci.edu/wics-hosts-a-toy-hacking-workshop/attachment/002
wics.ics.uci.edu/wics-hosts-a-toy-hacking-workshop/attachment/005
wics.ics.uci.edu/wics-hosts-a-toy-hacking-workshop/attachment/006
wics.ics.uci.edu/wics-hosts-a-toy-hacking-workshop/attachment/004
wics.ics.uci.edu/wics-hosts-a-toy-hacking-workshop/attachment/007
wics.ics.uci.edu/wics-hosts-a-toy-hacking-workshop/attachment/011
wics.ics.uci.edu/wics-hosts-a-toy-hacking-workshop/attachment/008
wics.ics.uci.edu/wics-hosts-a-toy-hacking-workshop/attachment/012
wics.ics.uci.edu/wics-hosts-a-toy-hacking-workshop/attachment/013
wics.ics.uci.edu/wics-hosts-a-toy-hacking-workshop/attachment/010
wics.ics.uci.edu/wics-hosts-a-toy-hacking-workshop/attachment/003
wics.ics.uci.edu/wics-summer-session-workshop
wics.ics.uci.edu/ics-banquet
wics.ics.uci.edu/ics-banquet/
wics.ics.uci.edu/ics-banquet/
wics.ics.uci.edu/ics-banquet/
wics.ics.uci.edu/ics-banquet/
wics.ics.uci.edu/ics-banquet/
wics.ics.uci.edu/ics-banquet/
wics.ics.uci.edu/ics-banquet/
wics.ics.uci.edu/wics-summer-session-workshop/
wics.ics.uci.edu/wics-summer-session-workshop/
wics.ics.uci.edu/wics-summer-session-workshop/
wics.ics.uci.edu/4
wics.ics.uci.edu/2
wics.ics.uci.edu/1
wics.ics.uci.edu/5
wics.ics.uci.edu/3
wics.ics.uci.edu/6
wics.ics.uci.edu/aspire-it-camp-techie-girls
wics.ics.uci.edu/aspire-it-camp-techie-girls/
wics.ics.uci.edu/aspire-it-camp-techie-girls/
wics.ics.uci.edu/aspire-it-camp-techie-girls/
wics.ics.uci.edu/first-project-meeting-by-wics
wics.ics.uci.edu/grace-hopper-celebration-2013
wics.ics.uci.edu/week-2-broadcom-info-session
wics.ics.uci.edu/week-2-broadcom-info-session/
wics.ics.uci.edu/week-2-broadcom-info-session/
wics.ics.uci.edu/week-2-broadcom-info-session/
wics.ics.uci.edu/week-2-broadcom-info-session/
wics.ics.uci.edu/week-2-broadcom-info-session/
wics.ics.uci.edu/grace-hopper-celebration-2013/
wics.ics.uci.edu/grace-hopper-celebration-2013/
wics.ics.uci.edu/grace-hopper-celebration-2013/
wics.ics.uci.edu/grace-hopper-celebration-2013/
wics.ics.uci.edu/grace-hopper-celebration-2013/
wics.ics.uci.edu/grace-hopper-celebration-2013/
wics.ics.uci.edu/grace-hopper-celebration-2013/
wics.ics.uci.edu/first-project-meeting-by-wics/
wics.ics.uci.edu/first-project-meeting-by-wics/
wics.ics.uci.edu/first-project-meeting-by-wics/
wics.ics.uci.edu/first-project-meeting-by-wics/
wics.ics.uci.edu/first-project-meeting-by-wics/
wics.ics.uci.edu/week-3-resume-workshop
wics.ics.uci.edu/week-4-capgeminis-women-in-consulting-night-w-swe-icssc
wics.ics.uci.edu/week-5-women-in-technology-talk-by-northrop-grumman
wics.ics.uci.edu/week-6-socal-gas-company
wics.ics.uci.edu/week-8-thanksgiving-potluck
wics.ics.uci.edu/cia-info-session-with-wics
wics.ics.uci.edu/cia-info-session-with-wics/
wics.ics.uci.edu/cia-info-session-with-wics/
wics.ics.uci.edu/cia-info-session-with-wics/
wics.ics.uci.edu/cia-info-session-with-wics/
wics.ics.uci.edu/cia-info-session-with-wics/
wics.ics.uci.edu/cia-info-session-with-wics/
wics.ics.uci.edu/week-8-thanksgiving-potluck/
wics.ics.uci.edu/week-8-thanksgiving-potluck/
wics.ics.uci.edu/week-8-thanksgiving-potluck/
wics.ics.uci.edu/week-8-thanksgiving-potluck/
wics.ics.uci.edu/week-8-thanksgiving-potluck/
wics.ics.uci.edu/week-6-socal-gas-company/
wics.ics.uci.edu/week-6-socal-gas-company/
wics.ics.uci.edu/week-6-socal-gas-company/
wics.ics.uci.edu/week-6-socal-gas-company/
wics.ics.uci.edu/week-6-socal-gas-company/
wics.ics.uci.edu/week-5-women-in-technology-talk-by-northrop-grumman/
wics.ics.uci.edu/week-5-women-in-technology-talk-by-northrop-grumman/
wics.ics.uci.edu/week-5-women-in-technology-talk-by-northrop-grumman/
wics.ics.uci.edu/week-5-women-in-technology-talk-by-northrop-grumman/
wics.ics.uci.edu/week-5-women-in-technology-talk-by-northrop-grumman/
wics.ics.uci.edu/week-4-capgeminis-women-in-consulting-night-w-swe-icssc/
wics.ics.uci.edu/week-4-capgeminis-women-in-consulting-night-w-swe-icssc/
wics.ics.uci.edu/week-4-capgeminis-women-in-consulting-night-w-swe-icssc/
wics.ics.uci.edu/week-3-resume-workshop/
wics.ics.uci.edu/week-3-resume-workshop/
wics.ics.uci.edu/week-3-resume-workshop/
wics.ics.uci.edu/week-3-resume-workshop/
wics.ics.uci.edu/week-3-resume-workshop/
wics.ics.uci.edu/week-10-hour-of-code
wics.ics.uci.edu/week-10-hour-of-code/
wics.ics.uci.edu/week-10-hour-of-code/
wics.ics.uci.edu/week-10-hour-of-code/
wics.ics.uci.edu/week-10-hour-of-code/
wics.ics.uci.edu/week-10-hour-of-code/
wics.ics.uci.edu/week-10-hour-of-code/
wics.ics.uci.edu/web-development-projects-awards
wics.ics.uci.edu/web-development-projects-awards/
wics.ics.uci.edu/web-development-projects-awards/
wics.ics.uci.edu/web-development-projects-awards/
wics.ics.uci.edu/brownie-troops-computer-expert-badge
wics.ics.uci.edu/studying-with-wics
wics.ics.uci.edu/studying-with-wics/
wics.ics.uci.edu/studying-with-wics/
wics.ics.uci.edu/studying-with-wics/
wics.ics.uci.edu/studying-with-wics/
wics.ics.uci.edu/studying-with-wics/
wics.ics.uci.edu/brownie-troops-computer-expert-badge/
wics.ics.uci.edu/brownie-troops-computer-expert-badge/
wics.ics.uci.edu/brownie-troops-computer-expert-badge/
wics.ics.uci.edu/brownie-troops-computer-expert-badge/
wics.ics.uci.edu/brownie-troops-computer-expert-badge/
wics.ics.uci.edu/wics-littlebits-workshops
wics.ics.uci.edu/wics-littlebits-workshops/
wics.ics.uci.edu/wics-littlebits-workshops/
wics.ics.uci.edu/wics-littlebits-workshops/
wics.ics.uci.edu/wics-littlebits-workshops/
wics.ics.uci.edu/wics-littlebits-workshops/
wics.ics.uci.edu/wics-littlebits-workshops/
wics.ics.uci.edu/wics-mock-interviews
wics.ics.uci.edu/wics-mock-interviews/
wics.ics.uci.edu/wics-mock-interviews/
wics.ics.uci.edu/wics-mock-interviews/
wics.ics.uci.edu/wics-attends-cwic-socal
wics.ics.uci.edu/wics-attends-cwic-socal/
wics.ics.uci.edu/wics-attends-cwic-socal/
wics.ics.uci.edu/wics-attends-cwic-socal/
wics.ics.uci.edu/wics-attends-cwic-socal/
wics.ics.uci.edu/wics-attends-cwic-socal/
wics.ics.uci.edu/wics-attends-cwic-socal/
wics.ics.uci.edu/wics-attends-cwic-socal/
wics.ics.uci.edu/category/news/social-event
wics.ics.uci.edu/category/news/social-event/page/2
wics.ics.uci.edu/category/news/info-session
wics.ics.uci.edu/category/news/info-session/page/2
wics.ics.uci.edu/week-2-ios-beginner-workshop
wics.ics.uci.edu/week-2-ios-beginner-workshop/
wics.ics.uci.edu/week-2-ios-beginner-workshop/
wics.ics.uci.edu/week-2-ios-beginner-workshop/
wics.ics.uci.edu/week-2-ios-beginner-workshop/
wics.ics.uci.edu/week-2-ios-beginner-workshop/
wics.ics.uci.edu/week-2-ios-beginner-workshop/
wics.ics.uci.edu/week-2-ios-beginner-workshop/
wics.ics.uci.edu/week-2-ios-beginner-workshop/
wics.ics.uci.edu/week-2-ios-beginner-workshop/
wics.ics.uci.edu/week-3-wicsvgdc-workshop
wics.ics.uci.edu/week-3-wicsvgdc-workshop/
wics.ics.uci.edu/week-3-wicsvgdc-workshop/
wics.ics.uci.edu/week-3-wicsvgdc-workshop/
wics.ics.uci.edu/week-3-wicsvgdc-workshop/
wics.ics.uci.edu/week-3-wicsvgdc-workshop/
wics.ics.uci.edu/week-3-wicsvgdc-workshop/
wics.ics.uci.edu/week-3-wicsvgdc-workshop/
wics.ics.uci.edu/week-3-wicsvgdc-workshop/
wics.ics.uci.edu/author/bearpigx
wics.ics.uci.edu/author/bearpigx/page/2
wics.ics.uci.edu/girls-who-code
wics.ics.uci.edu/girls-who-code/
wics.ics.uci.edu/girls-who-code/
wics.ics.uci.edu/girls-who-code/
wics.ics.uci.edu/wics-fall-quarter-week-8-academic-planning-workshop
wics.ics.uci.edu/wics-fall-quarter-week-9-casino-night
wics.ics.uci.edu/wics-fall-quarter-week-10-wics-potluck
wics.ics.uci.edu/wics-winter-quarter-week-1-first-general-meeting
wics.ics.uci.edu/wics-winter-quarter-week-2-interview-prep-workshop
wics.ics.uci.edu/wics-winter-quarter-week-3-mock-technical-interview
wics.ics.uci.edu/wics-winter-quarter-week-3-vmware-info-session
wics.ics.uci.edu/wics-winter-quarter-week-4-battle-of-the-mentorships
wics.ics.uci.edu/wics-winter-quarter-week-5-study-session
wics.ics.uci.edu/wics-winter-quarter-week-4-jeopardy-night
wics.ics.uci.edu/wics-winter-quarter-week-7-women-in-games-panel
wics.ics.uci.edu/wics-winter-quarter-week-7wics-round-1-social
wics.ics.uci.edu/wics-winter-quarter-week-8-slalom-info-session
wics.ics.uci.edu/wics-winter-quarter-week-9-self-care-session
wics.ics.uci.edu/wics-winter-quarter-week-10-wics-potluck
wics.ics.uci.edu/wics-winter-quarter-week-10-wics-potluck/
wics.ics.uci.edu/wics-winter-quarter-week-10-wics-potluck/
wics.ics.uci.edu/wics-winter-quarter-week-10-wics-potluck/
wics.ics.uci.edu/wics-winter-quarter-week-9-self-care-session/
wics.ics.uci.edu/wics-winter-quarter-week-9-self-care-session/
wics.ics.uci.edu/wics-winter-quarter-week-9-self-care-session/
wics.ics.uci.edu/wics-winter-quarter-week-8-slalom-info-session/
wics.ics.uci.edu/wics-winter-quarter-week-8-slalom-info-session/
wics.ics.uci.edu/wics-winter-quarter-week-8-slalom-info-session/
wics.ics.uci.edu/wics-winter-quarter-week-7wics-round-1-social/
wics.ics.uci.edu/wics-winter-quarter-week-7wics-round-1-social/
wics.ics.uci.edu/wics-winter-quarter-week-7wics-round-1-social/
wics.ics.uci.edu/wics-winter-quarter-week-7-women-in-games-panel/
wics.ics.uci.edu/wics-winter-quarter-week-7-women-in-games-panel/
wics.ics.uci.edu/wics-winter-quarter-week-7-women-in-games-panel/
wics.ics.uci.edu/wics-winter-quarter-week-4-jeopardy-night/
wics.ics.uci.edu/wics-winter-quarter-week-4-jeopardy-night/
wics.ics.uci.edu/wics-winter-quarter-week-4-jeopardy-night/
wics.ics.uci.edu/wics-winter-quarter-week-5-study-session/
wics.ics.uci.edu/wics-winter-quarter-week-5-study-session/
wics.ics.uci.edu/wics-winter-quarter-week-5-study-session/
wics.ics.uci.edu/wics-winter-quarter-week-4-battle-of-the-mentorships/
wics.ics.uci.edu/wics-winter-quarter-week-4-battle-of-the-mentorships/
wics.ics.uci.edu/wics-winter-quarter-week-4-battle-of-the-mentorships/
wics.ics.uci.edu/wics-winter-quarter-week-3-vmware-info-session/
wics.ics.uci.edu/wics-winter-quarter-week-3-vmware-info-session/
wics.ics.uci.edu/wics-winter-quarter-week-3-vmware-info-session/
wics.ics.uci.edu/wics-winter-quarter-week-3-mock-technical-interview/
wics.ics.uci.edu/wics-winter-quarter-week-3-mock-technical-interview/
wics.ics.uci.edu/wics-winter-quarter-week-3-mock-technical-interview/
wics.ics.uci.edu/wics-winter-quarter-week-2-interview-prep-workshop/
wics.ics.uci.edu/wics-winter-quarter-week-2-interview-prep-workshop/
wics.ics.uci.edu/wics-winter-quarter-week-2-interview-prep-workshop/
wics.ics.uci.edu/wics-winter-quarter-week-1-first-general-meeting/
wics.ics.uci.edu/wics-winter-quarter-week-1-first-general-meeting/
wics.ics.uci.edu/wics-winter-quarter-week-1-first-general-meeting/
wics.ics.uci.edu/wics-fall-quarter-week-10-wics-potluck/
wics.ics.uci.edu/wics-fall-quarter-week-10-wics-potluck/
wics.ics.uci.edu/wics-fall-quarter-week-10-wics-potluck/
wics.ics.uci.edu/wics-fall-quarter-week-10-wics-potluck/
wics.ics.uci.edu/wics-fall-quarter-week-10-wics-potluck/
wics.ics.uci.edu/wics-fall-quarter-week-10-wics-potluck/
wics.ics.uci.edu/wics-fall-quarter-week-10-wics-potluck/
wics.ics.uci.edu/wics-fall-quarter-week-9-casino-night/
wics.ics.uci.edu/wics-fall-quarter-week-9-casino-night/
wics.ics.uci.edu/wics-fall-quarter-week-9-casino-night/
wics.ics.uci.edu/wics-fall-quarter-week-9-casino-night/
wics.ics.uci.edu/wics-fall-quarter-week-9-casino-night/
wics.ics.uci.edu/wics-fall-quarter-week-7-msc-software-information-session
wics.ics.uci.edu/wics-fall-quarter-week-6-acm-x-wics-mock-technical-interview
wics.ics.uci.edu/wics-fall-quarter-week-5-mentorship-reveal
wics.ics.uci.edu/wics-fall-quarter-week-4-coffee-chat-with-deloitte
wics.ics.uci.edu/wics-fall-quarter-week-4-blizzard-info-session
wics.ics.uci.edu/wics-fall-quarter-week-3-amazon-workshop
wics.ics.uci.edu/wics-fall-quarter-week-3-wics-games
wics.ics.uci.edu/wics-fall-quarter-week-2-mentorship-mixer
wics.ics.uci.edu/wics-fall-quarter-week-1-first-general-meeting
wics.ics.uci.edu/wics-fall-quarter-week-0-anteater-involvement-fair
wics.ics.uci.edu/wics-fall-quarter-week-0-anteater-involvement-fair/
wics.ics.uci.edu/wics-fall-quarter-week-0-anteater-involvement-fair/
wics.ics.uci.edu/wics-fall-quarter-week-0-anteater-involvement-fair/
wics.ics.uci.edu/wics-fall-quarter-week-1-first-general-meeting/
wics.ics.uci.edu/wics-fall-quarter-week-1-first-general-meeting/
wics.ics.uci.edu/wics-fall-quarter-week-1-first-general-meeting/
wics.ics.uci.edu/wics-fall-quarter-week-1-first-general-meeting/
wics.ics.uci.edu/wics-fall-quarter-week-1-first-general-meeting/
wics.ics.uci.edu/wics-fall-quarter-week-1-first-general-meeting/
wics.ics.uci.edu/wics-fall-quarter-week-2-mentorship-mixer/
wics.ics.uci.edu/wics-fall-quarter-week-2-mentorship-mixer/
wics.ics.uci.edu/wics-fall-quarter-week-2-mentorship-mixer/
wics.ics.uci.edu/wics-fall-quarter-week-2-mentorship-mixer/
wics.ics.uci.edu/wics-fall-quarter-week-2-mentorship-mixer/
wics.ics.uci.edu/wics-fall-quarter-week-2-mentorship-mixer/
wics.ics.uci.edu/wics-fall-quarter-week-3-wics-games/
wics.ics.uci.edu/wics-fall-quarter-week-3-wics-games/
wics.ics.uci.edu/wics-fall-quarter-week-3-wics-games/
wics.ics.uci.edu/wics-fall-quarter-week-3-wics-games/
wics.ics.uci.edu/wics-fall-quarter-week-3-wics-games/
wics.ics.uci.edu/wics-fall-quarter-week-3-wics-games/
wics.ics.uci.edu/wics-fall-quarter-week-3-wics-games/
wics.ics.uci.edu/wics-fall-quarter-week-3-wics-games/
wics.ics.uci.edu/wics-fall-quarter-week-3-wics-games/
wics.ics.uci.edu/category/highlights
wics.ics.uci.edu/wics-fall-quarter-week-3-amazon-workshop/
wics.ics.uci.edu/wics-fall-quarter-week-3-amazon-workshop/
wics.ics.uci.edu/wics-fall-quarter-week-3-amazon-workshop/
wics.ics.uci.edu/wics-fall-quarter-week-3-amazon-workshop/
wics.ics.uci.edu/wics-fall-quarter-week-3-amazon-workshop/
wics.ics.uci.edu/wics-fall-quarter-week-3-amazon-workshop/
wics.ics.uci.edu/wics-fall-quarter-week-4-blizzard-info-session/
wics.ics.uci.edu/wics-fall-quarter-week-4-blizzard-info-session/
wics.ics.uci.edu/wics-fall-quarter-week-4-blizzard-info-session/
wics.ics.uci.edu/wics-fall-quarter-week-4-blizzard-info-session/
wics.ics.uci.edu/wics-fall-quarter-week-4-blizzard-info-session/
wics.ics.uci.edu/wics-fall-quarter-week-4-coffee-chat-with-deloitte/
wics.ics.uci.edu/wics-fall-quarter-week-4-coffee-chat-with-deloitte/
wics.ics.uci.edu/wics-fall-quarter-week-4-coffee-chat-with-deloitte/
wics.ics.uci.edu/wics-fall-quarter-week-4-coffee-chat-with-deloitte/
wics.ics.uci.edu/wics-fall-quarter-week-4-coffee-chat-with-deloitte/
wics.ics.uci.edu/wics-fall-quarter-week-4-coffee-chat-with-deloitte/
wics.ics.uci.edu/wics-fall-quarter-week-5-mentorship-reveal/
wics.ics.uci.edu/wics-fall-quarter-week-5-mentorship-reveal/
wics.ics.uci.edu/wics-fall-quarter-week-5-mentorship-reveal/
wics.ics.uci.edu/wics-fall-quarter-week-5-mentorship-reveal/
wics.ics.uci.edu/wics-fall-quarter-week-5-mentorship-reveal/
wics.ics.uci.edu/wics-fall-quarter-week-5-mentorship-reveal/
wics.ics.uci.edu/wics-fall-quarter-week-6-acm-x-wics-mock-technical-interview/
wics.ics.uci.edu/wics-fall-quarter-week-6-acm-x-wics-mock-technical-interview/
wics.ics.uci.edu/wics-fall-quarter-week-6-acm-x-wics-mock-technical-interview/
wics.ics.uci.edu/wics-fall-quarter-week-6-acm-x-wics-mock-technical-interview/
wics.ics.uci.edu/wics-fall-quarter-week-6-acm-x-wics-mock-technical-interview/
wics.ics.uci.edu/wics-fall-quarter-week-7-msc-software-information-session/
wics.ics.uci.edu/wics-fall-quarter-week-7-msc-software-information-session/
wics.ics.uci.edu/wics-fall-quarter-week-7-msc-software-information-session/
wics.ics.uci.edu/wics-fall-quarter-week-8-academic-planning-workshop/
wics.ics.uci.edu/wics-fall-quarter-week-8-academic-planning-workshop/
wics.ics.uci.edu/wics-fall-quarter-week-8-academic-planning-workshop/
wics.ics.uci.edu/wics-fall-quarter-week-8-academic-planning-workshop/
wics.ics.uci.edu/wics-fall-quarter-week-8-academic-planning-workshop/
wics.ics.uci.edu/wics-fall-quarter-week-8-academic-planning-workshop/
wics.ics.uci.edu/letter-of-recommendation-workshop
wics.ics.uci.edu/letter-of-recommendation-workshop/
wics.ics.uci.edu/letter-of-recommendation-workshop/
wics.ics.uci.edu/letter-of-recommendation-workshop/
wics.ics.uci.edu/letter-of-recommendation-workshop/8418218574_2cba1ef2c0_c
wics.ics.uci.edu/letter-of-recommendation-workshop/8417120741_93e8bb3a2e_c
wics.ics.uci.edu/letter-of-recommendation-workshop/8417124907_6443faee63_c
wics.ics.uci.edu/letter-of-recommendation-workshop/8418211828_c9d1dba579_c
wics.ics.uci.edu/letter-of-recommendation-workshop/photo-5
wics.ics.uci.edu/letter-of-recommendation-workshop/8417122335_1e0f1ea227_c
wics.ics.uci.edu/wics-goes-to-blizzard/
wics.ics.uci.edu/wics-goes-to-blizzard/
wics.ics.uci.edu/wics-goes-to-blizzard/
wics.ics.uci.edu/
wics.ics.uci.edu/western-digital-tour-luncheon-with-female-engineers
wics.ics.uci.edu/western-digital-tour-luncheon-with-female-engineers/
wics.ics.uci.edu/western-digital-tour-luncheon-with-female-engineers/
wics.ics.uci.edu/western-digital-tour-luncheon-with-female-engineers/
wics.ics.uci.edu/western-digital-tour-luncheon-with-female-engineers/
wics.ics.uci.edu/western-digital-tour-luncheon-with-female-engineers/
wics.ics.uci.edu/western-digital-tour-luncheon-with-female-engineers/
wics.ics.uci.edu/wics-is-invited-to-western-digital
wics.ics.uci.edu/wics-is-invited-to-western-digital/
wics.ics.uci.edu/wics-is-invited-to-western-digital/
wics.ics.uci.edu/wics-is-invited-to-western-digital/
wics.ics.uci.edu/wics-is-invited-to-western-digital/
wics.ics.uci.edu/wics-spring-quarter-week-7-slalom-tour/
wics.ics.uci.edu/wics-spring-quarter-week-7-slalom-tour/
wics.ics.uci.edu/wics-spring-quarter-week-7-slalom-tour/
wics.ics.uci.edu/wics-spring-quarter-week-8-wics-game-night/
wics.ics.uci.edu/wics-spring-quarter-week-8-wics-game-night/
wics.ics.uci.edu/wics-spring-quarter-week-8-wics-game-night/
wics.ics.uci.edu/wics-spring-quarter-week-10-amazon-alexa-wokshop/
wics.ics.uci.edu/wics-spring-quarter-week-10-amazon-alexa-wokshop/
wics.ics.uci.edu/wics-spring-quarter-week-10-amazon-alexa-wokshop/
wics.ics.uci.edu/wics-fall-quarter-week-1-first-general-meeting-2/
wics.ics.uci.edu/wics-fall-quarter-week-1-first-general-meeting-2/
wics.ics.uci.edu/wics-fall-quarter-week-1-first-general-meeting-2/
wics.ics.uci.edu/wics-fall-quarter-week-2-mentorship-mixer-2/
wics.ics.uci.edu/wics-fall-quarter-week-2-mentorship-mixer-2/
wics.ics.uci.edu/wics-fall-quarter-week-2-mentorship-mixer-2/
wics.ics.uci.edu/wics-fall-quarter-week-2-meet-the-board-social-qa/
wics.ics.uci.edu/wics-fall-quarter-week-2-meet-the-board-social-qa/
wics.ics.uci.edu/wics-fall-quarter-week-2-meet-the-board-social-qa/
wics.ics.uci.edu/wics-fall-quarter-week-3-wics-games-2/
wics.ics.uci.edu/wics-fall-quarter-week-3-wics-games-2/
wics.ics.uci.edu/wics-fall-quarter-week-3-wics-games-2/
wics.ics.uci.edu/wics-fall-quarter-week-3-zillow-interview-workshop/
wics.ics.uci.edu/wics-fall-quarter-week-3-zillow-interview-workshop/
wics.ics.uci.edu/wics-fall-quarter-week-3-zillow-interview-workshop/
wics.ics.uci.edu/wics-fall-quarter-week-4-honey-information-session/
wics.ics.uci.edu/wics-fall-quarter-week-4-honey-information-session/
wics.ics.uci.edu/wics-fall-quarter-week-4-honey-information-session/
wics.ics.uci.edu/wics-fall-quarter-week-5-facebook-coding-event/
wics.ics.uci.edu/wics-fall-quarter-week-5-facebook-coding-event/
wics.ics.uci.edu/wics-fall-quarter-week-5-facebook-coding-event/
wics.ics.uci.edu/wics-fall-quarter-week-6-mentorship-reveal/
wics.ics.uci.edu/wics-fall-quarter-week-6-mentorship-reveal/
wics.ics.uci.edu/wics-fall-quarter-week-6-mentorship-reveal/
wics.ics.uci.edu/wics-fall-quarter-week-8-movie-night/
wics.ics.uci.edu/wics-fall-quarter-week-8-movie-night/
wics.ics.uci.edu/wics-fall-quarter-week-8-movie-night/
wics.ics.uci.edu/wics-fall-quarter-week-9-friendsgiving-potluck/
wics.ics.uci.edu/wics-fall-quarter-week-9-friendsgiving-potluck/
wics.ics.uci.edu/wics-fall-quarter-week-9-friendsgiving-potluck/
wics.ics.uci.edu/wics-winter-quarter-week-1-first-general-meeting-2/
wics.ics.uci.edu/wics-winter-quarter-week-1-first-general-meeting-2/
wics.ics.uci.edu/wics-winter-quarter-week-1-first-general-meeting-2/
wics.ics.uci.edu/author/admin
wics.ics.uci.edu/author/admin/page/13
wics.ics.uci.edu/author/admin/page/12
wics.ics.uci.edu/author/admin/page/11
wics.ics.uci.edu/author/admin/page/10
wics.ics.uci.edu/author/admin/page/9
wics.ics.uci.edu/author/admin/page/8
wics.ics.uci.edu/author/admin/page/7
wics.ics.uci.edu/author/admin/page/6
wics.ics.uci.edu/author/admin/page/5
wics.ics.uci.edu/author/admin/page/4
wics.ics.uci.edu/author/admin/page/3
wics.ics.uci.edu/category/outreach
wics.ics.uci.edu/women-empowering-women-lunch-2018
wics.ics.uci.edu/women-empowering-women-lunch-2018/
wics.ics.uci.edu/women-empowering-women-lunch-2018/
wics.ics.uci.edu/women-empowering-women-lunch-2018/
wics.ics.uci.edu/women-empowering-women-lunch-2018/
wics.ics.uci.edu/women-empowering-women-lunch-2018/
wics.ics.uci.edu/wics-spring-quarter-2018-week-4-blind-squirrel-games-debugging-session
wics.ics.uci.edu/wics-spring-quarter-2018-week-4-blind-squirrel-games-debugging-session/
wics.ics.uci.edu/wics-spring-quarter-2018-week-4-blind-squirrel-games-debugging-session/
wics.ics.uci.edu/wics-spring-quarter-2018-week-4-blind-squirrel-games-debugging-session/
wics.ics.uci.edu/wics-spring-quarter-week-5-yoga-and-study-sessionice-cream
wics.ics.uci.edu/wics-spring-quarter-week-5-yoga-and-study-sessionice-cream/
wics.ics.uci.edu/wics-spring-quarter-week-5-yoga-and-study-sessionice-cream/
wics.ics.uci.edu/wics-spring-quarter-week-5-yoga-and-study-sessionice-cream/
wics.ics.uci.edu/wics-spring-quarter-week-5-yoga-and-study-sessionice-cream/
wics.ics.uci.edu/wics-spring-quarter-week-5-yoga-and-study-sessionice-cream/
wics.ics.uci.edu/wics-spring-quarter-week-5-yoga-and-study-sessionice-cream/
wics.ics.uci.edu/wics-spring-quarter-week-6-acing-the-technical-interview-with-the-portal
wics.ics.uci.edu/wics-spring-quarter-week-6-acing-the-technical-interview-with-the-portal/
wics.ics.uci.edu/wics-spring-quarter-week-6-acing-the-technical-interview-with-the-portal/
wics.ics.uci.edu/wics-spring-quarter-week-6-acing-the-technical-interview-with-the-portal/
wics.ics.uci.edu/wics-spring-quarter-week-7-women-in-tech-panel-with-sendgrid
wics.ics.uci.edu/wics-spring-quarter-week-7-women-in-tech-panel-with-sendgrid/
wics.ics.uci.edu/wics-spring-quarter-week-7-women-in-tech-panel-with-sendgrid/
wics.ics.uci.edu/wics-spring-quarter-week-7-women-in-tech-panel-with-sendgrid/
wics.ics.uci.edu/wics-spring-quarter-week-7-women-in-tech-panel-with-sendgrid/
wics.ics.uci.edu/wics-spring-quarter-week-7-women-in-tech-panel-with-sendgrid/
wics.ics.uci.edu/wics-spring-quarter-week-8-amazon-alexa-skill-workshop
wics.ics.uci.edu/wics-spring-quarter-week-8-amazon-alexa-skill-workshop/
wics.ics.uci.edu/wics-spring-quarter-week-8-amazon-alexa-skill-workshop/
wics.ics.uci.edu/wics-spring-quarter-week-8-amazon-alexa-skill-workshop/
wics.ics.uci.edu/wics-spring-quarter-week-2-intuit-react-workshop
wics.ics.uci.edu/wics-spring-quarter-week-2-intuit-react-workshop/
wics.ics.uci.edu/wics-spring-quarter-week-2-intuit-react-workshop/
wics.ics.uci.edu/wics-spring-quarter-week-2-intuit-react-workshop/
wics.ics.uci.edu/wics-spring-quarter-week-2-intuit-react-workshop/
wics.ics.uci.edu/wics-spring-quarter-week-2-intuit-react-workshop/
wics.ics.uci.edu/category/init-together
wics.ics.uci.edu/author/admin/page/2
wics.ics.uci.edu/wics-winter-quarter-week-2-wics-x-acm-technical-interview-prep-workshop
wics.ics.uci.edu/wics-winter-quarter-week-2-wics-x-acm-technical-interview-prep-workshop/
wics.ics.uci.edu/wics-winter-quarter-week-2-wics-x-acm-technical-interview-prep-workshop/
wics.ics.uci.edu/wics-winter-quarter-week-2-wics-x-acm-technical-interview-prep-workshop/
wics.ics.uci.edu/wics-winter-quarter-week-2-paciolan-job-shadowing
wics.ics.uci.edu/wics-winter-quarter-week-2-paciolan-job-shadowing/
wics.ics.uci.edu/wics-winter-quarter-week-2-paciolan-job-shadowing/
wics.ics.uci.edu/wics-winter-quarter-week-2-paciolan-job-shadowing/
wics.ics.uci.edu/corporate-sponsorship
wics.ics.uci.edu/contact
wics.ics.uci.edu/our-mentorship-program
wics.ics.uci.edu/apply-to-wics-committee
wics.ics.uci.edu/join-us
wics.ics.uci.edu/exploreics
wics.ics.uci.edu/exploreics/
wics.ics.uci.edu/exploreics/
wics.ics.uci.edu/exploreics/
wics.ics.uci.edu/girlsknowcs-conference
wics.ics.uci.edu/girlsknowcs-conference/
wics.ics.uci.edu/girlsknowcs-conference/
wics.ics.uci.edu/girlsknowcs-conference/
wics.ics.uci.edu/girlsknowcs-conference/
wics.ics.uci.edu/girlsknowcs-conference/
wics.ics.uci.edu/aspireit-2018
wics.ics.uci.edu/aspireit-2018/
wics.ics.uci.edu/aspireit-2018/
wics.ics.uci.edu/aspireit-2018/
wics.ics.uci.edu/aspireit-2018/
wics.ics.uci.edu/aspireit-2018/
wics.ics.uci.edu/aspireit-2018/
wics.ics.uci.edu/aspireit-2018/
wics.ics.uci.edu/aspireit-2018/
wics.ics.uci.edu/innovate
wics.ics.uci.edu/innovate/
wics.ics.uci.edu/innovate/
wics.ics.uci.edu/innovate/
wics.ics.uci.edu/wics-2018-bytes-of-code
wics.ics.uci.edu/wics-2018-bytes-of-code/
wics.ics.uci.edu/wics-2018-bytes-of-code/
wics.ics.uci.edu/wics-2018-bytes-of-code/
wics.ics.uci.edu/wics-2018-bytes-of-code/
wics.ics.uci.edu/wics-2018-bytes-of-code/
wics.ics.uci.edu/bytes-of-code-2019
wics.ics.uci.edu/bytes-of-code-2019/
wics.ics.uci.edu/bytes-of-code-2019/
wics.ics.uci.edu/bytes-of-code-2019/
wics.ics.uci.edu/about-community-outreach
wics.ics.uci.edu/inittogether
wics.ics.uci.edu/inittogether/
wics.ics.uci.edu/inittogether/
wics.ics.uci.edu/inittogether/
wics.ics.uci.edu/inittogether/
wics.ics.uci.edu/inittogether/
wics.ics.uci.edu/inittogether/
cwicsocal18.ics.uci.edu
cwicsocal18.ics.uci.edu/photos
cwicsocal18.ics.uci.edu/leadership
cwicsocal18.ics.uci.edu/faq
cwicsocal18.ics.uci.edu/sponsors/current-sponsors
cwicsocal18.ics.uci.edu/sponsors/sponsor-information
cwicsocal18.ics.uci.edu/sponsors
cwicsocal18.ics.uci.edu/current-sponsors
cwicsocal18.ics.uci.edu/sponsor-information
cwicsocal18.ics.uci.edu/participate
cwicsocal18.ics.uci.edu/speakers
cwicsocal18.ics.uci.edu/program
wics.ics.uci.edu/category/news
wics.ics.uci.edu/category/news/page/17
wics.ics.uci.edu/category/news/page/16
wics.ics.uci.edu/category/news/page/15
wics.ics.uci.edu/category/news/page/14
wics.ics.uci.edu/category/news/page/13
wics.ics.uci.edu/category/news/page/12
wics.ics.uci.edu/category/news/page/11
wics.ics.uci.edu/category/news/page/10
wics.ics.uci.edu/category/news/page/9
wics.ics.uci.edu/category/news/page/8
wics.ics.uci.edu/category/news/page/7
wics.ics.uci.edu/category/news/page/6
wics.ics.uci.edu/category/news/page/5
wics.ics.uci.edu/category/news/page/4
wics.ics.uci.edu/category/news/page/3
wics.ics.uci.edu/category/news/page/2
wics.ics.uci.edu/history-of-wics
wics.ics.uci.edu/awards-and-accomplishments
wics.ics.uci.edu/previous-officers
wics.ics.uci.edu/officers
wics.ics.uci.edu/about-us
student-council.ics.uci.edu
www.ics.uci.edu/ugrad/resources
www.ics.uci.edu/community/scholarships/index.php
www.ics.uci.edu/community/scholarships
mswe.ics.uci.edu/career/interviewing
mswe.ics.uci.edu/career/job-search-sites
mswe.ics.uci.edu/career/personal-branding-networking
mcs.ics.uci.edu/career/personal-branding-marketing/LinkedIn
mcs.ics.uci.edu
mcs.ics.uci.edu/advisory-board
mcs.ics.uci.edu/contact-us/faculty
www.ics.uci.edu/faculty/index.php
www.ics.uci.edu/~djr
www.ics.uci.edu/~redmiles
www.ics.uci.edu/faculty
www.ics.uci.edu/~ziv
www.ics.uci.edu/WWWdocs/localFAQ.html
www.ics.uci.edu/~ziv/resume.html
www.ics.uci.edu/~neno/interests.html
www.ics.uci.edu/icse97
www.ics.uci.edu/Arcadia/atUCI.html
www.ics.uci.edu/Arcadia
www.ics.uci.edu/IRUS
www.ics.uci.edu/IRUS/CSS.html
www.ics.uci.edu/~softtest/plumber.html
www.ics.uci.edu/~softtest/adamakegen.html
www.ics.uci.edu/Arcadia/Aflex-Ayacc/aflex-ayacc.html
www.ics.uci.edu/WebSoft
www.ics.uci.edu/Arcadia/Chimera/chimera.html
www.ics.uci.edu/Arcadia/Teamware/teamware.html
www.ics.uci.edu/Arcadia/Teamware/historical.html
www.ics.uci.edu/Arcadia/Chiron/chiron.html
www.ics.uci.edu/Arcadia/Teamware/arch/arch.html
www.ics.uci.edu/Arcadia/Teamware/docs/packages.html
www.ics.uci.edu/Arcadia/Teamware/tags/tags.html
www.ics.uci.edu/Arcadia/Teamware/tags/test.html
www.ics.uci.edu/Arcadia/Teamware/tags/example.html
www.ics.uci.edu/Arcadia/Teamware/demo/idemo.html
www.ics.uci.edu/Arcadia/Teamware/demo/agenda.html
www.ics.uci.edu/Arcadia/Teamware/demo/agenda2.html
www.ics.uci.edu/Arcadia/Teamware/demo/browser.html
www.ics.uci.edu/Arcadia/Teamware/demo/instance.html
www.ics.uci.edu/Arcadia/Teamware/demo/specification.html
www.ics.uci.edu/Arcadia/Teamware/demo/attach.html
www.ics.uci.edu/Arcadia/Teamware/demo/category.html
www.ics.uci.edu/Arcadia/Teamware/demo/category2.html
www.ics.uci.edu/Arcadia/Teamware/demo/info.html
www.ics.uci.edu/Arcadia/Teamware/demo/help.html
www.ics.uci.edu/Arcadia/Teamware/demo/help2.html
www.ics.uci.edu/Arcadia/Teamware/demo/project.html
www.ics.uci.edu/Arcadia/Endeavors/endeavors.html
www.ics.uci.edu/Arcadia/Endeavors
www.ics.uci.edu/Arcadia/C2/c2.html
www.ics.uci.edu/IRUS/css.html
www.ics.uci.edu/~softtest/taos.html
www.ics.uci.edu/~softtest/prodag.html
www.ics.uci.edu/~ivan
www.ics.uci.edu/~ziv/ooad/classes/index.htm
www.ics.uci.edu/~ziv/ooad/intro_to_se/index.htm
www.ics.uci.edu/~ziv/diss/conclusionpaper/conclusionpaper.html
www.ics.uci.edu/~ziv/diss/intropaper/intropaper.html
www.ics.uci.edu/~ziv/diss/abstractpaper/abstractpaper.html
www.ics.uci.edu/~zhaoxia
www.ics.uci.edu/~yamingy
www.ics.uci.edu/~yamingy/npmle.r
www.ics.uci.edu/~yamingy/npmle.c
www.ics.uci.edu/~yamingy/npmle_README.txt
www.ics.uci.edu/~yamingy/bayesD_demo3.r
www.ics.uci.edu/~yamingy/bayesD_demo2.r
www.ics.uci.edu/~yamingy/bayesD_demo1.r
www.ics.uci.edu/~yamingy/bayesD_cocktail.r
www.ics.uci.edu/~yamingy/cocktail_demo.m
www.ics.uci.edu/~yamingy/cocktail.m
www.ics.uci.edu/~yamingy/cocktail_demo4.r
www.ics.uci.edu/~yamingy/cocktail_demo3.r
www.ics.uci.edu/~yamingy/cocktail_demo2.r
www.ics.uci.edu/~yamingy/cocktail_demo1.r
www.ics.uci.edu/~yamingy/cocktail.r
www.ics.uci.edu/~yamingy/cocktail_README.txt
www.ics.uci.edu/statistics/faculty
www.ics.uci.edu/employment/employ_lecturer.php
www.ics.uci.edu/faculty/profiles/view_faculty.php
www.ics.uci.edu/faculty/profiles
www.ics.uci.edu/faculty/profiles/view_faculty.php
statconsulting.ics.uci.edu
www.ics.uci.edu/ugrad/courses/listing.php
www.ics.uci.edu/ugrad/courses
www.ics.uci.edu/ugrad/courses/listing.php
www.ics.uci.edu/statistics
www.ics.uci.edu/~xhx
cbcl.ics.uci.edu
cbcl.ics.uci.edu/doku.php/teaching/cs295w11/start
cbcl.ics.uci.edu/doku.php/teaching/cs285s14/start
www.ics.uci.edu/~jwongma
nalini.ics.uci.edu
www.ics.uci.edu/~chair/research/novell.html
www.ics.uci.edu/~chair/research/clustering.html
www.ics.uci.edu/~nalini/ivecg.uci.edu
cert.ics.uci.edu
isg.ics.uci.edu/events.html
isg.ics.uci.edu/events
isg.ics.uci.edu/news/prof-chen-li-became-an-acm-distinguished-member
isg.ics.uci.edu/news/prof-ramesh-jain-receives-the-2019-ieee-tcmc-impact-award-for-pioneering-and-wide-spread-impact-to-multimedia-computing-for-the-past-four-decades
isg.ics.uci.edu/news/iot-notarysensor-data-attestation-in-smart-environments-paper-by-isg-authors-receives-the-2019-ieee-nca-award
isg.ics.uci.edu/news/isg-student-wins-2019-ieee-bigdata-best-student-paper-award
isg.ics.uci.edu/events/
isg.ics.uci.edu/event/david-lomet-tbd
isg.ics.uci.edu/event/david-lomet-tbd/
isg.ics.uci.edu/event/effective-filters-and-linear-time-verification-for-tree-similarity-joins
isg.ics.uci.edu/event/effective-filters-and-linear-time-verification-for-tree-similarity-joins/
isg.ics.uci.edu/event/event-detection-with-temporal-predicates
isg.ics.uci.edu/event/event-detection-with-temporal-predicates/
isg.ics.uci.edu/event/final-defense-jordan-oh
isg.ics.uci.edu/event/final-defense-jordan-oh/
isg.ics.uci.edu/event/a-theoretical-view-of-distributed-systems-cs-distinguished-seminar-series
isg.ics.uci.edu/event/a-theoretical-view-of-distributed-systems-cs-distinguished-seminar-series/
isg.ics.uci.edu/event/lsm-based-storage-techniques-a-tutorial
isg.ics.uci.edu/event/lsm-based-storage-techniques-a-tutorial/
isg.ics.uci.edu/event/personalization-of-pervasive-autonomy-applications-and-system-support
isg.ics.uci.edu/event/personalization-of-pervasive-autonomy-applications-and-system-support/
isg.ics.uci.edu/event/scalable-transaction-and-polystore-data-management-in-leanxcale
isg.ics.uci.edu/event/scalable-transaction-and-polystore-data-management-in-leanxcale/
isg.ics.uci.edu/event/aquaeis-middleware-support-for-event-identification-in-communitywater-infrastructures
isg.ics.uci.edu/event/aquaeis-middleware-support-for-event-identification-in-communitywater-infrastructures/
isg.ics.uci.edu/event/amber-a-debuggable-dataflow-system-based-on-theactor-model
isg.ics.uci.edu/event/amber-a-debuggable-dataflow-system-based-on-theactor-model/
isg.ics.uci.edu/event/multistage-adaptive-load-balancing-in-big-active-data-publish-subscribe-systems
isg.ics.uci.edu/event/multistage-adaptive-load-balancing-in-big-active-data-publish-subscribe-systems/
isg.ics.uci.edu/event/gift-sinthong-asterixdb-meets-data-science
isg.ics.uci.edu/event/gift-sinthong-asterixdb-meets-data-science/
isg.ics.uci.edu/event/michal-shmueli-scheuer-conversational-bots-for-customer-support
isg.ics.uci.edu/event/michal-shmueli-scheuer-conversational-bots-for-customer-support/
isg.ics.uci.edu/event/pat-helland-theres-no-substitute-for-interchangeability
isg.ics.uci.edu/event/pat-helland-theres-no-substitute-for-interchangeability/
isg.ics.uci.edu/event/fatemeh-nargesian-data-enrichment-for-data-science
isg.ics.uci.edu/event/fatemeh-nargesian-data-enrichment-for-data-science/
isg.ics.uci.edu/event/xiangyao-yu-transaction-processing-at-scale
isg.ics.uci.edu/event/xiangyao-yu-transaction-processing-at-scale/
isg.ics.uci.edu/event/prof-sang-woo-jun-lowering-the-cost-of-large-scale-data-analytics-via-efficient-use-of-flash-storage
isg.ics.uci.edu/event/prof-sang-woo-jun-lowering-the-cost-of-large-scale-data-analytics-via-efficient-use-of-flash-storage/
isg.ics.uci.edu/event/prof-jeff-ullman-visit
isg.ics.uci.edu/event/prof-jeff-ullman-visit/
isg.ics.uci.edu/event/speaker-david-lomet-microsoft-research-cost-performance-in-modern-data-stores-how-data-caching-systems-succeed
isg.ics.uci.edu/tag/talk
isg.ics.uci.edu/event/speaker-david-lomet-microsoft-research-cost-performance-in-modern-data-stores-how-data-caching-systems-succeed/
isg.ics.uci.edu/event/vinayak-borkar-fireeye-inc-the-x15-machine-data-management-platform
isg.ics.uci.edu/event/vinayak-borkar-fireeye-inc-the-x15-machine-data-management-platform/
isg.ics.uci.edu/event/dr-andrey-balmin-and-mayank-pradhan-workday-workday-prism-analytics-unifying-interactive-and-batch-data-processing-using-apache-spark
isg.ics.uci.edu/event/dr-andrey-balmin-and-mayank-pradhan-workday-workday-prism-analytics-unifying-interactive-and-batch-data-processing-using-apache-spark/
isg.ics.uci.edu/event/large-scale-and-low-latency-data-distribution-from-database-to-servers
isg.ics.uci.edu/event/large-scale-and-low-latency-data-distribution-from-database-to-servers/
isg.ics.uci.edu/events/list/
isg.ics.uci.edu/contact-us
isg.ics.uci.edu/visitor-info
isg.ics.uci.edu/sponsers
isg.ics.uci.edu/ournews
isg.ics.uci.edu/news/couchbase-sponsers-isg
isg.ics.uci.edu/news/socaldb-day-2018-at-ucsd-october-19-2018
isg.ics.uci.edu/news/qing-hans-paper-won-the-best-paper-award-at-ieee-srds-2018
isg.ics.uci.edu/news-category/recent-news
isg.ics.uci.edu/talks
isg.ics.uci.edu/db-qual
isg.ics.uci.edu/courses
www.ics.uci.edu/~cs237
ngs.ics.uci.edu/next-generation-search-course
ngs.ics.uci.edu/usa-has-become-general-motors
ngs.ics.uci.edu/sharing-your-photos-animoto
ngs.ics.uci.edu/sharing-your-photos-orsiso
ngs.ics.uci.edu/digital-medical-records
ngs.ics.uci.edu/the-state-of-venture-capital
ngs.ics.uci.edu/sharing-your-photos-fotonaut
ngs.ics.uci.edu/india-and-china
ngs.ics.uci.edu/entrepreneurship-education
ngs.ics.uci.edu/no-text-book-on-search-systems
ngs.ics.uci.edu/apple-becoming-more-multimedia
ngs.ics.uci.edu/structured-and-unstructured-data-1
ngs.ics.uci.edu/structured-and-unstructured-data-2
ngs.ics.uci.edu/where-sweatshops-are-a-dream
ngs.ics.uci.edu/barack-obama-one-of-the-most-impressive-man
ngs.ics.uci.edu/structured-and-unstructured-data-3-competence-and-performance
ngs.ics.uci.edu/text-or-video-no-it-should-be-text-and-video
ngs.ics.uci.edu/obama-era-of-responsible-optimism
ngs.ics.uci.edu/kingdom-of-context
ngs.ics.uci.edu/research-at-fuji-xerox-lab-fxpal
ngs.ics.uci.edu/obamas-popularity
ngs.ics.uci.edu/new-ilife-and-face-recognition
ngs.ics.uci.edu/unplanned-expansion-of-iits
ngs.ics.uci.edu/the-white-tiger
ngs.ics.uci.edu/explore-ocean-floor-using-google-maps
ngs.ics.uci.edu/grand-challenge-problems-at-acm-multimedia-2009
ngs.ics.uci.edu/getting-funding-for-startups-getting-tougher
ngs.ics.uci.edu/uncertainty-in-databases
ngs.ics.uci.edu/all-those-lifelogs-and-mobile-phones
ngs.ics.uci.edu/a-great-opportunity-mobile-phones-in-rural-india
ngs.ics.uci.edu/google-maps-and-latitude
ngs.ics.uci.edu/protectionism-in-difficult-time
ngs.ics.uci.edu/mmgc-multimedia-grand-challenge
ngs.ics.uci.edu/five-year-check-up
ngs.ics.uci.edu/to-do-or-to-have-that-is-the-question
ngs.ics.uci.edu/1077
ngs.ics.uci.edu/slumdog
ngs.ics.uci.edu/a-japanese-view-on-the-japneses-crisis
ngs.ics.uci.edu/real-virtuality
ngs.ics.uci.edu/cyber-persona
ngs.ics.uci.edu/british-grand-challenges
ngs.ics.uci.edu/search-inside
ngs.ics.uci.edu/faceweb
ngs.ics.uci.edu/mm-grand-challenges
ngs.ics.uci.edu/multimedia-text-book
ngs.ics.uci.edu/semantics-comes-to-google-search
ngs.ics.uci.edu/3d-tv-a-new-version
ngs.ics.uci.edu/formalism-and-research
ngs.ics.uci.edu/complete-sensual-immersion-holodeck-reality
ngs.ics.uci.edu/ideological-search
ngs.ics.uci.edu/planetary-skin
ngs.ics.uci.edu/smarter-planet-by-ibm
ngs.ics.uci.edu/talking-in-color
ngs.ics.uci.edu/excellence-in-singapore-but
ngs.ics.uci.edu/a-perspective-on-multimedia-computing-and-commpunication-1
ngs.ics.uci.edu/a-perspective-on-multimedia-computing-and-communication-2
ngs.ics.uci.edu/progress-in-mkrishi-project
ngs.ics.uci.edu/connection-among-events
ngs.ics.uci.edu/similarity-search-introduced-by-google
ngs.ics.uci.edu/in-london
ngs.ics.uci.edu/aggregating-user-generated-video
ngs.ics.uci.edu/life-and-memories
ngs.ics.uci.edu/visual-computing-institute
ngs.ics.uci.edu/smell-comes-to-operas
ngs.ics.uci.edu/real-time-search
ngs.ics.uci.edu/reverse-search-is-just-search
ngs.ics.uci.edu/finding-is-better-than-searching
ngs.ics.uci.edu/prospective-of-multimedia-search
ngs.ics.uci.edu/personal-butler-on-iphone-siri
ngs.ics.uci.edu/real-time-search-2
ngs.ics.uci.edu/real-time-search-3-twitter
ngs.ics.uci.edu/real-time-search-4-driving-using-only-the-rear-view-mirror
ngs.ics.uci.edu/dave-lehman
ngs.ics.uci.edu/searh-progress-in-ne-extraction
ngs.ics.uci.edu/whats-here-on-google-maps
ngs.ics.uci.edu/geotagging-is-moving-closer-to-center
ngs.ics.uci.edu/ubiquitous-connectivity
ngs.ics.uci.edu/evaluating-multimedia-algorithms
ngs.ics.uci.edu/experiential-communication-in-singapore
ngs.ics.uci.edu/events-and-metaevents
ngs.ics.uci.edu/living-in-the-past-dangerous-for-present-and-future
ngs.ics.uci.edu/sue-generis-a-class-of-its-own
ngs.ics.uci.edu/multimedia-information-retrieval-at-nus-1
ngs.ics.uci.edu/multimedia-information-retrieval-at-nus-2
ngs.ics.uci.edu/eventweb-getting-traction
ngs.ics.uci.edu/where-is-computer-science-in-it
ngs.ics.uci.edu/becoming-impatient
ngs.ics.uci.edu/visual-time-machine
ngs.ics.uci.edu/situation-awareness-and-control
ngs.ics.uci.edu/photo-management-remains-an-open-problem
ngs.ics.uci.edu/trip-to-angkor-in-cambodia1
ngs.ics.uci.edu/trip-to-angkor-in-cambodia-2
ngs.ics.uci.edu/sentiment-analysis
ngs.ics.uci.edu/ict-for-development-is-dominated-by-social-network-thinking
ngs.ics.uci.edu/begaluru-trip
ngs.ics.uci.edu/knowledge-and-innovation-sharing-networks-kisn
ngs.ics.uci.edu/back-after-a-long-break
ngs.ics.uci.edu/computer-vision-applications
ngs.ics.uci.edu/clicking-on-the-real-world
ngs.ics.uci.edu/mobile-money-or-power-of-mobile-phones-to-transform
ngs.ics.uci.edu/china
ngs.ics.uci.edu/again-in-china
ngs.ics.uci.edu/acm-multimedia-2009
ngs.ics.uci.edu/more-experiences-in-china
ngs.ics.uci.edu/workshops-at-mm09
ngs.ics.uci.edu/drunken-scientists-and-unsolvable-problems
ngs.ics.uci.edu/multimedia-immersive-experience-in-hangzhou-a-show
ngs.ics.uci.edu/creating-peopleweb
ngs.ics.uci.edu/intellectual-property-and-universities
ngs.ics.uci.edu/search-and-recommendation
ngs.ics.uci.edu/hightech-in-japan-toilets
ngs.ics.uci.edu/international-academic-research-perspectives
ngs.ics.uci.edu/text-book-on-multimedia
ngs.ics.uci.edu/more-timelines
ngs.ics.uci.edu/augmented-reality-comes-of-age
ngs.ics.uci.edu/smart-phones-to-become-phones
ngs.ics.uci.edu/event-analytics
ngs.ics.uci.edu/current-technical-trends-in-internet
ngs.ics.uci.edu/innovations-in-india
ngs.ics.uci.edu/cameras-and-internet
ngs.ics.uci.edu/geeks-like-complexity
ngs.ics.uci.edu/goggles-to-cyberspace
ngs.ics.uci.edu/events-descriptions-and-opinions
ngs.ics.uci.edu/need-consolidation-of-experiences-and-making-them-actionable
ngs.ics.uci.edu/solution-consolidation-of-experiences-and-making-them-actionable
ngs.ics.uci.edu/personal-analytics
ngs.ics.uci.edu/us-institute-of-peace
ngs.ics.uci.edu/timeline-mashups
ngs.ics.uci.edu/pragyan-2010-at-nit-trichy
ngs.ics.uci.edu/young-engineering-students
ngs.ics.uci.edu/next-generation-search-in-2010
ngs.ics.uci.edu/context-in-computer-vision
ngs.ics.uci.edu/situation-awareness-emerging-approaches
ngs.ics.uci.edu/contenxt-not-content-or-context-in-computer-vision
ngs.ics.uci.edu/c-k-prahalad
ngs.ics.uci.edu/uncontrollable-memories-of-c-k-prahalad
ngs.ics.uci.edu/nsf-iii-workshop-good-workshop-but-will-it-change-anything
ngs.ics.uci.edu/what-the-web-cant-do
ngs.ics.uci.edu/emerging-trends-from-www2010
ngs.ics.uci.edu/self-analytics-data-driven-life
ngs.ics.uci.edu/ck-prahalad-one-more-tribute
ngs.ics.uci.edu/beyond-total-capture-to-some-utilization
ngs.ics.uci.edu/nowledger
ngs.ics.uci.edu/nowledger-2
ngs.ics.uci.edu/nl-3-beyond-the-current-www
ngs.ics.uci.edu/likes-loyalties-and-choices
ngs.ics.uci.edu/machine-learning-hammer
ngs.ics.uci.edu/milkshake-drunk-researcher-and-problem-solving
ngs.ics.uci.edu/content-without-context-is-meaningless
ngs.ics.uci.edu/social-pixels
ngs.ics.uci.edu/the-power-of-pull
ngs.ics.uci.edu/current-research-challenges-in-computer-vision-and-multimedia
ngs.ics.uci.edu/lifelog-made-easy
ngs.ics.uci.edu/reflecting-on-your-life
ngs.ics.uci.edu/meta-data-is-also-data
ngs.ics.uci.edu/middle-of-the-pyramid-mop-1
ngs.ics.uci.edu/middle-of-the-pyramid-mop-2
ngs.ics.uci.edu/photos-then-and-now
ngs.ics.uci.edu/photos-then-and-now-2
ngs.ics.uci.edu/vnit-golden-jubilee
ngs.ics.uci.edu/photos-a-new-challenge-3
ngs.ics.uci.edu/photos-4-a-disruptive-change-in-communication
ngs.ics.uci.edu/visual-reflections
ngs.ics.uci.edu/social-life-networks-sln
ngs.ics.uci.edu/photo-taking-behaviour-past
ngs.ics.uci.edu/photo-taking-behaviour-teens-of-photography
ngs.ics.uci.edu/phone-as-identity
ngs.ics.uci.edu/photos-are-more-than-fleeting-experiences
ngs.ics.uci.edu/developing-actionable-personal-intelligence-for-everyone
ngs.ics.uci.edu/automatic-summarization-of-personal-photo-collections-pinaki-sinhas-thesis
ngs.ics.uci.edu/visr-is-in-android-marketplace
ngs.ics.uci.edu/transformation-or-froth-visual-communication
ngs.ics.uci.edu/honored-surprised-and-started-thinking
ngs.ics.uci.edu/events-are-transparent
ngs.ics.uci.edu/managing-event-information-a-book
ngs.ics.uci.edu/photos-are-about-events
ngs.ics.uci.edu/contextual-circles
ngs.ics.uci.edu/quantifying-semantic-gap
ngs.ics.uci.edu/visr-organizing-and-sharing-visual-experiences-of-events
ngs.ics.uci.edu/ancient-photo-gallery-in-modern-phones
ngs.ics.uci.edu/visr-silent-helper-to-organize-visual-memories-of-events
ngs.ics.uci.edu/micro-blogs-and-blogs
ngs.ics.uci.edu/status-updates-are-micro-stories
ngs.ics.uci.edu/extreme-stories-1
ngs.ics.uci.edu/extreme-stories2
ngs.ics.uci.edu/extreme-stories-3
ngs.ics.uci.edu/extreme-stories-4
ngs.ics.uci.edu/extreme-stories-5
ngs.ics.uci.edu/extreme-stories-6
ngs.ics.uci.edu/extreme-stories-7
ngs.ics.uci.edu/extreme-stories-8
ngs.ics.uci.edu/extreme-stories-9
ngs.ics.uci.edu/extreme-stories-10
ngs.ics.uci.edu/extreme-stories-11
ngs.ics.uci.edu/extreme-stories-12
ngs.ics.uci.edu/extreme-stories13
ngs.ics.uci.edu/next-instagram
ngs.ics.uci.edu/lifelesson-1-get-bad-news-as-soon-as-possible
ngs.ics.uci.edu/lifelesson-2-should-should-come-before-could
ngs.ics.uci.edu/thinking-within-the-box-putting-could-before-should
ngs.ics.uci.edu/experiential-analysis
ngs.ics.uci.edu/emerging-art-of-storytelling
ngs.ics.uci.edu/social-systems-and-big-data
ngs.ics.uci.edu/objective-self
ngs.ics.uci.edu/rip-my-four-legged-son
ngs.ics.uci.edu/creating-persona-using-data-streams
ngs.ics.uci.edu/creating-health-persona
ngs.ics.uci.edu/focused-microblogs-fmbs-going-beyond-twitter
ngs.ics.uci.edu/building-on-the-disruption-in-learning-and-education
ngs.ics.uci.edu/corelation-is-the-mother-of-causality
ngs.ics.uci.edu/using-big-data-for-storytelling
ngs.ics.uci.edu/physical-social-cyber-computing-systems
ngs.ics.uci.edu/from-calendars-to-chronicles-1
ngs.ics.uci.edu/from-calendars-to-chronicles-2
ngs.ics.uci.edu/from-calendars-to-chronicles-3
ngs.ics.uci.edu/calendars-to-chronicles-4
ngs.ics.uci.edu/from-calendars-to-chronicles-5
ngs.ics.uci.edu/calendars-to-chronicles-6
ngs.ics.uci.edu/objective-reality-1
ngs.ics.uci.edu/objective-self-2-garbage-data-results-in-garbage-models
ngs.ics.uci.edu/objective-self-3-quantified-self-is-a-step-towards-objective-self
ngs.ics.uci.edu/objective-self-4-you-are-the-most-important
ngs.ics.uci.edu/objective-self-5-finally-we-may-have-objective-self
ngs.ics.uci.edu/objective-self-6-from-an-individual-to-society
ngs.ics.uci.edu/back-to-cyber-1
ngs.ics.uci.edu/back-to-cyber-2-computational-cybernetics
ngs.ics.uci.edu/back-to-cyber-3-now-and-future
ngs.ics.uci.edu/towards-weaving-the-visual-web
ngs.ics.uci.edu/photo-album-2015-breaking-the-boundaries
ngs.ics.uci.edu/semantic-link-in-photos
ngs.ics.uci.edu/ai-contextual-reasoning-learning
ngs.ics.uci.edu/healthy-foodie
ngs.ics.uci.edu/i-htm
ngs.ics.uci.edu/health-intelligence
ngs.ics.uci.edu/techology-propels-health
ngs.ics.uci.edu/controlling-health
ngs.ics.uci.edu/empowering-personal-health
ngs.ics.uci.edu/tag/healthcare
ngs.ics.uci.edu/tag/health-navigator
futurehealth.ics.uci.edu/participation
futurehealth.ics.uci.edu/
futurehealth.ics.uci.edu/
futurehealth.ics.uci.edu/
futurehealth.ics.uci.edu/
futurehealth.ics.uci.edu/education
futurehealth.ics.uci.edu/participate
futurehealth.ics.uci.edu/2020-distinguished-lecture-series
futurehealth.ics.uci.edu/resources
futurehealth.ics.uci.edu
ngs.ics.uci.edu/tag/personal-model
ngs.ics.uci.edu/tag/precision-health
ngs.ics.uci.edu/tag/personal-health
ngs.ics.uci.edu/tag/mhealth
ngs.ics.uci.edu/tag/digital-health
ngs.ics.uci.edu/tag/wellness
ngs.ics.uci.edu/tag/lifestyle
ngs.ics.uci.edu/tag/integrative-health
ngs.ics.uci.edu/tag/individual-models
ngs.ics.uci.edu/tag/health-state
ngs.ics.uci.edu/tag/future-health
ngs.ics.uci.edu/tag/artificial-intelligence
ngs.ics.uci.edu/tag/situation-recognition
ngs.ics.uci.edu/tag/situation-awareness
ngs.ics.uci.edu/tag/community-wellbeing
ngs.ics.uci.edu/tag/challenge-for-machine-learning
ngs.ics.uci.edu/tag/health
ngs.ics.uci.edu/tag/foodtech
ngs.ics.uci.edu/tag/foodlog
ngs.ics.uci.edu/tag/foodie
ngs.ics.uci.edu/tag/food
ngs.ics.uci.edu/tag/deep-learning
ngs.ics.uci.edu/tag/contextual-reasoning
ngs.ics.uci.edu/tag/ai
ngs.ics.uci.edu/tag/semantic-links
ngs.ics.uci.edu/tag/visual-web
ngs.ics.uci.edu/tag/albums
ngs.ics.uci.edu/tag/social-systems
ngs.ics.uci.edu/tag/cybernetics
ngs.ics.uci.edu/tag/cyber
ngs.ics.uci.edu/tag/personal-data
ngs.ics.uci.edu/tag/scientism
ngs.ics.uci.edu/tag/lifelogs
ngs.ics.uci.edu/tag/olap
ngs.ics.uci.edu/tag/database-visualization
ngs.ics.uci.edu/tag/data-warehouses
ngs.ics.uci.edu/tag/chronicles
ngs.ics.uci.edu/tag/business-intelligence
ngs.ics.uci.edu/tag/business-activity-monitoring
ngs.ics.uci.edu/tag/surveillance-video
ngs.ics.uci.edu/tag/flight-recorder
ngs.ics.uci.edu/tag/knowledge
ngs.ics.uci.edu/tag/information
ngs.ics.uci.edu/tag/data
ngs.ics.uci.edu/tag/journalism
ngs.ics.uci.edu/tag/prediction-machines
ngs.ics.uci.edu/tag/chronicle
ngs.ics.uci.edu/tag/calendar
ngs.ics.uci.edu/tag/representations
ngs.ics.uci.edu/tag/cyber-physical
ngs.ics.uci.edu/tag/computer-interfacecs
ngs.ics.uci.edu/tag/correlation
ngs.ics.uci.edu/tag/causality
ngs.ics.uci.edu/tag/learning
ngs.ics.uci.edu/tag/experiential
ngs.ics.uci.edu/tag/education
ngs.ics.uci.edu/tag/twitter
ngs.ics.uci.edu/tag/signal-to-noise-ratio
ngs.ics.uci.edu/tag/microblog
ngs.ics.uci.edu/tag/quantified-health
ngs.ics.uci.edu/tag/objective-health
ngs.ics.uci.edu/tag/health-persona
ngs.ics.uci.edu/blog/
ngs.ics.uci.edu/creating-health-persona/sensors-to-persona
ngs.ics.uci.edu/teacher
ngs.ics.uci.edu/researcher
ngs.ics.uci.edu/entrepreneur
ngs.ics.uci.edu/tag/persona
ngs.ics.uci.edu/tag/objective-self
ngs.ics.uci.edu/tag/objective-self/page/2
ngs.ics.uci.edu/tag/subjective
ngs.ics.uci.edu/tag/quantified-self
ngs.ics.uci.edu/tag/quantified-self/page/2
ngs.ics.uci.edu/tag/objective
ngs.ics.uci.edu/tag/social-computing
ngs.ics.uci.edu/tag/feedback
ngs.ics.uci.edu/tag/experioential-computing
ngs.ics.uci.edu/tag/early-experiences
ngs.ics.uci.edu/tag/analyzing-data
ngs.ics.uci.edu/tag/should
ngs.ics.uci.edu/tag/could-bold-thinking
ngs.ics.uci.edu/tag/life-lessons
ngs.ics.uci.edu/tag/gastroesophageal-cancer
ngs.ics.uci.edu/tag/bad-news
ngs.ics.uci.edu/tag/mobile
ngs.ics.uci.edu/tag/experience-sharing
ngs.ics.uci.edu/tag/ecperiential-computing
ngs.ics.uci.edu/tag/visualization
ngs.ics.uci.edu/tag/mega-storiy
ngs.ics.uci.edu/tag/data-analytics
ngs.ics.uci.edu/tag/summarization
ngs.ics.uci.edu/tag/index-of-data
ngs.ics.uci.edu/tag/mega-story
ngs.ics.uci.edu/tag/data-driven-story
ngs.ics.uci.edu/tag/reporting
ngs.ics.uci.edu/tag/virtual-reality
ngs.ics.uci.edu/tag/imaginary-story
ngs.ics.uci.edu/tag/fiction
ngs.ics.uci.edu/tag/augmented-reality
ngs.ics.uci.edu/tag/stories-from-big-data
ngs.ics.uci.edu/tag/mega-stories
ngs.ics.uci.edu/tag/orality
ngs.ics.uci.edu/tag/oral-stories
ngs.ics.uci.edu/tag/navigation
ngs.ics.uci.edu/tag/multiple-media
ngs.ics.uci.edu/tag/emerging-stories
ngs.ics.uci.edu/tag/narratives
ngs.ics.uci.edu/tag/computational-storytelling
ngs.ics.uci.edu/tag/compelling-experiences
ngs.ics.uci.edu/tag/experiential-data
ngs.ics.uci.edu/tag/data-revolution
ngs.ics.uci.edu/tag/data-driven-stories
ngs.ics.uci.edu/tag/big-data
ngs.ics.uci.edu/tag/big-data/page/2
ngs.ics.uci.edu/tag/big-data/page/3
ngs.ics.uci.edu/tag/big-data/page/4
ngs.ics.uci.edu/tag/storytelling
ngs.ics.uci.edu/tag/storytelling/page/2
ngs.ics.uci.edu/tag/status-updates
ngs.ics.uci.edu/tag/microblogs
ngs.ics.uci.edu/tag/micro-stories
ngs.ics.uci.edu/tag/event-sharing
ngs.ics.uci.edu/tag/photo-gallery
ngs.ics.uci.edu/tag/browsing
ngs.ics.uci.edu/tag/visual-events
ngs.ics.uci.edu/tag/android
ngs.ics.uci.edu/tag/pattern-recognition
ngs.ics.uci.edu/tag/computer-vision
ngs.ics.uci.edu/tag/katango
ngs.ics.uci.edu/tag/google-circles
ngs.ics.uci.edu/tag/contextual-circles
ngs.ics.uci.edu/tag/kodak-moment
ngs.ics.uci.edu/tag/event-information-systems
ngs.ics.uci.edu/tag/semantic-gap
ngs.ics.uci.edu/tag/multimedia
ngs.ics.uci.edu/tag/events
ngs.ics.uci.edu/tag/wikipedia
ngs.ics.uci.edu/tag/computer-scientists
ngs.ics.uci.edu/tag/visual-communication
ngs.ics.uci.edu/tag/visr
ngs.ics.uci.edu/tag/photography
ngs.ics.uci.edu/tag/photo-sharing
ngs.ics.uci.edu/tag/photo-management
ngs.ics.uci.edu/tag/digital-cameras
ngs.ics.uci.edu/tag/personal-intelligence
ngs.ics.uci.edu/tag/photosharing
ngs.ics.uci.edu/tag/mobile-phone-photos
ngs.ics.uci.edu/tag/sharing-photos
ngs.ics.uci.edu/tag/moments
ngs.ics.uci.edu/tag/managing-photos
ngs.ics.uci.edu/tag/social-life-networks
ngs.ics.uci.edu/tag/digital-dividend
ngs.ics.uci.edu/tag/connecting-people-to-resources
ngs.ics.uci.edu/tag/visual-tweets
ngs.ics.uci.edu/tag/communication
ngs.ics.uci.edu/tag/photos
ngs.ics.uci.edu/tag/photos/page/2
ngs.ics.uci.edu/tag/mobile-photos
ngs.ics.uci.edu/tag/instagram
ngs.ics.uci.edu/tag/mchron
ngs.ics.uci.edu/tag/lifelog
ngs.ics.uci.edu/tag/computervision-multimedia
ngs.ics.uci.edu/tag/search-research-compute-vision-multimedia
ngs.ics.uci.edu/tag/computer-vision-multimedia
ngs.ics.uci.edu/tag/university-business-knowledge
ngs.ics.uci.edu/category/prospecting-information
ngs.ics.uci.edu/category/prospecting-information/page/2
ngs.ics.uci.edu/category/prospecting-information/page/3
ngs.ics.uci.edu/category/prospecting-information/page/4
ngs.ics.uci.edu/category/prospecting-information/page/5
ngs.ics.uci.edu/category/prospecting-information/page/6
ngs.ics.uci.edu/category/prospecting-information/page/7
ngs.ics.uci.edu/category/prospecting-information/page/8
ngs.ics.uci.edu/category/prospecting-information/page/9
ngs.ics.uci.edu/category/prospecting-information/page/10
ngs.ics.uci.edu/category/prospecting-information/page/11
ngs.ics.uci.edu/category/prospecting-information/page/12
ngs.ics.uci.edu/category/prospecting-information/page/13
ngs.ics.uci.edu/category/prospecting-information/page/14
ngs.ics.uci.edu/category/prospecting-information/page/15
ngs.ics.uci.edu/visual-info-retrieval
www.ics.uci.edu/~jain/papers
ngs.ics.uci.edu/future-google-and-news-interesting-viewpoint
ngs.ics.uci.edu/yrl-berkeley
ngs.ics.uci.edu/photo-search
ngs.ics.uci.edu/the-worst-part-of-a-vacation
ngs.ics.uci.edu/cruising
ngs.ics.uci.edu/cruise-first-day
ngs.ics.uci.edu/events-and-paradigms
ngs.ics.uci.edu/where-20-first-afternoon
ngs.ics.uci.edu/first-morning-of-where-20
ngs.ics.uci.edu/new-research-directions
ngs.ics.uci.edu/computer-vision
ngs.ics.uci.edu/prague-is-pretty-impressive
ngs.ics.uci.edu/bulgarian-experience
ngs.ics.uci.edu/honorary-professorship
ngs.ics.uci.edu/in-varna-bulgaria
ngs.ics.uci.edu/product-development-in-india
ngs.ics.uci.edu/seraja-presentation-at-where-20
ngs.ics.uci.edu/echronicles
ngs.ics.uci.edu/landmarks-in-life
ngs.ics.uci.edu/when-in-where
ngs.ics.uci.edu/iptv-will-bring-folktv
ngs.ics.uci.edu/welcome-to-my-blog-at-uci
ngs.ics.uci.edu/1st-anniversary
ngs.ics.uci.edu/sensor-net-for-traffic
ngs.ics.uci.edu/frustration-or-strategy
ngs.ics.uci.edu/photo-database
ngs.ics.uci.edu/the-power-of-nature
ngs.ics.uci.edu/talk-practical-apps-of-multimedia-search
www.ics.uci.edu/~jain/presentations
ngs.ics.uci.edu/white-papers
ngs.ics.uci.edu/list-of-publications
ngs.ics.uci.edu/media-vision-column-in-ieee-multimedia
ngs.ics.uci.edu/recent-papers
ngs.ics.uci.edu/publications
ngs.ics.uci.edu/entrepreneurial-activities
ngs.ics.uci.edu/professional-affiliations
ngs.ics.uci.edu/experiential-environments
ngs.ics.uci.edu/multimedia-information-systems
ngs.ics.uci.edu/research-areacomputer-vision
ngs.ics.uci.edu/research-areas
ngs.ics.uci.edu/search-steering-wheel
ngs.ics.uci.edu/thin-mobile-clients
ngs.ics.uci.edu/experiencing-sports-using-technology
ngs.ics.uci.edu/inspirational-thoughts
ngs.ics.uci.edu/metadata-for-images-video-and-other-data
ngs.ics.uci.edu/data-data-everywhere-and-more-data-coming
ngs.ics.uci.edu/google-will-touch-everything
ngs.ics.uci.edu/ipod-for-print
ngs.ics.uci.edu/eventfulcom
ngs.ics.uci.edu/presentations
ngs.ics.uci.edu/future-media-video
ngs.ics.uci.edu/observation-systems
ngs.ics.uci.edu/future-of-web-is-here-now
ngs.ics.uci.edu/search-center-at-berkeley
ngs.ics.uci.edu/a9-and-local
ngs.ics.uci.edu/observation-systems-functionality
ngs.ics.uci.edu/future-web-2
ngs.ics.uci.edu/towards-telepresence
ngs.ics.uci.edu/citizen-photojournalists
ngs.ics.uci.edu/experiencing-maps
ngs.ics.uci.edu/surveillance-systems-obsys
ngs.ics.uci.edu/the-nets-next-10-years
ngs.ics.uci.edu/memories-from-ann-arbor-mi
ngs.ics.uci.edu/finding-info-on-a-person
ngs.ics.uci.edu/more-on-camera
ngs.ics.uci.edu/funny-story-about-googles-plans
ngs.ics.uci.edu/presentation-on-observation-systems
ngs.ics.uci.edu/video-search-story-in-wired
ngs.ics.uci.edu/pictureal-producing-home-videos
ngs.ics.uci.edu/experiential-education
ngs.ics.uci.edu/google-hires
ngs.ics.uci.edu/moving-from-san-diego-to-irvine
ngs.ics.uci.edu/murdoch-in-internet-media
ngs.ics.uci.edu/confusing-cultural-diversity
ngs.ics.uci.edu/sitting-among-packed-boxes
ngs.ics.uci.edu/new-house-filled-with-boxes
ngs.ics.uci.edu/privacy-preserving-cameras
ngs.ics.uci.edu/getting-back-to-routine
ngs.ics.uci.edu/destinator
ngs.ics.uci.edu/time-machine
ngs.ics.uci.edu/yahoos-mission-future-media
ngs.ics.uci.edu/close-to-normal-at-home
ngs.ics.uci.edu/what-is-the-your-business
ngs.ics.uci.edu/immersive-search
ngs.ics.uci.edu/teaching-entrepreneurism
ngs.ics.uci.edu/death-to-folders
ngs.ics.uci.edu/is-this-true-about-we-indians
ngs.ics.uci.edu/outsourcing-to-estonia
ngs.ics.uci.edu/blinkx-has-better-interface
ngs.ics.uci.edu/photojournalism
ngs.ics.uci.edu/yahoo-acquires-upcomingorg
ngs.ics.uci.edu/verbs-and-nouns-on-the-web
ngs.ics.uci.edu/ubiquitous-city
ngs.ics.uci.edu/grand-challenge-for-ai
ngs.ics.uci.edu/all-the-worlds-information
ngs.ics.uci.edu/not-alone
ngs.ics.uci.edu/drama-architecture-and-computers
ngs.ics.uci.edu/industry-support-for-academia
ngs.ics.uci.edu/taxonomy-and-folksonomy
ngs.ics.uci.edu/workshops-at-acm-multimedia
ngs.ics.uci.edu/video-sharing
ngs.ics.uci.edu/third-day-at-acm-multimedia
ngs.ics.uci.edu/second-day-at-acm-multimedia
ngs.ics.uci.edu/first-day-at-acm-multimedia
ngs.ics.uci.edu/going-to-acm-multimedia-2005
ngs.ics.uci.edu/esther-dyson-and-when20
ngs.ics.uci.edu/events-on-yahoo
ngs.ics.uci.edu/events-are-not-just-scribbles-in-calendars
ngs.ics.uci.edu/when20
ngs.ics.uci.edu/microsoft-strengthens-search-research
ngs.ics.uci.edu/real-reality
ngs.ics.uci.edu/video-or-photo
ngs.ics.uci.edu/terrible-state-of-search-engines
ngs.ics.uci.edu/death-of-databases
ngs.ics.uci.edu/living-in-virtual-world
ngs.ics.uci.edu/indieflix-2
ngs.ics.uci.edu/folk-events-and-mobiletv
ngs.ics.uci.edu/google-of-tv
ngs.ics.uci.edu/perspectives-on-the-nextgenweb
ngs.ics.uci.edu/next-generation-movies
ngs.ics.uci.edu/web20-buzzwords
ngs.ics.uci.edu/interviews
ngs.ics.uci.edu/about-ramesh
ngs.ics.uci.edu/information-assimilation-using-wikis-and-maps
ngs.ics.uci.edu/tags-give-human-meaning
ngs.ics.uci.edu/us-innovation-slowing-down
ngs.ics.uci.edu/enterprise-search-is-not-for-google
ngs.ics.uci.edu/calendar-of-events-is-limited
ngs.ics.uci.edu/a-site-combining-taxonomy-and-folksonomy
ngs.ics.uci.edu/total-recall-an-echronicle
ngs.ics.uci.edu/video-games-in-academia
ngs.ics.uci.edu/visual-search-on-mobile-phones
ngs.ics.uci.edu/indian-sentiments-in-cricket
ngs.ics.uci.edu/now-laptops-getting-phone
ngs.ics.uci.edu/folk-computing-or-100-computer
ngs.ics.uci.edu/cyber-hugs
ngs.ics.uci.edu/search-andor-media
ngs.ics.uci.edu/calendars-are-just-a-structuring-mechanism
ngs.ics.uci.edu/privacy-and-security
ngs.ics.uci.edu/video-on-skype
ngs.ics.uci.edu/promoting-events-promotro
ngs.ics.uci.edu/controls-at-wikipedia
ngs.ics.uci.edu/the-next-google
ngs.ics.uci.edu/when-20
ngs.ics.uci.edu/time-is-of-the-essence
ngs.ics.uci.edu/yearly-tests
ngs.ics.uci.edu/maps-become-more-visual
ngs.ics.uci.edu/future-of-visual-maps
ngs.ics.uci.edu/young-innovators-in-ics-180280
ngs.ics.uci.edu/social-search
ngs.ics.uci.edu/academia-and-visual-maps
ngs.ics.uci.edu/microsoft-vs-netscape-and-microsoft-vs-google
ngs.ics.uci.edu/live-video-on-cnn-glimpse-into-the-future
ngs.ics.uci.edu/government-in-india
ngs.ics.uci.edu/presentation-of-flickr-story-on-newscom
ngs.ics.uci.edu/sourav-ganguli-issue
ngs.ics.uci.edu/from-gopher-to-google-for-eventweb
ngs.ics.uci.edu/more-video-coming
ngs.ics.uci.edu/411
ngs.ics.uci.edu/bangalore-and-hyderabad
ngs.ics.uci.edu/a-memorable-evening-in-bangalore
ngs.ics.uci.edu/blog/
ngs.ics.uci.edu/seraja-9-goes-live
ngs.ics.uci.edu/too-much-travel
ngs.ics.uci.edu/freezen-in-time-or
ngs.ics.uci.edu/seraja-product-development
ngs.ics.uci.edu/wifi-at-mumbai-airport
ngs.ics.uci.edu/german-memories
ngs.ics.uci.edu/video-search-presenting-results
ngs.ics.uci.edu/improving-speech-recognition-for-video-indexing
ngs.ics.uci.edu/watershed-event-for-web
ngs.ics.uci.edu/iptv-and-eventweb-2
ngs.ics.uci.edu/iptv
ngs.ics.uci.edu/world-wide-event-web
ngs.ics.uci.edu/new-media-business
ngs.ics.uci.edu/novatiums-sub-100-netpc
ngs.ics.uci.edu/483
ngs.ics.uci.edu/iptv-and-eventweb
ngs.ics.uci.edu/cisco-and-video-surveillance
ngs.ics.uci.edu/computing3o
ngs.ics.uci.edu/binford-in-bangalore
ngs.ics.uci.edu/blog/
ngs.ics.uci.edu/systems-in-india
ngs.ics.uci.edu/nagpur
ngs.ics.uci.edu/product-company-in-nagpur
ngs.ics.uci.edu/reflections
ngs.ics.uci.edu/bill-gates-on-speech-recognition
ngs.ics.uci.edu/folk-computing-sub-100-computer
ngs.ics.uci.edu/india-a-mystery-land
ngs.ics.uci.edu/face-processing-technology
ngs.ics.uci.edu/gutenbergs-revenge
ngs.ics.uci.edu/godcasting
ngs.ics.uci.edu/recognition-at-microsoft
ngs.ics.uci.edu/5-million-channel-tv-is-here
ngs.ics.uci.edu/eventweb-is-here-now
ngs.ics.uci.edu/singapore-and-multimedia
ngs.ics.uci.edu/google-and-video
ngs.ics.uci.edu/back-home
ngs.ics.uci.edu/searching-maps
ngs.ics.uci.edu/gym-and-cabletvtelco
ngs.ics.uci.edu/image-search-retrievr
ngs.ics.uci.edu/eventweb-is-getting-ready
ngs.ics.uci.edu/globe-divide
ngs.ics.uci.edu/internet-growth-in-china
ngs.ics.uci.edu/where-is-this
ngs.ics.uci.edu/437
ngs.ics.uci.edu/india-today
ngs.ics.uci.edu/picture-search-at-ask
ngs.ics.uci.edu/mcluhan-is-out
ngs.ics.uci.edu/academic-reviewing
ngs.ics.uci.edu/new-search-companies
ngs.ics.uci.edu/the-ubiquitous-web
ngs.ics.uci.edu/india-is-getting-expensive
ngs.ics.uci.edu/academic-reviewing-simone-santini
ngs.ics.uci.edu/cancer-survivor
ngs.ics.uci.edu/research-in-search-really
ngs.ics.uci.edu/professor-wins-academy-award
ngs.ics.uci.edu/cameras
ngs.ics.uci.edu/movies-by-and-for-phones
ngs.ics.uci.edu/a-great-but-failed-vision-medialab-asia
ngs.ics.uci.edu/family
ngs.ics.uci.edu/progress-in-speech-recognition
ngs.ics.uci.edu/video-analysis-and-content-extraction-vace
ngs.ics.uci.edu/static-and-dynamic-cyberspaces
ngs.ics.uci.edu/riya-computer-vision-in-search
ngs.ics.uci.edu/need-for-theory-and-models-of-events
ngs.ics.uci.edu/458
ngs.ics.uci.edu/fair-weather-patriotism
ngs.ics.uci.edu/460
ngs.ics.uci.edu/test-driving-seraja-the-eventweb
ngs.ics.uci.edu/kosmix-one-more-from-stanford
ngs.ics.uci.edu/timeline-segmentation-holistic-perspective
ngs.ics.uci.edu/invented-in-india
ngs.ics.uci.edu/a-new-folk-art-self-photographs
ngs.ics.uci.edu/memories-uday-sengupta
ngs.ics.uci.edu/till-divorce-do-us-apart
ngs.ics.uci.edu/online-video
ngs.ics.uci.edu/war-agains-cancer
ngs.ics.uci.edu/proposals-and-proposals
ngs.ics.uci.edu/data-mining
ngs.ics.uci.edu/great-opportunity-for-video-researchers
ngs.ics.uci.edu/future-surveillance
ngs.ics.uci.edu/newscorp-going-mobile
ngs.ics.uci.edu/new-askcom
ngs.ics.uci.edu/creators-synthesizers-and-consumers
ngs.ics.uci.edu/review-of-video-search-on-the-web
ngs.ics.uci.edu/microsoft-search-lab
ngs.ics.uci.edu/blinkx-introduces-implicit-search
ngs.ics.uci.edu/data-in-motion
ngs.ics.uci.edu/popular-videos
ngs.ics.uci.edu/escience
ngs.ics.uci.edu/social-search-2
ngs.ics.uci.edu/world-wide-tv-network
ngs.ics.uci.edu/video-revolution-continues
ngs.ics.uci.edu/google-search
ngs.ics.uci.edu/user-video-on-microsoft
ngs.ics.uci.edu/the-web-you-trust
ngs.ics.uci.edu/best-jobs-well-i-am-in-one
ngs.ics.uci.edu/seraja-progress
ngs.ics.uci.edu/google-calendar
ngs.ics.uci.edu/ever-widening-web
ngs.ics.uci.edu/eventweb-is-born
ngs.ics.uci.edu/fingerprints-of-a-camera
ngs.ics.uci.edu/responsive-to-customser
ngs.ics.uci.edu/worship-tech
ngs.ics.uci.edu/multimedia-search-in-france
ngs.ics.uci.edu/better-search-through-people
ngs.ics.uci.edu/3-d-mash-ups
ngs.ics.uci.edu/changing-academic-climate
ngs.ics.uci.edu/innertube-a-new-cbs-online-channel
ngs.ics.uci.edu/latent-web
ngs.ics.uci.edu/future-of-news
ngs.ics.uci.edu/real-time-maps
ngs.ics.uci.edu/senseweb
ngs.ics.uci.edu/human-and-search
ngs.ics.uci.edu/convergence-in-search-and-databases
ngs.ics.uci.edu/micrsoft-in-enterprise-search
ngs.ics.uci.edu/clickable-video-ads
ngs.ics.uci.edu/second-anniversary-of-freedom-from-cancer
ngs.ics.uci.edu/hectic-days
ngs.ics.uci.edu/100-laptop-from-olpc
ngs.ics.uci.edu/visiting-ann-arbor
ngs.ics.uci.edu/visual-search-challenge-and-status
ngs.ics.uci.edu/techies-are-coming-back
ngs.ics.uci.edu/slow
ngs.ics.uci.edu/video-as-primary-media
ngs.ics.uci.edu/personal-media-management-pmm
ngs.ics.uci.edu/new-channels
ngs.ics.uci.edu/vloggercon
ngs.ics.uci.edu/digital-photo-album
ngs.ics.uci.edu/blog/
ngs.ics.uci.edu/uci-cap-council-on-academic-personnel
ngs.ics.uci.edu/consistency-vs-wow
ngs.ics.uci.edu/raghu-ramakrishnan-at-yahoo
ngs.ics.uci.edu/increasing-video-apps
ngs.ics.uci.edu/long-tail-is-not-so-big
ngs.ics.uci.edu/words-events
ngs.ics.uci.edu/gesture-based-image-navigation
ngs.ics.uci.edu/high-resolution-photos-of-cities
ngs.ics.uci.edu/events-around-us
ngs.ics.uci.edu/words-a-farewell
ngs.ics.uci.edu/wsj-on-citizen-journalism
ngs.ics.uci.edu/seraja-updates-060712
ngs.ics.uci.edu/bangalore-hotels
ngs.ics.uci.edu/travel-experiences
ngs.ics.uci.edu/visiting-nagpur
ngs.ics.uci.edu/blog/
ngs.ics.uci.edu/blog/
ngs.ics.uci.edu/nagpur-061227
ngs.ics.uci.edu/nostalgia
ngs.ics.uci.edu/photography-in-india
ngs.ics.uci.edu/year-of-events
ngs.ics.uci.edu/camera-with-face-detection-technology
ngs.ics.uci.edu/busy-but-exciting-time-in-singapore
ngs.ics.uci.edu/organic-books
ngs.ics.uci.edu/back-home-070108
ngs.ics.uci.edu/events-in-singapore
ngs.ics.uci.edu/iphone-is-a-step-towards-folk-computing
ngs.ics.uci.edu/anytown-online
ngs.ics.uci.edu/mental-toughness
ngs.ics.uci.edu/indians-can-not-work-together
ngs.ics.uci.edu/blog/
ngs.ics.uci.edu/future-set-top-boxes
ngs.ics.uci.edu/live-sex-on-demand-in-hotels
ngs.ics.uci.edu/one-day-in-london
ngs.ics.uci.edu/we-generation
ngs.ics.uci.edu/nri-and-clinton-campaign
ngs.ics.uci.edu/search-by-humming
ngs.ics.uci.edu/computer-vision-research
ngs.ics.uci.edu/evolving-nature-of-books-1
ngs.ics.uci.edu/evolving-nature-of-books-2
ngs.ics.uci.edu/collaborative-novel-writing
ngs.ics.uci.edu/jim-gray
ngs.ics.uci.edu/indias-education-system
ngs.ics.uci.edu/video-will-bring-facebook-and-comcast-closer
ngs.ics.uci.edu/at-kumarakom-resort
ngs.ics.uci.edu/seraja-update-061220
ngs.ics.uci.edu/long-tail-always-deams-of-becoming-the-head
ngs.ics.uci.edu/person-of-the-year-you
ngs.ics.uci.edu/updates-from-seraja-2
ngs.ics.uci.edu/visual-search-2
ngs.ics.uci.edu/user-generated-content-self-expression
ngs.ics.uci.edu/joint-response-to-youtube
ngs.ics.uci.edu/eventweb-16-web-20-does-not-necessarily-create-a-web
ngs.ics.uci.edu/mashups-with-maps
ngs.ics.uci.edu/citizen-journalism-going-experiential
ngs.ics.uci.edu/computers-in-libraries-in-developing-countries
ngs.ics.uci.edu/negropontes-100-computer-for-developing-world
ngs.ics.uci.edu/seraja-updates-2
ngs.ics.uci.edu/eventweb-15-participatory-urban-sensing
ngs.ics.uci.edu/end-of-dvd
ngs.ics.uci.edu/most-indian-grads-unemployable
ngs.ics.uci.edu/barry-diller-wants-to-revolutionize-news
ngs.ics.uci.edu/interesting-approach-to-make-your-team-victorious
ngs.ics.uci.edu/uploading-photos
ngs.ics.uci.edu/linking-physical-with-cyber
ngs.ics.uci.edu/progress-in-science-india-and-china
ngs.ics.uci.edu/eventweb-14-lifecycle-pre-event-activities
ngs.ics.uci.edu/multimedia-story-telling
ngs.ics.uci.edu/seraja-update-061115
ngs.ics.uci.edu/in-switzerland
ngs.ics.uci.edu/internet-video-on-tv
ngs.ics.uci.edu/web-20-hype
ngs.ics.uci.edu/nyt-likes-like
ngs.ics.uci.edu/web-30
ngs.ics.uci.edu/eventweb-13-crowdsourcing
ngs.ics.uci.edu/start-ups-on-shoestring
ngs.ics.uci.edu/being-too-early-is-worse-than-being-late
ngs.ics.uci.edu/blog/
ngs.ics.uci.edu/eventweb-11-a-scenario-conferences
ngs.ics.uci.edu/seraja-updates-061105
ngs.ics.uci.edu/china-trip-nov-20064
ngs.ics.uci.edu/china-trip-nov-20063
ngs.ics.uci.edu/china-trip-nov-2006-2
ngs.ics.uci.edu/pacific-rim-multimedia-conference-day-2
ngs.ics.uci.edu/pacific-rim-multimedia-conference-day-1
ngs.ics.uci.edu/china-trip-nov-2006-1
ngs.ics.uci.edu/china-trip-research-in-china
ngs.ics.uci.edu/human-centered-multimedia
ngs.ics.uci.edu/acm-multimedia-2006-day-3
ngs.ics.uci.edu/acm-multimedia-2006-day-2
ngs.ics.uci.edu/acm-multimedia-2006
ngs.ics.uci.edu/telepresence
ngs.ics.uci.edu/eventweb-11-causal-chains
ngs.ics.uci.edu/indian-internet-future-in-mobiles
ngs.ics.uci.edu/education-in-india
ngs.ics.uci.edu/human-centered-computing-3
ngs.ics.uci.edu/osito-the-cutest-thing
ngs.ics.uci.edu/friendster-and-youtube-or-myspace
ngs.ics.uci.edu/married-couples-outnumbered-in-usa
ngs.ics.uci.edu/human-centered-computing-2
ngs.ics.uci.edu/human-centered-computing-1
ngs.ics.uci.edu/visual-search
ngs.ics.uci.edu/an-entrepreneurial-researcher
ngs.ics.uci.edu/a-really-important-video-news-ieeetv
ngs.ics.uci.edu/hindi-movies
ngs.ics.uci.edu/ten-myths-for-entrepreneurs
ngs.ics.uci.edu/using-youself-in-emoticons
ngs.ics.uci.edu/eventweb9-causality-deterministic
ngs.ics.uci.edu/a9-scaling-back-key-features
ngs.ics.uci.edu/worst-service-experience
ngs.ics.uci.edu/more-is-not-better
ngs.ics.uci.edu/towards-immersive-telepresence
ngs.ics.uci.edu/progress-in-digital-cameras
ngs.ics.uci.edu/entrepreneurism-class
ngs.ics.uci.edu/blog/
ngs.ics.uci.edu/eventweb6-explicit-referential-links
ngs.ics.uci.edu/events-flickr-and-upcoming
ngs.ics.uci.edu/photo-software-revised-reality
ngs.ics.uci.edu/eventweb5-creating-a-web
ngs.ics.uci.edu/eventweb4-experiential-data
ngs.ics.uci.edu/important-factors-for-india
ngs.ics.uci.edu/yahoo-stocking-up-on-academics
ngs.ics.uci.edu/novel-uses-of-cameraphones-diet
ngs.ics.uci.edu/eventweb3-defining-event
ngs.ics.uci.edu/from-documents-to-experiences
ngs.ics.uci.edu/media-gap
ngs.ics.uci.edu/google-in-computer-vision
ngs.ics.uci.edu/an-interesting-problem
ngs.ics.uci.edu/seraja
ngs.ics.uci.edu/eventweb-what-is-an-event
ngs.ics.uci.edu/fun-can-be-stressful
ngs.ics.uci.edu/tagging-videos
ngs.ics.uci.edu/eventweb-towards-events
ngs.ics.uci.edu/live-art
ngs.ics.uci.edu/words-visual-words
ngs.ics.uci.edu/photo-albums-into-navigable-3-d-worlds
ngs.ics.uci.edu/camera-with-3d-effects
ngs.ics.uci.edu/blog/
ngs.ics.uci.edu/blog/www.bitemyphoto.com
ngs.ics.uci.edu/in-nagpur-061226
ngs.ics.uci.edu/words-space-and-time
ngs.ics.uci.edu/modern-travel-requirements
ngs.ics.uci.edu/immersive-world-cup-football
ngs.ics.uci.edu/search-infrastructure
ngs.ics.uci.edu/july-4th
ngs.ics.uci.edu/words-apicture-is-worth-a-thousand-words
ngs.ics.uci.edu/words-atoms-of-semantics
ngs.ics.uci.edu/seraja-updates
ngs.ics.uci.edu/web-video-and-cable
ngs.ics.uci.edu/phone-as-a-guide-in-real-world
ngs.ics.uci.edu/vace2-close-out-workshop
ngs.ics.uci.edu/giving-back-to-society-gates-and-buffett
ngs.ics.uci.edu/greece-vacation
ngs.ics.uci.edu/digital-photo-albums
ngs.ics.uci.edu/blog/
ngs.ics.uci.edu/representing-events
ngs.ics.uci.edu/capturing-experiences
ngs.ics.uci.edu/in-greece
ngs.ics.uci.edu/words-the-world-of-words
ngs.ics.uci.edu/words-the-bow
ngs.ics.uci.edu/text-mining-nyt
ngs.ics.uci.edu/vision-andor-hype-in-search
ngs.ics.uci.edu/google-and-images
ngs.ics.uci.edu/on-tags
ngs.ics.uci.edu/macrosopes
ngs.ics.uci.edu/growing-old
ngs.ics.uci.edu/in-bali
ngs.ics.uci.edu/eventweb7-spatio-temporal-links
ngs.ics.uci.edu/search-on-phones
ngs.ics.uci.edu/bangalore-airport
ngs.ics.uci.edu/seraja-updates-september-18-2006
ngs.ics.uci.edu/internet-features-on-tv-in-india
ngs.ics.uci.edu/new-media-in-singapore
ngs.ics.uci.edu/eventweb8-ie-eventoscope
ngs.ics.uci.edu/pet-resorts
ngs.ics.uci.edu/back-home-2
ngs.ics.uci.edu/pattern-recognition
ngs.ics.uci.edu/steering-wheel-and-search-as-a-conversation
ngs.ics.uci.edu/now-video-in-radio
ngs.ics.uci.edu/revenue-sharing-comes-to-video
ngs.ics.uci.edu/progress-in-immersive-sports
ngs.ics.uci.edu/new-media-and-face-to-face-interactions
ngs.ics.uci.edu/piracy-protection-using-content-video-recognition
ngs.ics.uci.edu/the-next-youtube
ngs.ics.uci.edu/unemployable-mba-graduates
ngs.ics.uci.edu/head-and-long-tail
ngs.ics.uci.edu/eventweb-17-bliki
ngs.ics.uci.edu/eventweb-18-bliki-continued
ngs.ics.uci.edu/special-effects-in-indian-tv
ngs.ics.uci.edu/future-search
ngs.ics.uci.edu/wikia
ngs.ics.uci.edu/changing-marriages-bedrooms
ngs.ics.uci.edu/history-preservation-in-digital-age
ngs.ics.uci.edu/iit-students
ngs.ics.uci.edu/internet-advertising
ngs.ics.uci.edu/obvious-vs-complex
ngs.ics.uci.edu/pervasive-computing
ngs.ics.uci.edu/entrepreneurship-and-processes
ngs.ics.uci.edu/india-in-cricket-world-cup
ngs.ics.uci.edu/vidhu-vinod-chopra-and-bollywood
ngs.ics.uci.edu/long-tail-using-recognition-by-crowds
ngs.ics.uci.edu/towards-natural-interfaces
ngs.ics.uci.edu/phone-as-modern-swiss-army-knife
ngs.ics.uci.edu/on-hiring-an-australian-to-become-an-indian
ngs.ics.uci.edu/is-this-bitterness-or-real-belief
ngs.ics.uci.edu/ignorance-of-crowds
ngs.ics.uci.edu/3-d-fax
ngs.ics.uci.edu/east-west-and-object-event
ngs.ics.uci.edu/cyber-spirituality
ngs.ics.uci.edu/virginia-tech-massacre
ngs.ics.uci.edu/blog/rlwaller13@hotmail.com
ngs.ics.uci.edu/on-efficacy-and-distraction-of-tags
ngs.ics.uci.edu/start-up-in-social-networking-interesting-insights
ngs.ics.uci.edu/hawaii-vacation-photos
ngs.ics.uci.edu/eventweb-and-saving-lives
ngs.ics.uci.edu/india-has-more-than-200-million-telephone-subscribers
ngs.ics.uci.edu/culture-or-politics-or-stupidity
ngs.ics.uci.edu/aggressiveness-in-start-ups
ngs.ics.uci.edu/building-more-iits
ngs.ics.uci.edu/goodbye-mouse
ngs.ics.uci.edu/most-popular-but-little-known-photosite
ngs.ics.uci.edu/social-networking-is-ephemeral
ngs.ics.uci.edu/vacation-in-germany
ngs.ics.uci.edu/internet-cameras-and-politics
ngs.ics.uci.edu/nagpur-a-model-for-indian-cities
ngs.ics.uci.edu/electricity-in-india
ngs.ics.uci.edu/interesting-trip-child-birth-on-a-flight
ngs.ics.uci.edu/events-unaware-of-events
ngs.ics.uci.edu/protecting-ancient-indian-knowledge
ngs.ics.uci.edu/a-german-wedding
ngs.ics.uci.edu/social-networking-platform
ngs.ics.uci.edu/nagpur-the-big-orange
ngs.ics.uci.edu/photo-uploads-on-facebook
ngs.ics.uci.edu/colorful-reading
ngs.ics.uci.edu/maps-getting-richer
ngs.ics.uci.edu/richer-maps
ngs.ics.uci.edu/revolutionary-changes-thru-inputs
ngs.ics.uci.edu/travel-to-singapore
ngs.ics.uci.edu/conference-non-proceedings
ngs.ics.uci.edu/humans-in-search-engine
ngs.ics.uci.edu/towards-unified-search-ask
ngs.ics.uci.edu/facebook-in-india
ngs.ics.uci.edu/social-networks-on-mobile-by-coke
ngs.ics.uci.edu/muvee-california-culture-in-singapore
ngs.ics.uci.edu/camera-with-wifi
ngs.ics.uci.edu/multimedia-evidences-for-events
ngs.ics.uci.edu/where-to-store-your-photos
ngs.ics.uci.edu/digital-camera-sensitivity
ngs.ics.uci.edu/creating-a-photo-eco-system-the-problem
ngs.ics.uci.edu/photo-eco-system-digital-cameras
ngs.ics.uci.edu/offline-social-networks
ngs.ics.uci.edu/searching-sportscasts
ngs.ics.uci.edu/user-generated-stock-photos
ngs.ics.uci.edu/photo-eco-system-analyzing-digital-photos
ngs.ics.uci.edu/photo-eco-system-i-need-to-solve-my-problem
ngs.ics.uci.edu/rising-wages-in-india-starting-to-hurt
ngs.ics.uci.edu/sobering-data
ngs.ics.uci.edu/brave-new-world-at-so-called-high-quality-conferences
ngs.ics.uci.edu/iphone-a-good-step-towards-folk-computing
ngs.ics.uci.edu/large-scale-cut-and-paste-to-enhance-photos
ngs.ics.uci.edu/from-killer-apps-to-platform
ngs.ics.uci.edu/research-in-computer-vision-and-many-other-fields
ngs.ics.uci.edu/wow-factor-in-photo-technologies-at-microsoft
ngs.ics.uci.edu/cnn-youtube-debates
ngs.ics.uci.edu/living-in-singapore
ngs.ics.uci.edu/interest-in-nagpur
ngs.ics.uci.edu/fast-image-similarity-search
ngs.ics.uci.edu/a-picture-is-worth-a-thousand-lies
ngs.ics.uci.edu/e2e-environment-to-environment-communications
ngs.ics.uci.edu/indian-technology-in-the-flat-world
ngs.ics.uci.edu/india-as-outsourcer
ngs.ics.uci.edu/religion-and-progress
ngs.ics.uci.edu/60-years-of-indian-independence
ngs.ics.uci.edu/videoconferencing-in-future-for-seniors
ngs.ics.uci.edu/india-has-the-brains-but
ngs.ics.uci.edu/ancient-rome-born-in-3d
ngs.ics.uci.edu/ho-chi-minh-city
ngs.ics.uci.edu/history-and-events
ngs.ics.uci.edu/hiperwall-at-uc-irvine-calit2
ngs.ics.uci.edu/busy-working-on-eventweb-project
ngs.ics.uci.edu/eventweb-article-based-on-keynote-talk
ngs.ics.uci.edu/perth-is-a-nice-place
ngs.ics.uci.edu/environment-to-environment-e2e-communication
ngs.ics.uci.edu/geotagging
ngs.ics.uci.edu/academic-research
ngs.ics.uci.edu/long-and-short-trip-ending
ngs.ics.uci.edu/face-recognition-engine
ngs.ics.uci.edu/image-search-in-multiple-languages
ngs.ics.uci.edu/back-home-3
ngs.ics.uci.edu/amusing-event-in-religion-politics-in-india
ngs.ics.uci.edu/computer-vision-applications-in-cameras
ngs.ics.uci.edu/semantics-in-multimedia
ngs.ics.uci.edu/losing-friends
ngs.ics.uci.edu/attending-acm-multimedia-2007
ngs.ics.uci.edu/oktoberfest
ngs.ics.uci.edu/smartweb-presentation-at-acmmm07
ngs.ics.uci.edu/acm-multimedia-2007-day-2
ngs.ics.uci.edu/acm-multimedia-2007-day-3
ngs.ics.uci.edu/back-and-in-the-middle-of-action
ngs.ics.uci.edu/can-entrepreneurship-be-taught
ngs.ics.uci.edu/smile-you-are-on-camera
ngs.ics.uci.edu/computer-vision-for-developing-countries
ngs.ics.uci.edu/computer-for-developing-world-from-olpc
ngs.ics.uci.edu/cpmputers-for-emerging-markets-and-emerging-segments
ngs.ics.uci.edu/women-accepting-wife-beating
ngs.ics.uci.edu/mashup-of-youtube-and-googlemaps
ngs.ics.uci.edu/to-brazil-thinking-computer-vision-in-developing-countries
ngs.ics.uci.edu/visiting-rio-first-trip-to-south-america
ngs.ics.uci.edu/computer-vision-in-developing-countries
ngs.ics.uci.edu/rio-de-janeiro-brazil-experience
ngs.ics.uci.edu/gates-long-list-natural-interfaces
ngs.ics.uci.edu/electronic-cultural-atlas-initiative-workshop
ngs.ics.uci.edu/indian-technology-in-the-flat-world-2
ngs.ics.uci.edu/fires-in-southern-california
ngs.ics.uci.edu/back-after-fires
ngs.ics.uci.edu/seraja-towards-a-new-incarnation
ngs.ics.uci.edu/853
ngs.ics.uci.edu/interesting-uses-of-mass-photography
ngs.ics.uci.edu/if-it-merged-with-e-t
ngs.ics.uci.edu/you-know-it-but-it-still-hurts
ngs.ics.uci.edu/bai-is-no-more-with-us
ngs.ics.uci.edu/google-phone-a-step-towards-folk-computing
ngs.ics.uci.edu/named-event-extraction
ngs.ics.uci.edu/social-networks-for-art-enthusiasts
ngs.ics.uci.edu/face-recognition-in-vending-machines
ngs.ics.uci.edu/cameras-will-recognize-you
ngs.ics.uci.edu/medical-tourism-and-medical-care-in-india
ngs.ics.uci.edu/e2e-environemnt-to-environment-connection
ngs.ics.uci.edu/in-21st-century
ngs.ics.uci.edu/places-coming-to-flickr
ngs.ics.uci.edu/we-have-a-long-way-to-go
ngs.ics.uci.edu/3d-movies
ngs.ics.uci.edu/relationships
ngs.ics.uci.edu/social-networks-for-less-privileged
ngs.ics.uci.edu/busy-time
ngs.ics.uci.edu/now-to-osteoarthritis-of-knees
ngs.ics.uci.edu/deep-history
ngs.ics.uci.edu/knee
ngs.ics.uci.edu/folk-computing-a-scenario-from-2013
ngs.ics.uci.edu/nagpur-person-to-head-citi-bank
ngs.ics.uci.edu/sad-education-situation-in-india
ngs.ics.uci.edu/indian-ceos-pride-of-nagpur
ngs.ics.uci.edu/in-singapore
ngs.ics.uci.edu/pandit-does-bring-recognition-to-nagpur
ngs.ics.uci.edu/cyber-and-real-cybereal
ngs.ics.uci.edu/cav-indexing
ngs.ics.uci.edu/back-in-india
ngs.ics.uci.edu/nagpur-trip-2007
ngs.ics.uci.edu/indian-weddings
ngs.ics.uci.edu/indian-wedding-2
ngs.ics.uci.edu/nagpur-trip-20072
ngs.ics.uci.edu/visiting-new-delhi
ngs.ics.uci.edu/seraja-software
ngs.ics.uci.edu/back-home-4
ngs.ics.uci.edu/open-cable-platform
ngs.ics.uci.edu/tata-and-rs-1-lakh-car
ngs.ics.uci.edu/geotagging-2
ngs.ics.uci.edu/computer-vision-in-computing
ngs.ics.uci.edu/educating-india
ngs.ics.uci.edu/creativeit
ngs.ics.uci.edu/creativity-and-creativeit
ngs.ics.uci.edu/divorces-in-india
ngs.ics.uci.edu/the-new-bill-gates
ngs.ics.uci.edu/padma-vibhushan
ngs.ics.uci.edu/test-images-in-computer-vision-research
ngs.ics.uci.edu/face-recognition-one-more-claim
ngs.ics.uci.edu/multimedia-content-access
ngs.ics.uci.edu/tom-brady-a-fighter
ngs.ics.uci.edu/events-becoming-popular
ngs.ics.uci.edu/eventweb-article
ngs.ics.uci.edu/us-universities-setting-outposts
ngs.ics.uci.edu/computational-journalism
ngs.ics.uci.edu/human-sensors
ngs.ics.uci.edu/mahaexodus-navanirman-or-satyanash
ngs.ics.uci.edu/applications-of-face-recognition
ngs.ics.uci.edu/obsession-with-non-issues
ngs.ics.uci.edu/another-non-issue-gaining-importance
ngs.ics.uci.edu/computational-journalism-day-1
ngs.ics.uci.edu/nostalgia-in-atlanta-at-tsrb
ngs.ics.uci.edu/computational-journalism-day-2
ngs.ics.uci.edu/searching-real-world-using-images-from-mobile
ngs.ics.uci.edu/blog/
www.ics.uci.edu/~jain/presentations/Creativeit08
ngs.ics.uci.edu/Vista-Starter-ready-for-developing-nations/2100-1016_3-6153667.html
ngs.ics.uci.edu/XP-Starter-under-the-gun/2100-1016_3-5768963.html
ngs.ics.uci.edu/Cell+phone+becomes+new+town+crier/2100-1039_3-6177795.html
ngs.ics.uci.edu/contenxt-search
ngs.ics.uci.edu/other-india
ngs.ics.uci.edu/seraja-reincarnation-at-uci
ngs.ics.uci.edu/intelligence-analysts
ngs.ics.uci.edu/east-and-west
ngs.ics.uci.edu/cav-indexing-towards-contenxt
ngs.ics.uci.edu/basic-research-in-singapore
ngs.ics.uci.edu/suffering-fools
ngs.ics.uci.edu/research-in-singapore
ngs.ics.uci.edu/quality-of-experience
ngs.ics.uci.edu/after-mandarin-it-is-hindi
ngs.ics.uci.edu/knowledge-science
ngs.ics.uci.edu/knowledge-science-2
ngs.ics.uci.edu/3-d-viewfinder-for-photos
ngs.ics.uci.edu/knowledge-science-3
ngs.ics.uci.edu/in-florence
ngs.ics.uci.edu/chi-conference
ngs.ics.uci.edu/knowledge-science-4
ngs.ics.uci.edu/knowledge-science-5-orality-and-literacy
ngs.ics.uci.edu/subtitles-to-teach-reading
ngs.ics.uci.edu/beijing
ngs.ics.uci.edu/web-science
ngs.ics.uci.edu/web-science-2
ngs.ics.uci.edu/iit-brands
ngs.ics.uci.edu/everything-ok
ngs.ics.uci.edu/knee-surgery
ngs.ics.uci.edu/web-science-3
ngs.ics.uci.edu/on-selecting-a-research-problem
ngs.ics.uci.edu/telepresence-and-e2e
ngs.ics.uci.edu/eventweb-symposium
ngs.ics.uci.edu/knee-surgery-2
ngs.ics.uci.edu/20-of-drugs-sold-in-india-fake
ngs.ics.uci.edu/pain-management-after-knee-surgery
ngs.ics.uci.edu/going-home
ngs.ics.uci.edu/what-did-we-do-before-computers
ngs.ics.uci.edu/what-did-we-do-before-computers-2
ngs.ics.uci.edu/first-meeting-using-e2e
ngs.ics.uci.edu/allergic-reaction
ngs.ics.uci.edu/empty-emotionalism
ngs.ics.uci.edu/language-for-experiences
ngs.ics.uci.edu/media-and-experiences
ngs.ics.uci.edu/arun-hampapur-distinguished-engineer-at-ibm
ngs.ics.uci.edu/ipl-tournament-in-india
ngs.ics.uci.edu/maybe-this-time-speech-interfaces-are-really-oming
ngs.ics.uci.edu/rehabilitation-from-knee-surgery
ngs.ics.uci.edu/experiential-computing
ngs.ics.uci.edu/acm-multimedia-information-retrieval
ngs.ics.uci.edu/information-sites-in-multimedia
ngs.ics.uci.edu/one-month-later
ngs.ics.uci.edu/photo-stream-segmentation-photo-organization
ngs.ics.uci.edu/hammer-syndrome-in-sciences
ngs.ics.uci.edu/can-we-go-beyond-gutenberg
ngs.ics.uci.edu/iphone-or-mcomputer
ngs.ics.uci.edu/spreading-joy
ngs.ics.uci.edu/scientific-reviews-pagerank
ngs.ics.uci.edu/zeetv
ngs.ics.uci.edu/hectic-time-in-singapore
ngs.ics.uci.edu/computing-in-100-bc
ngs.ics.uci.edu/cuil-a-new-search-engine
ngs.ics.uci.edu/hypelinking-videos-google-getting-into-it
ngs.ics.uci.edu/mir-1-data-sets
ngs.ics.uci.edu/tineye-an-image-search-engine
ngs.ics.uci.edu/co-space
ngs.ics.uci.edu/12-computer-down-from-100
ngs.ics.uci.edu/real-and-virtual-cybereal
ngs.ics.uci.edu/metamorphosis-of-india
ngs.ics.uci.edu/abstractions-operations-and-transformations-in-computing
ngs.ics.uci.edu/abstractions-and-experiential-computing
ngs.ics.uci.edu/indian-medals-at-olympic-an-interesting-perspective
ngs.ics.uci.edu/carrot-works-in-research
ngs.ics.uci.edu/economic-gains-are-limited-in-india
ngs.ics.uci.edu/wealth-as-cure-for-indias-caste-bias
ngs.ics.uci.edu/sharing-your-visualizaion
ngs.ics.uci.edu/interactive-digital-media-in-singapore
ngs.ics.uci.edu/abstraction-matching
ngs.ics.uci.edu/going-back-to-usa
ngs.ics.uci.edu/video-communication-is-starting
ngs.ics.uci.edu/memories-for-life
ngs.ics.uci.edu/singapore-governement
ngs.ics.uci.edu/the-new-age-of-innovation
ngs.ics.uci.edu/multimedia-teaching-need-a-real-text-book
ngs.ics.uci.edu/reality-is-funnier-than-satire-on-snl
ngs.ics.uci.edu/dumbing-down-or-freeing-for-creativity
ngs.ics.uci.edu/southern-california-computer-vision-meetup
ngs.ics.uci.edu/storytelling
ngs.ics.uci.edu/memories-life-and-experiences
ngs.ics.uci.edu/mir-at-ieee-int-conf-on-image-processing
ngs.ics.uci.edu/happy-to-see-multimedia
ngs.ics.uci.edu/personal-media-organization-and-access
ngs.ics.uci.edu/united-india
ngs.ics.uci.edu/multimedia-semantics-bridging-the-semantic-gap
ngs.ics.uci.edu/meeting-prof-h-h-nagel
ngs.ics.uci.edu/models-and-descriptions
ngs.ics.uci.edu/1012
ngs.ics.uci.edu/acm-multimedia-conference
ngs.ics.uci.edu/language-and-the-eventweb
ngs.ics.uci.edu/historic-day-todays-election
ngs.ics.uci.edu/election-fever
ngs.ics.uci.edu/obama-victory-indian-sc-ruling
ngs.ics.uci.edu/third-world-first
ngs.ics.uci.edu/changegov
ngs.ics.uci.edu/cnns-hologram-immersive-video
ngs.ics.uci.edu/good-friends
ngs.ics.uci.edu/smart-traffic
ngs.ics.uci.edu/technology-and-auto-industry
ngs.ics.uci.edu/obama-appoints-sonal-shah
ngs.ics.uci.edu/study-astrology
ngs.ics.uci.edu/googles-speech-interfaces-using-context
ngs.ics.uci.edu/rligulous-religion-considered-extremely-harmful
ngs.ics.uci.edu/future-storytelling
www.ics.uci.edu/~jain/ImmersiveTelepresence
www.ics.uci.edu/~jain
vision.ics.uci.edu/sccv
vision.ics.uci.edu
www.ics.uci.edu/grad/admissions/index.php
www.informatics.uci.edu/phd-informatics
www.informatics.uci.edu/grad/student-profiles/graduate-student-profile-martin-shelton
www.informatics.uci.edu/menu-very-top/contact
www.ics.uci.edu/grad/admissions
www.ics.uci.edu/grad
vision.ics.uci.edu/sccv/2008
vision.ics.uci.edu/sccv/2009
vision.ics.uci.edu/sccv/2010
ngs.ics.uci.edu/social-search-3
ngs.ics.uci.edu/terrorism-in-india
ngs.ics.uci.edu/go-to-mumbai
ngs.ics.uci.edu/mkrishi
ngs.ics.uci.edu/beijing-trip
ngs.ics.uci.edu/china-and-india
ngs.ics.uci.edu/video-phones-finally
ngs.ics.uci.edu/siggraph-asia
ngs.ics.uci.edu/intriguing-observation-about-singapore
ngs.ics.uci.edu/planning-time-or-events
ngs.ics.uci.edu/cricket-in-india
ngs.ics.uci.edu/category/personal
ngs.ics.uci.edu/category/personal/page/2
ngs.ics.uci.edu/category/personal/page/3
ngs.ics.uci.edu/category/personal/page/4
ngs.ics.uci.edu/category/personal/page/5
ngs.ics.uci.edu/category/personal/page/6
ngs.ics.uci.edu/category/personal/page/7
ngs.ics.uci.edu/category/personal/page/8
ngs.ics.uci.edu/category/personal/page/9
ngs.ics.uci.edu/category/personal/page/10
ngs.ics.uci.edu/category/personal/page/11
ngs.ics.uci.edu/category/personal/page/12
ngs.ics.uci.edu/category/personal/page/13
ngs.ics.uci.edu/category/personal/page/14
ngs.ics.uci.edu/category/personal/page/15
ngs.ics.uci.edu/category/personal/page/16
ngs.ics.uci.edu/category/personal/page/17
ngs.ics.uci.edu/category/personal/page/18
ngs.ics.uci.edu/category/entrepreneurism
ngs.ics.uci.edu/category/entrepreneurism/page/2
ngs.ics.uci.edu/category/entrepreneurism/page/3
ngs.ics.uci.edu/category/entrepreneurism/page/4
ngs.ics.uci.edu/category/entrepreneurism/page/5
ngs.ics.uci.edu/category/entrepreneurism/page/6
ngs.ics.uci.edu/category/entrepreneurism/page/7
ngs.ics.uci.edu/category/entrepreneurism/page/8
ngs.ics.uci.edu/category/entrepreneurism/page/9
ngs.ics.uci.edu/category/entrepreneurism/page/10
ngs.ics.uci.edu/category/entrepreneurism/page/11
ngs.ics.uci.edu/category/entrepreneurism/page/12
ngs.ics.uci.edu/category/entrepreneurism/page/13
ngs.ics.uci.edu/category/entrepreneurism/page/14
ngs.ics.uci.edu/category/entrepreneurism/page/15
ngs.ics.uci.edu/category/entrepreneurism/page/16
ngs.ics.uci.edu/category/entrepreneurism/page/17
ngs.ics.uci.edu/category/entrepreneurism/page/18
ngs.ics.uci.edu/category/entrepreneurism/page/19
ngs.ics.uci.edu/category/entrepreneurism/page/20
ngs.ics.uci.edu/category/entrepreneurism/page/21
ngs.ics.uci.edu/category/entrepreneurism/page/22
ngs.ics.uci.edu/category/entrepreneurism/page/23
ngs.ics.uci.edu/category/entrepreneurism/page/24
ngs.ics.uci.edu/category/entrepreneurism/page/25
ngs.ics.uci.edu/category/experiential-computing
ngs.ics.uci.edu/category/experiential-computing/page/2
ngs.ics.uci.edu/category/experiential-computing/page/3
ngs.ics.uci.edu/category/experiential-computing/page/4
ngs.ics.uci.edu/category/experiential-computing/page/5
ngs.ics.uci.edu/category/experiential-computing/page/6
ngs.ics.uci.edu/category/experiential-computing/page/7
ngs.ics.uci.edu/category/experiential-computing/page/8
ngs.ics.uci.edu/category/experiential-computing/page/9
ngs.ics.uci.edu/category/experiential-computing/page/10
ngs.ics.uci.edu/category/experiential-computing/page/11
ngs.ics.uci.edu/category/experiential-computing/page/12
ngs.ics.uci.edu/category/experiential-computing/page/13
ngs.ics.uci.edu/category/experiential-computing/page/14
ngs.ics.uci.edu/category/experiential-computing/page/15
ngs.ics.uci.edu/category/experiential-computing/page/16
ngs.ics.uci.edu/category/experiential-computing/page/17
ngs.ics.uci.edu/category/experiential-computing/page/18
ngs.ics.uci.edu/category/experiential-computing/page/19
ngs.ics.uci.edu/category/experiential-computing/page/20
ngs.ics.uci.edu/category/experiential-computing/page/21
ngs.ics.uci.edu/category/experiential-computing/page/22
ngs.ics.uci.edu/category/experiential-computing/page/23
ngs.ics.uci.edu/category/experiential-computing/page/24
ngs.ics.uci.edu/category/experiential-computing/page/25
ngs.ics.uci.edu/category/experiential-computing/page/26
ngs.ics.uci.edu/category/experiential-computing/page/27
ngs.ics.uci.edu/category/experiential-computing/page/28
ngs.ics.uci.edu/category/experiential-computing/page/29
ngs.ics.uci.edu/category/experiential-computing/page/30
ngs.ics.uci.edu/category/experiential-computing/page/31
ngs.ics.uci.edu/category/experiential-computing/page/32
ngs.ics.uci.edu/category/experiential-computing/page/33
ngs.ics.uci.edu/category/experiential-computing/page/34
ngs.ics.uci.edu/category/experiential-computing/page/35
ngs.ics.uci.edu/category/experiential-computing/page/36
ngs.ics.uci.edu/category/experiential-computing/page/37
ngs.ics.uci.edu/category/experiential-computing/page/38
ngs.ics.uci.edu/category/experiential-computing/page/39
ngs.ics.uci.edu/category/experiential-computing/page/40
ngs.ics.uci.edu/category/experiential-computing/page/41
ngs.ics.uci.edu/category/experiential-computing/page/42
ngs.ics.uci.edu/category/experiential-computing/page/43
ngs.ics.uci.edu/category/experiential-computing/page/44
ngs.ics.uci.edu/category/experiential-computing/page/45
ngs.ics.uci.edu/category/experiential-computing/page/46
ngs.ics.uci.edu/category/experiential-computing/page/47
ngs.ics.uci.edu/category/experiential-computing/page/48
ngs.ics.uci.edu/category/experiential-computing/page/49
ngs.ics.uci.edu/category/experiential-computing/page/50
ngs.ics.uci.edu/category/experiential-computing/page/51
ngs.ics.uci.edu/category/experiential-computing/page/52
ngs.ics.uci.edu/category/experiential-computing/page/53
ngs.ics.uci.edu/category/experiential-computing/page/54
ngs.ics.uci.edu/category/experiential-computing/page/55
ngs.ics.uci.edu/category/experiential-computing/page/56
ngs.ics.uci.edu/category/experiential-computing/page/57
ngs.ics.uci.edu/category/experiential-computing/page/58
ngs.ics.uci.edu/category/experiential-computing/page/59
ngs.ics.uci.edu/experiencing-past-events
ngs.ics.uci.edu/information-and-experience-1
ngs.ics.uci.edu/information-and-experience-2
ngs.ics.uci.edu/event-information-venues-and-calendars
ngs.ics.uci.edu/category/general-updates
ngs.ics.uci.edu/category/general-updates/page/2
ngs.ics.uci.edu/category/general-updates/page/3
ngs.ics.uci.edu/category/general-updates/page/4
ngs.ics.uci.edu/category/general-updates/page/5
ngs.ics.uci.edu/category/general-updates/page/6
ngs.ics.uci.edu/category/general-updates/page/7
ngs.ics.uci.edu/category/general-updates/page/8
ngs.ics.uci.edu/category/general-updates/page/9
ngs.ics.uci.edu/category/general-updates/page/10
ngs.ics.uci.edu/category/general-updates/page/11
ngs.ics.uci.edu/category/general-updates/page/12
ngs.ics.uci.edu/category/general-updates/page/13
ngs.ics.uci.edu/category/general-updates/page/14
ngs.ics.uci.edu/category/general-updates/page/15
ngs.ics.uci.edu/category/general-updates/page/16
ngs.ics.uci.edu/category/general-updates/page/17
ngs.ics.uci.edu/category/general-updates/page/18
ngs.ics.uci.edu/category/general-updates/page/19
ngs.ics.uci.edu/category/general-updates/page/20
ngs.ics.uci.edu/category/general-updates/page/21
ngs.ics.uci.edu/category/general-updates/page/22
ngs.ics.uci.edu/category/general-updates/page/23
ngs.ics.uci.edu/category/general-updates/page/24
ngs.ics.uci.edu/category/general-updates/page/25
ngs.ics.uci.edu/category/general-updates/page/26
ngs.ics.uci.edu/category/general-updates/page/27
ngs.ics.uci.edu/category/general-updates/page/28
ngs.ics.uci.edu/category/general-updates/page/29
ngs.ics.uci.edu/category/general-updates/page/30
ngs.ics.uci.edu/category/general-updates/page/31
ngs.ics.uci.edu/category/general-updates/page/32
ngs.ics.uci.edu/category/general-updates/page/33
ngs.ics.uci.edu/category/general-updates/page/34
ngs.ics.uci.edu/category/general-updates/page/35
ngs.ics.uci.edu/category/general-updates/page/36
ngs.ics.uci.edu/category/general-updates/page/37
ngs.ics.uci.edu/category/general-updates/page/38
ngs.ics.uci.edu/category/general-updates/page/39
ngs.ics.uci.edu/category/general-updates/page/40
ngs.ics.uci.edu/category/general-updates/page/41
ngs.ics.uci.edu/category/general-updates/page/42
ngs.ics.uci.edu/category/general-updates/page/43
ngs.ics.uci.edu/category/general-updates/page/44
ngs.ics.uci.edu/category/general-updates/page/45
ngs.ics.uci.edu/category/general-updates/page/46
ngs.ics.uci.edu/category/general-updates/page/47
ngs.ics.uci.edu/category/general-updates/page/48
ngs.ics.uci.edu/category/general-updates/page/49
ngs.ics.uci.edu/category/general-updates/page/50
ngs.ics.uci.edu/category/general-updates/page/51
ngs.ics.uci.edu/category/general-updates/page/52
ngs.ics.uci.edu/category/general-updates/page/53
ngs.ics.uci.edu/category/general-updates/page/54
ngs.ics.uci.edu/category/general-updates/page/55
ngs.ics.uci.edu/category/general-updates/page/56
ngs.ics.uci.edu/category/general-updates/page/57
ngs.ics.uci.edu/category/general-updates/page/58
ngs.ics.uci.edu/category/general-updates/page/59
ngs.ics.uci.edu/category/general-updates/page/60
ngs.ics.uci.edu/category/general-updates/page/61
ngs.ics.uci.edu/category/general-updates/page/62
ngs.ics.uci.edu/category/general-updates/page/63
ngs.ics.uci.edu/category/general-updates/page/64
ngs.ics.uci.edu/category/general-updates/page/65
ngs.ics.uci.edu/category/general-updates/page/66
ngs.ics.uci.edu/category/general-updates/page/67
ngs.ics.uci.edu/category/general-updates/page/68
ngs.ics.uci.edu/category/general-updates/page/69
ngs.ics.uci.edu/category/general-updates/page/70
ngs.ics.uci.edu/category/general-updates/page/71
ngs.ics.uci.edu/category/general-updates/page/72
ngs.ics.uci.edu/category/general-updates/page/73
ngs.ics.uci.edu/category/general-updates/page/74
ngs.ics.uci.edu/category/general-updates/page/75
ngs.ics.uci.edu/category/general-updates/page/76
ngs.ics.uci.edu/category/general-updates/page/77
ngs.ics.uci.edu/category/general-updates/page/78
ngs.ics.uci.edu/category/general-updates/page/79
ngs.ics.uci.edu/category/general-updates/page/80
ngs.ics.uci.edu/category/general-updates/page/81
ngs.ics.uci.edu/category/general-updates/page/82
ngs.ics.uci.edu/category/general-updates/page/83
ngs.ics.uci.edu/category/general-updates/page/84
ngs.ics.uci.edu/category/general-updates/page/85
ngs.ics.uci.edu/category/general-updates/page/86
ngs.ics.uci.edu/category/general-updates/page/87
ngs.ics.uci.edu/diversity-and-india
ngs.ics.uci.edu/category/technical-thoughts
ngs.ics.uci.edu/category/technical-thoughts/page/2
ngs.ics.uci.edu/category/technical-thoughts/page/3
ngs.ics.uci.edu/category/technical-thoughts/page/4
ngs.ics.uci.edu/category/technical-thoughts/page/5
ngs.ics.uci.edu/category/technical-thoughts/page/6
ngs.ics.uci.edu/category/technical-thoughts/page/7
ngs.ics.uci.edu/category/technical-thoughts/page/8
ngs.ics.uci.edu/category/technical-thoughts/page/9
ngs.ics.uci.edu/category/technical-thoughts/page/10
ngs.ics.uci.edu/category/technical-thoughts/page/11
ngs.ics.uci.edu/category/technical-thoughts/page/12
ngs.ics.uci.edu/category/technical-thoughts/page/13
ngs.ics.uci.edu/category/technical-thoughts/page/14
ngs.ics.uci.edu/category/technical-thoughts/page/15
ngs.ics.uci.edu/category/technical-thoughts/page/16
ngs.ics.uci.edu/category/technical-thoughts/page/17
ngs.ics.uci.edu/category/technical-thoughts/page/18
ngs.ics.uci.edu/category/technical-thoughts/page/19
ngs.ics.uci.edu/category/technical-thoughts/page/20
ngs.ics.uci.edu/category/technical-thoughts/page/21
ngs.ics.uci.edu/category/technical-thoughts/page/22
ngs.ics.uci.edu/category/technical-thoughts/page/23
ngs.ics.uci.edu/category/technical-thoughts/page/24
ngs.ics.uci.edu/category/technical-thoughts/page/25
ngs.ics.uci.edu/category/technical-thoughts/page/26
ngs.ics.uci.edu/category/technical-thoughts/page/27
ngs.ics.uci.edu/category/technical-thoughts/page/28
ngs.ics.uci.edu/category/technical-thoughts/page/29
ngs.ics.uci.edu/category/technical-thoughts/page/30
ngs.ics.uci.edu/category/technical-thoughts/page/31
ngs.ics.uci.edu/category/technical-thoughts/page/32
ngs.ics.uci.edu/category/technical-thoughts/page/33
ngs.ics.uci.edu/category/technical-thoughts/page/34
ngs.ics.uci.edu/category/technical-thoughts/page/35
ngs.ics.uci.edu/category/technical-thoughts/page/36
ngs.ics.uci.edu/category/technical-thoughts/page/37
ngs.ics.uci.edu/category/technical-thoughts/page/38
ngs.ics.uci.edu/category/technical-thoughts/page/39
ngs.ics.uci.edu/category/technical-thoughts/page/40
ngs.ics.uci.edu/category/technical-thoughts/page/41
ngs.ics.uci.edu/category/technical-thoughts/page/42
ngs.ics.uci.edu/category/technical-thoughts/page/43
ngs.ics.uci.edu/category/technical-thoughts/page/44
ngs.ics.uci.edu/category/technical-thoughts/page/45
ngs.ics.uci.edu/category/technical-thoughts/page/46
ngs.ics.uci.edu/category/technical-thoughts/page/47
ngs.ics.uci.edu/category/technical-thoughts/page/48
ngs.ics.uci.edu/category/technical-thoughts/page/49
ngs.ics.uci.edu/category/technical-thoughts/page/50
ngs.ics.uci.edu/category/technical-thoughts/page/51
ngs.ics.uci.edu/category/technical-thoughts/page/52
ngs.ics.uci.edu/category/technical-thoughts/page/53
ngs.ics.uci.edu/category/technical-thoughts/page/54
ngs.ics.uci.edu/category/technical-thoughts/page/55
ngs.ics.uci.edu/category/technical-thoughts/page/56
ngs.ics.uci.edu/category/technical-thoughts/page/57
ngs.ics.uci.edu/category/technical-thoughts/page/58
ngs.ics.uci.edu/category/technical-thoughts/page/59
ngs.ics.uci.edu/category/technical-thoughts/page/60
ngs.ics.uci.edu/category/technical-thoughts/page/61
ngs.ics.uci.edu/category/technical-thoughts/page/62
ngs.ics.uci.edu/category/technical-thoughts/page/63
ngs.ics.uci.edu/category/technical-thoughts/page/64
ngs.ics.uci.edu/category/technical-thoughts/page/65
ngs.ics.uci.edu/category/technical-thoughts/page/66
ngs.ics.uci.edu/category/technical-thoughts/page/67
ngs.ics.uci.edu/category/technical-thoughts/page/68
ngs.ics.uci.edu/category/technical-thoughts/page/69
ngs.ics.uci.edu/category/technical-thoughts/page/70
ngs.ics.uci.edu/category/technical-thoughts/page/71
ngs.ics.uci.edu/category/technical-thoughts/page/72
ngs.ics.uci.edu/category/technical-thoughts/page/73
ngs.ics.uci.edu/category/technical-thoughts/page/74
ngs.ics.uci.edu/category/technical-thoughts/page/75
ngs.ics.uci.edu/category/technical-thoughts/page/76
ngs.ics.uci.edu/category/technical-thoughts/page/77
ngs.ics.uci.edu/category/technical-thoughts/page/78
ngs.ics.uci.edu/category/technical-thoughts/page/79
ngs.ics.uci.edu/category/technical-thoughts/page/80
ngs.ics.uci.edu/category/technical-thoughts/page/81
ngs.ics.uci.edu/photographs
ngs.ics.uci.edu/author/ramesh
ngs.ics.uci.edu/author/ramesh/page/2
ngs.ics.uci.edu/author/ramesh/page/3
ngs.ics.uci.edu/author/ramesh/page/4
ngs.ics.uci.edu/author/ramesh/page/5
ngs.ics.uci.edu/author/ramesh/page/6
ngs.ics.uci.edu/author/ramesh/page/7
ngs.ics.uci.edu/author/ramesh/page/8
ngs.ics.uci.edu/author/ramesh/page/9
ngs.ics.uci.edu/author/ramesh/page/10
ngs.ics.uci.edu/author/ramesh/page/11
ngs.ics.uci.edu/author/ramesh/page/12
ngs.ics.uci.edu/author/ramesh/page/13
ngs.ics.uci.edu/author/ramesh/page/14
ngs.ics.uci.edu/author/ramesh/page/15
ngs.ics.uci.edu/author/ramesh/page/16
ngs.ics.uci.edu/author/ramesh/page/17
ngs.ics.uci.edu/author/ramesh/page/18
ngs.ics.uci.edu/author/ramesh/page/19
ngs.ics.uci.edu/author/ramesh/page/20
ngs.ics.uci.edu/author/ramesh/page/21
ngs.ics.uci.edu/author/ramesh/page/22
ngs.ics.uci.edu/author/ramesh/page/23
ngs.ics.uci.edu/author/ramesh/page/24
ngs.ics.uci.edu/author/ramesh/page/25
ngs.ics.uci.edu/author/ramesh/page/26
ngs.ics.uci.edu/author/ramesh/page/27
ngs.ics.uci.edu/author/ramesh/page/28
ngs.ics.uci.edu/author/ramesh/page/29
ngs.ics.uci.edu/author/ramesh/page/30
ngs.ics.uci.edu/author/ramesh/page/31
ngs.ics.uci.edu/author/ramesh/page/32
ngs.ics.uci.edu/author/ramesh/page/33
ngs.ics.uci.edu/author/ramesh/page/34
ngs.ics.uci.edu/author/ramesh/page/35
ngs.ics.uci.edu/author/ramesh/page/36
ngs.ics.uci.edu/author/ramesh/page/37
ngs.ics.uci.edu/author/ramesh/page/38
ngs.ics.uci.edu/author/ramesh/page/39
ngs.ics.uci.edu/author/ramesh/page/40
ngs.ics.uci.edu/author/ramesh/page/41
ngs.ics.uci.edu/author/ramesh/page/42
ngs.ics.uci.edu/author/ramesh/page/43
ngs.ics.uci.edu/author/ramesh/page/44
ngs.ics.uci.edu/author/ramesh/page/45
ngs.ics.uci.edu/author/ramesh/page/46
ngs.ics.uci.edu/author/ramesh/page/47
ngs.ics.uci.edu/author/ramesh/page/48
ngs.ics.uci.edu/author/ramesh/page/49
ngs.ics.uci.edu/author/ramesh/page/50
ngs.ics.uci.edu/author/ramesh/page/51
ngs.ics.uci.edu/author/ramesh/page/52
ngs.ics.uci.edu/author/ramesh/page/53
ngs.ics.uci.edu/author/ramesh/page/54
ngs.ics.uci.edu/author/ramesh/page/55
ngs.ics.uci.edu/author/ramesh/page/56
ngs.ics.uci.edu/author/ramesh/page/57
ngs.ics.uci.edu/author/ramesh/page/58
ngs.ics.uci.edu/author/ramesh/page/59
ngs.ics.uci.edu/author/ramesh/page/60
ngs.ics.uci.edu/author/ramesh/page/61
ngs.ics.uci.edu/author/ramesh/page/62
ngs.ics.uci.edu/author/ramesh/page/63
ngs.ics.uci.edu/author/ramesh/page/64
ngs.ics.uci.edu/author/ramesh/page/65
ngs.ics.uci.edu/author/ramesh/page/66
ngs.ics.uci.edu/author/ramesh/page/67
ngs.ics.uci.edu/author/ramesh/page/68
ngs.ics.uci.edu/author/ramesh/page/69
ngs.ics.uci.edu/author/ramesh/page/70
ngs.ics.uci.edu/author/ramesh/page/71
ngs.ics.uci.edu/author/ramesh/page/72
ngs.ics.uci.edu/author/ramesh/page/73
ngs.ics.uci.edu/author/ramesh/page/74
ngs.ics.uci.edu/author/ramesh/page/75
ngs.ics.uci.edu/author/ramesh/page/76
ngs.ics.uci.edu/author/ramesh/page/77
ngs.ics.uci.edu/author/ramesh/page/78
ngs.ics.uci.edu/author/ramesh/page/79
ngs.ics.uci.edu/author/ramesh/page/80
ngs.ics.uci.edu/author/ramesh/page/81
ngs.ics.uci.edu/author/ramesh/page/82
ngs.ics.uci.edu/author/ramesh/page/83
ngs.ics.uci.edu/author/ramesh/page/84
ngs.ics.uci.edu/author/ramesh/page/85
ngs.ics.uci.edu/author/ramesh/page/86
ngs.ics.uci.edu/author/ramesh/page/87
ngs.ics.uci.edu/author/ramesh/page/88
ngs.ics.uci.edu/author/ramesh/page/89
ngs.ics.uci.edu/author/ramesh/page/90
ngs.ics.uci.edu/author/ramesh/page/91
ngs.ics.uci.edu/author/ramesh/page/92
ngs.ics.uci.edu/author/ramesh/page/93
ngs.ics.uci.edu/author/ramesh/page/94
ngs.ics.uci.edu/author/ramesh/page/95
ngs.ics.uci.edu/author/ramesh/page/96
ngs.ics.uci.edu/author/ramesh/page/97
ngs.ics.uci.edu/author/ramesh/page/98
ngs.ics.uci.edu/author/ramesh/page/99
ngs.ics.uci.edu/author/ramesh/page/100
ngs.ics.uci.edu/author/ramesh/page/101
ngs.ics.uci.edu/author/ramesh/page/102
ngs.ics.uci.edu/author/ramesh/page/103
ngs.ics.uci.edu/author/ramesh/page/104
ngs.ics.uci.edu/author/ramesh/page/105
ngs.ics.uci.edu/author/ramesh/page/106
ngs.ics.uci.edu/author/ramesh/page/107
ngs.ics.uci.edu/author/ramesh/page/108
ngs.ics.uci.edu/author/ramesh/page/109
ngs.ics.uci.edu/author/ramesh/page/110
ngs.ics.uci.edu/author/ramesh/page/111
ngs.ics.uci.edu/author/ramesh/page/112
ngs.ics.uci.edu/author/ramesh/page/113
ngs.ics.uci.edu/author/ramesh/page/114
ngs.ics.uci.edu/author/ramesh/page/115
ngs.ics.uci.edu/author/ramesh/page/116
ngs.ics.uci.edu/author/ramesh/page/117
ngs.ics.uci.edu/author/ramesh/page/118
ngs.ics.uci.edu/author/ramesh/page/119
ngs.ics.uci.edu/author/ramesh/page/120
ngs.ics.uci.edu/author/ramesh/page/121
ngs.ics.uci.edu/author/ramesh/page/122
ngs.ics.uci.edu/author/ramesh/page/123
ngs.ics.uci.edu/author/ramesh/page/124
ngs.ics.uci.edu/author/ramesh/page/125
ngs.ics.uci.edu/author/ramesh/page/126
ngs.ics.uci.edu/author/ramesh/page/127
ngs.ics.uci.edu/author/ramesh/page/128
ngs.ics.uci.edu/author/ramesh/page/129
ngs.ics.uci.edu/author/ramesh/page/130
ngs.ics.uci.edu/author/ramesh/page/131
ngs.ics.uci.edu/author/ramesh/page/132
ngs.ics.uci.edu/author/ramesh/page/133
ngs.ics.uci.edu/author/ramesh/page/134
ngs.ics.uci.edu/author/ramesh/page/135
ngs.ics.uci.edu/author/ramesh/page/136
ngs.ics.uci.edu/author/ramesh/page/137
ngs.ics.uci.edu/author/ramesh/page/138
ngs.ics.uci.edu/author/ramesh/page/139
ngs.ics.uci.edu/author/ramesh/page/140
ngs.ics.uci.edu/author/ramesh/page/141
ngs.ics.uci.edu/author/ramesh/page/142
ngs.ics.uci.edu/author/ramesh/page/143
ngs.ics.uci.edu/author/ramesh/page/144
ngs.ics.uci.edu/author/ramesh/page/145
ngs.ics.uci.edu/author/ramesh/page/146
ngs.ics.uci.edu/author/ramesh/page/147
ngs.ics.uci.edu/author/ramesh/page/148
ngs.ics.uci.edu/author/ramesh/page/149
ngs.ics.uci.edu/author/ramesh/page/150
ngs.ics.uci.edu/author/ramesh/page/151
ngs.ics.uci.edu/author/ramesh/page/152
ngs.ics.uci.edu/author/ramesh/page/153
ngs.ics.uci.edu/author/ramesh/page/154
ngs.ics.uci.edu/author/ramesh/page/155
ngs.ics.uci.edu/author/ramesh/page/156
ngs.ics.uci.edu/author/ramesh/page/157
ngs.ics.uci.edu/author/ramesh/page/158
ngs.ics.uci.edu/author/ramesh/page/159
ngs.ics.uci.edu/author/ramesh/page/160
ngs.ics.uci.edu/author/ramesh/page/161
ngs.ics.uci.edu/author/ramesh/page/162
ngs.ics.uci.edu/author/ramesh/page/163
ngs.ics.uci.edu/author/ramesh/page/164
ngs.ics.uci.edu/author/ramesh/page/165
ngs.ics.uci.edu/author/ramesh/page/166
ngs.ics.uci.edu/author/ramesh/page/167
ngs.ics.uci.edu/author/ramesh/page/168
ngs.ics.uci.edu/author/ramesh/page/169
ngs.ics.uci.edu/author/ramesh/page/170
ngs.ics.uci.edu/author/ramesh/page/171
ngs.ics.uci.edu/author/ramesh/page/172
ngs.ics.uci.edu/author/ramesh/page/173
ngs.ics.uci.edu/author/ramesh/page/174
ngs.ics.uci.edu/author/ramesh/page/175
ngs.ics.uci.edu/author/ramesh/page/176
ngs.ics.uci.edu/author/ramesh/page/177
ngs.ics.uci.edu/author/ramesh/page/178
ngs.ics.uci.edu/author/ramesh/page/179
ngs.ics.uci.edu/author/ramesh/page/180
ngs.ics.uci.edu/author/ramesh/page/181
ngs.ics.uci.edu/author/ramesh/page/182
ngs.ics.uci.edu/author/ramesh/page/183
ngs.ics.uci.edu/author/ramesh/page/184
ngs.ics.uci.edu/author/ramesh/page/185
ngs.ics.uci.edu/author/ramesh/page/186
ngs.ics.uci.edu/author/ramesh/page/187
ngs.ics.uci.edu/author/ramesh/page/188
ngs.ics.uci.edu/author/ramesh/page/189
ngs.ics.uci.edu/author/ramesh/page/190
ngs.ics.uci.edu/author/ramesh/page/191
ngs.ics.uci.edu/author/ramesh/page/192
ngs.ics.uci.edu/author/ramesh/page/193
ngs.ics.uci.edu/author/ramesh/page/194
ngs.ics.uci.edu/author/ramesh/page/195
ngs.ics.uci.edu/author/ramesh/page/196
ngs.ics.uci.edu/author/ramesh/page/197
ngs.ics.uci.edu/author/ramesh/page/198
ngs.ics.uci.edu/author/ramesh/page/199
ngs.ics.uci.edu/author/ramesh/page/200
ngs.ics.uci.edu/author/ramesh/page/201
ngs.ics.uci.edu/author/ramesh/page/202
ngs.ics.uci.edu/author/ramesh/page/203
ngs.ics.uci.edu/author/ramesh/page/204
ngs.ics.uci.edu/author/ramesh/page/205
ngs.ics.uci.edu/author/ramesh/page/206
ngs.ics.uci.edu/author/ramesh/page/207
ngs.ics.uci.edu/author/ramesh/page/208
ngs.ics.uci.edu/author/ramesh/page/209
ngs.ics.uci.edu/author/ramesh/page/210
ngs.ics.uci.edu/author/ramesh/page/211
ngs.ics.uci.edu/author/ramesh/page/212
ngs.ics.uci.edu/author/ramesh/page/213
ngs.ics.uci.edu/author/ramesh/page/214
ngs.ics.uci.edu/author/ramesh/page/215
ngs.ics.uci.edu/author/ramesh/page/216
ngs.ics.uci.edu/author/ramesh/page/217
ngs.ics.uci.edu/author/ramesh/page/218
ngs.ics.uci.edu/author/ramesh/page/219
ngs.ics.uci.edu/author/ramesh/page/220
ngs.ics.uci.edu/author/ramesh/page/221
ngs.ics.uci.edu/author/ramesh/page/222
ngs.ics.uci.edu/author/ramesh/page/223
ngs.ics.uci.edu/author/ramesh/page/224
ngs.ics.uci.edu/author/ramesh/page/225
ngs.ics.uci.edu/author/ramesh/page/226
ngs.ics.uci.edu/author/ramesh/page/227
ngs.ics.uci.edu/author/ramesh/page/228
ngs.ics.uci.edu/author/ramesh/page/229
ngs.ics.uci.edu/author/ramesh/page/230
ngs.ics.uci.edu/author/ramesh/page/231
ngs.ics.uci.edu/author/ramesh/page/232
ngs.ics.uci.edu/author/ramesh/page/233
ngs.ics.uci.edu/author/ramesh/page/234
ngs.ics.uci.edu/author/ramesh/page/235
ngs.ics.uci.edu/author/ramesh/page/236
ngs.ics.uci.edu/author/ramesh/page/237
ngs.ics.uci.edu/author/ramesh/page/238
ngs.ics.uci.edu/author/ramesh/page/239
ngs.ics.uci.edu/author/ramesh/page/240
ngs.ics.uci.edu/author/ramesh/page/241
ngs.ics.uci.edu/author/ramesh/page/242
ngs.ics.uci.edu/author/ramesh/page/243
ngs.ics.uci.edu/author/ramesh/page/244
ngs.ics.uci.edu/author/ramesh/page/245
ngs.ics.uci.edu/author/ramesh/page/246
ngs.ics.uci.edu/author/ramesh/page/247
ngs.ics.uci.edu/author/ramesh/page/248
ngs.ics.uci.edu/author/ramesh/page/249
ngs.ics.uci.edu/author/ramesh/page/250
ngs.ics.uci.edu/author/ramesh/page/251
ngs.ics.uci.edu/author/ramesh/page/252
ngs.ics.uci.edu/author/ramesh/page/253
ngs.ics.uci.edu/author/ramesh/page/254
ngs.ics.uci.edu/personal/favorite-quotes
ngs.ics.uci.edu/personal/favorite-books
ngs.ics.uci.edu/personal/education
ngs.ics.uci.edu/personal/past-affiliations
ngs.ics.uci.edu/personal
ngs.ics.uci.edu/professionalsocial/interviews
ngs.ics.uci.edu/professionalsocial/recognitions
ngs.ics.uci.edu/professionalsocial/services
ngs.ics.uci.edu/professionalsocial
ngs.ics.uci.edu/partners/collaborators
ngs.ics.uci.edu/partners/past-students
ngs.ics.uci.edu/partners/current-students
ngs.ics.uci.edu/partners
ngs.ics.uci.edu/entrepreneurship/past-companies
ngs.ics.uci.edu/entrepreneurship/current-companies
ngs.ics.uci.edu/entrepreneurship
ngs.ics.uci.edu/teaching/past-courses
ngs.ics.uci.edu/teaching/current-courses
ngs.ics.uci.edu/teaching
ngs.ics.uci.edu/research/research-papers/multimedia-information-management
ngs.ics.uci.edu/research/research-papers/experiential-computing
ngs.ics.uci.edu/research/research-papers/computer-vision
ngs.ics.uci.edu/research/research-papers
ngs.ics.uci.edu/research/projects
ngs.ics.uci.edu/research/presentations
ngs.ics.uci.edu/research/patents
ngs.ics.uci.edu/research/books
ngs.ics.uci.edu/research
ngs.ics.uci.edu/blog
ngs.ics.uci.edu/blog/page/2
ngs.ics.uci.edu/blog/page/3
ngs.ics.uci.edu/blog/page/4
ngs.ics.uci.edu/blog/page/5
ngs.ics.uci.edu/blog/page/6
ngs.ics.uci.edu/blog/page/7
ngs.ics.uci.edu/blog/page/8
ngs.ics.uci.edu/blog/page/9
ngs.ics.uci.edu/blog/page/10
ngs.ics.uci.edu/blog/page/11
ngs.ics.uci.edu/blog/page/12
ngs.ics.uci.edu/blog/page/13
ngs.ics.uci.edu/blog/page/14
ngs.ics.uci.edu/blog/page/15
ngs.ics.uci.edu/blog/page/16
ngs.ics.uci.edu/blog/page/17
ngs.ics.uci.edu/blog/page/18
ngs.ics.uci.edu/blog/page/19
ngs.ics.uci.edu/blog/page/20
ngs.ics.uci.edu/blog/page/21
ngs.ics.uci.edu/blog/page/22
ngs.ics.uci.edu/blog/page/23
ngs.ics.uci.edu/blog/page/24
ngs.ics.uci.edu/blog/page/25
ngs.ics.uci.edu/blog/page/26
ngs.ics.uci.edu/blog/page/27
ngs.ics.uci.edu/blog/page/28
ngs.ics.uci.edu/blog/page/29
ngs.ics.uci.edu/blog/page/30
ngs.ics.uci.edu/blog/page/31
ngs.ics.uci.edu/blog/page/32
ngs.ics.uci.edu/blog/page/33
ngs.ics.uci.edu/blog/page/34
ngs.ics.uci.edu/blog/page/35
ngs.ics.uci.edu/blog/page/36
ngs.ics.uci.edu/blog/page/37
ngs.ics.uci.edu/blog/page/38
ngs.ics.uci.edu/blog/page/39
ngs.ics.uci.edu/blog/page/40
ngs.ics.uci.edu/blog/page/41
ngs.ics.uci.edu/blog/page/42
ngs.ics.uci.edu/blog/page/43
ngs.ics.uci.edu/blog/page/44
ngs.ics.uci.edu/blog/page/45
ngs.ics.uci.edu/blog/page/46
ngs.ics.uci.edu/blog/page/47
ngs.ics.uci.edu/blog/page/48
ngs.ics.uci.edu/blog/page/49
ngs.ics.uci.edu/blog/page/50
ngs.ics.uci.edu/blog/page/51
ngs.ics.uci.edu/blog/page/52
ngs.ics.uci.edu/blog/page/53
ngs.ics.uci.edu/blog/page/54
ngs.ics.uci.edu/blog/page/55
ngs.ics.uci.edu/blog/page/56
ngs.ics.uci.edu/blog/page/57
ngs.ics.uci.edu/blog/page/58
ngs.ics.uci.edu/blog/page/59
ngs.ics.uci.edu/blog/page/60
ngs.ics.uci.edu/blog/page/61
ngs.ics.uci.edu/blog/page/62
ngs.ics.uci.edu/blog/page/63
ngs.ics.uci.edu/blog/page/64
ngs.ics.uci.edu/blog/page/65
ngs.ics.uci.edu/blog/page/66
ngs.ics.uci.edu/blog/page/67
ngs.ics.uci.edu/blog/page/68
ngs.ics.uci.edu/blog/page/69
ngs.ics.uci.edu/blog/page/70
ngs.ics.uci.edu/blog/page/71
ngs.ics.uci.edu/blog/page/72
ngs.ics.uci.edu/blog/page/73
ngs.ics.uci.edu/blog/page/74
ngs.ics.uci.edu/blog/page/75
ngs.ics.uci.edu/blog/page/76
ngs.ics.uci.edu/blog/page/77
ngs.ics.uci.edu/blog/page/78
ngs.ics.uci.edu/blog/page/79
ngs.ics.uci.edu/blog/page/80
ngs.ics.uci.edu/blog/page/81
ngs.ics.uci.edu/blog/page/82
ngs.ics.uci.edu/blog/page/83
ngs.ics.uci.edu/blog/page/84
ngs.ics.uci.edu/blog/page/85
ngs.ics.uci.edu/blog/page/86
ngs.ics.uci.edu/blog/page/87
ngs.ics.uci.edu/blog/page/88
ngs.ics.uci.edu/blog/page/89
ngs.ics.uci.edu/blog/page/90
ngs.ics.uci.edu/blog/page/91
ngs.ics.uci.edu/blog/page/92
ngs.ics.uci.edu/blog/page/93
ngs.ics.uci.edu/blog/page/94
ngs.ics.uci.edu/blog/page/95
ngs.ics.uci.edu/blog/page/96
ngs.ics.uci.edu/blog/page/97
ngs.ics.uci.edu/blog/page/98
ngs.ics.uci.edu/blog/page/99
ngs.ics.uci.edu/blog/page/100
ngs.ics.uci.edu/blog/page/101
ngs.ics.uci.edu/blog/page/102
ngs.ics.uci.edu/blog/page/103
ngs.ics.uci.edu/blog/page/104
ngs.ics.uci.edu/blog/page/105
ngs.ics.uci.edu/blog/page/106
ngs.ics.uci.edu/blog/page/107
ngs.ics.uci.edu/blog/page/108
ngs.ics.uci.edu/blog/page/109
ngs.ics.uci.edu/blog/page/110
ngs.ics.uci.edu/blog/page/111
ngs.ics.uci.edu/blog/page/112
ngs.ics.uci.edu/blog/page/113
ngs.ics.uci.edu/blog/page/114
ngs.ics.uci.edu/blog/page/115
ngs.ics.uci.edu/blog/page/116
ngs.ics.uci.edu/blog/page/117
ngs.ics.uci.edu/blog/page/118
ngs.ics.uci.edu/blog/page/119
ngs.ics.uci.edu/blog/page/120
ngs.ics.uci.edu/blog/page/121
ngs.ics.uci.edu/blog/page/122
ngs.ics.uci.edu/blog/page/123
ngs.ics.uci.edu/blog/page/124
ngs.ics.uci.edu/blog/page/125
ngs.ics.uci.edu/blog/page/126
ngs.ics.uci.edu/blog/page/127
ngs.ics.uci.edu/blog/page/128
ngs.ics.uci.edu/blog/page/129
ngs.ics.uci.edu/blog/page/130
ngs.ics.uci.edu/blog/page/131
ngs.ics.uci.edu/blog/page/132
ngs.ics.uci.edu/blog/page/133
ngs.ics.uci.edu/blog/page/134
ngs.ics.uci.edu/blog/page/135
ngs.ics.uci.edu/blog/page/136
ngs.ics.uci.edu/blog/page/137
ngs.ics.uci.edu/blog/page/138
ngs.ics.uci.edu/blog/page/139
ngs.ics.uci.edu/blog/page/140
ngs.ics.uci.edu/blog/page/141
ngs.ics.uci.edu/blog/page/142
ngs.ics.uci.edu/blog/page/143
ngs.ics.uci.edu/blog/page/144
ngs.ics.uci.edu/blog/page/145
ngs.ics.uci.edu/blog/page/146
ngs.ics.uci.edu/blog/page/147
ngs.ics.uci.edu/blog/page/148
ngs.ics.uci.edu/blog/page/149
ngs.ics.uci.edu/blog/page/150
ngs.ics.uci.edu/blog/page/151
ngs.ics.uci.edu/blog/page/152
ngs.ics.uci.edu/blog/page/153
ngs.ics.uci.edu/blog/page/154
ngs.ics.uci.edu/blog/page/155
ngs.ics.uci.edu/blog/page/156
ngs.ics.uci.edu/blog/page/157
ngs.ics.uci.edu/blog/page/158
ngs.ics.uci.edu/blog/page/159
ngs.ics.uci.edu/blog/page/160
ngs.ics.uci.edu/blog/page/161
ngs.ics.uci.edu/blog/page/162
ngs.ics.uci.edu/blog/page/163
ngs.ics.uci.edu/blog/page/164
ngs.ics.uci.edu/blog/page/165
ngs.ics.uci.edu/blog/page/166
ngs.ics.uci.edu/blog/page/167
ngs.ics.uci.edu/blog/page/168
ngs.ics.uci.edu/blog/page/169
ngs.ics.uci.edu/blog/page/170
ngs.ics.uci.edu/blog/page/171
ngs.ics.uci.edu/blog/page/172
ngs.ics.uci.edu/blog/page/173
ngs.ics.uci.edu/blog/page/174
ngs.ics.uci.edu/blog/page/175
ngs.ics.uci.edu/blog/page/176
ngs.ics.uci.edu/blog/page/177
ngs.ics.uci.edu/blog/page/178
ngs.ics.uci.edu/blog/page/179
ngs.ics.uci.edu/blog/page/180
ngs.ics.uci.edu/blog/page/181
ngs.ics.uci.edu/blog/page/182
ngs.ics.uci.edu/blog/page/183
ngs.ics.uci.edu/blog/page/184
ngs.ics.uci.edu/blog/page/185
ngs.ics.uci.edu/blog/page/186
ngs.ics.uci.edu/blog/page/187
ngs.ics.uci.edu/blog/page/188
ngs.ics.uci.edu/blog/page/189
ngs.ics.uci.edu/blog/page/190
ngs.ics.uci.edu/blog/page/191
ngs.ics.uci.edu/blog/page/192
ngs.ics.uci.edu/blog/page/193
ngs.ics.uci.edu/blog/page/194
ngs.ics.uci.edu/blog/page/195
ngs.ics.uci.edu/blog/page/196
ngs.ics.uci.edu/blog/page/197
ngs.ics.uci.edu/blog/page/198
ngs.ics.uci.edu/blog/page/199
ngs.ics.uci.edu/blog/page/200
ngs.ics.uci.edu/blog/page/201
ngs.ics.uci.edu/blog/page/202
ngs.ics.uci.edu/blog/page/203
ngs.ics.uci.edu/blog/page/204
ngs.ics.uci.edu/blog/page/205
ngs.ics.uci.edu/blog/page/206
ngs.ics.uci.edu/blog/page/207
ngs.ics.uci.edu/blog/page/208
ngs.ics.uci.edu/blog/page/209
ngs.ics.uci.edu/blog/page/210
ngs.ics.uci.edu/blog/page/211
ngs.ics.uci.edu/blog/page/212
ngs.ics.uci.edu/blog/page/213
ngs.ics.uci.edu/blog/page/214
ngs.ics.uci.edu/blog/page/215
ngs.ics.uci.edu/blog/page/216
ngs.ics.uci.edu/blog/page/217
ngs.ics.uci.edu/blog/page/218
ngs.ics.uci.edu/blog/page/219
ngs.ics.uci.edu/blog/page/220
ngs.ics.uci.edu/blog/page/221
ngs.ics.uci.edu/blog/page/222
ngs.ics.uci.edu/blog/page/223
ngs.ics.uci.edu/blog/page/224
ngs.ics.uci.edu/blog/page/225
ngs.ics.uci.edu/blog/page/226
ngs.ics.uci.edu/blog/page/227
ngs.ics.uci.edu/blog/page/228
ngs.ics.uci.edu/blog/page/229
ngs.ics.uci.edu/blog/page/230
ngs.ics.uci.edu/blog/page/231
ngs.ics.uci.edu/blog/page/232
ngs.ics.uci.edu/blog/page/233
ngs.ics.uci.edu/blog/page/234
ngs.ics.uci.edu/blog/page/235
ngs.ics.uci.edu/blog/page/236
ngs.ics.uci.edu/blog/page/237
ngs.ics.uci.edu/blog/page/238
ngs.ics.uci.edu/blog/page/239
ngs.ics.uci.edu/blog/page/240
ngs.ics.uci.edu/blog/page/241
ngs.ics.uci.edu/blog/page/242
ngs.ics.uci.edu/blog/page/243
ngs.ics.uci.edu/blog/page/244
ngs.ics.uci.edu/blog/page/245
ngs.ics.uci.edu/blog/page/246
ngs.ics.uci.edu/blog/page/247
ngs.ics.uci.edu/blog/page/248
ngs.ics.uci.edu/blog/page/249
ngs.ics.uci.edu/blog/page/250
ngs.ics.uci.edu/blog/page/251
ngs.ics.uci.edu/blog/page/252
ngs.ics.uci.edu/blog/page/253
ngs.ics.uci.edu/blog/page/254
ngs.ics.uci.edu/about-ramesh/events
ngs.ics.uci.edu/about-ramesh/news
www.ics.uci.edu/~cs223
grape.ics.uci.edu/wiki/public/wiki/cs222-2018-fall
www.ics.uci.edu/ugrad/policies/index.php
grape.ics.uci.edu/wiki/public/wiki/cs222-2018-fall-git
grape.ics.uci.edu/wiki/public/wiki/cs222-2018-fall-project4
grape.ics.uci.edu/wiki/public/wiki/cs222-2018-fall-project1
grape.ics.uci.edu/wiki/public/wiki/cs222-2018-fall-project1-create-project
www.ics.uci.edu/computing/linux/hosts.php
helpdesk.ics.uci.edu/Ticket/Display.html
grape.ics.uci.edu/wiki/public/wiki/cs222-2018-fall-linux-setup-guide
www.ics.uci.edu/~pattis/common/handouts/mingweclipse/eclipse.html
www.ics.uci.edu/~pattis/common/handouts/mingweclipse/mingw.html
grape.ics.uci.edu/wiki/public/wiki/cs222-2018-fall-mac-setup-guide
grape.ics.uci.edu/wiki/public/wiki/cs222-2018-fall-setup-gdb-on-macos
www.ics.uci.edu/~pattis/common/handouts/macmingweclipse/eclipse.html
grape.ics.uci.edu/wiki/public/wiki/cs222-2018-fall-project3
grape.ics.uci.edu/wiki/public/wiki/cs222-2018-fall-project2
ngs.ics.uci.edu/teaching/fall08/Multimedia
www.ics.uci.edu/~ics143
www.ics.uci.edu/~nalini
grape.ics.uci.edu/wiki/asterix/wiki/cs122a-2018-spring
chenli.ics.uci.edu
grape.ics.uci.edu/wiki/public/wiki/cs222p-2020-winter
isg.ics.uci.edu/publications
isg.ics.uci.edu/publications/
isg.ics.uci.edu/publications/
isg.ics.uci.edu/publications/
isg.ics.uci.edu/publications/
isg.ics.uci.edu/projects
tastier.ics.uci.edu
psearch.ics.uci.edu
ipubmed.ics.uci.edu
www.ics.uci.edu/~shengyuj
www.ics.uci.edu/~icetindi
sherlock.ics.uci.edu
sherlock.ics.uci.edu/internal
www.ics.uci.edu/~projects/SATware/index.html
www.ics.uci.edu/~projects/SATware
www.ics.uci.edu/~raccoon
www-db.ics.uci.edu/pages/research/quasar
www.ics.uci.edu/~xingz
www.ics.uci.edu/~xyu
www.ics.uci.edu/~wyang
www.ics.uci.edu/~surajn
www.ics.uci.edu/~iosif
www.ics.uci.edu/~qhan
www.ics.uci.edu/~ade
www-db.ics.uci.edu/pages/research/quasar/index.shtml
www-db.ics.uci.edu/pages/research/mars
www-db.ics.uci.edu/pages/publications
www-db.ics.uci.edu/pages/people/sharad.shtml
www-db.ics.uci.edu/pages/joining/index.shtml
www-db.ics.uci.edu/pages/links/index.shtml
www-db.ics.uci.edu/pages/software/index.shtml
www-db.ics.uci.edu/pages/courses/index.shtml
www.ics.uci.edu/~ics215
www.ics.uci.edu/~ics214
www.ics.uci.edu/~ics184
www-db.ics.uci.edu/pages/demos/index.shtml
www-db.ics.uci.edu/pages/partners/index.shtml
www-db.ics.uci.edu/pages/people/index.shtml
www-db.ics.uci.edu/pages/publications/index.shtml
www-db.ics.uci.edu/pages/research/index.shtml
www-db.ics.uci.edu/pages/flamingo
www-db.ics.uci.edu/pages/raccoon
www-db.ics.uci.edu/pages/index.shtml
www.ics.uci.edu/~forge
flamingo.ics.uci.edu
flamingo.ics.uci.edu/releases/latest
asterix.ics.uci.edu
asterix.ics.uci.edu//supporters.html
asterix.ics.uci.edu//thesis.html
asterix.ics.uci.edu//publications.html
flamingo.ics.uci.edu/releases/4.1
asterix.ics.uci.edu//index.html
flamingo.ics.uci.edu/releases/4.0
flamingo.ics.uci.edu/releases/3.0
flamingo.ics.uci.edu/releases/2.0.1
www.ics.uci.edu/~rares
www.ics.uci.edu/~abehm
www.ics.uci.edu/~salsubai
fr.ics.uci.edu/chile
www-db.ics.uci.edu/pages/research/das/index.shtml
www.ics.uci.edu/%7Eyonghuaw
www.ics.uci.edu/%7Emahesh
www.ics.uci.edu/%7Ejwickram
www.ics.uci.edu/%7Erjammala
www.ics.uci.edu/%7Ebhore
www.ics.uci.edu/%7Egts
www.ics.uci.edu/~dsm/compose
www.ics.uci.edu/%7Edsm/compose/compose_design.html
www.ics.uci.edu/%7Emopy
www.ics.uci.edu/~dsm/dyn/release
dynamo.ics.uci.edu
www.ics.uci.edu/%7Eseguti
www.ics.uci.edu/%7Emayur
www.ics.uci.edu/%7Enalini
xtune.ics.uci.edu
xtune.ics.uci.edu/link.htm
xtune.ics.uci.edu/sponsor.htm
xtune.ics.uci.edu/xtune-pub.htm
xtune.ics.uci.edu/news.htm
www.ics.uci.edu/community/news/notes/notes_2007.php
www.ics.uci.edu/~emilyo/SimSE
www.ics.uci.edu/~franz/Site/projects.html
www.ics.uci.edu/about/visit/visit_icse.php
www.ics.uci.edu/~dean/aboutirvine.html
www.ics.uci.edu/~develop
www.ics.uci.edu/~chair/aboutirvine.html
www.ics.uci.edu/~chair/aboutuci.html
www.ics.uci.edu/~chair/aboutics.html
www.ics.uci.edu/~chair/faculty.html
www.ics.uci.edu/~gcounsel
www.ics.uci.edu/~ucounsel
www.ics.uci.edu/~chair/joining.html
www.ics.uci.edu/~ccsp
sconce.ics.uci.edu/203-W15
sconce.ics.uci.edu/134-W15
sconce.ics.uci.edu
www.ics.uci.edu/~kobsa/courses/courses.html
www.ics.uci.edu/%7Ekobsa/courses/INF132/16S/syllabus.htm
www.ics.uci.edu/%7Ekobsa
www.ics.uci.edu/community/news/articles/view_article
www.ics.uci.edu/~yawenl2/RacialViolenceArchiveMockup/index.html
www.ics.uci.edu/community/news/articles
www.ics.uci.edu/informatics/news/news_2007.php
www.ics.uci.edu/%7Ekobsa/courses/INF231/16F/syllabus.htm
www.ics.uci.edu/%7Ekobsa/courses/INF231/17F/syllabus.htm
www.ics.uci.edu/%7Ekobsa/courses/ICS104/_notes/start.htm
www.ics.uci.edu/ugrad/policies/Academic_Honesty.php
www.ics.uci.edu/community/news/press/view_press
www.ics.uci.edu/community/news/press
www.ics.uci.edu/~cplee
www.ics.uci.edu/~dechter/acp_award.html
www.ics.uci.edu/~dechter/talks/lifted-minischool-2014
www.ics.uci.edu/community/news/notes/index
sdcl.ics.uci.edu
sdcl.ics.uci.edu/wp-login.php
sdcl.ics.uci.edu/wp-login.php
sdcl.ics.uci.edu/contact/directions
sdcl.ics.uci.edu/contact
sdcl.ics.uci.edu/sponsors
sdcl.ics.uci.edu/people/previous-members
www.ics.uci.edu/~nlopezgi
www.ics.uci.edu/~tlatoza
www.ics.uci.edu/~gbortis
www.ics.uci.edu/~adrianoc
www.ics.uci.edu/~lmartie
sdcl.ics.uci.edu/people
www.ics.uci.edu/~epaikari
www.ics.uci.edu/~amezasor
sdcl.ics.uci.edu/opportunities
sdcl.ics.uci.edu/papers/books
sdcl.ics.uci.edu/papers/dissertations
sdcl.ics.uci.edu/papers/technical-reports
sdcl.ics.uci.edu/papers
sdcl.ics.uci.edu/research/past-projects/porchlight
sdcl.ics.uci.edu/research/past-projects/crowd-development
sdcl.ics.uci.edu/research/past-projects/code-orb-2
www.ics.uci.edu/~nlopezgi/pubs_authorizer.html
sdcl.ics.uci.edu/research/past-projects/codeexchange
sdcl.ics.uci.edu/research/past-projects/calico
sdcl.ics.uci.edu/research/past-projects/crowd-fault-localization
sdcl.ics.uci.edu/research/past-projects/crowddesign
sdcl.ics.uci.edu/research/past-projects/lighthouse
sdcl.ics.uci.edu/research/past-projects
sdcl.ics.uci.edu/research/past-projects/code-topics
sdcl.ics.uci.edu/research
sdcl.ics.uci.edu/reserarch/chatbots
sdcl.ics.uci.edu/page/2
sdcl.ics.uci.edu/page/3
sdcl.ics.uci.edu/page/4
sdcl.ics.uci.edu/page/5
sdcl.ics.uci.edu/page/6
sdcl.ics.uci.edu/page/7
sdcl.ics.uci.edu/page/8
sdcl.ics.uci.edu/page/9
sdcl.ics.uci.edu/page/10
sdcl.ics.uci.edu/page/11
sdcl.ics.uci.edu/page/12
sdcl.ics.uci.edu/page/13
sdcl.ics.uci.edu/
sdcl.ics.uci.edu/
sdcl.ics.uci.edu/2011/04/attending-icse
sdcl.ics.uci.edu/2011/04/249
sdcl.ics.uci.edu/2011/04/microsoft-seif-award
sdcl.ics.uci.edu/
sdcl.ics.uci.edu/2011/04/nick-mangano-presents-at-arcs-dinner
sdcl.ics.uci.edu/2011/06/brazilian-collaborators-visit-sdcl
www.ics.uci.edu/~nmoura
sdcl.ics.uci.edu/2011/06/graduates
sdcl.ics.uci.edu/2011/06/attending-hcic
sdcl.ics.uci.edu/2011/07/848
sdcl.ics.uci.edu/2011/08/nsf-grant-for-calico
sdcl.ics.uci.edu/2011/08/tablets
sdcl.ics.uci.edu/2011/08/distributed-collaboration-grant
sdcl.ics.uci.edu/2011/09/883/cmu_p1040919
sdcl.ics.uci.edu/2011/09/883/cmu_p1040924
cradl.ics.uci.edu
cradl.ics.uci.edu/comments/feed
cradl.ics.uci.edu/feed
cradl.ics.uci.edu/wp-login.php
cradl.ics.uci.edu/wp-login.php
cradl.ics.uci.edu/sucses-is-coming
cradl.ics.uci.edu/category/cradl-news
cradl.ics.uci.edu/
cradl.ics.uci.edu/
cradl.ics.uci.edu/
cradl.ics.uci.edu/publications
cradl.ics.uci.edu/projects
cradl.ics.uci.edu/
cradl.ics.uci.edu/
cradl.ics.uci.edu/theseus
cradl.ics.uci.edu/
hana.ics.uci.edu/projects/virtual-team.php
cradl.ics.uci.edu/
cradl.ics.uci.edu/
cradl.ics.uci.edu/
cradl.ics.uci.edu/
www.ics.uci.edu/~etrainer
www.ics.uci.edu/~redmiles/inf143-SQ08
www.ics.uci.edu/~redmiles/inf143-SQ08/links.html
www.ics.uci.edu/~redmiles/inf143-SQ08/schedule.html
www.ics.uci.edu/~redmiles/inf143-SQ09/example4.htm
cradl.ics.uci.edu/
cradl.ics.uci.edu/
www.ics.uci.edu/~pr-react
www.ics.uci.edu/~balani
www.ics.uci.edu/~ses
www.ics.uci.edu/~bsemaan
www.ics.uci.edu/~balani/Publications.html
cradl.ics.uci.edu/people
cradl.ics.uci.edu/
www.ics.uci.edu/~taow4
cradl.ics.uci.edu/news
sdcl.ics.uci.edu/2011/09/883
sdcl.ics.uci.edu/2011/10/902
sdcl.ics.uci.edu/2011/11/seworld-sdcl
sdcl.ics.uci.edu/research/lighthouse
sdcl.ics.uci.edu/2011/12/sdcl-on-github
sdcl.ics.uci.edu/2012/02/calico-at-cscw-2012
sdcl.ics.uci.edu/research/calico
sdcl.ics.uci.edu/2012/02/calico-demo-available
sdcl.ics.uci.edu/2012/03/sdcl-hosts-scale
sdcl.ics.uci.edu/2012/03/welcome-thomas-latoza
sdcl.ics.uci.edu/2012/03/marian-petre-visit
sdcl.ics.uci.edu/2012/03/papers-accepted
sdcl.ics.uci.edu/2012/04/welcome-alfredo-motta
sdcl.ics.uci.edu/2012/04/brazilian-collaborators-visit
sdcl.ics.uci.edu/2012/05/isr-research-forum
sdcl.ics.uci.edu/2012/06/icse-2012
sdcl.ics.uci.edu/2012/09/welcome-christian
sdcl.ics.uci.edu/2012/09/welcome-michele
sdcl.ics.uci.edu/2012/09/scale-meeting-in-nebraska
sdcl.ics.uci.edu/directions
sdcl.ics.uci.edu/2012/09/sdcl-has-moved
sdcl.ics.uci.edu/2012/10/groupwork-on-tablets
sdcl.ics.uci.edu/2012/10/welcome-sergio
sdcl.ics.uci.edu/2012/11/affinity-diagramming
sdcl.ics.uci.edu/2012/12/porchlight-icse-paper
sdcl.ics.uci.edu/2012/12/marian-petre-visit-2
sdcl.ics.uci.edu/2012/12/michele-thanks
sdcl.ics.uci.edu/2013/02/sdcl-icse-papers
sdcl.ics.uci.edu/2013/03/arie-van-deursen-visit
sdcl.ics.uci.edu/2013/04/scale-meeting-in-snowy-pittsburgh
sdcl.ics.uci.edu/2013/04/jane-cleland-huang-visit
sdcl.ics.uci.edu/2013/05/lionel-briand-visit
sdcl.ics.uci.edu/2013/05/icse-2013
sdcl.ics.uci.edu/2013/05/isr-research-forum-2
sdcl.ics.uci.edu/2013/07/fuse-2003
sdcl.ics.uci.edu/2013/09/crowdcode-at-crowdconf
sdcl.ics.uci.edu/2013/09/congrats-dr-nick
sdcl.ics.uci.edu/2013/09/welcome-namrata
sdcl.ics.uci.edu/2013/10/article-published-in-empirical-software-engineering-journal
sdcl.ics.uci.edu/2013/10/scale-at-ibms-t-j-watson-research-center
sdcl.ics.uci.edu/2013/10/crowdconf-2013
sdcl.ics.uci.edu/2013/10/visit-to-ge-research
sdcl.ics.uci.edu/2013/11/2013-acm-distinguished-scientists
sdcl.ics.uci.edu/2013/12/paper-on-calico-to-appear-at-chi-2014
sdcl.ics.uci.edu/2013/12/new-workshop-on-crowdsourcing-in-software-engineering
sdcl.ics.uci.edu/2013/12/visit-to-mobileworks
sdcl.ics.uci.edu/2014/02/new-scholarships
sdcl.ics.uci.edu/2014/02/welcome-mengyao
sdcl.ics.uci.edu/2014/03/marian-petre-visit-3
sdcl.ics.uci.edu/2014/04/tablet-tower-to-server-tower
sdcl.ics.uci.edu/2014/04/new-visitors-from-the-netherlands
sdcl.ics.uci.edu/2014/04/visit-to-mobileworks-2
sdcl.ics.uci.edu/2014/04/won-2nd-place-in-2014-annual-autism-appjam
sdcl.ics.uci.edu/2014/04/chi2014
sdcl.ics.uci.edu/2014/05/scale-meeting-at-uc-irvine
sdcl.ics.uci.edu/2014/05/meet-the-sdcl-beowulf-cluster
sdcl.ics.uci.edu/2014/06/welcome-danilo-and-william
sdcl.ics.uci.edu/2014/06/icse-2014
sdcl.ics.uci.edu/2014/06/grant-on-crowd-programming
sdcl.ics.uci.edu/2014/07/congratulations-to-the-uc-irvine-design-competition-winners
sdcl.ics.uci.edu/2014/07/welcome-gleiph
sdcl.ics.uci.edu/2014/07/press-on-crowd-programming-grant
sdcl.ics.uci.edu/2014/07/crowd-programming-featured-on-acm-technews
sdcl.ics.uci.edu/2014/08/codeexchange
sdcl.ics.uci.edu/2014/08/thesis-defense-congratulations
sdcl.ics.uci.edu/2014/09/welcome-arturo-and-fabio
sdcl.ics.uci.edu/2014/10/welcome-consuelo
sdcl.ics.uci.edu/2014/10/uist-2014
sdcl.ics.uci.edu/category/uncategorized
sdcl.ics.uci.edu/author/andre
sdcl.ics.uci.edu/author/andre/page/2
sdcl.ics.uci.edu/author/andre/page/3
sdcl.ics.uci.edu/author/andre/page/4
sdcl.ics.uci.edu/author/andre/page/5
sdcl.ics.uci.edu/author/andre/page/6
sdcl.ics.uci.edu/author/andre/page/7
sdcl.ics.uci.edu/author/andre/page/8
sdcl.ics.uci.edu/author/andre/page/9
sdcl.ics.uci.edu/author/andre/page/10
sdcl.ics.uci.edu/author/andre/page/11
sdcl.ics.uci.edu/2014/10/plateau-2014
sdcl.ics.uci.edu/2014/11/nick-dissertation-award
sdcl.ics.uci.edu/2014/12/congrats-dr-nick-lopez
sdcl.ics.uci.edu/research/codeexchange
sdcl.ics.uci.edu/2015/02/welcome-martin
sdcl.ics.uci.edu/2015/02/welcome-fernando
sdcl.ics.uci.edu/2015/02/we-won-the-reddit-hackathon
sdcl.ics.uci.edu/2015/03/crowdsourcing-affinity-diagrams
sdcl.ics.uci.edu/2015/03/paper-accepted-in-msr-2015
sdcl.ics.uci.edu/2015/03/fernando-and-his-team-won-best-presentation-at-iconference
sdcl.ics.uci.edu/2015/04/welcome-edgar
sdcl.ics.uci.edu/2015/05/lees-msr-2015-talk
sdcl.ics.uci.edu/2015/06/welcome-iago-and-nathan
sdcl.ics.uci.edu/2015/06/sdcl-in-icse-2015
sdcl.ics.uci.edu/2015/06/congratulations-thomas
sdcl.ics.uci.edu/2015/06/end-of-quarter-lunch-2
sdcl.ics.uci.edu/2015/06/welcome-gabriel
sdcl.ics.uci.edu/2015/11/we-wish-martin-medina-well
sdcl.ics.uci.edu/2015/11/sdcl-at-ase-2015
sdcl.ics.uci.edu/2015/11/welcome-thomas-kwak
sdcl.ics.uci.edu/2015/12/crowdsourcing-affinity-diagrams-2
sdcl.ics.uci.edu/2015/12/simse
sdcl.ics.uci.edu/2016/01/congratulations-lee-martie
sdcl.ics.uci.edu/2016/01/new-scholarship
sdcl.ics.uci.edu/2016/02/we-redecorated-the-conference-room-crowdsourcing-affinity-diagrams
sdcl.ics.uci.edu/2016/03/congratulations-sara
sdcl.ics.uci.edu/2016/03/congratulations-dr-gerald
sdcl.ics.uci.edu/2016/03/lee-was-awarded-the-ibm-fellowship
sdcl.ics.uci.edu/2016/03/affinity-diagram-session
sdcl.ics.uci.edu/2016/04/congratulations-to-arturo-di-lecce
sdcl.ics.uci.edu/2016/05/sdcl-team-in-data-science-hackathon
sdcl.ics.uci.edu/2016/05/consuelos-icse-2016-presentation
sdcl.ics.uci.edu/2016/05/i-htm
sdcl.ics.uci.edu/2017/06/congratulations-to-thomas-kwak
sdcl.ics.uci.edu/category/travel
sdcl.ics.uci.edu/category/travel/page/2
sdcl.ics.uci.edu/category/travel/page/3
sdcl.ics.uci.edu/author/adriana
sdcl.ics.uci.edu/category/conference
sdcl.ics.uci.edu/2018/07/adrianas-icse-2018-presentation
sdcl.ics.uci.edu/category/visit
sdcl.ics.uci.edu/2018/07/marian-petre-in-collaboration-with-sdcl
sdcl.ics.uci.edu/tag/lab-updates
sdcl.ics.uci.edu/2018/10/new-members-of-the-sdcl
sdcl.ics.uci.edu/tag/ice-cream
sdcl.ics.uci.edu/2018/10/ice-cream-meeting-sdcl-social
sdcl.ics.uci.edu/2018/12/saying-goodbye-and-welcome
sdcl.ics.uci.edu/2019/01/philip-guo-to-visit-sdcl
sdcl.ics.uci.edu/tag/visit
sdcl.ics.uci.edu/tag/former-student
sdcl.ics.uci.edu/2019/03/lunch-meeting-with-consuelo-lopez
sdcl.ics.uci.edu/category/workshop
sdcl.ics.uci.edu/author/dkutas
sdcl.ics.uci.edu/tag/workshop
sdcl.ics.uci.edu/tag/uci
sdcl.ics.uci.edu/tag/software
sdcl.ics.uci.edu/tag/social
sdcl.ics.uci.edu/tag/research
sdcl.ics.uci.edu/tag/platforms
sdcl.ics.uci.edu/tag/guests
sdcl.ics.uci.edu/tag/development
redmiles.ics.uci.edu
redmiles.ics.uci.edu/teaching
www.ics.uci.edu/~redmiles/ics227-FQ01
www.ics.uci.edu/~redmiles/ics125-FQ01
www.ics.uci.edu/~redmiles/ics125-FQ01/assignments/teamlog.html
www.ics.uci.edu/~redmiles/ics125-FQ01/assignments
www.ics.uci.edu/~arijitg/students.html
www.ics.uci.edu/~redmiles/ics125-FQ01/projects
www.ics.uci.edu/~redmiles/ics280-WQ02
www.ics.uci.edu/~redmiles/ics229-SQ03
www.ics.uci.edu/~mvieira
www.ics.uci.edu/~redmiles/ics131-FQ03
www.ics.uci.edu/~redmiles/ics131-FQ03/links.html
www.ics.uci.edu/~redmiles/ics131-FQ03/schedule.html
www.ics.uci.edu/~redmiles/ics131-FQ03/week09IP/131UCPatent.txt
www.ics.uci.edu/~redmiles/ics131-FQ03/week09IP/131MusicLegaIissues.txt
www.ics.uci.edu/~redmiles/ics131-FQ03/week06everyday/LATimesIntel.html
www.ics.uci.edu/~redmiles/ics131-FQ03/week04privacy/PrivacyAct.htm
www.ics.uci.edu/~redmiles/ics131-FQ03/week04privacy/BillOfRights.htm
www.ics.uci.edu/~redmiles/ics131-FQ03/announcements.html
www.ics.uci.edu/~redmiles/ics221-FQ03
www.ics.uci.edu/~cdesouza
www.ics.uci.edu/~edashofy
www.ics.uci.edu/~wscacchi
www.ics.uci.edu/%7Ewscacchi/Presentations/SSDVE
www.ics.uci.edu/%7Ewscacchi/Process_Life_Cycle.html
www.ics.uci.edu/%7Ewscacchi/Papers/KnowledgeWeb
www.ics.uci.edu/%7Ewscacchi
www.ics.uci.edu/%7Ewscacchi/Presentations/OSS-Requirements
www.ics.uci.edu/%7Ewscacchi/Papers/Vintage/Software_Productivity.html
www.ics.uci.edu/%7Ewscacchi/publications.html
www.ics.uci.edu/%7Ewscacchi/Papers/VISTA/VISTA.html
www.ics.uci.edu/%7Ewscacchi/Papers/Software_Process_Redesign
www.ics.uci.edu/%7Ewscacchi/ResearchBio.html
www.ics.uci.edu/~wscacchi/vita.html
www.ics.uci.edu/~wscacchi/Pubs-Process.html
www.ics.uci.edu/~wscacchi/Pubs-SF.html
www.ics.uci.edu/C%7C/Walt%27s%20Stuff/WS/Pubs-OrgStudies.html
www.ics.uci.edu/~wscacchi/Pubs-OrgStudies.html
www.ics.uci.edu/%7Ewscacchi/Pubs-Process.html
www.ics.uci.edu/~jrobbins
www.ics.uci.edu/~alspaugh
www.ics.uci.edu/~jrobbins/designenv
www.ics.uci.edu/~kobsa/courses/ICS104/_notes/start.htm
www.ics.uci.edu/~lopes/aop/aop.html
www.ics.uci.edu/~redmiles/ics221-FQ03/guidelines.html
www.ics.uci.edu/~redmiles/ics221-FQ03/links.html
www.ics.uci.edu/~redmiles/ics227-SQ04
www.ics.uci.edu/~redmiles/ics1227-SQ04/announcements.html
www.ics.uci.edu/~redmiles/ics227-SQ04/projects.html
www.ics.uci.edu/~redmiles/ics227-SQ04/papers.html
www.ics.uci.edu/~redmiles/ics131-FQ04
www.ics.uci.edu/~redmiles/ics131-FQ04/linksandresources.html
www.ics.uci.edu/~redmiles/ics131-FQ04/schedule.html
www.ics.uci.edu/~redmiles/ics203b-SQ05
www.ics.uci.edu/~redmiles/ics203b-SQ05/links.html
www.ics.uci.edu/~redmiles/ics203b-SQ05/term-abstracts-2002.html
www.ics.uci.edu/~redmiles/ics203b-SQ05/schedule.html
www.ics.uci.edu/~redmiles/ics205-FQ05
www.ics.uci.edu/~redmiles/ics205-FQ05/links.html
www.ics.uci.edu/~redmiles/ics205-FQ05/schedule.html
www.ics.uci.edu/~redmiles/ics229-WQ06
www.ics.uci.edu/~redmiles/ics104-WQ06
www.ics.uci.edu/~redmiles/ics104-WQ06/links.html
www.ics.uci.edu/~redmiles/ics104-WQ06/schedule.html
www.ics.uci.edu/~redmiles/ics104-WQ06/assignments/assignment1.htm
www.ics.uci.edu/~redmiles/inf44-SQ07
www.ics.uci.edu/~redmiles/inf44-SQ07/links.html
www.ics.uci.edu/~redmiles/inf44-SQ07/schedule.html
www.ics.uci.edu/~redmiles/inf233-FQ07
www.ics.uci.edu/~redmiles/inf143-SQ09
www.ics.uci.edu/~redmiles/inf143-SQ09/links.html
www.ics.uci.edu/~redmiles/inf143-SQ09/schedule.html
www.ics.uci.edu/~redmiles/inf143-SQ09/Assignment2/Inf143-ExploringManyEyes.htm
www.ics.uci.edu/~redmiles/inf143-SQ09/Assignment1/assignment1.htm
www.ics.uci.edu/~redmiles/inf143-SQ09/Assignment1
redmiles.ics.uci.edu/people
redmiles.ics.uci.edu/reviewings
redmiles.ics.uci.edu/organizing
redmiles.ics.uci.edu/research
redmiles.ics.uci.edu/publication
www.ics.uci.edu/~brodbeck
www.ics.uci.edu/%7Earcadia
www.ics.uci.edu/%7Eirus
www.ics.uci.edu/CORPS
www.ics.uci.edu/%7Eicgse2016
sdcl.ics.uci.edu/2019/05/exploring-the-unexplored-in-social-software-development-platforms
sdcl.ics.uci.edu/category/competition
sdcl.ics.uci.edu/tag/butterworth
sdcl.ics.uci.edu/2019/06/butterworth-design-competition-linecept-and-voice-guardians
sdcl.ics.uci.edu/2019/07/design-chatbots-talk-for-i-surf-2019-research-summer-program
sdcl.ics.uci.edu/2019/07/sdcl-lunch-with-i-surf-students
sdcl.ics.uci.edu/2019/07/i-surf-undergraduate-students-presented-progress-on-their-summer-research-projects
sdcl.ics.uci.edu/category/news
sdcl.ics.uci.edu/category/news/page/2
sdcl.ics.uci.edu/category/news/page/3
sdcl.ics.uci.edu/category/news/page/4
sdcl.ics.uci.edu/category/news/page/5
sdcl.ics.uci.edu/category/news/page/6
sdcl.ics.uci.edu/category/news/page/7
sdcl.ics.uci.edu/category/news/page/8
sdcl.ics.uci.edu/category/news/page/9
sdcl.ics.uci.edu/category/news/page/10
sdcl.ics.uci.edu/tag/linecept
sdcl.ics.uci.edu/2019/10/linecept-use-class
sdcl.ics.uci.edu/research/knocap-2
sdcl.ics.uci.edu/research/chatbots
sdcl.ics.uci.edu/research/linecept
www.ics.uci.edu/~perl
www.ics.uci.edu/community/news/spotlight/spotlight_russell.php
www.ics.uci.edu/community/news/spotlight
www.ics.uci.edu/community/news/articles/view_article
www.ics.uci.edu/community/news/articles/view_article
www.ics.uci.edu/community/news/press/view_press
cml.ics.uci.edu
cml.ics.uci.edu/
cml.ics.uci.edu/category/news/page/2
cml.ics.uci.edu/category/news/page/3
cml.ics.uci.edu/category/news/page/4
cml.ics.uci.edu/category/news/page/5
cml.ics.uci.edu/category/news/page/6
cml.ics.uci.edu/category/news/page/7
cml.ics.uci.edu/category/news/page/8
cml.ics.uci.edu/category/news/page/9
cml.ics.uci.edu/2006/03/2006_muriaward
cml.ics.uci.edu/tag/news
cml.ics.uci.edu/tag/news/page/2
cml.ics.uci.edu/tag/news/page/3
cml.ics.uci.edu/tag/news/page/4
cml.ics.uci.edu/tag/news/page/5
cml.ics.uci.edu/tag/news/page/6
cml.ics.uci.edu/2006/03/2006_smythstern
cml.ics.uci.edu/2006/05/2006_davidvandyk
cml.ics.uci.edu/2006/05/2006_arthurasuncion
cml.ics.uci.edu/2006/07/2006_nytimes
cml.ics.uci.edu/2006/08/2006_chenligoogle2006
cml.ics.uci.edu/2006/10/2006_microsoft
cml.ics.uci.edu/2006/10/2006_baldichancellor
cml.ics.uci.edu/2006/10/2006_netflix
cml.ics.uci.edu/2006/10/2006_cmlnips
cml.ics.uci.edu/2007/01/2007_jainbestpaper
cml.ics.uci.edu/2007/04/2007_baldiaaai
cml.ics.uci.edu/2007/08/2007_jcdl
cml.ics.uci.edu/2007/08/2007_igbgrant
cml.ics.uci.edu/2007/08/2007_studentscomp
cml.ics.uci.edu/2007/08/2007_speakerseries0708
cml.ics.uci.edu/2007/12/2007_nips
cml.ics.uci.edu/2007/12/2007_yahoogift
cml.ics.uci.edu/2007/12/2007_honors
cml.ics.uci.edu/2007/12/2007_newfaculty
cml.ics.uci.edu/2008/09/2008_speakerseries0809
cml.ics.uci.edu/2008/09/2008_newmanimls
cml.ics.uci.edu/2008/09/2008_networkgrant
cml.ics.uci.edu/2008/09/2008_lhc
cml.ics.uci.edu/2008/10/2008_vision
cml.ics.uci.edu/2008/12/2008_fowlkesgrant
cml.ics.uci.edu/
cml.ics.uci.edu/2009/02/2009_yahoogift2
cml.ics.uci.edu/2009/04/2009_fellowships
cml.ics.uci.edu/2009/06/2009_smythaward
www.ics.uci.edu/community/news/press/view_press
cml.ics.uci.edu/2009/10/2009_li2009
cml.ics.uci.edu/2009/10/2009_speakerseries0910
cml.ics.uci.edu/2009/10/2009_marr
cml.ics.uci.edu/2010/04/2010_newmaneager
fr.ics.uci.edu/haiti/ 
cml.ics.uci.edu/2010/04/2010_linsf
cml.ics.uci.edu/2010/05/2010_vandykims
cml.ics.uci.edu/2010/05/2010_lixieintel
cml.ics.uci.edu/2010/06/2010_baldicaianiello
cml.ics.uci.edu/2010/07/2010_smythaaai
cml.ics.uci.edu/2010/09/2010_wellingeccv
cml.ics.uci.edu/2011/09/2011_wellingpami
cml.ics.uci.edu/2011/09/2011_smythkdd
cml.ics.uci.edu/2011/09/2011_fellowships
cml.ics.uci.edu/2011/09/2011_scmlworkshop
cml.ics.uci.edu/2012/07/2012_icmlbestpaper
cml.ics.uci.edu/2012/07/2012_fellowships
cml.ics.uci.edu/2012/08/2012_uaidomination
cml.ics.uci.edu/2012/09/fall-2012
cml.ics.uci.edu/2013/01/winter-2013
www.ics.uci.edu/~babaks/Site/Codes.html
www.ics.uci.edu/~lboyles
www.ics.uci.edu/~djp3
cml.ics.uci.edu/category/aiml
cml.ics.uci.edu/category/aiml/page/2
cml.ics.uci.edu/category/aiml/page/3
www.ics.uci.edu/~akoratti
cml.ics.uci.edu/2013/03/spring-2013-2
cml.ics.uci.edu/2013/03/spring-2013
www.ics.uci.edu/~slan
www.ics.uci.edu/~ychen
cml.ics.uci.edu/2013/09/fall-2013
www.ics.uci.edu/~jfoulds
www.ics.uci.edu/~mlevorat
www.ics.uci.edu/~agelfand
www.ics.uci.edu/~rcammaro
cml.ics.uci.edu/2014/01/winter-2014
www.ics.uci.edu/~xzhu
www.ics.uci.edu/~iypark
www.ics.uci.edu/~qliu1
cml.ics.uci.edu/2014/03/spring-2014
www.ics.uci.edu/~akhavans/mySite/Welcome.html
cml.ics.uci.edu/2014/09/fall-2014
www.ics.uci.edu/~pjsadows
cml.ics.uci.edu/2015/01/winter-2015
cml.ics.uci.edu/2015/03/spring-2015
www.ics.uci.edu/~gghiasi
cml.ics.uci.edu/2015/09/fall-2015
www.ics.uci.edu/~willmlam
cml.ics.uci.edu/2016/01/winter-2016
cml.ics.uci.edu/2016/04/spring-2016
www.ics.uci.edu/~wping
cml.ics.uci.edu/2016/10/fall-2016
cml.ics.uci.edu/2017/01/winter-2017
www.ics.uci.edu/~jsupanci
cml.ics.uci.edu/2017/04/spring-2017
www.ics.uci.edu/~qlou
cml.ics.uci.edu/2017/10/fall-2017
www.ics.uci.edu/~enalisni
cml.ics.uci.edu/2018/01/winter-2018
www.ics.uci.edu/~skong2
www.ics.uci.edu/~skong2/DimensionalEmotionModel.html
www.ics.uci.edu/~skong2/PAG.html
www.ics.uci.edu/~skong2/pollen_BIC.html
www.ics.uci.edu/~skong2/pano4pose.html
www.ics.uci.edu/~skong2/recurrentDepthSeg
www.ics.uci.edu/~skong2/SMMMSG.html
www.ics.uci.edu/~skong2/pff.html
www.ics.uci.edu/~skong2/mgpff.html
cml.ics.uci.edu/2018/04/spring-2018
cml.ics.uci.edu/2018/09/fall-2018
www.ics.uci.edu/~daeyuns/layered-epipolar-cnn
cml.ics.uci.edu/2019/04/spring-2019
cml.ics.uci.edu/2019/09/fall-2019
www.cs.uci.edu/ph-d-student-phanwadee-sinthong-and-professor-carey-win-best-student-paper-award
www.cs.uci.edu/uci-led-project-seeks-to-combat-wildfires
www.cs.uci.edu/computer-science-majors-preston-tai-and-brandon-tom-appointed-urop-fellows
www.cs.uci.edu/zotbins-and-zero-waste-anteaters-support-uc-goal-for-2020
www.ics.uci.edu/community/news/view_news
www.ics.uci.edu/community/news/view_news
www.cs.uci.edu/explore-virtual-reality-with-new-vr-headsets-loan-program-and-workshop
www.cs.uci.edu/zotbot-competing-in-the-alexa-prize-socialbot-grand-challenge
www.cs.uci.edu/uci-news-nine-uci-researchers-named-aaas-fellows
www.cs.uci.edu/spectrum-news-uc-researchers-teach-computer-to-solve-rubiks-cube-video
www.cs.uci.edu/developing-a-data-analytics-course-for-low-income-high-schools
www.cs.uci.edu/ics-partnership-with-ai2-leads-to-a-new-toolkit-and-best-demo-paper-award
www.cs.uci.edu/professor-regan-and-ph-d-student-reza-asadi-win-best-paper-award
www.cs.uci.edu/professor-tsudik-shares-cybersecurity-expertise-during-fulbright-specialist-visit-in-myanmar
www.cs.uci.edu/professor-michael-franz-elected-ifip-fellow
www.cs.uci.edu/professor-tsudik-elected-to-inaugural-cohort-of-ifip-fellows
www.cs.uci.edu/professor-tsudik-receives-src-grant-for-research-on-security-of-low-end-iot-devices
www.cs.uci.edu/student-spotlight-veteran-mario-rodriguez-thankful-for-opportunity-to-serve
www.cs.uci.edu/professor-franz-awarded-another-u-s-patent
www.cs.uci.edu/professor-franzs-paper-wins-test-of-time-award
www.cs.uci.edu/uci-researchers-present-at-black-hat-2019
www.cs.uci.edu/sang-woo-jun-awarded-funding-for-two-new-projects
www.cs.uci.edu/uci-machine-learning-repository-to-receive-1-8-million-upgrade
www.cs.uci.edu/student-spotlight-ryan-yang-and-the-instant-popularity-of-boba-watch
www.cs.uci.edu/sergio-gago-masague-collaborates-on-1-8m-grant-to-counter-negative-medication-beliefs
www.cs.uci.edu/financial-times-cyber-fraud-techniques-evolve-into-confidence-trick-arms-race-ian-harris-quoted
www.cs.uci.edu/ics-welcomes-8-new-faculty-for-2019
www.cs.uci.edu/sangeetha-abdu-jyothi-attends-the-heidelberg-laureate-forum
www.cs.uci.edu/senior-spotlight-taneisha-arora-pursues-her-passions-from-working-in-industry-to-running-a-bakery
www.cs.uci.edu/turings-invisible-hand-blind-folks-and-the-evolving-elephant-by-vijay-vazirani
www.cs.uci.edu/ramesh-jain-wins-inaugural-ieee-tcmc-impact-award
www.cs.uci.edu/turings-invisible-hand-matching-markets-simons-driven-by-theory-driving-the-economy-vijay-vazirani-mentioned
www.cs.uci.edu/uci-other-researchers-develop-deep-learning-technique-to-id-at-risk-anatomy-in-ct-scans
www.cs.uci.edu/science-101-ai-solves-a-rubiks-cube-without-human-help-pierre-baldi-research-mentioned
www.cs.uci.edu/qualcomm-funds-research-projects-in-computer-vision-and-machine-learning
www.cs.uci.edu/professor-chens-talk-on-self-driving-security-wins-hotsec-awards
www.cs.uci.edu/uci-team-uses-machine-learning-to-help-tell-which-wildfires-will-burn-out-of-control-padhraic-smyth-mentioned
www.cs.uci.edu/multidisciplinary-graduate-training-program-advances-wildfire-prediction-research
www.cs.uci.edu/nsf-continues-funding-for-asterixdb-with-2m-grant
aiclub.ics.uci.edu
www.ics.uci.edu/~baihaow
www.ics.uci.edu/community/news/view_news
www.ics.uci.edu/ugrad/degrees/degree_se.php
www.ics.uci.edu/ugrad/degrees
studentcouncil.ics.uci.edu/clubs.html
www.ics.uci.edu/~swjun/mintcloud.htm
www.ics.uci.edu/~yeouln
www.ics.uci.edu/~dokyungs
www.ics.uci.edu/~rasadi
www.cs.uci.edu/job-opportunities
www.cs.uci.edu/undergraduate-programs
www.ics.uci.edu/ugrad/sao/Appts_Walk-Ins.php
www.ics.uci.edu/ugrad/sao
ugradforms.ics.uci.edu
www.ics.uci.edu/ugrad/sao/SAO_Events.php
www.cs.uci.edu/current-graduate-students
www.ics.uci.edu/computing
www.ics.uci.edu/grad/policies/GradPolicies_SexualHarassment.php
www.ics.uci.edu/grad/policies
www.ics.uci.edu/grad/policies/GradPolicies_TransferCredit.php
www.ics.uci.edu/grad/policies/GradPolicies_ResidencyReqt.php
www.ics.uci.edu/grad/policies/GradPolicies_PreviousMSdegree.php
www.ics.uci.edu/grad/policies/GradPolicies_GradStudentReview.php
www.ics.uci.edu/grad/policies/GradPolicies_Grading.php
www.ics.uci.edu/grad/policies/GradPolicies_EnrollmentStatus.php
www.ics.uci.edu/computing/policy/ethics.php
www.ics.uci.edu/grad/policies/GradPolicies_CPT_OPT.php
www.ics.uci.edu/grad/policies/GradPolicies_CopyrightInfringement.php
www.ics.uci.edu/computing/policy/index.php
www.ics.uci.edu/grad/policies/GradPolicies_ComprehensiveExam.php
www.ics.uci.edu/grad/policies/GradPolicies_CommitteeMembers.php
www.ics.uci.edu/grad/policies/GradPolicies_CandidacyCommittee.php
www.ics.uci.edu/grad/policies/GradPolicies_CAResidency.php
www.ics.uci.edu/grad/policies/GradPolicies_AdvanceCandidacy.php
www.cs.uci.edu/graduate-computer-science-programs
www.ics.uci.edu/grad/degrees/degree_cs.php
www.ics.uci.edu/grad/degrees
www.cs.uci.edu/research-centers
www.ics.uci.edu/~projects/cert
www.ics.uci.edu/~theory
www.ics.uci.edu/~darkhipo
www.ics.uci.edu/~ttrbst
www.ics.uci.edu/~mosegued
www.ics.uci.edu/~nmamano/knightstour.html
www.ics.uci.edu/~nmamano
www.ics.uci.edu/~jamesal1
www.ics.uci.edu/~khodabah
www.ics.uci.edu/~ehavvaei
www.ics.uci.edu/~kgajulap
www.ics.uci.edu/~dfrishbe
www.ics.uci.edu/~mikes
www.cs.uci.edu/cs-research-areas
www.ics.uci.edu/faculty/profiles/view_faculty.php
www.ics.uci.edu/faculty/profiles/view_faculty.php
www.ics.uci.edu/faculty/profiles/view_faculty.php
www.ics.uci.edu/faculty/profiles/view_faculty.php
www.ics.uci.edu/faculty/profiles/view_faculty.php
www.ics.uci.edu/faculty/profiles/view_faculty.php
www.ics.uci.edu/faculty/profiles/view_faculty.php
www.ics.uci.edu/faculty/profiles/view_faculty.php
www.ics.uci.edu/faculty/profiles/view_faculty.php
www.ics.uci.edu/faculty/profiles/view_faculty.php
www.ics.uci.edu/faculty/profiles/view_faculty.php
www.ics.uci.edu/faculty/profiles/view_faculty.php
www.ics.uci.edu/faculty/profiles/view_faculty.php
www.ics.uci.edu/faculty/profiles/view_faculty.php
www.ics.uci.edu/faculty/profiles/view_faculty.php
www.ics.uci.edu/faculty/profiles/view_faculty.php
www.ics.uci.edu/faculty/profiles/view_faculty.php
www.ics.uci.edu/faculty/profiles/view_faculty.php
www.ics.uci.edu/faculty/profiles/view_faculty.php
www.ics.uci.edu/faculty/profiles/view_faculty.php
www.ics.uci.edu/faculty/profiles/view_faculty.php
www.ics.uci.edu/faculty/profiles/view_faculty.php
www.ics.uci.edu/faculty/profiles/view_faculty.php
www.ics.uci.edu/faculty/profiles/view_faculty.php
www.ics.uci.edu/faculty/profiles/view_faculty.php
www.ics.uci.edu/faculty/profiles/view_faculty.php
www.ics.uci.edu/faculty/profiles/view_faculty.php
www.ics.uci.edu/faculty/profiles/view_faculty.php
www.ics.uci.edu/faculty/profiles/view_faculty.php
www.ics.uci.edu/faculty/profiles/view_faculty.php
www.ics.uci.edu/faculty/profiles/view_faculty.php
www.ics.uci.edu/faculty/profiles/view_faculty.php
www.ics.uci.edu/faculty/profiles/view_faculty.php
www.ics.uci.edu/faculty/profiles/view_faculty.php
www.ics.uci.edu/faculty/profiles/view_faculty.php
www.ics.uci.edu/faculty/profiles/view_faculty.php
www.ics.uci.edu/faculty/profiles/view_faculty.php
www.ics.uci.edu/faculty/profiles/view_faculty.php
www.ics.uci.edu/faculty/profiles/view_faculty.php
www.ics.uci.edu/faculty/profiles/view_faculty.php
www.ics.uci.edu/faculty/profiles/view_faculty.php
www.ics.uci.edu/faculty/area
www.informatics.uci.edu/explore/faculty-profiles/debra-richardson
www.ics.uci.edu/faculty/profiles/view_faculty.php
www.ics.uci.edu/faculty/profiles/view_faculty.php
www.ics.uci.edu/faculty/profiles/view_faculty.php
www.ics.uci.edu/faculty/profiles/view_faculty.php
www.ics.uci.edu/faculty/profiles/view_faculty.php
www.ics.uci.edu/faculty/profiles/view_faculty.php
www.ics.uci.edu/faculty/profiles/view_faculty.php
www.ics.uci.edu/faculty/profiles/view_faculty.php
www.ics.uci.edu/faculty/profiles/view_faculty.php
www.ics.uci.edu/faculty/profiles/view_faculty.php
www.ics.uci.edu/faculty/profiles/view_faculty.php
www.ics.uci.edu/faculty/profiles/view_faculty.php
www.ics.uci.edu/faculty/profiles/view_faculty.php
www.ics.uci.edu/faculty/profiles/view_faculty.php
www.ics.uci.edu/faculty/profiles/view_faculty.php
www.ics.uci.edu/faculty/profiles/view_faculty.php
www.ics.uci.edu/faculty/profiles/view_faculty.php
www.ics.uci.edu/faculty/profiles/view_faculty.php
www.ics.uci.edu/faculty/profiles/view_faculty.php
www.informatics.uci.edu/explore/faculty-profiles/judy-olson
www.informatics.uci.edu/explore/faculty-profiles/gary-olson
www.ics.uci.edu/~golson
hana.ics.uci.edu/Gary_vita
www.ics.uci.edu/faculty/profiles/view_faculty.php
www.ics.uci.edu/faculty/profiles/view_faculty.php
www.informatics.uci.edu/explore/faculty-profiles/kai-zheng
www.ics.uci.edu/~zhengkai
www.informatics.uci.edu/explore/faculty-profiles/sean-young
www.ics.uci.edu/faculty/profiles/view_faculty.php
www.informatics.uci.edu/explore/faculty-profiles/hadar-ziv
www.informatics.uci.edu/explore/faculty-profiles/andre-van-der-hoek
www.informatics.uci.edu/explore/faculty-profiles/richard-taylor
www.informatics.uci.edu/explore/faculty-profiles/tess-tanenbaum
transformativeplay.ics.uci.edu
transformativeplay.ics.uci.edu/tpl-meeting-scheduler
transformativeplay.ics.uci.edu/classes
transformativeplay.ics.uci.edu/
transformativeplay.ics.uci.edu/
transformativeplay.ics.uci.edu/classes/in4rmatx-295-digital-media-games
transformativeplay.ics.uci.edu/classes/ics-163-mobile-ubiquitous-games
transformativeplay.ics.uci.edu/pervasive-games-film-festival
transformativeplay.ics.uci.edu/inf-242-winter-2017
transformativeplay.ics.uci.edu/classes/ics-169-capstone
www.ics.uci.edu/community/events/gameday
www.ics.uci.edu/community/events
transformativeplay.ics.uci.edu/classes/inf-241-introduction-to-ubiquitous-computing
transformativeplay.ics.uci.edu/arvr-theater-syllabus
transformativeplay.ics.uci.edu/global-game-jam-2018
www.ics.uci.edu/about/facilities
transformativeplay.ics.uci.edu/classes/ics-169-ab-capstone-game-project-fall-2017
transformativeplay.ics.uci.edu/capstone18-19
transformativeplay.ics.uci.edu/2019-global-game-jam-at-uci
transformativeplay.ics.uci.edu/ics-169-a-b-capstone-game-project-2019-20
transformativeplay.ics.uci.edu/people-v-2
transformativeplay.ics.uci.edu/matt-knutson
transformativeplay.ics.uci.edu/juliet-norton
transformativeplay.ics.uci.edu/john-seberger
transformativeplay.ics.uci.edu/aubrey-slaughter
transformativeplay.ics.uci.edu/aaron-trammell
transformativeplay.ics.uci.edu/vincent-olivieri
transformativeplay.ics.uci.edu/michael-a-cowling
transformativeplay.ics.uci.edu/bonnie-bo-ruberg
transformativeplay.ics.uci.edu/jesse-collin-jackson
transformativeplay.ics.uci.edu/geoffrey-c-bowker
transformativeplay.ics.uci.edu/nazely-hartoonian
transformativeplay.ics.uci.edu/saumya-gupta
transformativeplay.ics.uci.edu/jeffrey-bryan
transformativeplay.ics.uci.edu/ke-jing
transformativeplay.ics.uci.edu/magia-transformo
transformativeplay.ics.uci.edu/daniel-gardner
transformativeplay.ics.uci.edu/karen-tanenbaum
transformativeplay.ics.uci.edu/Tess-Tanenbaum
transformativeplay.ics.uci.edu/research
transformativeplay.ics.uci.edu/tangible-storytelling
transformativeplay.ics.uci.edu/design-fiction
transformativeplay.ics.uci.edu/playful-fab
transformativeplay.ics.uci.edu/events
www.informatics.uci.edu/global-game-jam-spurs-inspiration-and-connectivity
www.informatics.uci.edu/2014/06
www.informatics.uci.edu/gillian-hayes-first-to-hold-new-kleist-informatics-chair
www.informatics.uci.edu/uc-irvine-news-ucis-first-14-computer-game-science-majors-are-set-to-graduate-el-zarki-frost-quoted
www.informatics.uci.edu/laguna-beach-coastline-pilot-school-cracks-code-of-student-involvement-lopes-quoted
www.informatics.uci.edu/boing-boing-what-open-learning-looks-like-when-its-for-kids-who-need-it-most-by-mimi-ito
www.informatics.uci.edu/grist-when-climate-disaster-strikes-just-hit-the-reset-button-nardi-research-cited
www.informatics.uci.edu/time-how-you-can-stop-email-from-taking-over-your-life-mark-quoted
www.informatics.uci.edu/lost-download-zotfinder
www.informatics.uci.edu/the-kernel-11-women-who-are-changing-geek-culture
www.informatics.uci.edu/close-to-the-trenches
www.informatics.uci.edu/1793
www.informatics.uci.edu/south-china-morning-post-the-facebook-afterlife-what-happens-to-your-digital-footprint-when-you-die-brubaker-quoted
www.informatics.uci.edu/oc-register-edison-high-school-students-study-cyber-savvy-ito-quoted
www.informatics.uci.edu/orange-county-business-journal-broadcom-uci-plan-tech-tourney
psearch.ics.uci.edu/about.html
www.informatics.uci.edu/2014/07
www.informatics.uci.edu/2014/08
www.informatics.uci.edu/2014/09
www.informatics.uci.edu/2014/11
www.informatics.uci.edu/2014/12
www.informatics.uci.edu/2015/01
www.informatics.uci.edu/2015/02
www.informatics.uci.edu/2015/03
www.informatics.uci.edu/ito-presents-on-connected-learning-at-sxswedu-conference
www.informatics.uci.edu/discover-how-facebook-keeps-paul-walkers-memory-alive-brubaker-quoted
www.informatics.uci.edu/ics-graduate-students-receive-prestigious-nsf-fellowship
www.informatics.uci.edu/bbc-a-generation-of-cyberslackers-mark-quoted
www.informatics.uci.edu/icssc-presents-google-themed-hackathon
www.informatics.uci.edu/uc-students-tour-peach-farm-meet-with-president-napolitano
www.informatics.uci.edu/professor-olson-recognized-by-google-co-founder
www.informatics.uci.edu/nmsu-roundup-video-game-labor-yields-economic-value-nardi-quoted
www.informatics.uci.edu/informatics-ph-d-student-receives-google-anita-borg-memorial-scholarship
www.informatics.uci.edu/the-conversation-teens-without-smartphones-encounter-a-new-digital-divide
www.informatics.uci.edu/fast-company-these-simple-tricks-will-help-you-regain-your-dwindling-focus-mark-quoted
www.informatics.uci.edu/digital-spy-learn-about-parasites-in-free-university-course-inspired-by-the-strain-ziv-mentioned
www.informatics.uci.edu/the-atlantic-inbox-zero-vs-inbox-5000-a-unified-theory-mark-quoted
www.informatics.uci.edu/uci-ranked-top-school-for-game-design-and-development-according-to-college-magazine-and-acr
www.informatics.uci.edu/report-shows-ics-grad-degrees-lead-to-high-paying-low-stress-jobs
www.informatics.uci.edu/boing-boing-why-minecraft-rewrites-the-playbook-for-learning-by-mimi-ito
www.informatics.uci.edu/ics-professors-make-computing-reviews-best-of-computing-notable-books-list
www.informatics.uci.edu/autism-appjam-highlights-academias-growing-impact-on-the-autism-community
www.informatics.uci.edu/nsf-awards-240000-grant-to-uci-trio-for-researching-distraction-in-security
www.informatics.uci.edu/financial-post-how-can-we-fix-workplace-productivity-mark-quoted
www.informatics.uci.edu/kobsa-edited-umuai-journal-celebrates-silver-anniversary
www.informatics.uci.edu/informatics-ph-d-student-speaks-about-consumer-privacy-at-tedxucirvine
www.informatics.uci.edu/lopes-book-acknowledged-as-best-programming-book-of-the-decade
www.informatics.uci.edu/benzinga-after-school-stem-camps-emphasize-minecraft-coding-skills-ito-quoted
www.informatics.uci.edu/jones-receives-acm-sigsoft-impact-paper-award
www.informatics.uci.edu/dourish-named-miegunyah-distinguished-visiting-fellow
www.informatics.uci.edu/marketplace-org-political-campaigns-fav-donations-via-twitter-ito-quoted
www.informatics.uci.edu/los-angeles-times-heres-how-members-of-the-burgeoning-digital-workforce-are-protecting-themselves-from-exploitation
www.informatics.uci.edu/van-der-hoek-to-speak-at-scsim-fall-event
www.informatics.uci.edu/san-jose-mercury-news-facebook-seeks-to-conquer-the-workplace-mark-quoted
www.informatics.uci.edu/we-are-hiring
www.informatics.uci.edu/ziv-collaborates-in-groundbreaking-nsf-funded-privacy-research
www.informatics.uci.edu/the-atlantic-is-email-evil-mark-quoted
www.informatics.uci.edu/time-company-bans-email-for-1-week-employee-stress-levels-plummet-mark-quoted
www.informatics.uci.edu/connected-learning-through-minecraft
www.informatics.uci.edu/informatics-ph-d-student-to-present-at-acm-dev-2015
www.informatics.uci.edu/the-new-yorker-death-by-flaming-water-ski-an-other-misfortunes-bowker-quoted
www.informatics.uci.edu/harnessing-the-power-of-new-technology
www.informatics.uci.edu/research-for-the-public-good
www.informatics.uci.edu/two-ics-professors-named-2015-acm-fellows
www.informatics.uci.edu/contra-costa-times-university-of-california-pressured-to-count-computer-science-toward-high-school-math-requirement-richardson-quoted
www.informatics.uci.edu/building-the-perfect-app
www.informatics.uci.edu/the-atlantic-the-triumph-of-email-mark-mentioned
www.informatics.uci.edu/kobsa-receives-mercator-fellowship
www.informatics.uci.edu/los-angeles-times-hi-im-a-digital-junkie-and-i-suffer-from-infomania-mark-quoted
www.informatics.uci.edu/hayes-receives-jacobs-foundation-advanced-research-fellowship
www.informatics.uci.edu/npr-get-a-grip-on-your-information-overload-with-infomagical-mark-mentioned
www.informatics.uci.edu/daily-sabah-facebook-celebrates-turning-12-with-friends-day-mark-quoted
www.informatics.uci.edu/uci-researchers-link-compulsive-facebook-checking-to-lack-of-sleep
www.informatics.uci.edu/university-of-washington-information-school-qa-with-connected-learning-expert-mimi-ito
www.informatics.uci.edu/gary-olson-2-ics-alums-receive-sigchi-honors
www.informatics.uci.edu/malek-receives-1-million-grant-to-improve-u-s-air-force-systems
www.informatics.uci.edu/lo-ames-named-center-for-technology-society-and-policy-fellows
www.informatics.uci.edu/informatics-team-finalists-for-iconference-lee-dirks-award-for-best-paper
www.informatics.uci.edu/dourish-interviewed-about-the-social-life-of-algorithms-for-podcast
www.informatics.uci.edu/informatics-professors-bowker-ito-release-interdisciplinary-culture-focused-books
www.informatics.uci.edu/lopes-awarded-pizzigati-prize-for-software-in-the-public-interest
www.informatics.uci.edu/lopes-added-as-keynote-speaker-for-ilrn-2016
www.informatics.uci.edu/frost-helps-shape-k-12-computer-science-education
www.informatics.uci.edu/informatics-team-wins-lee-dirks-best-paper-award-at-iconference
www.informatics.uci.edu/lo-named-2016-nsf-graduate-research-fellow
www.informatics.uci.edu/the-new-york-times-magazine-the-minecraft-generation-ito-quoted
www.informatics.uci.edu/uci-ranked-one-of-the-top-game-design-schools-by-acr
www.informatics.uci.edu/dourish-discusses-chinese-hackerspaces-on-danish-radio
www.informatics.uci.edu/uc-irvine-launches-executive-masters-program-in-human-computer-interaction-design
www.informatics.uci.edu/mark-featured-on-kpccs-airtalk-about-multitasking-in-the-workplace
www.informatics.uci.edu/ics-receives-excellence-in-promoting-women-in-undergraduate-computing-award-from-ncwit
www.informatics.uci.edu/campus-technology-uc-irvine-offers-new-program-focused-on-human-computer-interaction-design
www.informatics.uci.edu/helping-people-improving-lives-through-informatics
www.informatics.uci.edu/how-apple-watch-and-pervasive-computing-can-lure-you-into-leveling-up-your-fitness
www.informatics.uci.edu/ito-to-lead-newly-funded-uci-project-aimed-at-improving-connected-learning-opportunities
www.informatics.uci.edu/the-courier-mail-technology-is-creating-a-generation-of-dummies-mark-mentioned
www.informatics.uci.edu/prweb-online-minecraft-summer-camps-launch-june-27-ito-quoted
www.informatics.uci.edu/knowledgewharton-can-deep-work-really-work-for-you-mark-cited
www.informatics.uci.edu/harvard-business-review-some-companies-are-banning-email-and-getting-more-done-mark-research-cited
www.informatics.uci.edu/update-franz-dourish-formally-recognized-as-acm-fellows
www.informatics.uci.edu/nsf-awards-dourish-195000-for-software-studies-centric-research
www.informatics.uci.edu/slate-monotasking-mark-quoted
www.informatics.uci.edu/mark-to-speak-at-aspen-ideas-festival
www.informatics.uci.edu/the-atlantic-do-digital-news-feeds-threaten-or-enhance-deliberative-democracy-mark-quoted
www.informatics.uci.edu/the-atlantic-why-flash-drives-are-still-everywhere-by-paul-dourish
www.informatics.uci.edu/doctoral-student-raval-named-a-berkman-klein-center-affiliate-for-2016-17
www.informatics.uci.edu/quartz-neuroscientists-say-multitasking-literally-drains-the-energy-reserves-of-your-brain-mark-quoted
www.informatics.uci.edu/the-conversation-apple-is-taking-its-first-steps-towards-a-more-comprehensive-post-pc-world-by-michael-cowling
www.informatics.uci.edu/new-dean-named-for-ics
www.informatics.uci.edu/bowker-receives-632k-from-nsf-for-collaborative-research-project-on-institutionalizing-databases
www.informatics.uci.edu/informatics-accepting-applications-for-tenured-faculty-position-in-digital-media-learning-and-design
www.informatics.uci.edu/bowker-awarded-two-nsf-grants-for-big-data-research
www.informatics.uci.edu/huffington-post-agile-innovation-for-jobs-of-the-future-mark-quoted
www.informatics.uci.edu/bowker-receives-asist-2016-best-information-science-book-award
www.informatics.uci.edu/ics-study-links-selfies-happiness
www.informatics.uci.edu/informatics-professor-attends-white-house-summit-on-computer-science-initiative
www.informatics.uci.edu/tomlinson-to-speak-at-university-of-toronto-nov-17
www.informatics.uci.edu/nsf-awards-malek-130k-for-project-to-create-an-infrastructure-for-software-architecture-research
www.informatics.uci.edu/lopes-grad-students-win-best-paper-award-at-icsme-2016
www.informatics.uci.edu/malek-awarded-499k-by-nsf-for-efficient-analysis-of-evolving-software-systems
www.informatics.uci.edu/changing-academic-life-yunan-chen-on-getting-tenure-negotiating-motherhood
www.informatics.uci.edu/informatics-ph-d-student-ringland-wins-2016-17-arcs-scholar-award
www.informatics.uci.edu/informatics-team-recognized-as-best-paper-finalist-at-assets-2016
www.informatics.uci.edu/cbs-news-new-study-links-selfies-to-happiness
www.informatics.uci.edu/dourish-kicks-off-shut-up-and-write-gatherings-oct-24
www.informatics.uci.edu/ics-welcomes-four-new-faculty-members-for-fall-2016-quarter
www.informatics.uci.edu/comedian-chris-hardwick-tackles-the-science-of-social-media
www.informatics.uci.edu/uci-makes-successfulstudent-orgs-list-of-best-video-game-colleges
www.informatics.uci.edu/van-der-hoek-visits-ea-to-discuss-collaboration
www.informatics.uci.edu/u-s-news-world-report-microsoft-aims-to-build-on-minecraft-success-ito-quoted
www.informatics.uci.edu/ozy-what-if-designers-took-a-hippocratic-oath-mark-cited
www.informatics.uci.edu/the-chronicle-3d-printing-hooks-up-with-simulation-game
www.informatics.uci.edu/multichanel-news-cartoon-network-adds-steam-to-computer-ed-initiative-ito-mentioned
www.informatics.uci.edu/all-work-and-game-play
www.informatics.uci.edu/uci-ranked-7th-best-university-for-coding-in-u-s-by-hackerrank
www.informatics.uci.edu/ito-named-to-cartoon-networks-steam-team
www.informatics.uci.edu/raconteur-do-we-really-need-our-own-office-or-is-there-a-smarter-way-of-working-mark-mentioned
www.informatics.uci.edu/the-atlantic-mentorings-promise-and-limits-ito-mentioned
www.informatics.uci.edu/the-atlantic-drink-from-home-the-rise-of-the-remote-work-holiday-party-mazmanian-quoted
www.informatics.uci.edu/two-ics-ph-d-students-receive-2017-uci-public-impact-fellowships
www.informatics.uci.edu/kobsa-to-lead-an-international-team-in-the-study-of-household-iot-users-privacy-decisions-using-process-tracing-technology
www.informatics.uci.edu/mens-health-why-science-says-you-should-take-a-daily-selfie
www.informatics.uci.edu/cbs-los-angeles-woman-vindicated-of-faking-her-kidnapping-now-getting-harassed-online-mark-interviewed
www.informatics.uci.edu/informatics-ph-d-students-caldeira-tsaasan-receive-graduate-fellowships
www.informatics.uci.edu/end-of-term-digital-preservation-and-how-you-can-help
www.informatics.uci.edu/hayes-named-finalist-for-2017-community-engaged-scholar-award
www.informatics.uci.edu/cool-material-8-tips-to-help-you-achieve-inbox-zero-mark-cited
www.informatics.uci.edu/lopes-featured-speaker-at-2016-opensimulator-community-conference
www.informatics.uci.edu/medium-bad-habits-you-need-to-kill-immediately-to-be-a-much-better-person-this-year-mark-cited
www.informatics.uci.edu/espn-panelists-hoping-to-crack-code-of-female-acceptance-in-gaming
www.informatics.uci.edu/uci-magazine-a-bold-new-sports-franchise
graphics.ics.uci.edu
www.ics.uci.edu/~mabbaspo
www.ics.uci.edu/~jiac5
www.ics.uci.edu/~zhanhanl
www.ics.uci.edu/~chengz20
www.ics.uci.edu/~athai5
www.ics.uci.edu/~thornton/ics32
www.ics.uci.edu/~muhammti
www.ics.uci.edu/~yug10
www.ics.uci.edu/~zmontaze
www.ics.uci.edu/~agarwal
www.ics.uci.edu/ugrad/degrees/degree_cgs.php
www.ics.uci.edu/~mguindan
www.ics.uci.edu/~hamidb
www.ics.uci.edu/~djr/DebraJRichardson/Home.html
evoke.ics.uci.edu
evoke.ics.uci.edu/my-blog-page
evoke.ics.uci.edu/comments/feed
evoke.ics.uci.edu/feed
evoke.ics.uci.edu/cory-knobel
evoke.ics.uci.edu/judith-gregory
evoke.ics.uci.edu/people/judith-gregory/
evoke.ics.uci.edu/people/judith-gregory/
evoke.ics.uci.edu/people/judith-gregory/
evoke.ics.uci.edu/people/judith-gregory/
evoke.ics.uci.edu/matthew-bietz
evoke.ics.uci.edu/newsite/wp-login.php
evoke.ics.uci.edu/newsite/wp-login.php
evoke.ics.uci.edu/2013/03
evoke.ics.uci.edu/2013/04
evoke.ics.uci.edu/2013/05
evoke.ics.uci.edu/2013/10
evoke.ics.uci.edu/2014/03
evoke.ics.uci.edu/2014/06
evoke.ics.uci.edu/about/values-in-design
evoke.ics.uci.edu/about/values-in-design/
evoke.ics.uci.edu/my-blog-page/page/2
evoke.ics.uci.edu/category/news
evoke.ics.uci.edu/author/cory
evoke.ics.uci.edu/category/econfigs
evoke.ics.uci.edu/author/jseberger
evoke.ics.uci.edu/hollowing-i-in-the-authorship-of-letters-a-note-on-flusser-and-surveillance
evoke.ics.uci.edu/hollowing-i-in-the-authorship-of-letters-a-note-on-flusser-and-surveillance/
evoke.ics.uci.edu/hollowing-i-in-the-authorship-of-letters-a-note-on-flusser-and-surveillance/
evoke.ics.uci.edu/hollowing-i-in-the-authorship-of-letters-a-note-on-flusser-and-surveillance/
evoke.ics.uci.edu/hollowing-i-in-the-authorship-of-letters-a-note-on-flusser-and-surveillance/
evoke.ics.uci.edu/hollowing-i-in-the-authorship-of-letters-a-note-on-flusser-and-surveillance/
evoke.ics.uci.edu/hollowing-i-in-the-authorship-of-letters-a-note-on-flusser-and-surveillance/
evoke.ics.uci.edu/hollowing-i-in-the-authorship-of-letters-a-note-on-flusser-and-surveillance/
evoke.ics.uci.edu/hollowing-i-in-the-authorship-of-letters-a-note-on-flusser-and-surveillance/
evoke.ics.uci.edu/hollowing-i-in-the-authorship-of-letters-a-note-on-flusser-and-surveillance/
evoke.ics.uci.edu/hollowing-i-in-the-authorship-of-letters-a-note-on-flusser-and-surveillance/
evoke.ics.uci.edu/hollowing-i-in-the-authorship-of-letters-a-note-on-flusser-and-surveillance/
evoke.ics.uci.edu/hollowing-i-in-the-authorship-of-letters-a-note-on-flusser-and-surveillance/
evoke.ics.uci.edu/hollowing-i-in-the-authorship-of-letters-a-note-on-flusser-and-surveillance/
evoke.ics.uci.edu/hollowing-i-in-the-authorship-of-letters-a-note-on-flusser-and-surveillance/
evoke.ics.uci.edu/hollowing-i-in-the-authorship-of-letters-a-note-on-flusser-and-surveillance/
evoke.ics.uci.edu/hollowing-i-in-the-authorship-of-letters-a-note-on-flusser-and-surveillance/
evoke.ics.uci.edu/hollowing-i-in-the-authorship-of-letters-a-note-on-flusser-and-surveillance/
evoke.ics.uci.edu/hollowing-i-in-the-authorship-of-letters-a-note-on-flusser-and-surveillance/
evoke.ics.uci.edu/hollowing-i-in-the-authorship-of-letters-a-note-on-flusser-and-surveillance/
evoke.ics.uci.edu/hollowing-i-in-the-authorship-of-letters-a-note-on-flusser-and-surveillance/
evoke.ics.uci.edu/hollowing-i-in-the-authorship-of-letters-a-note-on-flusser-and-surveillance/
evoke.ics.uci.edu/hollowing-i-in-the-authorship-of-letters-a-note-on-flusser-and-surveillance/
evoke.ics.uci.edu/hollowing-i-in-the-authorship-of-letters-a-note-on-flusser-and-surveillance/
evoke.ics.uci.edu/hollowing-i-in-the-authorship-of-letters-a-note-on-flusser-and-surveillance/
evoke.ics.uci.edu/hollowing-i-in-the-authorship-of-letters-a-note-on-flusser-and-surveillance/
evoke.ics.uci.edu/hollowing-i-in-the-authorship-of-letters-a-note-on-flusser-and-surveillance/
evoke.ics.uci.edu/hollowing-i-in-the-authorship-of-letters-a-note-on-flusser-and-surveillance/
evoke.ics.uci.edu/hollowing-i-in-the-authorship-of-letters-a-note-on-flusser-and-surveillance/
evoke.ics.uci.edu/hollowing-i-in-the-authorship-of-letters-a-note-on-flusser-and-surveillance/
evoke.ics.uci.edu/hollowing-i-in-the-authorship-of-letters-a-note-on-flusser-and-surveillance/
evoke.ics.uci.edu/hollowing-i-in-the-authorship-of-letters-a-note-on-flusser-and-surveillance/
evoke.ics.uci.edu/hollowing-i-in-the-authorship-of-letters-a-note-on-flusser-and-surveillance/
evoke.ics.uci.edu/hollowing-i-in-the-authorship-of-letters-a-note-on-flusser-and-surveillance/
evoke.ics.uci.edu/hollowing-i-in-the-authorship-of-letters-a-note-on-flusser-and-surveillance/
evoke.ics.uci.edu/hollowing-i-in-the-authorship-of-letters-a-note-on-flusser-and-surveillance/
evoke.ics.uci.edu/hollowing-i-in-the-authorship-of-letters-a-note-on-flusser-and-surveillance/
evoke.ics.uci.edu/hollowing-i-in-the-authorship-of-letters-a-note-on-flusser-and-surveillance/
evoke.ics.uci.edu/hollowing-i-in-the-authorship-of-letters-a-note-on-flusser-and-surveillance/
evoke.ics.uci.edu/hollowing-i-in-the-authorship-of-letters-a-note-on-flusser-and-surveillance/
evoke.ics.uci.edu/hollowing-i-in-the-authorship-of-letters-a-note-on-flusser-and-surveillance/
evoke.ics.uci.edu/hollowing-i-in-the-authorship-of-letters-a-note-on-flusser-and-surveillance/
evoke.ics.uci.edu/hollowing-i-in-the-authorship-of-letters-a-note-on-flusser-and-surveillance/
evoke.ics.uci.edu/hollowing-i-in-the-authorship-of-letters-a-note-on-flusser-and-surveillance/
evoke.ics.uci.edu/hollowing-i-in-the-authorship-of-letters-a-note-on-flusser-and-surveillance/
evoke.ics.uci.edu/author/aechenique
evoke.ics.uci.edu/category/ki
evoke.ics.uci.edu/category/vid
evoke.ics.uci.edu/author/nmollers
evoke.ics.uci.edu/category/blog
evoke.ics.uci.edu/category/dataself
evoke.ics.uci.edu/author/sslota
evoke.ics.uci.edu/viewing-the-world-through-technologys-eyes
evoke.ics.uci.edu/viewing-the-world-through-technologys-eyes/
evoke.ics.uci.edu/viewing-the-world-through-technologys-eyes/
evoke.ics.uci.edu/viewing-the-world-through-technologys-eyes/
evoke.ics.uci.edu/viewing-the-world-through-technologys-eyes/
evoke.ics.uci.edu/viewing-the-world-through-technologys-eyes/
evoke.ics.uci.edu/viewing-the-world-through-technologys-eyes/
evoke.ics.uci.edu/viewing-the-world-through-technologys-eyes/
evoke.ics.uci.edu/viewing-the-world-through-technologys-eyes/
evoke.ics.uci.edu/viewing-the-world-through-technologys-eyes/
evoke.ics.uci.edu/viewing-the-world-through-technologys-eyes/
evoke.ics.uci.edu/viewing-the-world-through-technologys-eyes/
evoke.ics.uci.edu/viewing-the-world-through-technologys-eyes/
evoke.ics.uci.edu/viewing-the-world-through-technologys-eyes/
evoke.ics.uci.edu/viewing-the-world-through-technologys-eyes/
evoke.ics.uci.edu/viewing-the-world-through-technologys-eyes/
evoke.ics.uci.edu/viewing-the-world-through-technologys-eyes/
evoke.ics.uci.edu/viewing-the-world-through-technologys-eyes/
evoke.ics.uci.edu/viewing-the-world-through-technologys-eyes/
evoke.ics.uci.edu/viewing-the-world-through-technologys-eyes/
evoke.ics.uci.edu/viewing-the-world-through-technologys-eyes/
evoke.ics.uci.edu/viewing-the-world-through-technologys-eyes/
evoke.ics.uci.edu/viewing-the-world-through-technologys-eyes/
evoke.ics.uci.edu/viewing-the-world-through-technologys-eyes/
evoke.ics.uci.edu/viewing-the-world-through-technologys-eyes/
evoke.ics.uci.edu/viewing-the-world-through-technologys-eyes/
evoke.ics.uci.edu/viewing-the-world-through-technologys-eyes/
evoke.ics.uci.edu/viewing-the-world-through-technologys-eyes/
evoke.ics.uci.edu/viewing-the-world-through-technologys-eyes/
evoke.ics.uci.edu/viewing-the-world-through-technologys-eyes/
evoke.ics.uci.edu/viewing-the-world-through-technologys-eyes/
evoke.ics.uci.edu/viewing-the-world-through-technologys-eyes/
evoke.ics.uci.edu/viewing-the-world-through-technologys-eyes/
evoke.ics.uci.edu/viewing-the-world-through-technologys-eyes/
evoke.ics.uci.edu/viewing-the-world-through-technologys-eyes/
evoke.ics.uci.edu/viewing-the-world-through-technologys-eyes/
evoke.ics.uci.edu/viewing-the-world-through-technologys-eyes/
evoke.ics.uci.edu/viewing-the-world-through-technologys-eyes/
evoke.ics.uci.edu/viewing-the-world-through-technologys-eyes/
evoke.ics.uci.edu/viewing-the-world-through-technologys-eyes/
evoke.ics.uci.edu/viewing-the-world-through-technologys-eyes/
evoke.ics.uci.edu/viewing-the-world-through-technologys-eyes/
evoke.ics.uci.edu/viewing-the-world-through-technologys-eyes/
evoke.ics.uci.edu/viewing-the-world-through-technologys-eyes/
evoke.ics.uci.edu/viewing-the-world-through-technologys-eyes/
evoke.ics.uci.edu/viewing-the-world-through-technologys-eyes/
evoke.ics.uci.edu/viewing-the-world-through-technologys-eyes/
evoke.ics.uci.edu/viewing-the-world-through-technologys-eyes/
evoke.ics.uci.edu/viewing-the-world-through-technologys-eyes/
evoke.ics.uci.edu/viewing-the-world-through-technologys-eyes/
evoke.ics.uci.edu/viewing-the-world-through-technologys-eyes/
evoke.ics.uci.edu/viewing-the-world-through-technologys-eyes/
evoke.ics.uci.edu/viewing-the-world-through-technologys-eyes/
evoke.ics.uci.edu/viewing-the-world-through-technologys-eyes/
evoke.ics.uci.edu/viewing-the-world-through-technologys-eyes/
evoke.ics.uci.edu/viewing-the-world-through-technologys-eyes/
evoke.ics.uci.edu/viewing-the-world-through-technologys-eyes/
evoke.ics.uci.edu/162
evoke.ics.uci.edu/162/
evoke.ics.uci.edu/162/
evoke.ics.uci.edu/162/
evoke.ics.uci.edu/162/
evoke.ics.uci.edu/162/
evoke.ics.uci.edu/162/
evoke.ics.uci.edu/162/
evoke.ics.uci.edu/162/
evoke.ics.uci.edu/162/
evoke.ics.uci.edu/162/
evoke.ics.uci.edu/162/
evoke.ics.uci.edu/162/
evoke.ics.uci.edu/162/
evoke.ics.uci.edu/162/
evoke.ics.uci.edu/162/
evoke.ics.uci.edu/162/
evoke.ics.uci.edu/162/
evoke.ics.uci.edu/162/
evoke.ics.uci.edu/162/
evoke.ics.uci.edu/162/
evoke.ics.uci.edu/162/
evoke.ics.uci.edu/162/
evoke.ics.uci.edu/162/
evoke.ics.uci.edu/162/
evoke.ics.uci.edu/162/
evoke.ics.uci.edu/162/
evoke.ics.uci.edu/162/
evoke.ics.uci.edu/162/
evoke.ics.uci.edu/162/
evoke.ics.uci.edu/162/
evoke.ics.uci.edu/162/
evoke.ics.uci.edu/162/
evoke.ics.uci.edu/162/
evoke.ics.uci.edu/162/
evoke.ics.uci.edu/162/
evoke.ics.uci.edu/162/
evoke.ics.uci.edu/162/
evoke.ics.uci.edu/162/
evoke.ics.uci.edu/162/
evoke.ics.uci.edu/162/
evoke.ics.uci.edu/162/
evoke.ics.uci.edu/162/
evoke.ics.uci.edu/162/
evoke.ics.uci.edu/162/
evoke.ics.uci.edu/162/
evoke.ics.uci.edu/162/
evoke.ics.uci.edu/162/
evoke.ics.uci.edu/162/
evoke.ics.uci.edu/162/
evoke.ics.uci.edu/162/
evoke.ics.uci.edu/162/
evoke.ics.uci.edu/162/
evoke.ics.uci.edu/162/
evoke.ics.uci.edu/162/
evoke.ics.uci.edu/162/
evoke.ics.uci.edu/162/
evoke.ics.uci.edu/162/
evoke.ics.uci.edu/162/
evoke.ics.uci.edu/162/
evoke.ics.uci.edu/162/
evoke.ics.uci.edu/qs-personal-data-landscapes-poster
evoke.ics.uci.edu/qs-personal-data-landscapes-poster/
evoke.ics.uci.edu/qs-personal-data-landscapes-poster/
evoke.ics.uci.edu/qs-personal-data-landscapes-poster/
evoke.ics.uci.edu/qs-personal-data-landscapes-poster/
evoke.ics.uci.edu/qs-personal-data-landscapes-poster/
evoke.ics.uci.edu/qs-personal-data-landscapes-poster/
evoke.ics.uci.edu/qs-personal-data-landscapes-poster/
evoke.ics.uci.edu/qs-personal-data-landscapes-poster/
evoke.ics.uci.edu/qs-personal-data-landscapes-poster/
evoke.ics.uci.edu/qs-personal-data-landscapes-poster/
evoke.ics.uci.edu/qs-personal-data-landscapes-poster/
evoke.ics.uci.edu/qs-personal-data-landscapes-poster/
evoke.ics.uci.edu/qs-personal-data-landscapes-poster/
evoke.ics.uci.edu/qs-personal-data-landscapes-poster/
evoke.ics.uci.edu/qs-personal-data-landscapes-poster/
evoke.ics.uci.edu/qs-personal-data-landscapes-poster/
evoke.ics.uci.edu/qs-personal-data-landscapes-poster/
evoke.ics.uci.edu/qs-personal-data-landscapes-poster/
evoke.ics.uci.edu/qs-personal-data-landscapes-poster/
evoke.ics.uci.edu/qs-personal-data-landscapes-poster/
evoke.ics.uci.edu/qs-personal-data-landscapes-poster/
evoke.ics.uci.edu/qs-personal-data-landscapes-poster/
evoke.ics.uci.edu/qs-personal-data-landscapes-poster/
evoke.ics.uci.edu/qs-personal-data-landscapes-poster/
evoke.ics.uci.edu/qs-personal-data-landscapes-poster/
evoke.ics.uci.edu/qs-personal-data-landscapes-poster/
evoke.ics.uci.edu/qs-personal-data-landscapes-poster/
evoke.ics.uci.edu/qs-personal-data-landscapes-poster/
evoke.ics.uci.edu/qs-personal-data-landscapes-poster/
evoke.ics.uci.edu/qs-personal-data-landscapes-poster/
evoke.ics.uci.edu/qs-personal-data-landscapes-poster/
evoke.ics.uci.edu/qs-personal-data-landscapes-poster/
evoke.ics.uci.edu/qs-personal-data-landscapes-poster/
evoke.ics.uci.edu/qs-personal-data-landscapes-poster/
evoke.ics.uci.edu/qs-personal-data-landscapes-poster/
evoke.ics.uci.edu/qs-personal-data-landscapes-poster/
evoke.ics.uci.edu/qs-personal-data-landscapes-poster/
evoke.ics.uci.edu/qs-personal-data-landscapes-poster/
evoke.ics.uci.edu/qs-personal-data-landscapes-poster/
evoke.ics.uci.edu/qs-personal-data-landscapes-poster/
evoke.ics.uci.edu/qs-personal-data-landscapes-poster/
evoke.ics.uci.edu/qs-personal-data-landscapes-poster/
evoke.ics.uci.edu/qs-personal-data-landscapes-poster/
evoke.ics.uci.edu/qs-personal-data-landscapes-poster/
evoke.ics.uci.edu/qs-personal-data-landscapes-poster/
evoke.ics.uci.edu/qs-personal-data-landscapes-poster/
evoke.ics.uci.edu/qs-personal-data-landscapes-poster/
evoke.ics.uci.edu/qs-personal-data-landscapes-poster/
evoke.ics.uci.edu/qs-personal-data-landscapes-poster/
evoke.ics.uci.edu/qs-personal-data-landscapes-poster/
evoke.ics.uci.edu/qs-personal-data-landscapes-poster/
evoke.ics.uci.edu/qs-personal-data-landscapes-poster/
evoke.ics.uci.edu/qs-personal-data-landscapes-poster/
evoke.ics.uci.edu/qs-personal-data-landscapes-poster/
evoke.ics.uci.edu/qs-personal-data-landscapes-poster/
evoke.ics.uci.edu/qs-personal-data-landscapes-poster/
evoke.ics.uci.edu/qs-personal-data-landscapes-poster/
evoke.ics.uci.edu/qs-personal-data-landscapes-poster/
evoke.ics.uci.edu/qs-personal-data-landscapes-poster/
evoke.ics.uci.edu/qs-personal-data-landscapes-poster/
evoke.ics.uci.edu/qs-personal-data-landscapes-poster/
evoke.ics.uci.edu/qs-personal-data-landscapes-poster/
evoke.ics.uci.edu/qs-personal-data-landscapes-poster/
evoke.ics.uci.edu/qs-personal-data-landscapes-poster/
evoke.ics.uci.edu/qs-personal-data-landscapes-poster/
evoke.ics.uci.edu/qs-personal-data-landscapes-poster/
evoke.ics.uci.edu/qs-personal-data-landscapes-poster/
evoke.ics.uci.edu/qs-personal-data-landscapes-poster/
evoke.ics.uci.edu/qs-personal-data-landscapes-poster/
evoke.ics.uci.edu/qs-personal-data-landscapes-poster/
evoke.ics.uci.edu/qs-personal-data-landscapes-poster/
evoke.ics.uci.edu/qs-personal-data-landscapes-poster/
evoke.ics.uci.edu/qs-personal-data-landscapes-poster/
evoke.ics.uci.edu/qs-personal-data-landscapes-poster/
evoke.ics.uci.edu/qs-personal-data-landscapes-poster/
evoke.ics.uci.edu/qs-personal-data-landscapes-poster/
evoke.ics.uci.edu/qs-personal-data-landscapes-poster/
evoke.ics.uci.edu/qs-personal-data-landscapes-poster/
evoke.ics.uci.edu/qs-personal-data-landscapes-poster/
evoke.ics.uci.edu/qs-personal-data-landscapes-poster/
evoke.ics.uci.edu/qs-personal-data-landscapes-poster/
evoke.ics.uci.edu/qs-personal-data-landscapes-poster/
evoke.ics.uci.edu/qs-personal-data-landscapes-poster/
evoke.ics.uci.edu/qs-personal-data-landscapes-poster/
evoke.ics.uci.edu/qs-personal-data-landscapes-poster/
evoke.ics.uci.edu/qs-personal-data-landscapes-poster/
evoke.ics.uci.edu/qs-personal-data-landscapes-poster/
evoke.ics.uci.edu/qs-personal-data-landscapes-poster/
evoke.ics.uci.edu/qs-personal-data-landscapes-poster/
evoke.ics.uci.edu/qs-personal-data-landscapes-poster/
evoke.ics.uci.edu/qs-personal-data-landscapes-poster/
evoke.ics.uci.edu/qs-personal-data-landscapes-poster/
evoke.ics.uci.edu/qs-personal-data-landscapes-poster/
evoke.ics.uci.edu/qs-personal-data-landscapes-poster/
evoke.ics.uci.edu/qs-personal-data-landscapes-poster/
evoke.ics.uci.edu/qs-personal-data-landscapes-poster/
evoke.ics.uci.edu/qs-personal-data-landscapes-poster/
evoke.ics.uci.edu/qs-personal-data-landscapes-poster/
evoke.ics.uci.edu/qs-personal-data-landscapes-poster/
evoke.ics.uci.edu/qs-personal-data-landscapes-poster/
evoke.ics.uci.edu/qs-personal-data-landscapes-poster/
evoke.ics.uci.edu/qs-personal-data-landscapes-poster/
evoke.ics.uci.edu/qs-personal-data-landscapes-poster/
evoke.ics.uci.edu/qs-personal-data-landscapes-poster/
evoke.ics.uci.edu/qs-personal-data-landscapes-poster/
evoke.ics.uci.edu/qs-personal-data-landscapes-poster/
evoke.ics.uci.edu/qs-personal-data-landscapes-poster/
evoke.ics.uci.edu/qs-personal-data-landscapes-poster/
evoke.ics.uci.edu/qs-personal-data-landscapes-poster/
evoke.ics.uci.edu/qs-personal-data-landscapes-poster/
evoke.ics.uci.edu/qs-personal-data-landscapes-poster/
evoke.ics.uci.edu/qs-personal-data-landscapes-poster/
evoke.ics.uci.edu/qs-personal-data-landscapes-poster/
evoke.ics.uci.edu/qs-personal-data-landscapes-poster/
evoke.ics.uci.edu/qs-personal-data-landscapes-poster/
evoke.ics.uci.edu/qs-personal-data-landscapes-poster/
evoke.ics.uci.edu/qs-personal-data-landscapes-poster/
evoke.ics.uci.edu/qs-personal-data-landscapes-poster/
evoke.ics.uci.edu/qs-personal-data-landscapes-poster/
evoke.ics.uci.edu/qs-personal-data-landscapes-poster/
evoke.ics.uci.edu/qs-personal-data-landscapes-poster/
evoke.ics.uci.edu/qs-personal-data-landscapes-poster/
evoke.ics.uci.edu/qs-personal-data-landscapes-poster/
evoke.ics.uci.edu/qs-personal-data-landscapes-poster/
evoke.ics.uci.edu/qs-personal-data-landscapes-poster/
evoke.ics.uci.edu/qs-personal-data-landscapes-poster/
evoke.ics.uci.edu/qs-personal-data-landscapes-poster/
evoke.ics.uci.edu/qs-personal-data-landscapes-poster/
evoke.ics.uci.edu/qs-personal-data-landscapes-poster/
evoke.ics.uci.edu/qs-personal-data-landscapes-poster/
evoke.ics.uci.edu/qs-personal-data-landscapes-poster/
evoke.ics.uci.edu/qs-personal-data-landscapes-poster/
evoke.ics.uci.edu/qs-personal-data-landscapes-poster/
evoke.ics.uci.edu/qs-personal-data-landscapes-poster/
evoke.ics.uci.edu/qs-personal-data-landscapes-poster/
evoke.ics.uci.edu/qs-personal-data-landscapes-poster/
evoke.ics.uci.edu/qs-personal-data-landscapes-poster/
evoke.ics.uci.edu/qs-personal-data-landscapes-poster/
evoke.ics.uci.edu/qs-personal-data-landscapes-poster/
evoke.ics.uci.edu/qs-personal-data-landscapes-poster/
evoke.ics.uci.edu/qs-personal-data-landscapes-poster/
evoke.ics.uci.edu/qs-personal-data-landscapes-poster/
evoke.ics.uci.edu/qs-personal-data-landscapes-poster/
evoke.ics.uci.edu/qs-personal-data-landscapes-poster/
evoke.ics.uci.edu/qs-personal-data-landscapes-poster/
evoke.ics.uci.edu/qs-personal-data-landscapes-poster/
evoke.ics.uci.edu/qs-personal-data-landscapes-poster/
evoke.ics.uci.edu/qs-personal-data-landscapes-poster/
evoke.ics.uci.edu/qs-personal-data-landscapes-poster/
evoke.ics.uci.edu/qs-personal-data-landscapes-poster/
evoke.ics.uci.edu/qs-personal-data-landscapes-poster/
evoke.ics.uci.edu/qs-personal-data-landscapes-poster/
evoke.ics.uci.edu/qs-personal-data-landscapes-poster/
evoke.ics.uci.edu/qs-personal-data-landscapes-poster/
evoke.ics.uci.edu/qs-personal-data-landscapes-poster/
evoke.ics.uci.edu/qs-personal-data-landscapes-poster/
evoke.ics.uci.edu/qs-personal-data-landscapes-poster/
evoke.ics.uci.edu/qs-personal-data-landscapes-poster/
evoke.ics.uci.edu/qs-personal-data-landscapes-poster/
evoke.ics.uci.edu/qs-personal-data-landscapes-poster/
evoke.ics.uci.edu/qs-personal-data-landscapes-poster/
evoke.ics.uci.edu/qs-personal-data-landscapes-poster/
evoke.ics.uci.edu/qs-personal-data-landscapes-poster/
evoke.ics.uci.edu/qs-personal-data-landscapes-poster/
evoke.ics.uci.edu/qs-personal-data-landscapes-poster/
evoke.ics.uci.edu/qs-personal-data-landscapes-poster/
evoke.ics.uci.edu/qs-personal-data-landscapes-poster/
evoke.ics.uci.edu/qs-personal-data-landscapes-poster/
evoke.ics.uci.edu/qs-personal-data-landscapes-poster/
evoke.ics.uci.edu/qs-personal-data-landscapes-poster/
evoke.ics.uci.edu/qs-personal-data-landscapes-poster/
evoke.ics.uci.edu/qs-personal-data-landscapes-poster/
evoke.ics.uci.edu/qs-personal-data-landscapes-poster/
evoke.ics.uci.edu/qs-personal-data-landscapes-poster/
evoke.ics.uci.edu/qs-personal-data-landscapes-poster/
evoke.ics.uci.edu/qs-personal-data-landscapes-poster/
evoke.ics.uci.edu/qs-personal-data-landscapes-poster/
evoke.ics.uci.edu/qs-personal-data-landscapes-poster/
evoke.ics.uci.edu/qs-personal-data-landscapes-poster/
evoke.ics.uci.edu/qs-personal-data-landscapes-poster/
evoke.ics.uci.edu/qs-personal-data-landscapes-poster/
evoke.ics.uci.edu/qs-personal-data-landscapes-poster/
evoke.ics.uci.edu/qs-personal-data-landscapes-poster/
evoke.ics.uci.edu/qs-personal-data-landscapes-poster/
evoke.ics.uci.edu/qs-personal-data-landscapes-poster/
evoke.ics.uci.edu/qs-personal-data-landscapes-poster/
evoke.ics.uci.edu/qs-personal-data-landscapes-poster/
evoke.ics.uci.edu/qs-personal-data-landscapes-poster/
evoke.ics.uci.edu/qs-personal-data-landscapes-poster/
evoke.ics.uci.edu/qs-personal-data-landscapes-poster/
evoke.ics.uci.edu/qs-personal-data-landscapes-poster/
evoke.ics.uci.edu/qs-personal-data-landscapes-poster/
evoke.ics.uci.edu/qs-personal-data-landscapes-poster/
evoke.ics.uci.edu/qs-personal-data-landscapes-poster/
evoke.ics.uci.edu/qs-personal-data-landscapes-poster/
evoke.ics.uci.edu/qs-personal-data-landscapes-poster/
evoke.ics.uci.edu/qs-personal-data-landscapes-poster/
evoke.ics.uci.edu/qs-personal-data-landscapes-poster/
evoke.ics.uci.edu/qs-personal-data-landscapes-poster/
evoke.ics.uci.edu/qs-personal-data-landscapes-poster/
evoke.ics.uci.edu/qs-personal-data-landscapes-poster/
evoke.ics.uci.edu/qs-personal-data-landscapes-poster/
evoke.ics.uci.edu/qs-personal-data-landscapes-poster/
evoke.ics.uci.edu/qs-personal-data-landscapes-poster/
evoke.ics.uci.edu/qs-personal-data-landscapes-poster/
evoke.ics.uci.edu/qs-personal-data-landscapes-poster/
evoke.ics.uci.edu/qs-personal-data-landscapes-poster/
evoke.ics.uci.edu/qs-personal-data-landscapes-poster/
evoke.ics.uci.edu/qs-personal-data-landscapes-poster/
evoke.ics.uci.edu/qs-personal-data-landscapes-poster/
evoke.ics.uci.edu/qs-personal-data-landscapes-poster/
evoke.ics.uci.edu/qs-personal-data-landscapes-poster/
evoke.ics.uci.edu/qs-personal-data-landscapes-poster/
evoke.ics.uci.edu/qs-personal-data-landscapes-poster/
evoke.ics.uci.edu/qs-personal-data-landscapes-poster/
evoke.ics.uci.edu/qs-personal-data-landscapes-poster/
evoke.ics.uci.edu/qs-personal-data-landscapes-poster/
evoke.ics.uci.edu/qs-personal-data-landscapes-poster/
evoke.ics.uci.edu/qs-personal-data-landscapes-poster/
evoke.ics.uci.edu/qs-personal-data-landscapes-poster/
evoke.ics.uci.edu/qs-personal-data-landscapes-poster/
evoke.ics.uci.edu/qs-personal-data-landscapes-poster/
evoke.ics.uci.edu/qs-personal-data-landscapes-poster/
evoke.ics.uci.edu/qs-personal-data-landscapes-poster/
evoke.ics.uci.edu/qs-personal-data-landscapes-poster/
evoke.ics.uci.edu/qs-personal-data-landscapes-poster/
evoke.ics.uci.edu/qs-personal-data-landscapes-poster/
evoke.ics.uci.edu/qs-personal-data-landscapes-poster/
evoke.ics.uci.edu/qs-personal-data-landscapes-poster/
evoke.ics.uci.edu/qs-personal-data-landscapes-poster/
evoke.ics.uci.edu/qs-personal-data-landscapes-poster/
evoke.ics.uci.edu/qs-personal-data-landscapes-poster/
evoke.ics.uci.edu/qs-personal-data-landscapes-poster/
evoke.ics.uci.edu/qs-personal-data-landscapes-poster/
evoke.ics.uci.edu/qs-personal-data-landscapes-poster/
evoke.ics.uci.edu/qs-personal-data-landscapes-poster/
evoke.ics.uci.edu/qs-personal-data-landscapes-poster/
evoke.ics.uci.edu/qs-personal-data-landscapes-poster/
evoke.ics.uci.edu/qs-personal-data-landscapes-poster/
evoke.ics.uci.edu/qs-personal-data-landscapes-poster/
evoke.ics.uci.edu/qs-personal-data-landscapes-poster/
evoke.ics.uci.edu/qs-personal-data-landscapes-poster/
evoke.ics.uci.edu/qs-personal-data-landscapes-poster/
evoke.ics.uci.edu/qs-personal-data-landscapes-poster/
evoke.ics.uci.edu/qs-personal-data-landscapes-poster/
evoke.ics.uci.edu/qs-personal-data-landscapes-poster/
evoke.ics.uci.edu/qs-personal-data-landscapes-poster/
evoke.ics.uci.edu/qs-personal-data-landscapes-poster/
evoke.ics.uci.edu/qs-personal-data-landscapes-poster/
evoke.ics.uci.edu/qs-personal-data-landscapes-poster/
evoke.ics.uci.edu/qs-personal-data-landscapes-poster/
evoke.ics.uci.edu/qs-personal-data-landscapes-poster/
evoke.ics.uci.edu/qs-personal-data-landscapes-poster/
evoke.ics.uci.edu/qs-personal-data-landscapes-poster/
evoke.ics.uci.edu/qs-personal-data-landscapes-poster/
evoke.ics.uci.edu/qs-personal-data-landscapes-poster/
evoke.ics.uci.edu/qs-personal-data-landscapes-poster/
evoke.ics.uci.edu/qs-personal-data-landscapes-poster/
evoke.ics.uci.edu/qs-personal-data-landscapes-poster/
evoke.ics.uci.edu/qs-personal-data-landscapes-poster/
evoke.ics.uci.edu/qs-personal-data-landscapes-poster/
evoke.ics.uci.edu/qs-personal-data-landscapes-poster/
evoke.ics.uci.edu/qs-personal-data-landscapes-poster/
evoke.ics.uci.edu/qs-personal-data-landscapes-poster/
evoke.ics.uci.edu/qs-personal-data-landscapes-poster/
evoke.ics.uci.edu/qs-personal-data-landscapes-poster/
evoke.ics.uci.edu/qs-personal-data-landscapes-poster/
evoke.ics.uci.edu/qs-personal-data-landscapes-poster/
evoke.ics.uci.edu/qs-personal-data-landscapes-poster/
evoke.ics.uci.edu/qs-personal-data-landscapes-poster/
evoke.ics.uci.edu/qs-personal-data-landscapes-poster/
evoke.ics.uci.edu/qs-personal-data-landscapes-poster/
evoke.ics.uci.edu/qs-personal-data-landscapes-poster/
evoke.ics.uci.edu/qs-personal-data-landscapes-poster/
evoke.ics.uci.edu/qs-personal-data-landscapes-poster/
evoke.ics.uci.edu/qs-personal-data-landscapes-poster/
evoke.ics.uci.edu/qs-personal-data-landscapes-poster/
evoke.ics.uci.edu/qs-personal-data-landscapes-poster/
evoke.ics.uci.edu/qs-personal-data-landscapes-poster/
evoke.ics.uci.edu/qs-personal-data-landscapes-poster/
evoke.ics.uci.edu/qs-personal-data-landscapes-poster/
evoke.ics.uci.edu/qs-personal-data-landscapes-poster/
evoke.ics.uci.edu/qs-personal-data-landscapes-poster/
evoke.ics.uci.edu/qs-personal-data-landscapes-poster/
evoke.ics.uci.edu/qs-personal-data-landscapes-poster/
evoke.ics.uci.edu/qs-personal-data-landscapes-poster/
evoke.ics.uci.edu/qs-personal-data-landscapes-poster/
evoke.ics.uci.edu/qs-personal-data-landscapes-poster/
evoke.ics.uci.edu/qs-personal-data-landscapes-poster/
evoke.ics.uci.edu/qs-personal-data-landscapes-poster/
evoke.ics.uci.edu/qs-personal-data-landscapes-poster/
evoke.ics.uci.edu/qs-personal-data-landscapes-poster/
evoke.ics.uci.edu/qs-personal-data-landscapes-poster/
evoke.ics.uci.edu/qs-personal-data-landscapes-poster/
evoke.ics.uci.edu/qs-personal-data-landscapes-poster/
evoke.ics.uci.edu/qs-personal-data-landscapes-poster/
evoke.ics.uci.edu/qs-personal-data-landscapes-poster/
evoke.ics.uci.edu/qs-personal-data-landscapes-poster/
evoke.ics.uci.edu/qs-personal-data-landscapes-poster/
evoke.ics.uci.edu/qs-personal-data-landscapes-poster/
evoke.ics.uci.edu/people/ali-alkhatib
evoke.ics.uci.edu/people/caitie-lustig
evoke.ics.uci.edu/people/karen-tanenbaum
evoke.ics.uci.edu/people/karen-tanenbaum/
evoke.ics.uci.edu/people/norma-mollers
evoke.ics.uci.edu/people/john-seberger
evoke.ics.uci.edu/people/john-seberger/
evoke.ics.uci.edu/people/matthew-bietz
evoke.ics.uci.edu/people/garnet-hertz
evoke.ics.uci.edu/people/aubrey-slaughter
evoke.ics.uci.edu/people/steve-slota
evoke.ics.uci.edu/people/steve-slota/
evoke.ics.uci.edu/people/judith-gregory
evoke.ics.uci.edu/people/cory-knobel
evoke.ics.uci.edu/people/andy-echenique
evoke.ics.uci.edu/people/bodhisattva-chattopadhyay
evoke.ics.uci.edu/people/bodhisattva-chattopadhyay/
evoke.ics.uci.edu/people/bodhisattva-chattopadhyay/
evoke.ics.uci.edu/people/geoffrey-c-bowker
evoke.ics.uci.edu/projects/leveling-the-stage
evoke.ics.uci.edu/projects/social-capital
evoke.ics.uci.edu/projects/string
evoke.ics.uci.edu/projects/parresia
evoke.ics.uci.edu/projects/ampdamp
evoke.ics.uci.edu/projects/boy-2-0
evoke.ics.uci.edu/projects/lil-neuro-show
evoke.ics.uci.edu/projects/music4labs
evoke.ics.uci.edu/projects/feverbook
evoke.ics.uci.edu/projects/critical-quantification
evoke.ics.uci.edu/projects/personal-genomics-qs
evoke.ics.uci.edu/projects/health-data-exploration
evoke.ics.uci.edu/projects/bodybuilding-and-qs
evoke.ics.uci.edu/projects/social-analysis-of-prism
evoke.ics.uci.edu/projects/future-research-ci
evoke.ics.uci.edu/projects/bcube
evoke.ics.uci.edu/project/values-in-design-2012
evoke.ics.uci.edu/project/game-night-dungeons-discourse
evoke.ics.uci.edu/project/broadcom-friday-afternoon-club
evoke.ics.uci.edu/project/uci-campus-wifi-hack-hunt
evoke.ics.uci.edu/project/vintage-car
evoke.ics.uci.edu/project/design-in-the-anthropocene
evoke.ics.uci.edu/project/pathways-to-possible-worlds-science-fiction-sustainability
evoke.ics.uci.edu/
evoke.ics.uci.edu/values-in-design-fellows-honored-at-iconference-2013
evoke.ics.uci.edu/values-in-design-fellows-honored-at-iconference-2013/
evoke.ics.uci.edu/values-in-design-fellows-honored-at-iconference-2013/
evoke.ics.uci.edu/values-in-design-fellows-honored-at-iconference-2013/
evoke.ics.uci.edu/values-in-design-fellows-honored-at-iconference-2013/
evoke.ics.uci.edu/values-in-design-fellows-honored-at-iconference-2013/
evoke.ics.uci.edu/values-in-design-fellows-honored-at-iconference-2013/
evoke.ics.uci.edu/values-in-design-fellows-honored-at-iconference-2013/
evoke.ics.uci.edu/values-in-design-fellows-honored-at-iconference-2013/
evoke.ics.uci.edu/values-in-design-fellows-honored-at-iconference-2013/
evoke.ics.uci.edu/values-in-design-fellows-honored-at-iconference-2013/
evoke.ics.uci.edu/values-in-design-fellows-honored-at-iconference-2013/
evoke.ics.uci.edu/values-in-design-fellows-honored-at-iconference-2013/
evoke.ics.uci.edu/values-in-design-fellows-honored-at-iconference-2013/
evoke.ics.uci.edu/values-in-design-fellows-honored-at-iconference-2013/
evoke.ics.uci.edu/values-in-design-fellows-honored-at-iconference-2013/
evoke.ics.uci.edu/values-in-design-fellows-honored-at-iconference-2013/
evoke.ics.uci.edu/values-in-design-fellows-honored-at-iconference-2013/
evoke.ics.uci.edu/values-in-design-fellows-honored-at-iconference-2013/
evoke.ics.uci.edu/values-in-design-fellows-honored-at-iconference-2013/
evoke.ics.uci.edu/values-in-design-fellows-honored-at-iconference-2013/
evoke.ics.uci.edu/values-in-design-fellows-honored-at-iconference-2013/
evoke.ics.uci.edu/values-in-design-fellows-honored-at-iconference-2013/
evoke.ics.uci.edu/values-in-design-fellows-honored-at-iconference-2013/
evoke.ics.uci.edu/values-in-design-fellows-honored-at-iconference-2013/
evoke.ics.uci.edu/values-in-design-fellows-honored-at-iconference-2013/
evoke.ics.uci.edu/values-in-design-fellows-honored-at-iconference-2013/
evoke.ics.uci.edu/values-in-design-fellows-honored-at-iconference-2013/
evoke.ics.uci.edu/values-in-design-fellows-honored-at-iconference-2013/
evoke.ics.uci.edu/values-in-design-fellows-honored-at-iconference-2013/
evoke.ics.uci.edu/values-in-design-fellows-honored-at-iconference-2013/
evoke.ics.uci.edu/steve-slota
evoke.ics.uci.edu/john-seberger
evoke.ics.uci.edu/geof-bowker-speaks-at-michigan
evoke.ics.uci.edu/geof-bowker-speaks-at-michigan/
evoke.ics.uci.edu/geof-bowker-speaks-at-michigan/
evoke.ics.uci.edu/geof-bowker-speaks-at-michigan/
evoke.ics.uci.edu/geof-bowker-speaks-at-michigan/
evoke.ics.uci.edu/geof-bowker-speaks-at-michigan/
evoke.ics.uci.edu/geof-bowker-speaks-at-michigan/
evoke.ics.uci.edu/geof-bowker-speaks-at-michigan/
evoke.ics.uci.edu/geof-bowker-speaks-at-michigan/
evoke.ics.uci.edu/geof-bowker-speaks-at-nyu
evoke.ics.uci.edu/geof-bowker-speaks-at-nyu/
evoke.ics.uci.edu/geof-bowker-speaks-at-nyu/
evoke.ics.uci.edu/geof-bowker-speaks-at-nyu/
evoke.ics.uci.edu/geof-bowker-speaks-at-nyu/
evoke.ics.uci.edu/geof-bowker-speaks-at-nyu/
evoke.ics.uci.edu/geof-bowker-speaks-at-nyu/
evoke.ics.uci.edu/geof-bowker-speaks-at-nyu/
evoke.ics.uci.edu/geof-bowker-speaks-at-nyu/
evoke.ics.uci.edu/geof-bowker-speaks-at-nyu/
evoke.ics.uci.edu/geof-bowker-speaks-at-nyu/
evoke.ics.uci.edu/values-in-design-for-collaborative-systems-at-cts-2013
evoke.ics.uci.edu/values-in-design-for-collaborative-systems-at-cts-2013/
evoke.ics.uci.edu/values-in-design-for-collaborative-systems-at-cts-2013/
evoke.ics.uci.edu/values-in-design-for-collaborative-systems-at-cts-2013/
evoke.ics.uci.edu/values-in-design-for-collaborative-systems-at-cts-2013/
evoke.ics.uci.edu/values-in-design-for-collaborative-systems-at-cts-2013/
evoke.ics.uci.edu/values-in-design-for-collaborative-systems-at-cts-2013/
evoke.ics.uci.edu/values-in-design-for-collaborative-systems-at-cts-2013/
evoke.ics.uci.edu/values-in-design-for-collaborative-systems-at-cts-2013/
evoke.ics.uci.edu/values-in-design-for-collaborative-systems-at-cts-2013/
evoke.ics.uci.edu/values-in-design-for-collaborative-systems-at-cts-2013/
evoke.ics.uci.edu/values-in-design-for-collaborative-systems-at-cts-2013/
evoke.ics.uci.edu/values-in-design-for-collaborative-systems-at-cts-2013/
evoke.ics.uci.edu/values-in-design-for-collaborative-systems-at-cts-2013/
evoke.ics.uci.edu/values-in-design-for-collaborative-systems-at-cts-2013/
evoke.ics.uci.edu/values-in-design-for-collaborative-systems-at-cts-2013/
evoke.ics.uci.edu/values-in-design-for-collaborative-systems-at-cts-2013/
evoke.ics.uci.edu/values-in-design-for-collaborative-systems-at-cts-2013/
evoke.ics.uci.edu/values-in-design-for-collaborative-systems-at-cts-2013/
evoke.ics.uci.edu/values-in-design-for-collaborative-systems-at-cts-2013/
evoke.ics.uci.edu/values-in-design-for-collaborative-systems-at-cts-2013/
evoke.ics.uci.edu/values-in-design-for-collaborative-systems-at-cts-2013/
evoke.ics.uci.edu/bietz-and-gregory-speak-at-moving-genomics-from-bench-to-bedside-workshop
evoke.ics.uci.edu/bietz-and-gregory-speak-at-moving-genomics-from-bench-to-bedside-workshop/
evoke.ics.uci.edu/bietz-and-gregory-speak-at-moving-genomics-from-bench-to-bedside-workshop/
evoke.ics.uci.edu/bietz-and-gregory-speak-at-moving-genomics-from-bench-to-bedside-workshop/
evoke.ics.uci.edu/bietz-and-gregory-speak-at-moving-genomics-from-bench-to-bedside-workshop/
evoke.ics.uci.edu/bietz-and-gregory-speak-at-moving-genomics-from-bench-to-bedside-workshop/
evoke.ics.uci.edu/bietz-and-gregory-speak-at-moving-genomics-from-bench-to-bedside-workshop/
evoke.ics.uci.edu/bietz-and-gregory-speak-at-moving-genomics-from-bench-to-bedside-workshop/
evoke.ics.uci.edu/bietz-and-gregory-speak-at-moving-genomics-from-bench-to-bedside-workshop/
evoke.ics.uci.edu/bietz-and-gregory-speak-at-moving-genomics-from-bench-to-bedside-workshop/
evoke.ics.uci.edu/bietz-and-gregory-speak-at-moving-genomics-from-bench-to-bedside-workshop/
evoke.ics.uci.edu/bietz-and-gregory-speak-at-moving-genomics-from-bench-to-bedside-workshop/
evoke.ics.uci.edu/bietz-and-gregory-speak-at-moving-genomics-from-bench-to-bedside-workshop/
evoke.ics.uci.edu/bietz-and-gregory-speak-at-moving-genomics-from-bench-to-bedside-workshop/
evoke.ics.uci.edu/bietz-and-gregory-speak-at-moving-genomics-from-bench-to-bedside-workshop/
evoke.ics.uci.edu/bietz-and-gregory-speak-at-moving-genomics-from-bench-to-bedside-workshop/
evoke.ics.uci.edu/evoke-members-western-humanities-alliance-2013
evoke.ics.uci.edu/evoke-members-western-humanities-alliance-2013/
evoke.ics.uci.edu/evoke-members-western-humanities-alliance-2013/
evoke.ics.uci.edu/evoke-members-western-humanities-alliance-2013/
evoke.ics.uci.edu/evoke-members-western-humanities-alliance-2013/
evoke.ics.uci.edu/evoke-members-western-humanities-alliance-2013/
evoke.ics.uci.edu/evoke-members-western-humanities-alliance-2013/
evoke.ics.uci.edu/bowker-co-organizing-white-house-ostp-conference-on-big-data-and-privacy
evoke.ics.uci.edu/bowker-co-organizing-white-house-ostp-conference-on-big-data-and-privacy/
evoke.ics.uci.edu/bowker-co-organizing-white-house-ostp-conference-on-big-data-and-privacy/
evoke.ics.uci.edu/bowker-co-organizing-white-house-ostp-conference-on-big-data-and-privacy/
evoke.ics.uci.edu/cory-knobel-receives-iconference-2014-best-paper-award
evoke.ics.uci.edu/cory-knobel-receives-iconference-2014-best-paper-award/
evoke.ics.uci.edu/cory-knobel-receives-iconference-2014-best-paper-award/
evoke.ics.uci.edu/cory-knobel-receives-iconference-2014-best-paper-award/
evoke.ics.uci.edu/cory-knobel-receives-iconference-2014-best-paper-award/
evoke.ics.uci.edu/cory-knobel-receives-iconference-2014-best-paper-award/
evoke.ics.uci.edu/cory-knobel-receives-iconference-2014-best-paper-award/
evoke.ics.uci.edu/cory-knobel-receives-iconference-2014-best-paper-award/
evoke.ics.uci.edu/cory-knobel-receives-iconference-2014-best-paper-award/
evoke.ics.uci.edu/cory-knobel-receives-iconference-2014-best-paper-award/
evoke.ics.uci.edu/cory-knobel-receives-iconference-2014-best-paper-award/
evoke.ics.uci.edu/cory-knobel-receives-iconference-2014-best-paper-award/
evoke.ics.uci.edu/cory-knobel-receives-iconference-2014-best-paper-award/
evoke.ics.uci.edu/cory-knobel-receives-iconference-2014-best-paper-award/
evoke.ics.uci.edu/cory-knobel-receives-iconference-2014-best-paper-award/
evoke.ics.uci.edu/cory-knobel-receives-iconference-2014-best-paper-award/
evoke.ics.uci.edu/cory-knobel-receives-iconference-2014-best-paper-award/
evoke.ics.uci.edu/health-data-exploration-report-published
evoke.ics.uci.edu/health-data-exploration-report-published/
evoke.ics.uci.edu/health-data-exploration-report-published/
evoke.ics.uci.edu/health-data-exploration-report-published/
evoke.ics.uci.edu/health-data-exploration-report-published/
evoke.ics.uci.edu/health-data-exploration-report-published/
evoke.ics.uci.edu/health-data-exploration-report-published/
evoke.ics.uci.edu/health-data-exploration-report-published/
evoke.ics.uci.edu/health-data-exploration-report-published/
evoke.ics.uci.edu/health-data-exploration-report-published/
evoke.ics.uci.edu/health-data-exploration-report-published/
evoke.ics.uci.edu/health-data-exploration-report-published/
evoke.ics.uci.edu/health-data-exploration-report-published/
evoke.ics.uci.edu/health-data-exploration-report-published/
evoke.ics.uci.edu/newsite/
evoke.ics.uci.edu/newsite/
evoke.ics.uci.edu/newsite/
evoke.ics.uci.edu/newsite/
evoke.ics.uci.edu/about/knowledge-infrastructures/
evoke.ics.uci.edu/about/knowledge-infrastructures
evoke.ics.uci.edu/newsite/
evoke.ics.uci.edu/about/the-evoke-studio/
evoke.ics.uci.edu/about/the-evoke-studio/
evoke.ics.uci.edu/about/the-evoke-studio
evoke.ics.uci.edu/newsite/
evoke.ics.uci.edu/newsite/
evoke.ics.uci.edu/newsite/
evoke.ics.uci.edu/about/the-evoke-lab/
evoke.ics.uci.edu/about/the-evoke-lab/
evoke.ics.uci.edu/about/the-evoke-lab
evoke.ics.uci.edu/about/the-evoke-lab/evoke-lab-1
evoke.ics.uci.edu/about/the-evoke-lab/evoke-lab-1/
evoke.ics.uci.edu/about/the-evoke-lab/evoke-lab-1/
evoke.ics.uci.edu/about/the-evoke-lab/evoke-lab-1/
evoke.ics.uci.edu/about/the-evoke-lab/evoke-lab-3
evoke.ics.uci.edu/about/the-evoke-lab/evoke-lab-3/
evoke.ics.uci.edu/about/the-evoke-lab/evoke-lab-3/
evoke.ics.uci.edu/about/the-evoke-lab/evoke-lab-3/
evoke.ics.uci.edu/about/the-evoke-lab/evoke-lab-3/
evoke.ics.uci.edu/about/the-evoke-lab/evoke-lab-3/
evoke.ics.uci.edu/about/the-evoke-lab/evoke-lab-3/
evoke.ics.uci.edu/about/the-evoke-lab/evoke-lab-3/
evoke.ics.uci.edu/about/the-evoke-lab/evoke-lab-3/
evoke.ics.uci.edu/about/the-evoke-lab/evoke-lab-3/
evoke.ics.uci.edu/about/the-evoke-lab/evoke-lab-3/
evoke.ics.uci.edu/about/the-evoke-lab/evoke-lab-3/
evoke.ics.uci.edu/about/the-evoke-lab/evoke-lab-3/
evoke.ics.uci.edu/about/the-evoke-lab/evoke-lab-3/
evoke.ics.uci.edu/about/the-evoke-lab/evoke-lab-3/
evoke.ics.uci.edu/about/the-evoke-lab/evoke-lab-3/
evoke.ics.uci.edu/about/the-evoke-lab/evoke-lab-3/
evoke.ics.uci.edu/about/the-evoke-lab/evoke-lab-3/
evoke.ics.uci.edu/about/the-evoke-lab/evoke-lab-3/
evoke.ics.uci.edu/about/the-evoke-lab/evoke-lab-3/
evoke.ics.uci.edu/about/the-evoke-lab/evoke-lab-3/
evoke.ics.uci.edu/about/the-evoke-lab/evoke-lab-3/
evoke.ics.uci.edu/about/the-evoke-lab/evoke-lab-3/
evoke.ics.uci.edu/about/the-evoke-lab/evoke-lab-3/
evoke.ics.uci.edu/about/the-evoke-lab/evoke-lab-3/
evoke.ics.uci.edu/about/the-evoke-lab/evoke-lab-3/
evoke.ics.uci.edu/about/the-evoke-lab/evoke-lab-3/
evoke.ics.uci.edu/about/the-evoke-lab/evoke-lab-3/
evoke.ics.uci.edu/about/the-evoke-lab/evoke-lab-3/
evoke.ics.uci.edu/about/the-evoke-lab/evoke-lab-3/
evoke.ics.uci.edu/about/the-evoke-lab/evoke-lab-3/
evoke.ics.uci.edu/about/the-evoke-lab/evoke-lab-2
evoke.ics.uci.edu/about/the-evoke-lab/evoke-lab-4
evoke.ics.uci.edu/about/the-evoke-lab/evoke-lab-5
www.ics.uci.edu/community/news/features/view_feature
www.ics.uci.edu/community/news/features
www.ics.uci.edu/community/news/features/view_feature
www.ics.uci.edu/~mmazmani/Site/Home.html
www.ics.uci.edu/~mmazmani/Site/Students.html
www.ics.uci.edu/~mmazmani/Site/Courses.html
www.ics.uci.edu/~mmazmani/Site/Publications.html
www.ics.uci.edu/~mmazmani/Site/Research.html
www.ics.uci.edu/grad/degrees/index
www.informatics.uci.edu/2015/04
www.informatics.uci.edu/2015/05
www.informatics.uci.edu/2015/06
www.informatics.uci.edu/2015/07
www.informatics.uci.edu/2015/08
www.informatics.uci.edu/2015/09
www.informatics.uci.edu/2015/10
www.informatics.uci.edu/2015/11
www.informatics.uci.edu/2015/12
www.informatics.uci.edu/2016/01
www.informatics.uci.edu/2016/02
www.informatics.uci.edu/2016/03
www.informatics.uci.edu/2016/04
www.informatics.uci.edu/2016/05
www.informatics.uci.edu/2016/06
www.informatics.uci.edu/2016/07
www.informatics.uci.edu/2016/08
www.informatics.uci.edu/2016/09
www.informatics.uci.edu/2016/10
www.informatics.uci.edu/2016/10/page/2
www.informatics.uci.edu/2016/11
www.informatics.uci.edu/2016/12
www.informatics.uci.edu/2017/01
www.informatics.uci.edu/2017/02
www.informatics.uci.edu/2017/02/page/2
www.informatics.uci.edu/van-der-hoeks-new-software-design-decoded-book-provides-practical-advice-for-software-designers
www.informatics.uci.edu/kabc-uc-irvine-to-host-female-gaming-panel
www.informatics.uci.edu/uci-esports-women-in-gaming-at-uci
www.informatics.uci.edu/biztech-want-to-improve-employee-productivity-wearables-could-be-the-answer-mark-cited
www.ics.uci.edu/~gmark/Home_page/Welcome.html
www.informatics.uci.edu/mark-elected-to-acm-chi-academy-for-2017
www.informatics.uci.edu/2017-ics-deans-award-winners
www.informatics.uci.edu/professors-redmiles-dourish-appointed-associate-deans
www.informatics.uci.edu/mic-to-avoid-hellish-harassment-in-overwatch-players-flee-to-exclusive-discord-chat-rooms-katherine-lo-quoted
www.informatics.uci.edu/mic-how-can-blizzard-stop-harassment-in-overwatch-the-answer-is-complicated-katherine-lo-quoted
www.informatics.uci.edu/uci-ranked-3rd-best-value-ux-design-graduate-program
www.informatics.uci.edu/the-atlantic-a-behavioral-economists-quest-to-make-email-less-painful-mark-quoted
www.informatics.uci.edu/steinkuehler-squire-named-hevga-fellows
www.informatics.uci.edu/steinkuehler-serves-as-esports-panelist-at-sxsw-2017
www.informatics.uci.edu/newsworks-creating-the-next-generation-of-innovators-by-understanding-how-young-people-use-media-ito-mentioned
www.informatics.uci.edu/bowker-interviewed-on-cenhs-cultures-of-energy-podcast
www.informatics.uci.edu/vice-five-things-you-can-do-to-be-happy-right-now-yu-chen-quoted
www.informatics.uci.edu/dml-central-meet-10-women-championing-connected-learning
www.informatics.uci.edu/quartz-theres-a-better-way-to-treat-your-tech-addiction-than-hiding-your-phone-and-laptop-mark-quoted
www.informatics.uci.edu/mhcid-program-launches-online-publication
www.informatics.uci.edu/ruberg-publishes-queer-game-studies-anthology
www.informatics.uci.edu/ruberg-brings-queerness-games-conference-to-la
www.informatics.uci.edu/bloomberg-its-fine-to-obsess-over-march-madness-at-work
www.informatics.uci.edu/dml-central-google-scientist-tells-how-tech-affects-learning
www.informatics.uci.edu/dml-central-introducing-ucis-connected-learning-lab
www.informatics.uci.edu/bbc-meet-the-people-whove-stopped-emailing
www.informatics.uci.edu/technical-ly-philly-lets-use-tech-to-close-the-education-gap-not-widen-it-mimi-ito
www.informatics.uci.edu/connected-camps-how-to-get-your-daughters-into-tech-by-embracing-who-they-really-are-by-mimi-ito
www.informatics.uci.edu/newsworks-it-takes-a-learning-hero-to-break-out-of-the-education-pipeline-ito-featured
www.informatics.uci.edu/penn-state-news-heard-on-campus-going-to-school-on-a-robot-judy-olson-from-uc-irvine
www.informatics.uci.edu/taylor-to-receive-distinguished-engineering-alumni-award-from-cu-boulder
www.informatics.uci.edu/dourish-featured-in-aprils-cacm-magazine
www.informatics.uci.edu/informatics-ph-d-student-introduces-dancecraft-to-oc-autistic-children
www.informatics.uci.edu/informatics-ph-d-students-accept-arcs-scholars-awards
www.informatics.uci.edu/m-s-informatics-ranked-among-top-35-best-it-masters-for-2017
www.informatics.uci.edu/motherboard-theres-no-safe-way-to-keep-child-porn-and-murder-off-facebook-kat-lo-quoted
www.informatics.uci.edu/mic-racist-and-sexist-behavior-in-esports-is-exposing-what-regular-gamers-experience-every-day-kat-lo-quoted
www.informatics.uci.edu/dourish-publishes-the-stuff-of-bits
www.informatics.uci.edu/interactions-health-information-technology-opportunities-abound-challenges-remain-by-yunan-chen
www.informatics.uci.edu/nbc-news-how-to-prevent-interruptions-at-work-mark-quoted
www.informatics.uci.edu/newsworks-kids-thrive-when-they-swim-among-peers-and-mentors-with-common-interests-by-mimi-ito
www.informatics.uci.edu/automation-and-heteromation-the-future-and-present-of-labor-by-bonnie-nardi
www.informatics.uci.edu/ucis-game-design-program-ranked-3rd-in-state-18th-in-nation-by-acr
www.informatics.uci.edu/trammell-releases-second-volume-of-analog-game-studies
www.informatics.uci.edu/bangkok-post-get-engaged-focus-your-mindset-to-execute-results
www.informatics.uci.edu/fast-company-thanks-to-telepresence-robots-kids-can-attend-school-from-home-judy-olson-cited
www.informatics.uci.edu/nardi-publishes-book-on-the-computerization-of-the-economy
www.informatics.uci.edu/wired-banned-from-the-us-theres-a-robot-for-that-mark-quoted
www.informatics.uci.edu/citylab-can-cities-hack-diversity-ito-quoted
www.informatics.uci.edu/2017-sigsoft-impact-paper-award
www.informatics.uci.edu/changing-academic-life-gloria-mark-on-service-multitasking-creativity-and-fun
www.informatics.uci.edu/uci-news-digital-do-gooders-steinkuehler-and-squire-profiled
www.informatics.uci.edu/ics-alumni-named-to-acm-future-of-computing-academy
www.informatics.uci.edu/mhcid-student-aaron-soto-part-of-second-place-team-in-uci-new-venture-competition
www.informatics.uci.edu/informatics-ph-d-students-baldwin-boyd-receive-2017-ford-foundation-fellowship-program-honorable-mentions
www.ics.uci.edu/prospective/en/degrees/computer-game-science
www.informatics.uci.edu/2017/03
www.informatics.uci.edu/2017/03/page/2
www.informatics.uci.edu/2017/04
www.informatics.uci.edu/2017/05
www.informatics.uci.edu/2017/06
www.informatics.uci.edu/2017/06/page/2
www.informatics.uci.edu/hai-lab-has-six-papers-accepted-for-upcoming-amia-symposium
www.informatics.uci.edu/business-mirror-sleep-how-much-you-really-need-mark-quoted
www.informatics.uci.edu/kqed-news-how-online-camps-help-kids-stay-connected-to-stem-skills-and-mentors-year-round-ito-quoted
www.informatics.uci.edu/informatics-panel-to-explore-game-studies-during-comic-con-conference
www.informatics.uci.edu/popsugar-5-reasons-to-stop-being-a-screen-time-cop-by-mimi-ito
www.informatics.uci.edu/ruberg-publishes-article-on-the-feminist-history-of-online-security-questions-in-summer-2017-issue-of-feminist-media-histories
www.informatics.uci.edu/ph-d-student-boyd-receives-2017-tonge-endowed-graduate-award
www.informatics.uci.edu/inside-higher-ed-educational-games-expand-classroom-learning-squire-quoted
www.informatics.uci.edu/kpbs-comic-con-for-educators-geeked-panel-of-informatics-faculty-highlighted
www.informatics.uci.edu/bowker-named-chancellors-professor
www.informatics.uci.edu/sydney-morning-herald-wordplay-a-cryptic-shaped-hole-mark-cited
www.informatics.uci.edu/olsons-co-author-article-on-writing-simultaneously-in-august-2017-issue-of-cacm-magazine
www.informatics.uci.edu/rolling-stone-game-based-on-walden-takes-top-honors-at-games-for-change-awards-steinkuehler-mentioned
www.informatics.uci.edu/steinkuehler-receives-games-for-change-vanguard-award
www.informatics.uci.edu/edsurge-has-the-game-really-changed-notes-from-the-2017-games-for-change-festival-steinkuehler-cited
www.informatics.uci.edu/a-shared-passion-for-research-on-capitol-hill
www.informatics.uci.edu/ruberg-has-article-featured-in-new-gaming-representation-book
www.informatics.uci.edu/ruberg-co-editing-special-queerness-and-video-games-issue-of-game-studies-journal
www.informatics.uci.edu/mazmanian-regan-and-shahbaba-appointed-decade-graduate-faculty-mentors
www.informatics.uci.edu/hai-lab-has-three-papers-accepted-for-cscw-2018
www.informatics.uci.edu/npr-schoolifying-minecraft-without-ruining-it-ito-quoted
www.informatics.uci.edu/lopes-honored-with-2017-aito-test-of-time-award
www.informatics.uci.edu/2017/07
www.informatics.uci.edu/2017/08
www.informatics.uci.edu/2017/08/page/2
www.informatics.uci.edu/forbes-plagued-by-workplace-interruptions-set-some-boundaries-mark-quoted
www.informatics.uci.edu/oc-register-games-are-changing-the-world-just-ask-new-uci-professor-who-worked-in-the-white-house-steinkeuhler-profiled
www.informatics.uci.edu/deadline-amazon-prime-unveils-kids-fall-slate-ito-mentioned
www.informatics.uci.edu/uci-part-of-nsf-funded-study-of-big-data-ethics
www.informatics.uci.edu/washington-post-video-game-players-get-varsity-treatment-at-more-us-colleges
www.informatics.uci.edu/ics-welcomes-9-new-faculty-for-2017
www.informatics.uci.edu/wallethub-2017s-states-most-vulnerable-to-identity-theft-fraud-dourish-quoted
www.informatics.uci.edu/lopes-analyzes-big-code-with-funding-from-darpa
www.informatics.uci.edu/tanenbaums-interactive-magia-transformo-game-a-hit-at-indiecade-festival
www.informatics.uci.edu/new-report-finds-tech-inequality-persists-proposes-solutions
www.informatics.uci.edu/are-video-games-harming-my-son-informatics-professor-constance-steinkuehler-discusses-response
www.informatics.uci.edu/hai-lab-paper-takes-third-at-amia-2017-symposium-student-paper-competition
www.informatics.uci.edu/los-angeles-times-are-video-games-bad-for-your-kids-not-so-much-experts-now-believe-steinkuehler-quoted
www.informatics.uci.edu/medium-were-awake%e2%80%8a-%e2%80%8abut-were-not-at-the-wheel-bietz-co-author
www.informatics.uci.edu/new-faculty-spotlight-professor-katie-salen-tekinbas%cc%a7-explores-the-potential-of-play
www.informatics.uci.edu/dourishs-collaborative-work-on-thismymob-grant-supports-indigenous-communities
www.informatics.uci.edu/bleeping-computer-82-of-the-code-on-github-consists-of-clones-of-previously-created-files
www.informatics.uci.edu/the-national-womens-advocate-says-females-must-change-approach-gloria-mark-cited
www.informatics.uci.edu/the-register-more-than-half-of-github-is-duplicate-code-researchers-find
www.informatics.uci.edu/los-angeles-times-uci-made-game-explores-a-magical-world-with-costumes-and-spells-tess-tanenbaum-quoted
www.informatics.uci.edu/sdpb-radio-why-libraries-are-more-important-now-than-ever-mimi-ito-cited
www.informatics.uci.edu/connected-learning-summit-debuts-at-mit-aug-1-3
www.informatics.uci.edu/oc-register-placentia-yorba-linda-district-students-design-mobile-apps-get-idea-of-stem-career-options
www.informatics.uci.edu/michigan-virtual-learning-research-institute-mvlri-interview-with-mimi-ito
www.informatics.uci.edu/motherboard-the-reddit-moderator-getting-a-phd-in-online-moderation-phd-student-kat-lo-profiled
www.informatics.uci.edu/from-homebound-to-school-bound-with-telepresence-robots
www.informatics.uci.edu/professor-mark-aims-to-reduce-workplace-stress
www.informatics.uci.edu/ics-professors-presenting-at-aicre-events-for-martin-luther-king-jr-weekend
www.informatics.uci.edu/informatics-professors-promote-inclusiveness
www.informatics.uci.edu/2018-ics-projects-and-predictions
www.informatics.uci.edu/informatics-ph-d-candidate-oliver-haimson-receives-james-harvey-scholar-award
futurehealth.ics.uci.edu/health
futurehealth.ics.uci.edu/about
www.ics.uci.edu/community/news/view_news
mondego.ics.uci.edu/projects/dejavu
mondego.ics.uci.edu
www.ics.uci.edu/grad/degrees/degree_inf-ict.php
se.ics.uci.edu/Welcome.html
se.ics.uci.edu/comments/feed
se.ics.uci.edu/feed
se.ics.uci.edu/wp-login.php
se.ics.uci.edu/wp-login.php
se.ics.uci.edu/category/uncategorized
se.ics.uci.edu/author/jajones
se.ics.uci.edu/2019/12
se.ics.uci.edu/2019/12/04/hello-world
se.ics.uci.edu/research
se.ics.uci.edu
mondego.ics.uci.edu/datasets/wikipedia-events
www.ics.uci.edu/~lopes/datasets
www.ics.uci.edu/~lopes/opensim
mondego.ics.uci.edu/projects/yelp
mondego.ics.uci.edu/projects/clonedetection
mondego.ics.uci.edu/projects/SourcererCC
mondego.ics.uci.edu/projects/clonedetection/tool/latest
mondego.ics.uci.edu/projects/clonedetection/tool/demo
www.ics.uci.edu/~hsajnani
www.ics.uci.edu/~vpalepu
www.ics.uci.edu/~sjavanma
www.ics.uci.edu/%7Esjavanma/CollabCom
nile.ics.uci.edu/events-dataset-api
www.ics.uci.edu/%7Elopes
www.ics.uci.edu/~jossher
www.ics.uci.edu/~jsolson/teaching.html
frost.ics.uci.edu
www.ics.uci.edu/~djp3/classes/2010_09_INF133
sourcerer.ics.uci.edu
dejavu.ics.uci.edu
www.informatics.uci.edu/2017/09
www.informatics.uci.edu/2017/10
www.informatics.uci.edu/2017/11
www.informatics.uci.edu/2017/11/page/2
www.informatics.uci.edu/2017/12
www.informatics.uci.edu/2018/01
www.ics.uci.edu/community/news/view_news
www.informatics.uci.edu/reactions-to-gaming-disorder-classification
www.ics.uci.edu/community/news/view_news
www.ics.uci.edu/community/news/view_news
www.informatics.uci.edu/brython-davis-fellowship-recipient-marie-tsaasan-aims-to-serve-humanity
www.informatics.uci.edu/2018/02
www.informatics.uci.edu/julius-baer-the-familiar-faces-of-interfaces-gillian-hayes-quoted
www.informatics.uci.edu/los-angeles-times-uc-irvine-academics-come-to-the-defense-of-players-after-who-proposes-gaming-disorder-as-a-thing
www.informatics.uci.edu/ucis-judith-olson-efi-foufoula-georgiou-elected-to-national-academy-of-engineering
www.informatics.uci.edu/grant-helps-professor-ruberg-explore-diversity-and-harassment-in-video-game-livestreaming
www.informatics.uci.edu/grant-supports-study-of-rallyforrivers-campaign-and-social-medias-role-in-raising-awareness
www.informatics.uci.edu/strava-map-exposes-weaknesses-in-understanding-complexities-of-pervasive-data
www.informatics.uci.edu/cacm-responsible-research-with-crowds-pay-crowdworkers-at-least-minimum-wage-authored-by-professor-bill-tomlinson-and-ics-alumni-six-silberman-joel-ross-lilly-irani-and-andrew-zaldivar
www.informatics.uci.edu/california-department-of-education-state-superintendent-torlakson-announces-appointments-to-statewide-panel-for-computer-science-education-debra-richardson-named
www.informatics.uci.edu/the-new-york-times-magazine-how-to-choose-an-online-handle-alumna-nikki-crenshaw-quoted
www.informatics.uci.edu/wired-what-would-a-healthy-twitter-even-look-like-researcher-katherine-lo-quoted
www.informatics.uci.edu/women-in-information-and-computer-sciences-wics-organization-mentors-and-supports-future-tech-professionals
www.informatics.uci.edu/professor-chen-receives-grant-for-study-that-encourages-older-adults-to-exercise
www.informatics.uci.edu/professor-steinkuehler-helps-future-proof-californias-game-industry
www.informatics.uci.edu/fivethirtyeight-how-to-break-your-phone-addiction-gloria-mark-research-cited
www.informatics.uci.edu/sporttechie-orange-county-high-school-esports-league-combines-education-gaming-constance-steinkuehler-quoted
www.informatics.uci.edu/greater-than-code-radical-design-with-marian-petre-and-andre-van-der-hoek
www.ics.uci.edu/community/news/view_news
www.ics.uci.edu/community/news/view_news
www.ics.uci.edu/community/alumni/hall_of_fame/inductees.aspx.php
www.ics.uci.edu/community/news/view_news
www.informatics.uci.edu/2018/03
www.informatics.uci.edu/2018/03/page/2
www.informatics.uci.edu/alumni-spotlight-googles-rosalva-gallardo-12-advances-tech-education-in-peru
www.informatics.uci.edu/connected-camps-can-minecraft-help-raise-a-generation-of-good-gamers-by-katie-salen
www.informatics.uci.edu/rolling-stone-how-developers-can-reduce-toxicity-in-online-communities-ph-d-student-katherine-lo-quoted
www.informatics.uci.edu/inc-distractions-are-costing-companies-millions-heres-why-66-percent-of-workers-wont-talk-about-it-gloria-mark-research-cited
www.informatics.uci.edu/cmswire-new-consortium-looks-to-humanize-the-digital-workplace-gloria-mark-named-to-consortium
www.informatics.uci.edu/christian-science-monitor-here-comes-the-esports-revolution-are-video-gamers-the-tom-bradys-of-tomorrow-constance-steinkuehler-quoted
www.informatics.uci.edu/student-spotlight-rachel-weber-19-views-uci-as-a-land-of-opportunities
www.informatics.uci.edu/medium-the-future-of-love-robot-sex-and-ai-relationships-bonnie-nardi-quoted
www.informatics.uci.edu/winter-2018-informatics-student-project-showcase
www.informatics.uci.edu/ics-students-awarded-national-science-foundation-graduate-research-fellowships
www.informatics.uci.edu/geoffrey-c-bowker-recognized-as-donald-bren-professor
www.informatics.uci.edu/informatics-ph-d-candidate-reyhaneh-jabbarvand-named-google-ph-d-fellow
www.informatics.uci.edu/the-atlantic-the-bargain-at-the-heart-of-the-kid-internet-mimi-ito-quoted
www.informatics.uci.edu/senior-spotlight-celine-deleon-18-is-a-source-of-inspiration-for-girls-studying-technology
www.informatics.uci.edu/professor-gloria-mark-on-team-receiving-8-million-in-iarpa-funding-to-study-workplace-performance
www.informatics.uci.edu/researchers-from-the-department-of-informatics-explore-sustainable-food-systems
www.informatics.uci.edu/senior-spotlight-matthew-ardeleanu-exemplifies-perseverance-on-road-to-success
www.ics.uci.edu/ugrad/sao/index
www.ics.uci.edu/faculty/area/area_environmental.php
www.informatics.uci.edu/grad/student-profiles/graduate-student-profile-juliet-norton
www.informatics.uci.edu/grad/student-profiles/graduate-student-profile-namrata-puri
www.informatics.uci.edu/grad/student-profiles/graduate-student-profile-christina-rall
www.informatics.uci.edu/grad/student-profiles/jason-reitman
www.informatics.uci.edu/grad/student-profiles/4396-2
www.informatics.uci.edu/grad/student-profiles/sarah-ng
www.ics.uci.edu/~jabbarvr
www.informatics.uci.edu/grad/student-profiles/reyhaneh-jabbarvand
www.informatics.uci.edu/grad/student-profiles/mustafa-hussain
hai.ics.uci.edu
www.informatics.uci.edu/grad/student-profiles/matias-giorgio
www.informatics.uci.edu/grad/student-profiles/graduate-student-profile-eugenia-gabrielova
www.informatics.uci.edu/grad/student-profiles/heather-faucett
www.informatics.uci.edu/grad/student-profiles/emory-edwards
www.informatics.uci.edu/grad/student-profiles/kaj-dreef
www.informatics.uci.edu/grad/student-profiles/max-collins
www.informatics.uci.edu/grad/student-profiles/graduate-student-profile-moury-bidgoli
www.informatics.uci.edu/grad/student-profiles/graduate-student-profile-omar-asadi
www.informatics.uci.edu/grad/student-profiles/sam-mcdonald
student-council.ics.uci.edu/information-and-computer-science-clubs
www.informatics.uci.edu/2018/04
www.informatics.uci.edu/2018/04/page/2
www.informatics.uci.edu/luminaries-from-the-game-industry-take-over-classes-as-guest-lecturers
www.informatics.uci.edu/forbes-four-ways-to-maximize-workplace-productivity-by-checking-your-technology-use-gloria-mark-research-cited
www.informatics.uci.edu/vrcade-exposes-students-to-virtual-reality-trends-challenges-and-opportunities
www.informatics.uci.edu/professor-crista-lopes-recognized-for-excellence-in-undergraduate-teaching
www.informatics.uci.edu/alumni-spotlights-ics-grads-help-autogravity-revolutionize-digital-car-buying
www.informatics.uci.edu/bold-lifelong-learning-moving-between-the-academe-and-the-business-world-by-gillian-hayes
www.informatics.uci.edu/student-spotlight-uci-helps-jose-vargas-realize-anything-is-possible
www.informatics.uci.edu/inven-global-constance-steinkuehler-professor-of-education-at-uci-reveals-plans-to-invite-korean-players-and-coaches-to-the-u-s
www.informatics.uci.edu/ucis-first-esports-conference-aims-to-catalyze-the-field
www.informatics.uci.edu/2018/05
www.informatics.uci.edu/2018/05/page/2
www.informatics.uci.edu/ics-anteater-athletes-are-driven-to-succeed
www.informatics.uci.edu/quartz-are-people-who-dont-use-facebook-more-productive-gloria-mark-cited
www.informatics.uci.edu/game-developers-this-is-your-week
www.informatics.uci.edu/professor-ruberg-honored-for-excellence-in-fostering-undergraduate-research
www.informatics.uci.edu/retirement-reception-for-informatics-professor-david-g-kay-reveals-reach-of-his-teaching-tree
www.ics.uci.edu/~kay/choosing.courses.html
www.ics.uci.edu/~jacobson
www.ics.uci.edu/%7Ejacobson/IntroCourses.html
www.ics.uci.edu/%7Ejacobson/cs122b/cs122b.html
www.ics.uci.edu/~jacobson/cs122b/Announcements.html
www.ics.uci.edu/%7Ejacobson/ics80f/ICS80F.html
www.ics.uci.edu/~jacobson/ics80f/NoteOnGrades.html
www.ics.uci.edu/~jacobson/ics80f/CourseGrades.html
www.ics.uci.edu/%7Ejacobson/ics45J/ICS45J.html
www.ics.uci.edu/~jacobson/ics45J/NoteOnGrades.html
www.ics.uci.edu/~jacobson/ics45J/CourseGradesAfter.html
www.ics.uci.edu/~jacobson/ics45J/SettingUpJava.html
www.ics.uci.edu/%7Ejacobson/ics23/ICS23.html
www.ics.uci.edu/~jacobson/ics23/OthelloResults.html
www.ics.uci.edu/~jacobson/ics23/SettingUpJava.html
www.ics.uci.edu/%7Ejacobson/ics21/ICS21.html
www.ics.uci.edu/~jacobson/ics21/SettingUpJava.html
www.ics.uci.edu/%7Ejacobson/ics10A/ICS10A.html
www.ics.uci.edu/%7Ejacobson/Sayings.html
www.ics.uci.edu/%7Ejacobson/Activities.html
www.ics.uci.edu/%7Ejacobson/Dulcimer.html
www.ics.uci.edu/%7Ejacobson/Recognition.html
www.ics.uci.edu/%7Ejacobson/Works.html
www.ics.uci.edu/%7Ejacobson/Bio.html
www.informatics.uci.edu/education-week-gamers-are-the-new-high-school-athletes-the-rise-of-esports-constance-steinkuehler-quoted
www.informatics.uci.edu/2018/06
www.informatics.uci.edu/2018/06/page/2
www.informatics.uci.edu/aviation-week-aviaa-guarantees-savings-or-money-back-gillian-hayes-mentioned
www.informatics.uci.edu/ucis-game-design-program-ranked-third-in-state-17th-in-nation-by-acr
www.informatics.uci.edu/ingenuity-2018-recognizes-influential-individuals-and-celebrates-student-innovation
www.ics.uci.edu/community/alumni/hall_of_fame
www.ics.uci.edu/community/alumni
www.ics.uci.edu/involved/leadership_council
www.ics.uci.edu/involved
www.informatics.uci.edu/verge-game-developer-pranks-player-after-he-threatens-to-shoot-up-studio-katherine-lo-quoted
www.informatics.uci.edu/informatics-ph-d-student-mustafa-hussain-named-i3-teaching-fellow
www.informatics.uci.edu/ics-staff-faculty-honored-at-inaugural-faculty-staff-awards-celebration
www.ics.uci.edu/community/news/view_news
www.ics.uci.edu/community/news/view_news
www.ics.uci.edu/community/news/view_news
www.ics.uci.edu/community/news/view_news
www.ics.uci.edu/community/news/view_news
www.ics.uci.edu/community/news/view_news
www.ics.uci.edu/community/news/view_news
www.ics.uci.edu/community/news/view_news
www.ics.uci.edu/community/news/view_news
www.ics.uci.edu/about/deans_awards
www.ics.uci.edu/community/events/jim-mckenzie-memorial
www.informatics.uci.edu/ics-students-christian-morte-and-ayesha-syed-honored-with-chancellors-award-of-distinction
www.informatics.uci.edu/the-atlantic-the-most-honest-out-of-office-message-gloria-mark-cited
www.informatics.uci.edu/digital-media-anthropologist-alexander-cho-receives-presidents-postdoctoral-fellowship
www.informatics.uci.edu/u-s-news-world-report-schools-use-esports-as-a-learning-platform-by-constance-steinkuehler
www.informatics.uci.edu/sporttechie-esports-curriculum-meets-high-school-children-where-they-play-constance-steinkuehler-quoted
www.informatics.uci.edu/inside-higher-ed-melting-away-myths-kurt-squire-quoted
www.informatics.uci.edu/platypus-a-ludicrous-relationship-a-conversation-between-anthropology-and-game-studies-co-authored-by-informatics-ph-d-students
www.informatics.uci.edu/bustle-why-the-best-video-games-are-the-ones-that-make-men-cry-bonnie-ruberg-quoted
www.informatics.uci.edu/wired-google-glass-is-back-now-with-artificial-intelligence-gillian-hayes-quoted
www.informatics.uci.edu/daily-bruin-comic-con-panel-discusses-afrofuturism-in-black-panther-octavia-butlers-works-roderic-crooks-mentioned
www.informatics.uci.edu/forbes-how-smes-can-catch-the-ai-wave-gloria-mark-mentioned
www.informatics.uci.edu/informatics-department-welcomes-world-renowned-scholar-marian-petre
www.informatics.uci.edu/discover-connected-learning-summit-constance-steinkuehler-mentioned
www.informatics.uci.edu/el-comercio-i-want-peru-be-a-technological-power-profile-on-rosalva-gallardo-ph-d-12
www.informatics.uci.edu/nardis-paper-on-instant-messaging-receives-lasting-impact-award
www.informatics.uci.edu/university-of-wisconsin-madison-a-video-game-can-change-the-brain-may-improve-empathy-in-middle-schoolers-constance-steinkuehler-and-kurt-squire-mentioned
www.informatics.uci.edu/uc-it-blog-telepresence-learning-with-robots-at-uc-irvine-judy-olson-quoted
www.informatics.uci.edu/se-radio-episode-333-marian-petre-and-andre-van-der-hoek-on-software-design
www.informatics.uci.edu/wired-if-a-group-text-gets-read-and-no-one-reacts-did-it-happen-paul-dourish-quoted
www.informatics.uci.edu/a-video-game-that-teaches-empathy-and-strengthens-neural-connectivity
www.informatics.uci.edu/professors-malek-and-garcia-aim-to-transform-software-architecture-research-with-1-66m-grant
www.informatics.uci.edu/georgia-tech-oh-the-places-theyll-go-professor-gregory-abowd-looks-back-on-30-ph-d-graduates-gillian-hayes-mentioned
www.informatics.uci.edu/educating-the-next-generation-about-cybersecurity
www.informatics.uci.edu/quartz-there-are-two-ways-to-multitask-but-only-one-works
www.informatics.uci.edu/stew-sutton-enhances-student-learning-with-donated-software-licenses
www.informatics.uci.edu/informatics-students-partner-with-team-kids-to-help-children-change-the-world
www.informatics.uci.edu/informatics-professors-weave-sustainability-into-the-fabric-of-computing-with-comm-acm-paper
www.informatics.uci.edu/professor-lopes-advances-collaborative-research-with-1-1m-grant
www.informatics.uci.edu/informatics-ph-d-candidate-daniel-gardner-selected-as-arcs-scholar
www.informatics.uci.edu/uci-assumes-leadership-role-with-first-annual-esports-conference
www.informatics.uci.edu/making-a-donor-powered-difference
www.informatics.uci.edu/edsurge-anthropologist-mimi-ito-good-intentions-dont-always-mean-equitable-outcomes-in-edtech
www.informatics.uci.edu/technolochicas-video-spotlight-on-ics-alumna-rosalva-gallardo-ph-d-12
www.informatics.uci.edu/adjunct-lecturer-paul-lumsdaine-prepares-informatics-students-for-real-world-challenges
www.informatics.uci.edu/the-fight-against-global-warming-where-does-technology-fit-in
www.informatics.uci.edu/los-angeles-times-uci-student-helps-design-canoe-that-allows-the-blind-to-paddle-solo-informatics-ph-d-student-mark-baldwin-profiled
www.informatics.uci.edu/uci-news-uci-receives-14-7-million-grant-to-expand-its-successful-literacy-outreach-project-rebecca-black-co-investigator
www.informatics.uci.edu/buzzfeed-multitasking-is-bad-and-you-really-shouldnt-do-it-gloria-mark-quoted
www.informatics.uci.edu/professor-branham-highlights-interdependence-for-assistive-technology-in-award-winning-paper
www.informatics.uci.edu/kai-zheng-elected-acmi-fellow-for-contributions-to-biomedical-informatics
www.informatics.uci.edu/informatics-researchers-and-neurology-professor-recognized-for-paper-on-stroke-vlogs
www.informatics.uci.edu/uci-news-paddling-toward-a-more-accessible-future-informatics-ph-d-student-mark-baldwin-profiled
www.informatics.uci.edu/professor-black-discusses-technology-behind-ucis-14-7m-grant-to-expand-literacy-outreach
www.informatics.uci.edu/huffington-post-on-maid-rating-apps-indias-entitled-baba-log-hit-new-low-phd-candidate-noopur-raval-quoted
www.informatics.uci.edu/multidepartmental-collaboration-on-detecting-code-clones-leads-to-distinguished-paper-award
www.informatics.uci.edu/ph-d-students-du-meza-soria-take-second-place-at-amia-student-design-challenge
www.informatics.uci.edu/education-week-no-fortnite-isnt-rotting-kids-brains-it-may-even-be-good-for-them-by-kurt-squire
www.informatics.uci.edu/games-at-play-arcade-a-night-of-alternative-game-design
www.informatics.uci.edu/jersey-city-dinner-draws-35-uci-alumni-faculty-and-students-at-cscw-18
www.informatics.uci.edu/sxsw-constance-steinkuehler-mark-deppe-michael-prindiville-and-peter-levin-announced-as-featured-speakers-for-sxsw-gaming-2019
www.informatics.uci.edu/the-conversation-why-tumblrs-ban-on-adult-content-is-bad-for-lgbtq-youth-postdoctoral-fellow-alexander-cho-quoted
www.informatics.uci.edu/professor-crista-lopes-named-ieee-fellow
www.informatics.uci.edu/the-conversation-for-many-women-tracking-their-fertility-can-be-an-emotional-whirlwind-by-mayara-costa-figueiredo-and-yunan-chen
www.informatics.uci.edu/cpri-hosts-workforce-2020-panel-discussion-and-networking-reception-for-ics-90-students
www.informatics.uci.edu/founders-of-coding-club-for-kids-in-homeless-shelters-grateful-for-ucis-support
www.informatics.uci.edu/ign-dragon-age-4-who-is-the-dread-wolf-by-informatics-graduate-student-kat-brewster
www.informatics.uci.edu/forbes-brain-based-tips-for-sharpening-your-focus-gloria-mark-cited
www.informatics.uci.edu/the-conversation-with-a-limited-on-screen-presence-autistic-characters-have-emerged-in-another-medium-fan-fiction-by-rebecca-black
www.informatics.uci.edu/entrepreneur-why-entrepreneurs-are-constantly-distracted-and-6-ways-to-fight-back-gloria-mark-quoted
www.informatics.uci.edu/mobile-banking-prototype-exemplifies-value-of-capstone-classes-for-students-and-businesses
www.informatics.uci.edu/hispanic-engineer-uc-irvine-hopes-to-find-how-young-people-are-using-digital-technology-mimi-ito-quoted
www.ics.uci.edu/community/news/articles/view_article
www.informatics.uci.edu/explore/faculty-profiles/rebecca-black
www.ics.uci.edu/~jnnorton
perennialpolycultures.ics.uci.edu
www.informatics.uci.edu/2018/07
www.informatics.uci.edu/2018/08
www.informatics.uci.edu/2018/08/page/2
www.informatics.uci.edu/2018/09
www.informatics.uci.edu/2018/10
www.informatics.uci.edu/2018/10/page/2
www.informatics.uci.edu/2018/11
www.informatics.uci.edu/2018/12
www.informatics.uci.edu/2018/12/page/2
www.informatics.uci.edu/2019/01
www.informatics.uci.edu/2019/01/page/2
www.informatics.uci.edu/connected-learning-alliance-close-the-digital-generation-gap-unlock-the-power-of-online-affinity-networks-and-fuel-learning-by-mimi-ito
www.informatics.uci.edu/bbc-why-an-off-the-grid-hour-at-work-is-so-crucial-gloria-mark-quoted
www.informatics.uci.edu/informatics-department-receives-1-1m-to-study-socially-responsible-ai
www.informatics.uci.edu/espn-esports-college-league-of-legends-week-1-rankings
www.informatics.uci.edu/the-guardian-video-games-can-turn-university-graduates-into-better-employees-constance-steinkuehler-and-kurt-squire-cited
www.informatics.uci.edu/professor-ruberg-co-edits-groundbreaking-game-studies-issue-on-queerness-and-video-games
www.informatics.uci.edu/uci-news-uci-led-study-finds-harry-potter-fan-fiction-challenges-cultural-stereotypes-of-autism-rebecca-black-quoted
www.informatics.uci.edu/motherboard-social-media-is-broken-but-you-should-still-report-hate-kat-lo-quoted
www.informatics.uci.edu/trio-of-ics-professors-preview-tech-trends-for-2019
www.informatics.uci.edu/marketplace-your-car-is-not-self-driving-no-matter-how-much-it-seems-like-it-is-ph-d-candidate-hillary-abraham-quoted
www.informatics.uci.edu/tess-and-karen-tanenbaum-lead-career-workshop-for-junior-high-students
www.informatics.uci.edu/2019/02
www.informatics.uci.edu/2019/02/page/2
www.informatics.uci.edu/the-new-york-times-our-brains-arent-designed-to-handle-the-trump-era-gloria-mark-cited
www.informatics.uci.edu/professor-bowkers-research-as-a-cas-fellow-tackles-timely-issues
www.informatics.uci.edu/roberta-ellen-lamb-memorial-endowed-fellowship-recipient-investigates-online-democratic-discourse
www.ics.uci.edu/community/scholarships/index
www.informatics.uci.edu/edsurge-playing-games-can-build-21st-century-skills-research-explains-how-kurt-squire-quoted
www.informatics.uci.edu/informatics-professor-gillian-hayes-receives-social-impact-award
www.informatics.uci.edu/ics-honors-four-alumni-at-2019-hall-of-fame-celebration
www.informatics.uci.edu/uci-applied-innovation-aviaa-merges-fleets-acquires-convolus
www.ics.uci.edu/~hillarya
www.informatics.uci.edu/graduate-student-spotlight-hillary-abraham-driven-to-explore-future-transportation
www.informatics.uci.edu/venturebeat-how-the-esas-acting-ceo-views-video-game-addiction-constance-steinkuehler-mentioned
www.informatics.uci.edu/seeing-video-games-in-a-new-light
www.informatics.uci.edu/alumni-spotlight-erin-bradner-designs-technology-to-amplify-our-creativity
www.informatics.uci.edu/academics-and-activists-unite-to-tackle-digital-discrimination
www.informatics.uci.edu/uci-esports-esports-lab-spotlight-maria-j-anderson-coto-informatics-graduate-student
www.informatics.uci.edu/variety-the-problem-of-toxicity-in-esports-and-two-solutions-informatics-graduate-student-amanda-cullen-cited
www.informatics.uci.edu/uci-news-applied-innovation-aviaa-spreads-wings-into-irvine-and-beyond-gillian-hayes-quoted
www.informatics.uci.edu/medium-what-we-mean-when-we-say-abolishbigdata2019-by-roderic-crooks
www.informatics.uci.edu/ph-d-student-samantha-mcdonald-helps-us-better-connect-with-congress
www.informatics.uci.edu/grants-for-new-informatics-professors-support-health-and-childrens-literacy
www.informatics.uci.edu/student-success-on-display-at-winter-2019-informatics-project-showcase
www.informatics.uci.edu/merage-school-of-business-uci-stock-market-competition-makes-financial-literacy-a-top-priority-for-undergraduate-students-informatics-student-yuheng-li-second-place-winner
www.informatics.uci.edu/alumni-spotlight-gerald-bortis-helps-transform-healthcare
www.informatics.uci.edu/the-uci-podcast-interview-with-bonnie-ruberg
www.informatics.uci.edu/cyberuci-clubs-growing-cybersecurity-community-develops-third-place-team
www.informatics.uci.edu/women-in-the-world-raising-safe-digitally-savvy-kids-in-the-screen-age-requires-a-strategy-mimi-ito-quoted
www.informatics.uci.edu/all-female-capstone-team-delivers-for-emergency-preparedness-program
www.informatics.uci.edu/parenting-oc-autism-and-fanfiction-rebecca-black-quoted
www.informatics.uci.edu/ics-finalist-in-uci-stock-market-competition-two-years-in-a-row
www.informatics.uci.edu/ucis-game-design-program-ranked-third-in-state-11th-in-nation-by-acr
www.informatics.uci.edu/uci-esports-esports-lab-spotlight-craig-g-anderson
www.informatics.uci.edu/marketplace-remote-offices-find-creative-workarounds-as-more-americans-stay-home-judith-olson-quoted
www.informatics.uci.edu/shrm-why-are-companies-ending-remote-work-judith-and-gary-olson-quoted
www.informatics.uci.edu/active-learning-transforms-ubiquitous-computing-course
www.informatics.uci.edu/univision-rosalva-gallardo-a-peruvian-who-stands-out-working-for-google-in-silicon-valley-video-interview
www.informatics.uci.edu/ics-students-win-best-web-app-at-hacksc
www.informatics.uci.edu/uci-school-of-medicine-new-study-shows-crowdsourced-traffic-data-could-save-lives
www.informatics.uci.edu/mark-baldwin-receives-uci-engage-great-partner-award
www.informatics.uci.edu/abc-life-why-getting-better-with-money-starts-with-habits-not-spreadsheets-sean-young-quoted
www.informatics.uci.edu/bonnie-nardi-recognized-with-lifetime-achievement-award
www.informatics.uci.edu/the-journal-institute-of-play-closing-down-handing-work-over-to-uc-irvine
www.informatics.uci.edu/edsurge-its-game-over-for-the-institute-of-play-but-its-legacy-lives-on-katie-salen-tekinbas-quoted
www.ics.uci.edu/community/news/view_news
www.ics.uci.edu/community/news/view_news
www.ics.uci.edu/community/news/view_news
www.ics.uci.edu/community/news/view_news
www.ics.uci.edu/~sjcrane
www.ics.uci.edu/~rkwang
cyberclub.ics.uci.edu
www.ics.uci.edu/community/news/view_news
www.ics.uci.edu/community/news/view_news
www.informatics.uci.edu/2019/03
www.informatics.uci.edu/2019/04
www.informatics.uci.edu/2019/05
www.informatics.uci.edu/2019/05/page/2
www.informatics.uci.edu/2019/06
www.informatics.uci.edu/cnn-slack-is-ruining-my-life-and-i-love-it-gloria-mark-quoted
www.informatics.uci.edu/npr-the-brighter-side-of-screen-time-mimi-ito-mentioned
www.informatics.uci.edu/capitalizing-on-the-capstone-experience
www.informatics.uci.edu/wired-waze-data-can-help-predict-car-crashes-and-cut-response-time-sean-young-quoted
www.informatics.uci.edu/wired-reddits-manosphere-and-the-challenge-of-quantifying-hate-katherine-lo-quoted
www.informatics.uci.edu/uci-news-outdated-gaming-equipment-gets-new-life
www.informatics.uci.edu/the-atlantic-the-slackification-of-the-american-home-melissa-mazmanian-quoted
www.informatics.uci.edu/gillian-hayes-appointed-vice-provost-for-graduate-education-and-dean-of-the-graduate-division
www.informatics.uci.edu/the-new-yorker-was-e-mail-a-mistake-gloria-mark-quoted
www.informatics.uci.edu/inc-you-could-be-your-own-biggest-interruption-heres-how-to-stop-and-find-your-focus-gloria-mark-cited
www.informatics.uci.edu/informatics-ph-d-student-jazette-johnson-receives-community-based-research-fellowship
www.informatics.uci.edu/the-verge-%ef%bb%bfgamergate-comes-to-the-classroom-bo-ruberg-quoted
www.informatics.uci.edu/forbes-robots-and-algorithms-and-ai-oh-my-careers-scholar-gina-dokkos-take-on-what-they-all-mean-melissa-mazmanian-mentioned
www.informatics.uci.edu/join-the-conversation-on-inclusion-in-live-streaming
www.informatics.uci.edu/professor-gloria-mark-awarded-collaborative-nsf-future-of-work-grant
www.informatics.uci.edu/the-conversation-how-congress-turns-citizens-voices-into-data-points-by-informatics-ph-d-candidate-samantha-mcdonald
www.informatics.uci.edu/graduate-student-spotlight-ernest-garrison-finds-joy-in-helping-others
www.informatics.uci.edu/professor-nardi-and-informatics-grad-students-receive-best-paper-award
www.informatics.uci.edu/developing-an-ar-platform-to-better-train-american-workers
www.informatics.uci.edu/training-tomorrows-software-engineers
www.informatics.uci.edu/the-atlantic-what-fan-fiction-teaches-that-the-classroom-doesnt-rebecca-black-quoted
www.informatics.uci.edu/inclusive-streaming-workshop-builds-community-to-advance-research
www.informatics.uci.edu/informatics-ph-d-student-lucy-pei-receives-zonta-women-in-technology-scholarship
www.informatics.uci.edu/eight-habits-of-expert-software-designers-an-illustrated-guide
www.informatics.uci.edu/senior-spotlight-taneisha-arora-pursues-her-passions-from-working-in-industry-to-running-a-bakery
www.informatics.uci.edu/ics-welcomes-8-new-faculty-for-2019
www.informatics.uci.edu/informatics-ph-d-candidate-amanda-cullen-selected-as-arcs-scholar
www.informatics.uci.edu/professor-sean-young-named-to-cdc-committee-on-sexually-transmitted-infections
www.informatics.uci.edu/apply-for-the-new-rosalva-gallardo-valencia-graduate-award-in-ics-by-oct-31
www.informatics.uci.edu/registration-open-for-the-2019-opioid-hackathon
www.informatics.uci.edu/global-sport-matters-diversity-inclusion-remain-a-problem-in-esports-industry-bo-ruberg-featured
www.informatics.uci.edu/advancing-accessible-technologies-for-all
www.informatics.uci.edu/edsurge-how-to-connect-with-your-kids-digital-interests-and-become-a-media-mentor-by-mimi-ito
www.informatics.uci.edu/boston-globe-amid-bc-suicide-case-a-look-at-how-texting-can-empower-abusers-gloria-mark-quoted
www.informatics.uci.edu/npr-its-a-smartphone-life-more-than-half-of-u-s-children-now-have-one-mimi-ito-cited
www.informatics.uci.edu/informatics-alumna-lilly-irani-receives-diana-forsythe-prize-for-chasing-innovation
www.informatics.uci.edu/family-circle-mind-control-how-to-focus-and-pay-attention-gloria-mark-quoted
www.informatics.uci.edu/student-spotlight-veteran-chauncy-sapien-hopes-to-create-software-to-support-the-u-s-military
www.informatics.uci.edu/healthline-people-are-getting-their-stds-diagnosed-on-reddit-sean-young-quoted
www.informatics.uci.edu/fast-company-people-are-building-technology-that-could-survive-the-apocalypse-bill-tomlinson-quoted
www.informatics.uci.edu/ph-d-candidate-reyhaneh-jabbarvand-selected-as-rising-star
www.informatics.uci.edu/developing-a-data-analytics-course-for-low-income-high-schools
www.informatics.uci.edu/how-do-you-like-it-so-far-digital-diversity-with-craig-watkins-mimi-ito-and-katie-salen
www.informatics.uci.edu/professor-james-jones-receives-ase-2019s-most-influential-paper-award
www.informatics.uci.edu/the-conversation-political-hashtags-like-metoo-and-blacklivesmatter-make-people-less-likely-to-believe-the-news-by-ph-d-candidate-eugenia-ha-rim-rho
www.informatics.uci.edu/kcbs-radio-how-political-hashtags-make-discussion-more-partisan
www.informatics.uci.edu/the-san-diego-union-tribune-esports-makes-its-way-into-san-diego-high-schools-and-has-boosted-some-students-into-college-constance-steinkuehler-quoted
www.informatics.uci.edu/harvard-business-review-how-to-overcome-your-checks-email-distraction-habit-gloria-mark-quoted
www.informatics.uci.edu/ph-d-student-mayara-costa-figueiredo-selected-for-chi-2020-doctoral-consortium
www.informatics.uci.edu/creative-bloq-how-to-hone-your-design-skills-if-youre-a-developer
www.informatics.uci.edu/radio-new-zealand-political-hashtags-make-people-less-likely-to-believe-the-news-ph-d-student-eugenia-ha-rim-rho-interviewed
www.informatics.uci.edu/medium-reverse-engineer-an-awesome-grace-hopper-celebration-experience-by-ics-alumna-alegria-baquero
www.informatics.uci.edu/informatics-student-emma-anderson-named-kleiner-perkins-fellow
www.informatics.uci.edu/mit-technology-review-the-human-screenome-project-will-capture-everything-we-do-on-our-phones-mimi-ito-quoted
www.informatics.uci.edu/join-ruha-benjamin-in-exploring-discriminatory-designs-that-encode-inequity
www.informatics.uci.edu/still-sorting-things-out-conference-honors-legacy-of-book-coauthored-by-professor-bowker
www.informatics.uci.edu/the-connected-learning-lab-explores-new-ways-to-support-youth-development
www.informatics.uci.edu/microsoft-research-blog-2020-ada-lovelace-and-phd-fellowships-help-recipients-achieve-broad-research-and-educational-goals
www.informatics.uci.edu/informatics-ph-d-candidate-amanda-cullen-named-2020-twitch-research-fellow
www.informatics.uci.edu/inc-3-ways-to-unleash-high-impact-work-in-2020-gloria-mark-cited
www.informatics.uci.edu/ucis-game-design-program-ranked-4th-in-state-13th-in-nation-by-acr
www.informatics.uci.edu/explore/department-seminars/seminar-info/
www.ics.uci.edu/~mcostafi
hai.ics.uci.edu/index.html
www.ics.uci.edu/community/news/view_news
www.ics.uci.edu/community/news/view_news
www.informatics.uci.edu/2019/07
www.informatics.uci.edu/2019/08
www.informatics.uci.edu/2019/09
www.informatics.uci.edu/2019/10
www.informatics.uci.edu/2019/10/page/2
www.informatics.uci.edu/2019/11
www.informatics.uci.edu/2019/12
www.informatics.uci.edu/2020/01
www.informatics.uci.edu/ics-ph-d-grad-receives-best-doctoral-dissertation-award-from-ischools
www.informatics.uci.edu/overseeing-your-online-afterlife
www.informatics.uci.edu/global-game-jam-connects-uci-with-ocs-game-design-community
www.informatics.uci.edu/ics-teams-win-top-two-spots-at-ieee-gamesig-2017
www.informatics.uci.edu/tanenbaum-collaborates-on-ches-village-vr-experience
www.ics.uci.edu/community/news/view_news
www.informatics.uci.edu/register-now-for-global-game-jam-2018
www.informatics.uci.edu/global-game-jam-2018-expands-reach
www.informatics.uci.edu/novel-ar-vr-theater-class-builds-foundation-for-new-traditions-in-theater
www.informatics.uci.edu/new-vr-development-club-aims-to-innovate-explore
www.informatics.uci.edu/diverse-innovation-on-display-at-2018-capstone-game-showcase
www.informatics.uci.edu/students-present-blueprints-for-new-ar-vr-theater-experiences
www.informatics.uci.edu/register-now-to-find-the-kind-at-empathy-game-jam
www.ics.uci.edu/community/news/view_news
www.informatics.uci.edu/home/women-in-gaming
www.informatics.uci.edu/uci-continues-its-winning-streak-at-ieee-gamesig-with-sky-farm
www.informatics.uci.edu/future-developers-explore-prosocial-gaming-at-empathy-game-jam
www.informatics.uci.edu/informatics-ph-d-student-saumya-gupta-receives-acm-w-scholarship-for-tei-19
www.informatics.uci.edu/josh-and-karen-tanenbaum-lead-career-workshop-for-junior-high-students
www.informatics.uci.edu/ucis-record-breaking-global-game-jam
www.informatics.uci.edu/uci-sweeps-ieee-gamesig-2019
transformativeplay.ics.uci.edu/
wearablegames.ics.uci.edu
wearablegames.ics.uci.edu/
wearablegames.ics.uci.edu/
wearablegames.ics.uci.edu/wp-login.php
wearablegames.ics.uci.edu/wp-login.php
wearablegames.ics.uci.edu/
wearablegames.ics.uci.edu/
wearablegames.ics.uci.edu/
wearablegames.ics.uci.edu/
wearablegames.ics.uci.edu/
wearablegames.ics.uci.edu/
wearablegames.ics.uci.edu/
transformativeplay.ics.uci.edu/
www.ics.uci.edu/about/brenhall
www.ics.uci.edu/community/news/features/view_feature
transformativeplay.ics.uci.edu/
transformativeplay.ics.uci.edu/global-game-jam-part-deux
transformativeplay.ics.uci.edu/events/board-games-reclaimed
transformativeplay.ics.uci.edu/2020-global-game-jam-at-uci
www.informatics.uci.edu/explore/faculty-profiles/katie-salen-tekinbas
www.informatics.uci.edu/explore/faculty-profiles/david-redmiles
www.informatics.uci.edu/explore/faculty-profiles/kylie-peppler
www.informatics.uci.edu/explore/faculty-profiles/sam-malek
www.informatics.uci.edu/explore/faculty-profiles/iftekhar-ahmed
www.ics.uci.edu/faculty/profiles/view_faculty.php
www.ics.uci.edu/faculty/profiles/view_faculty.php
www.ics.uci.edu/faculty/profiles/view_faculty.php
www.ics.uci.edu/faculty/profiles/view_faculty.php
www.ics.uci.edu/faculty/profiles/view_faculty.php
www.ics.uci.edu/faculty/profiles/view_faculty.php
www.ics.uci.edu/faculty/profiles/view_faculty.php
www.ics.uci.edu/faculty/profiles/view_faculty.php
www.ics.uci.edu/faculty/profiles/view_faculty.php
www.ics.uci.edu/faculty/profiles/view_faculty.php
www.informatics.uci.edu/explore/faculty-profiles/aaron-trammell
www.informatics.uci.edu/explore/faculty-profiles/bill-tomlinson
www.informatics.uci.edu/explore/faculty-profiles/josh-tanenbaum
www.informatics.uci.edu/explore/faculty-profiles/kurt-squire
www.informatics.uci.edu/explore/faculty-profiles/bonnie-nardi
www.informatics.uci.edu/explore/faculty-profiles/cristina-lopes
www.informatics.uci.edu/explore/faculty-profiles/constance-steinkuehler
www.informatics.uci.edu/explore/faculty-profiles/bonnie-ruberg
www.informatics.uci.edu/explore/faculty-profiles/melissa-mazmanian
www.ics.uci.edu/~mmazmani
www.informatics.uci.edu/explore/faculty-profiles/gloria-mark
www.ics.uci.edu/faculty/profiles/view_faculty.php
www.ics.uci.edu/faculty/profiles/view_faculty.php
www.ics.uci.edu/faculty/profiles/view_faculty.php
www.ics.uci.edu/faculty/profiles/view_faculty.php
www.ics.uci.edu/faculty/profiles/view_faculty.php
www.ics.uci.edu/faculty/profiles/view_faculty.php
www.ics.uci.edu/faculty/profiles/view_faculty.php
www.ics.uci.edu/faculty/profiles/view_faculty.php
www.ics.uci.edu/faculty/profiles/view_faculty.php
www.cs.uci.edu/faculty
www.ics.uci.edu/faculty/profiles/view_faculty.php
www.ics.uci.edu/faculty/profiles/view_faculty.php
www.ics.uci.edu/faculty/profiles/view_faculty.php
www.ics.uci.edu/faculty/profiles/view_faculty.php
www.ics.uci.edu/faculty/profiles/view_faculty.php
www.ics.uci.edu/faculty/profiles/view_faculty.php
www.ics.uci.edu/faculty/profiles/view_faculty.php
www.ics.uci.edu/faculty/profiles/view_faculty.php
www.ics.uci.edu/faculty/profiles/view_faculty.php
www.ics.uci.edu/faculty/profiles/view_faculty.php
www.ics.uci.edu/faculty/profiles/view_faculty.php
www.ics.uci.edu/faculty/profiles/view_faculty.php
www.ics.uci.edu/faculty/profiles/view_faculty.php
www.ics.uci.edu/faculty/profiles/view_faculty.php
www.ics.uci.edu/faculty/profiles/view_faculty.php
www.ics.uci.edu/faculty/profiles/view_faculty.php
www.cs.uci.edu/contact
www.cs.uci.edu/about-the-department
cml.ics.uci.edu/2020/01/winter-2020
cml.ics.uci.edu/2013/03/2013_kimsloan
cml.ics.uci.edu/2013/03/2013_fowlkescareer
cml.ics.uci.edu/2013/03/2013_xielinih
cml.ics.uci.edu/2013/08/2013_padhraicuai
cml.ics.uci.edu/2013/08/2013_pfbaldi
cml.ics.uci.edu/2013/08/2013_anima
cml.ics.uci.edu/2013/08/2013_alexnsf
cml.ics.uci.edu/2014/02/2014_improver
cml.ics.uci.edu/2014/02/2014_asterixdb
cml.ics.uci.edu/2014/02/2014_acmfellows
cml.ics.uci.edu/2014/02/anandkumar-receives-early-career-sloan-research-fellowship
cml.ics.uci.edu/2014/06/center-member-smyth-to-head-new-data-science-initiative
cml.ics.uci.edu/2014/07/anima-anandkumar-gives-short-course-at-mlss
www.ics.uci.edu/community/news/press/view_press
cml.ics.uci.edu/2014/08/2014_deep
cml.ics.uci.edu/2014/08/2014_aaai
cml.ics.uci.edu/2014/08/center-member-michael-lee-uses-crowdsourcing-to-predict-world-cup-outcome
cml.ics.uci.edu/2014/08/center-members-tomlinson-patterson-receive-400000-nsf-grant-for-crowdsourcing-and-food-security-project
cml.ics.uci.edu/2014/09/2014_google
cml.ics.uci.edu/2014/11/eric-mjolsness-named-american-association-for-the-advancement-of-science-fellow
cml.ics.uci.edu/2015/01/anima-anandkumar-receives-afosr-young-investigator-award
cml.ics.uci.edu/2015/02/alexander-ihler-gives-short-course-on-approximate-inference-at-mlss
cml.ics.uci.edu/2015/05/center-member-and-ics-dean-hal-stern-to-help-lead-national-effort-to-improve-criminal-evidence-analysis-cut-wrongful-convictions
cml.ics.uci.edu/2016/02/anandkumar-receives-google-research-award
cml.ics.uci.edu/2016/03/southern-california-machine-learning-symposium
cml.ics.uci.edu/2016/08/workshop-on-interacting-with-robots-through-touch
cml.ics.uci.edu/2016/10/midcareer-faculty-positions-at-uc-irvine
cml.ics.uci.edu/2016/11/phd-research-fellowships
cml.ics.uci.edu/2017/06/singh-talk-oc-acm-chapter
cml.ics.uci.edu/2017/11/new-faculty-member-eric-sudderth
cml.ics.uci.edu/2017/11/phd-students-win-best-poster-awards
cml.ics.uci.edu/2018/03/workshop-for-the-philosophy-of-machine-learning
www.ics.uci.edu/community/news/view_news
cml.ics.uci.edu/2018/08/two-new-nsf-awards-in-machine-learning-for-sameer-singh
cml.ics.uci.edu/2018/10/faculty-positions-at-uc-irvine
cml.ics.uci.edu/2019/09/920
www.ics.uci.edu/community/news/view_news
cml.ics.uci.edu/type/image
www.ics.uci.edu/community/news/view_news
archive.ics.uci.edu/ml/index.php
archive.ics.uci.edu/ml/noteNetflix.txt
cml.ics.uci.edu/2019/09/research-funding-from-qualcomm-ai-ml-research-labs
cml.ics.uci.edu/2019/09/ai-nlp-research-partnership-with-allen-institute-for-ai-ai2
cml.ics.uci.edu/2020/01/upgrading-the-uci-ml-repository
cml.ics.uci.edu/subscribe
mailman.ics.uci.edu/mailman/listinfo/cml
mailman.ics.uci.edu/mailman/private/cml
cml.ics.uci.edu/sponsors-funding
www.ics.uci.edu/~mlearn/MLRepository.html
cml.ics.uci.edu/books
www.ics.uci.edu/~dechter/books/index.html
cml.ics.uci.edu/courses
www.ics.uci.edu/grad/courses/details.php
www.ics.uci.edu/grad/courses
www.ics.uci.edu/grad/courses/details.php
www.ics.uci.edu/grad/courses/details.php
www.ics.uci.edu/grad/courses/details.php
www.ics.uci.edu/grad/courses/details.php
www.ics.uci.edu/grad/courses/details.php
www.ics.uci.edu/grad/courses/details.php
www.ics.uci.edu/grad/courses/details.php
cml.ics.uci.edu/aiml/ml-reading-group
mailman.ics.uci.edu/mailman/listinfo/mlrg
mailman.ics.uci.edu/pipermail/mlrg
cml.ics.uci.edu/aiml/ml-distinguished-speakers
cml.ics.uci.edu/aiml
cml.ics.uci.edu/aiml/page/2
cml.ics.uci.edu/aiml/page/3
cml.ics.uci.edu/aiml/page/4
cml.ics.uci.edu/aiml/page/5
cml.ics.uci.edu/aiml/page/6
cml.ics.uci.edu/aiml/page/7
cml.ics.uci.edu/aiml/page/8
cml.ics.uci.edu/aiml/page/9
cml.ics.uci.edu/aiml/page/10
cml.ics.uci.edu/aiml/page/11
cml.ics.uci.edu/aiml/page/12
cml.ics.uci.edu/aiml/page/13
cml.ics.uci.edu/aiml/page/14
cml.ics.uci.edu/aiml/page/15
cml.ics.uci.edu/aiml/page/16
cml.ics.uci.edu/aiml/page/17
cml.ics.uci.edu/aiml/page/18
cml.ics.uci.edu/aiml/page/19
cml.ics.uci.edu/aiml/page/20
cml.ics.uci.edu/aiml/page/21
cml.ics.uci.edu/aiml/page/22
cml.ics.uci.edu/aiml/page/23
cml.ics.uci.edu/alumni
www.ics.uci.edu/~sgaffney
www.ics.uci.edu/~sswamida
www.ics.uci.edu/~dchudova
www.ics.uci.edu/research
www.ics.uci.edu/academics/graduate
cml.ics.uci.edu/faculty
cml.ics.uci.edu/home/contact-us
cml.ics.uci.edu/category/news
cml.ics.uci.edu/home/about-us
www.cs.uci.edu/a-trio-of-new-distinguished-professors-in-ics
www.cs.uci.edu/professor-shuang-zhao-aims-to-transform-physical-acquisition-pipelines
www.cs.uci.edu/daily-pilot-column-with-artificial-intelligence-on-the-rise-humans-should-reconsider-the-way-we-think-about-our-own-pierre-baldi-interviewed
www.cs.uci.edu/si-news-why-north-america-is-the-premier-destination-for-graduate-computer-science-studies
www.cs.uci.edu/uci-news-building-a-better-bot-cs-students-mentioned
www.cs.uci.edu/faculty-spotlight-amelia-regans-drive-to-transform-transportation
www.cs.uci.edu/uci-researchers-deep-learning-algorithm-solves-rubiks-cube-faster-than-any-human
www.cs.uci.edu/uci-news-uci-researchers-deep-learning-algorithm-solves-rubiks-cube-faster-than-any-human
www.cs.uci.edu/pierre-baldi-publishes-paper-in-nature-machine-intelligence
www.cs.uci.edu/pierre-baldi-and-peter-sadawski-receive-aij-paper-award
www.cs.uci.edu/los-angeles-times-uci-computer-scientists-make-art-come-alive-at-the-venice-biennale
www.cs.uci.edu/professor-baldi-co-authors-paper-on-advancing-high-throughput-drug-screening
www.cs.uci.edu/uci-beall-applied-innovation-news-uci-innovators-recognized-at-second-annual-innovator-awards-ceremony-tony-givargis-nominated
www.cs.uci.edu/uci-news-uci-computer-scientists-breathe-life-into-venice-biennale-installations
www.cs.uci.edu/cnet-amazons-voice-assistant-will-get-smarter-these-new-alexa-prize-teams-will-help-uci-team-advised-by-sameer-sing
www.cs.uci.edu/uci-school-of-education-interdisciplinary-team-presents-at-urop-supporting-the-education-of-homebound-children-through-cognitive-robotics
www.cs.uci.edu/ics-welcomes-nobel-laureate-alvin-roth-as-a-distinguished-speaker-june-7
www.cs.uci.edu/ics-students-win-best-web-app-at-hacksc
www.cs.uci.edu/ics-alumnus-nithin-jillas-nonprofit-inspires-students-to-love-stem
www.cs.uci.edu/upcoming-symposium-on-cutting-edge-ai-biomedicine-research
www.cs.uci.edu/unlocking-data-for-smart-firefighting
www.cs.uci.edu/ics-finalist-in-uci-stock-market-competition-two-years-in-a-row
www.cs.uci.edu/professor-irani-receives-distinguished-service-award
www.cs.uci.edu/ics-partnership-with-allen-institute-for-ai-advances-machine-learning
www.cs.uci.edu/cyberuci-clubs-growing-cybersecurity-community-develops-third-place-team
www.cs.uci.edu/charless-fowlkes-named-chancellors-fellow
www.cs.uci.edu/%ef%bb%bfsingh-thornton-recognized-for-excellence-in-undergraduate-teaching
www.cs.uci.edu/professor-iranis-behind-the-scenes-support-of-coding-courses-for-girls
www.cs.uci.edu/ardalan-amiri-sanis-nsf-grant-aims-to-secure-mobile-devices
www.cs.uci.edu/aiuci-exploring-the-world-of-artificial-intelligence
www.cs.uci.edu/securing-self-driving-and-smart-transportation
www.cs.uci.edu/ics-researchers-win-ndss-poster-award
www.cs.uci.edu/senior-spotlight-uci-sets-up-dante-chakravorti-for-continued-success-in-computer-science-and-volleyball-after-graduation
www.cs.uci.edu/professor-scott-jordan-testifies-at-california-assemblys-privacy-hearing
www.cs.uci.edu/pierre-baldis-transformative-ai-leadership
www.cs.uci.edu/abc-australian-citizens-are-unwitting-combatants-in-cyberspace-defence-boss-says
www.cs.uci.edu/forbes-the-100-leading-pioneers-of-ai-drug-development-pierre-baldi-named
www.cs.uci.edu/cpri-receives-1-4m-gift-for-securing-the-seams-of-the-internet-of-everything
www.cs.uci.edu/ics-honors-four-alumni-at-2019-hall-of-fame-celebration
www.cs.uci.edu/uci-news-improved-land-management-project-co-led-by-uci-gets-4-6-million-in-state-funding-padhraic-smyth-research-group-mentioned
www.cs.uci.edu/trio-of-ics-professors-preview-tech-trends-for-2019
www.cs.uci.edu/computer-science-lecturer-shannon-alfaro-named-dtei-faculty-fellow
www.cs.uci.edu/rare-opportunity-to-learn-from-legendary-researcher-jeffrey-d-ullman
www.cs.uci.edu/new-faculty-spotlight-professor-sang-woo-jun-eager-to-collaborate-with-uci-students
www.cs.uci.edu/founders-of-coding-club-for-kids-in-homeless-shelters-grateful-for-ucis-support
www.cs.uci.edu/cpri-hosts-workforce-2020-panel-discussion-and-networking-reception-for-ics-90-students
www.cs.uci.edu/all-five-uci-teams-place-in-top-25-at-socal-regionals-of-the-2018-acm-icpc
www.cs.uci.edu/new-faculty-spotlight-professor-jennifer-wong-ma-shares-her-passion-for-teaching
www.cs.uci.edu/professor-franz-honored-with-humboldt-research-award
www.cs.uci.edu/multidepartmental-collaboration-on-detecting-code-clones-leads-to-distinguished-paper-award
www.cs.uci.edu/uci-feels-like-home-for-navy-veteran-and-computer-science-major-timothy-tomas
www.cs.uci.edu/professor-levoratos-darpa-project-aims-to-strengthen-autonomous-drone-systems
www.cs.uci.edu/multidisciplinary-collaborators-awarded-2-1m-to-improve-maternal-care-in-underserved-communities
www.cs.uci.edu/distinguished-professor-alex-nicolau-elected-into-academia-europaea
www.cs.uci.edu/professor-tsudiks-upcoming-security-focused-keynote-talks
www.cs.uci.edu/the-fight-over-net-neutrality-stretches-from-california-to-washington-d-c
www.cs.uci.edu/forbes-dont-trust-artificial-intelligence-time-to-open-the-ai-black-box-sameer-singh-quoted
www.cs.uci.edu/uci-news-uci-joins-in-launch-of-new-nsf-funded-data-science-and-climate-initiative
www.cs.uci.edu/professor-baldi-publishes-paper-in-gastroenterology-on-automating-colonoscopies
www.cs.uci.edu/tsudik-to-deliver-keynote-at-esorics-2018
www.cs.uci.edu/professors-burtsev-and-tsudik-awarded-1m-to-secure-large-scale-scientific-cloud-computing
www.cs.uci.edu/professor-harris-presents-tool-to-detect-social-engineering-attacks-at-black-hat-usa
www.cs.uci.edu/professor-singh-awarded-two-nsf-grants-to-advance-machine-learning
www.cs.uci.edu/professor-zhao-receives-nsf-grant-to-develop-tools-for-improved-virtual-reality
www.cs.uci.edu/channel-influencer-spotlight-bittitans-geeman-yip-on-why-the-end-of-the-world-isnt-so-bad-cs-alumnus-geeman-yip-profiled
www.cs.uci.edu/alumni-spotlight-from-blockbuster-movies-to-enriching-u-howard-gersh-inspires-future-digital-artists
www.cs.uci.edu/professor-harris-awarded-nsf-grant-to-detect-social-engineering-attacks
www.cs.uci.edu/ph-d-student-jihyun-park-wins-best-paper-award-at-international-data-mining-conference
www.cs.uci.edu/medium-towards-data-science-introducing-a-simple-and-intuitive-python-api-for-uci-machine-learning-repository
www.cs.uci.edu/sankofa-receives-bronze-medal-at-2018-international-serious-play-awards
www.cs.uci.edu/ics-researchers-introduce-thermanator-revealing-a-new-threat-to-using-keyboards-to-enter-passwords-and-other-sensitive-information
www.cs.uci.edu/gene-tsudik-ics-exchange-students-on-international-team-studying-information-leakage
www.cs.uci.edu/gene-tsudik-two-computer-science-ph-d-students-develop-novel-de-authentication-prototype
www.cs.uci.edu/los-angeles-times-a-machine-taught-itself-to-solve-rubiks-cube-without-human-help-uc-irvine-researchers-say
www.cs.uci.edu/ics-researchers-advance-machine-learning-with-self-taught-algorithm-that-solves-the-rubiks-cube
www.cs.uci.edu/uci-applied-innovation-currents-putting-the-a-in-steam-professor-aditi-majumder-uses-computer-science-to-amplify-art
www.cs.uci.edu/mit-technology-review-a-machine-has-figured-out-rubiks-cube-all-by-itself-phd-researcher-stephen-mcaleer-quoted
www.cs.uci.edu/nvidia-developer-ai-helps-accelerate-the-drug-development-process-pierre-baldi-research-cited
www.cs.uci.edu/ics-staff-faculty-honored-at-inaugural-faculty-staff-awards-celebration
www.cs.uci.edu/ics-students-christian-morte-and-ayesha-syed-honored-with-chancellors-award-of-distinction
www.cs.uci.edu/professor-jain-receives-ieee-award-for-article-on-social-sensed-multimedia-computing
www.cs.uci.edu/professor-vazirani-receives-500k-in-nsf-funding-for-new-research-into-algorithms
www.cs.uci.edu/professor-franz-receives-uci-applied-innovations-inaugural-innovator-of-the-year-award
www.cs.uci.edu/socal-social-analytics-workshop-serves-as-catalyst-for-multidisciplinary-collaborations
www.cs.uci.edu/senior-spotlight-graduating-computer-science-major-howard-chen-leaves-a-promising-student-security-culture-at-uci
www.cs.uci.edu/professor-goodrich-receives-474000-to-study-geometric-realizations-and-evolving-data
www.cs.uci.edu/ics-anteater-athletes-are-driven-to-succeed
www.cs.uci.edu/workshop-to-celebrate-vijay-vaziranis-contributions-to-theoretical-computer-science
www.cs.uci.edu/eppstein-publishes-new-book-forbidden-patterns-in-discrete-geometry-for-mathematicians-and-computer-scientists
www.cs.uci.edu/professor-majumders-tech-startup-shines-at-segerstrom-centers-brilliance-event
www.cs.uci.edu/cmtc-video-interview-aditi-majumder-discussing-computer-vision
www.cs.uci.edu/alumni-spotlights-ics-grads-help-autogravity-revolutionize-digital-car-buying
www.cs.uci.edu/senior-spotlight-santiago-martin-powers-through-uci-and-secures-job-at-google
www.cs.uci.edu/vrcade-exposes-students-to-virtual-reality-trends-challenges-and-opportunities
www.cs.uci.edu/goodrich-elected-to-royal-danish-academy-of-sciences-letters
www.cs.uci.edu/professor-baldi-awarded-nih-grant-to-develop-informatics-tools-to-analyze-circadian-rhythms
www.cs.uci.edu/ics-students-awarded-national-science-foundation-graduate-research-fellowships
www.cs.uci.edu/intel-parallel-universe-computer-vision-for-the-masses-bringing-computer-vision-to-the-open-web-platform
www.cs.uci.edu/senior-spotlight-kevin-kes-journey-from-guangzhou-to-uci-to-amazon
www.cs.uci.edu/dutt-kurdahi-awarded-nsf-grant-for-information-processing-factory-computer-chips
www.cs.uci.edu/dutt-appointed-as-distinguished-visiting-professor-of-cse-at-iit-bombay
www.cs.uci.edu/uci-earns-top-ranking-for-cis-program-from-college-factual
www.cs.uci.edu/ucis-graduate-programs-shine-in-u-s-news-world-report-rankings
www.cs.uci.edu/uci-news-uci-tu-munich-and-tu-braunschweig-launch-joint-technology-development-project-nikil-dutt-quoted
www.cs.uci.edu/women-in-information-and-computer-sciences-wics-organization-mentors-and-supports-future-tech-professionals
www.cs.uci.edu/strava-map-exposes-weaknesses-in-understanding-complexities-of-pervasive-data
www.cs.uci.edu/leonardo-da-vinci-walter-isaacson-goes-back-to-renaissance-for-his-latest-biography-of-a-genius-by-michael-goodrich
www.cs.uci.edu/symmetry-neural-networks-for-neutrinos-pierre-baldi-quoted
www.cs.uci.edu/2018-ics-projects-and-predictions
www.cs.uci.edu/levorato-collaborates-on-3-7-million-grant-for-electricity-distribution-cybersecurity
www.cs.uci.edu/ics-professors-presenting-at-aicre-events-for-martin-luther-king-jr-weekend
www.cs.uci.edu/professor-xu-awarded-2018-aito-junior-dahl-nygaard-prize
www.ics.uci.edu/prospective/en/contact/student-affairs
www.ics.uci.edu/ugrad/sao/index.php
www.ics.uci.edu/~goodrich/teach/cs162/syll.html
www.ics.uci.edu/~goodrich/teach/cs162
www.ics.uci.edu/~eppstein/162
www.ics.uci.edu/~eppstein/cgt/hard.html
www.ics.uci.edu/~eppstein/cgt
www.ics.uci.edu/~eppstein/pubs/p-cryptarithm.html
www.ics.uci.edu/community/news/view_news
sprout.ics.uci.edu/people/tkaczmar/index.html
www.ics.uci.edu/~jihyunp
archive.ics.uci.edu/ml
www.ics.uci.edu/community/alumni/hall_of_fame/inductees.php
www.ics.uci.edu/~amirr1
iasl.ics.uci.edu/people/sbaidya
iasl.ics.uci.edu/people/iburago
iasl.ics.uci.edu/people/yoshitom
iasl.ics.uci.edu/people/levorato
iasl.ics.uci.edu/people/ahmedn
iasl.ics.uci.edu/people/rahimims
iasl.ics.uci.edu/people/damiri
www.ics.uci.edu/~sbaidya
iasl.ics.uci.edu
iasl.ics.uci.edu/people/dcallega
www.ics.uci.edu/community/news/view_news
www.ics.uci.edu/~mlevorat/index.html
www.cs.uci.edu/events/distinguished-lecture-series
www.cs.uci.edu/events/distinguished-lecture-series/distinguished-lecture-series-2017
www.cs.uci.edu/events/seminar-series/
www.cs.uci.edu/seminar-series-archive
www.ics.uci.edu/community/news/view_news
www.cs.uci.edu/ieee-awards-fowlkes-the-helmholtz-prize-for-paper-with-enduring-impact
www.cs.uci.edu/uci-news-private-practices-mehrotra-quoted
www.cs.uci.edu/harris-organizing-design-automation-workshop-in-germany
www.cs.uci.edu/xu-tackles-software-bloat-for-office-of-naval-research
www.cs.uci.edu/circuit-cellar-the-future-of-iot-security-by-ian-harris
www.cs.uci.edu/tsudik-receives-300000-award-from-department-of-homeland-security
www.cs.uci.edu/uci-ranks-among-top-20-on-semantic-scholar-insights-list
www.cs.uci.edu/jain-receives-2016-ieee-multimedia-best-department-article-award
www.cs.uci.edu/update-franz-dourish-formally-recognized-as-acm-fellows
www.cs.uci.edu/ph-d-student-tehrani-awarded-link-foundation-fellowship
www.cs.uci.edu/fowlkes-awarded-377k-nsf-grant-for-geometric-imaging-research
www.cs.uci.edu/asterixdb-becomes-official-apache-software-foundation-project
www.cs.uci.edu/swarajya-tomorrows-reform-why-the-government-needs-a-tech-mindset-to-change-jordan-mentioned
www.cs.uci.edu/eppstein-awarded-two-nsf-grants-for-algorithm-research
www.cs.uci.edu/jain-publishes-book-with-former-student-about-situation-recognition-using-eventshop
www.cs.uci.edu/tsudik-receives-407000-army-research-office-grant
www.cs.uci.edu/times-higher-education-ranks-computer-science-38th-in-world-15th-in-u-s
www.cs.uci.edu/san-diego-union-tribune-waging-war-with-no-bombs-or-missiles-cunningham-quoted
www.cs.uci.edu/tech-times-waging-war-with-no-bombs-or-missiles-tsudik-quoted
www.cs.uci.edu/uci-team-places-first-in-regional-acm-competition-advances-to-international-finals-in-may
www.cs.uci.edu/uci-ranked-7th-best-university-for-coding-in-u-s-by-hackerrank
www.cs.uci.edu/cylance-commits-50k-to-ucis-center-for-machine-learning-and-intelligent-systems-to-support-seminar-series-ph-d-recruitment
www.cs.uci.edu/two-ics-ph-d-students-receive-2017-uci-public-impact-fellowships
www.cs.uci.edu/cardiovascular-business-nih-provides-researchers-8-6-million-to-map-hearts-anatomy-fowlkes-mentioned
www.cs.uci.edu/master-in-computer-science-program-ranks-36th-national-by-tfe-times
www.cs.uci.edu/oc-register-ics-alumnus-professional-poker-player-jason-les-competing-against-a-bot-for-200k
www.cs.uci.edu/tsudiks-biometrics-security-research-paper-featured-in-february-issue-of-cacm
www.cs.uci.edu/computational-linguistics-olympiad-helps-uci-reach-high-school-students
www.cs.uci.edu/2017-ics-deans-award-winners
www.cs.uci.edu/uci-launches-new-masters-program-in-cyber-physical-systems
www.cs.uci.edu/franz-to-discuss-cyber-attacks-and-defense-at-march-8-oc-acm-chapter-meeting
www.cs.uci.edu/irvine-newport-beach-rated-among-top-cybersecurity-hubs-in-u-s
www.cs.uci.edu/klefstad-named-2017-lecturer-of-the-year
www.cs.uci.edu/ph-d-student-wins-2017-google-fellowship-in-systems-and-networking
www.cs.uci.edu/two-cs-grad-students-named-facebook-fellowship-finalists
www.cs.uci.edu/tsudik-awarded-nsf-grant-for-iot-research
www.cs.uci.edu/smyth-listed-as-one-of-20-data-science-professors-to-know
www.cs.uci.edu/cs-research-showcase-continues-to-provide-a-platform-for-students-to-showcase-their-work
www.cs.uci.edu/sacramento-bee-trump-took-away-your-internet-privacy-a-california-legislator-wants-to-give-it-back-jordan-mentioned
www.cs.uci.edu/fast-company-why-the-military-and-corporate-america-want-to-make-ai-explain-itself-singh-quoted
www.cs.uci.edu/uci-applied-innovation-saving-power-in-the-data-center
www.cs.uci.edu/ctv-news-explainable-ai-the-push-to-make-sure-machines-dont-learn-to-be-racist-singh-quoted
www.cs.uci.edu/science-ai-is-changing-how-we-do-science-get-a-glimpse-xie-quoted
www.cs.uci.edu/ics-launches-iot-hackathon-to-discover-student-talent-who-can-develop-a-uci-smart-campus
www.cs.uci.edu/forbes-help-hackers-stole-my-password-just-by-listening-to-me-type-on-skype-tsudik-research
www.cs.uci.edu/singh-to-deliver-machine-learning-talk-at-july-oc-acm-meetup
www.cs.uci.edu/the-wrap-elon-musk-and-mark-zuckerbergs-artificial-intelligence-divide-experts-weigh-in-singh-quoted
www.cs.uci.edu/tsudik-receives-icccn-best-paper-award
www.cs.uci.edu/mazmanian-regan-and-shahbaba-appointed-decade-graduate-faculty-mentors
www.cs.uci.edu/immunant-protecting-millions-of-mobile-users-behind-the-scenes
www.cs.uci.edu/levorato-kia-awarded-nsf-grant-for-urban-iot-research
www.cs.uci.edu/dutt-levorato-awarded-nsf-grant-for-healthcare-iot-research
www.cs.uci.edu/husky-or-wolf-using-a-black-box-learning-model-to-avoid-adoption-errors
www.cs.uci.edu/acm-sigmm-records-an-interview-with-prof-ramesh-jain
www.cs.uci.edu/uci-magazine-a-picture-of-health-jain-quoted
www.cs.uci.edu/ics-welcomes-9-new-faculty-for-2017
www.cs.uci.edu/uci-ranked-49-worldwide-for-computer-science-by-the
www.cs.uci.edu/charles-river-analytics-uses-figaro-to-develop-probabilistic-tools-for-us-air-force-satallites-dechter-and-ihler-mentioned
www.cs.uci.edu/bringing-history-to-life
www.cs.uci.edu/dutt-receives-csillinois-2017-distinguished-educator-award
www.cs.uci.edu/tsudik-receives-2017-acm-sigsac-outstanding-contributions-award
www.cs.uci.edu/new-faculty-spotlight-professor-vijay-vazirani-continues-groundbreaking-research
www.cs.uci.edu/los-angeles-times-uci-computer-game-explores-culture-of-18th-century-ghana-el-zarki-quoted
www.cs.uci.edu/tsudik-awarded-cisco-gift-to-research-wireless-content-centric-network-challenges
www.cs.uci.edu/franz-looks-to-simplify-software-for-increased-security
www.cs.uci.edu/uci-students-place-second-nationally-in-programming-contest
www.cs.uci.edu/eppstein-named-aaas-fellow
www.cs.uci.edu/xu-tackles-software-inefficiencies-with-4-9m-grant
www.cs.uci.edu/ieee-xplore-innovation-spotlight-knowing-all-the-bio-signals-new-wearable-device-could-improve-health-care-co-authored-by-amir-m-rahmani
www.cs.uci.edu/dechter-ihler-work-to-advance-probabilistic-reasoning
www.cs.uci.edu/pc-mag-inside-darpas-hackfest-at-nasa-research-park-marco-levarato-quoted
www.cs.uci.edu/bigdipa-course-fosters-multidisciplinary-collaboration
www.cs.uci.edu/alumni-spotlight-jim-sherriff-79-gives-veterans-a-jump-start-in-the-tech-industry
www.cs.uci.edu/eppstein-shares-research-at-conferences-in-australia-canada-and-tokyo
www.cs.uci.edu/levorato-and-deepedge-tackle-darpa-sdr-hackfest
www.cs.uci.edu/faculty-spotlight-ray-klefstad-embraces-new-role-as-professor-of-teaching
www.cs.uci.edu/exploiting-iot-for-healthcare
www.cs.uci.edu/whats-next-in-the-battle-over-net-neutrality
www.cs.uci.edu/alumni-spotlight-vince-steckler-80-on-solving-problems-giving-back-and-embracing-failure
www.cs.uci.edu/iot-hackathon-apps-coming-soon
www.cs.uci.edu/tsudik-awarded-visiting-professorship-at-tu-dresden
www.cs.uci.edu/events/seminar-series
www.ics.uci.edu/~franklin
www.ics.uci.edu/~aisi
www.ics.uci.edu/~ics54/00w
www.ics.uci.edu/~ics1c
www.ics.uci.edu/~aisi/80w
www.cs.uci.edu/events/research-showcase
www.ics.uci.edu/community/news/view_news
www.ics.uci.edu/~guoqingx
www.ics.uci.edu/~khanhtn1
www.ics.uci.edu/involved/corporate_partner
www.ics.uci.edu/~tujohnso
www.ics.uci.edu/~tujohnso/acm-fall-2016.html
graphics.ics.uci.edu/index.html
www.cs.uci.edu/franz-named-2016-ieee-fellow
www.cs.uci.edu/nature-artificial-intelligence-called-in-to-tackle-lhc-data-deluge-baldi-mentioned
www.cs.uci.edu/nbc-los-angeles-social-media-quizzes-could-give-hackers-access-tsudik-quoted
www.cs.uci.edu/aarp-digital-entrepreneurs-over-50-in-the-app-world-jain-quoted
www.cs.uci.edu/info-security-magazine-nsa-business-as-usual-tsudik-quoted
www.cs.uci.edu/grad-students-participate-in-global-ucsb-ictf-hacking-competition-place-third-among-u-s-teams
www.cs.uci.edu/tsudik-co-authors-award-winning-student-paper-on-violating-consumer-anonymity
www.cs.uci.edu/developing-an-antrepreneurial-spirit
www.cs.uci.edu/uci-data-science-initiative-awarded-1-25-million-from-nasa-for-minority-research-opportunities
www.cs.uci.edu/the-times-of-india-riding-high-on-tech-entrepreneur-giving-shape-to-8th-project-jain-quoted
www.ics.uci.edu/~irani/safetoc.html
www.ics.uci.edu/~dsm/scifire/research.html
www.ics.uci.edu/~dsm/scifire
cert.ics.uci.edu/SAFIRE/index.html
www.ics.uci.edu/community/news/view_news
studentcouncil.ics.uci.edu/mission.html
www.ics.uci.edu/community/events/distinguished
www.ics.uci.edu/about/about_factsfigures.php
sourcerer.ics.uci.edu/codegenie
www.ics.uci.edu/community/news/notes
xtune.ics.uci.edu/people.htm
www.ics.uci.edu/%7Edutt
www.ics.uci.edu/~aces/sponsors.htm
www.ics.uci.edu/~aces/aboutus.htm
www.ics.uci.edu/~aces/joinaces.htm
www.ics.uci.edu/~aces/links.htm
www.ics.uci.edu/~aces/downloads.htm
www.ics.uci.edu/~aces/software/trimaran_solaris.diff
www.ics.uci.edu/~express/download.htm
www.ics.uci.edu/~maheshmn/eCACTI/main.htm
www.ics.uci.edu/~maheshmn/eCACTI/download.htm
www.ics.uci.edu/~maheshmn/eCACTI/howto.htm
www.ics.uci.edu/~maheshmn/eCACTI/techRep.htm
www.ics.uci.edu/~maheshmn
www.ics.uci.edu/~aces/people.htm
www.ics.uci.edu/~tomiyama
www.ics.uci.edu/~yoshino
www.ics.uci.edu/~basu
www.ics.uci.edu/~jongeunl
www.ics.uci.edu/~jwseo
www.ics.uci.edu/~qiangz
www.ics.uci.edu/~mune
www.ics.uci.edu/~sumitg
www.ics.uci.edu/~hoh
www.ics.uci.edu/~partha
www.ics.uci.edu/~aviral
www.ics.uci.edu/~aviral/photographs.html
www.ics.uci.edu/~isse/low_res_photos/index.htm
www.ics.uci.edu/~aviral/research.html
www.ics.uci.edu/~aviral/papers/rISAJournal.html
www.ics.uci.edu/~aviral/papers/otJournal.html
www.ics.uci.edu/~aviral/papers/adlJournal.html
www.ics.uci.edu/~aviral/papers/hwSwPartition.html
www.ics.uci.edu/~aviral/papers/customizableCompiler.html
www.ics.uci.edu/~aviral/papers/rISACompiler.html
www.ics.uci.edu/~aviral/papers/rISAExplore.html
www.ics.uci.edu/~aviral/papers/rISAEnergy.html
www.ics.uci.edu/~aviral/papers/otCompiler.html
www.ics.uci.edu/~aviral/papers/techCon.html
www.ics.uci.edu/~aviral/papers/pbExplore.html
www.ics.uci.edu/~aviral/papers/processorAggregation.html
www.ics.uci.edu/~aviral/papers/miniCache.html
www.ics.uci.edu/~aviral/papers/autoOT.html
www.ics.uci.edu/~aviral/papers/rfPower.html
www.ics.uci.edu/~express
www.ics.uci.edu/~aviral/pbexplore
www.ics.uci.edu/~gabe
www.ics.uci.edu/~kyoungwl
www.ics.uci.edu/~sudeep
www.ics.uci.edu/~minyounk
www.ics.uci.edu/~isse
www.ics.uci.edu/~banerjee
www.ics.uci.edu/~ktanimur
www.ics.uci.edu/~aces/news.htm
www.ics.uci.edu/~aces/publications.htm
www.ics.uci.edu/~aces/projects.htm
www.ics.uci.edu/~aviral/papers/EnergyrISA04
www.ics.uci.edu/~aces/index.htm
www.ics.uci.edu/~aces
duttgroup.ics.uci.edu/doku.php
duttgroup.ics.uci.edu/2019/02/21/group-meeting-feb-2019-programmable-accelerator-dnn
duttgroup.ics.uci.edu/tag/hardware-accelerators
duttgroup.ics.uci.edu/author/hnejatol
duttgroup.ics.uci.edu/category/meeting
duttgroup.ics.uci.edu/2018/10/13/won-first-place-at-student-design-contest-held-by-16th-international-system-on-chip-conference
duttgroup.ics.uci.edu/tag/health-care
duttgroup.ics.uci.edu/2018/09/13/accepted-paper-in-globecom2018-conference
duttgroup.ics.uci.edu/tag/ews
duttgroup.ics.uci.edu/author/damiri
duttgroup.ics.uci.edu/category/news
duttgroup.ics.uci.edu/2018/10/23/multidisciplinary-collaborators-awarded-2-1m-to-improve-maternal-care-in-underserved-communities
duttgroup.ics.uci.edu/tag/maternity-care
duttgroup.ics.uci.edu/2018/11/08/chenying-hsiehs-paper-got-accepted-in-date19-titled-the-case-for-exploiting-underutilized-resources-in-heterogeneous-mobile-architectures
duttgroup.ics.uci.edu/tag/upr
duttgroup.ics.uci.edu/author/chenyinh
duttgroup.ics.uci.edu/2017/11/12/iccad17
duttgroup.ics.uci.edu/2017/12/05/imans-goodbye-lunch
duttgroup.ics.uci.edu/wp-login.php
duttgroup.ics.uci.edu/wp-login.php
duttgroup.ics.uci.edu/wp-login.php
duttgroup.ics.uci.edu/2017/12/20/2017-end-of-the-year-gathering
duttgroup.ics.uci.edu/wp-login.php
duttgroup.ics.uci.edu/2018/05/01/drg-spring-18-bbq
duttgroup.ics.uci.edu/tag/bbq
duttgroup.ics.uci.edu/2017/12/05/imans-goodbye-lunch/img_0209
duttgroup.ics.uci.edu/wp-login.php
duttgroup.ics.uci.edu/2017/12/05/imans-goodbye-lunch/img_0214
duttgroup.ics.uci.edu/wp-login.php
duttgroup.ics.uci.edu/2017/11/07/majids-defense
duttgroup.ics.uci.edu/wp-login.php
duttgroup.ics.uci.edu/2017/09/26/2017-fall-quarter-welcoming-bbq
duttgroup.ics.uci.edu/wp-login.php
duttgroup.ics.uci.edu/tag/defence
duttgroup.ics.uci.edu/2019/11/12/another-medal-for-drg-kasra-wins-3rd-place-in-acm-student-research-competition-at-esweek19
duttgroup.ics.uci.edu/tag/ipf
duttgroup.ics.uci.edu/author/kasra
duttgroup.ics.uci.edu/2019/11/12/hessle-free
duttgroup.ics.uci.edu/2018/05/16/tiagos-defense
duttgroup.ics.uci.edu/2018/09/25/fall18-kick-off-and-welcome-bbq-party
duttgroup.ics.uci.edu/2018/11/09/professor-dutts-birthday
duttgroup.ics.uci.edu/2018/12/20/end-of-the-f18-quarter-lunch-sushi-imari
duttgroup.ics.uci.edu/author/slabbaf
duttgroup.ics.uci.edu/author/slabbaf/page/2
duttgroup.ics.uci.edu/2019/03/12/donnys-defense
duttgroup.ics.uci.edu/tag/defense
duttgroup.ics.uci.edu/category/slider
duttgroup.ics.uci.edu/category/slider/page/2
duttgroup.ics.uci.edu/blog
duttgroup.ics.uci.edu/blog/page/2
duttgroup.ics.uci.edu/sister-groups
duttgroup.ics.uci.edu/publications
duttgroup.ics.uci.edu/publications/
duttgroup.ics.uci.edu/publications/
duttgroup.ics.uci.edu/publications/
duttgroup.ics.uci.edu/publications/
duttgroup.ics.uci.edu/publications/
duttgroup.ics.uci.edu/publications/
duttgroup.ics.uci.edu/publications/
duttgroup.ics.uci.edu/publications/
duttgroup.ics.uci.edu/publications/
duttgroup.ics.uci.edu/projects/neuromorphic-computing
duttgroup.ics.uci.edu/projects/neuromorphic-computing/hirak2
duttgroup.ics.uci.edu/projects/domain-specific-hardware-accelerators
duttgroup.ics.uci.edu/group-members/sujinkang
duttgroup.ics.uci.edu/projects/domain-specific-hardware-accelerators/download
duttgroup.ics.uci.edu/projects/health-care-iot/unite-project
duttgroup.ics.uci.edu/projects/health-care-iot/maternity-care
duttgroup.ics.uci.edu/group-members/rahmani2
duttgroup.ics.uci.edu/wp-login.php
duttgroup.ics.uci.edu/projects/health-care-iot/pain-assessment
duttgroup.ics.uci.edu/group-members/ajan-drg-headshot
duttgroup.ics.uci.edu/projects/health-care-iot/ioct
duttgroup.ics.uci.edu/group-members/jinwoohwang
duttgroup.ics.uci.edu/projects/health-care-iot
duttgroup.ics.uci.edu/projects/self-aware-adaptive-computing/memory-adaptation
duttgroup.ics.uci.edu/projects/self-aware-adaptive-computing/upr
duttgroup.ics.uci.edu/group-members/junghyun-park
duttgroup.ics.uci.edu/group-members/roger
duttgroup.ics.uci.edu/wp-login.php
duttgroup.ics.uci.edu/projects/self-aware-adaptive-computing/mars
duttgroup.ics.uci.edu/projects/self-aware-adaptive-computing/ipf
ipf.ics.uci.edu
ipf.ics.uci.edu/team
duttgroup.ics.uci.edu/ipf
duttgroup.ics.uci.edu/projects/self-aware-adaptive-computing
duttgroup.ics.uci.edu/projects/self-aware-adaptive-computing/ipf-2
duttgroup.ics.uci.edu/projects
www.ics.uci.edu/~copper
www.ics.uci.edu/~dsm/dyn/release/index.html
duttgroup.ics.uci.edu/group-members
www.ics.uci.edu/~leiy17
www.ics.uci.edu/~jmoorkan/index.htm
www.ics.uci.edu/community/news/notes/index.php
www.ics.uci.edu/~thornton/ics22/CourseReference.html
www.ics.uci.edu/~eli/courses/cs153-f09/cs-153-f09.html
www.ics.uci.edu/~eli/courses/cs153-f09/p6.txt
www.ics.uci.edu/~eli/courses/cs153-f09/example-seq.txt
www.ics.uci.edu/~eli/courses/cs153-f09/p5.txt
www.ics.uci.edu/~eli/courses/cs153-f09/p4.txt
www.ics.uci.edu/~eli/courses/cs153-f09/p3.txt
www.ics.uci.edu/%7Eeli/courses/cs153-f09/p2.txt
www.ics.uci.edu/%7Eeli/courses/cs153-f09/p1.txt
www.ics.uci.edu/~anamakis
www.ics.uci.edu/~saehansy
www.ics.uci.edu/~bdonyana
duttgroup.ics.uci.edu
www.ics.uci.edu/%7Eminyounk
tippersweb.ics.uci.edu
www.ics.uci.edu/~rjammala/projects.html
esl.ics.uci.edu/research.html
www.ics.uci.edu/~dsm/dyn/release/publication.html
www.ics.uci.edu/~projects/dissemination/people.htm
www.ics.uci.edu/%7Evbonsi
www.ics.uci.edu/%7Ebxing
www.ics.uci.edu/%7Emshmueli
www.ics.uci.edu/~hjafarpo
www.ics.uci.edu/~dsm/index.html
www.ics.uci.edu/~projects/dissemination
www.ics.uci.edu/%7Esharad
i-sensorium.ics.uci.edu
www.ics.uci.edu/~cbdaviso/net-status
www.ics.uci.edu/~respond/net-status
www.ics.uci.edu/~respond
www.ics.uci.edu/~respond/net-status1
www.cert.ics.uci.edu
www.ics.uci.edu/~sharad/personal-home-page
www.ics.uci.edu/~kyungbak
www.ics.uci.edu/~dsm/cypress
cloudberry.ics.uci.edu
cloudberry.ics.uci.edu/quick-start
cloudberry.ics.uci.edu/demos/twittermap
cloudberry.ics.uci.edu/about
cloudberry.ics.uci.edu/aboutme/luochen01.github.io
www.ics.uci.edu/~taewok2
asterix-gerrit.ics.uci.edu
cloudberry.ics.uci.edu/news
cloudberry.ics.uci.edu/2015/12
cloudberry.ics.uci.edu/hello-world
cloudberry.ics.uci.edu/tag/tech
cloudberry.ics.uci.edu/2015
cloudberry.ics.uci.edu/2016/05
cloudberry.ics.uci.edu/best-data-visualization-award
cloudberry.ics.uci.edu/prof-li-give-talks-about-cloudberry-at-salesforce-and-huawei
cloudberry.ics.uci.edu/2016
cloudberry.ics.uci.edu/we-have-a-new-youtube-video
cloudberry.ics.uci.edu/2016/07
cloudberry.ics.uci.edu/2016/08
cloudberry.ics.uci.edu/2016/09
cloudberry.ics.uci.edu/2016/11
cloudberry.ics.uci.edu/2017/08
cloudberry.ics.uci.edu/2017
cloudberry.ics.uci.edu/2017/09
cloudberry.ics.uci.edu/2017/11
cloudberry.ics.uci.edu/2018/12
cloudberry.ics.uci.edu/2018
cloudberry.ics.uci.edu/2019/09
cloudberry.ics.uci.edu/2019
cloudberry.ics.uci.edu/news/page/2
cloudberry.ics.uci.edu/news/page/1
cloudberry.ics.uci.edu/prof-li-attended-the-mhsrs-symposium-to-show-cloudberry
cloudberry.ics.uci.edu/prof-li-gave-a-talk-about-cloudberry-at-apweb-suzhou-china
cloudberry.ics.uci.edu/2016-09-23-APWeb/ada.suda.edu.cn/apweb2016
cloudberry.ics.uci.edu/cloudberry-at-acm-sigspatial-2016
cloudberry.ics.uci.edu/prof-li-gave-talks-about-cloudberry-at-huawei-google-teradata-and-arl
cloudberry.ics.uci.edu/jianfeng-won-the-google-graduate-student-award-in-ics
cloudberry.ics.uci.edu/author/chenli
cloudberry.ics.uci.edu/jianfeng-has-successfully-defended-his-ph-d-thesis
cloudberry.ics.uci.edu/taewoo-has-successfully-defended-his-ph-d-thesis
cloudberry.ics.uci.edu/prof-chen-li-gave-a-talk-titled-big-spatial-data-visualization-using-cloudberry-at-tu-berlin-germany
cloudberry.ics.uci.edu/prof-chen-li-gave-a-tutorial-talk-at-vldb-summer-school-2019-in-china-about-big-spatial-visualization
cloudberry.ics.uci.edu/author/dolphin
cloudberry.ics.uci.edu/sadeem-alsudais-qiushi-bai-and-prof-chen-li-gave-a-tutorial-presentation-at-boss-2019-workshop-in-los-angeles-about-cloudberry-big-data-visualization
cloudberry.ics.uci.edu/pubs
cloudberry.ics.uci.edu/category/uncategorized
cloudberry.ics.uci.edu/category/uncategorized/page/2
cloudberry.ics.uci.edu/category/uncategorized/page/1
cloudberry.ics.uci.edu/apps/twittermap
asterix.ics.uci.edu/bigactivedata
isg.ics.uci.edu/visitors
isg.ics.uci.edu/faculty2/weifeng-shan
isg.ics.uci.edu/faculty2/kim-kyungbaek
isg.ics.uci.edu/faculty2/hsu-cheng-hsin
isg.ics.uci.edu/research_staff
isg.ics.uci.edu/faculty2/yang-zhihui
www.ics.uci.edu/~shantas
www.ics.uci.edu/~shantas/software.html
www.ics.uci.edu/~shantas/narratives.html
www.ics.uci.edu/~shantas/tutorials.html
www.ics.uci.edu/~shantas/other.html
www.ics.uci.edu/~shantas/HTML/images/19-Neeraj_Mittal_UTDallas,jpg
www.ics.uci.edu/~shantas/cv.html
www.ics.uci.edu/~shantas/16-shantanu_sharma_thesis_slides.ppsx
www.ics.uci.edu/~shantas/teaching.html
www.ics.uci.edu/~shantas/class/2019/cs122a/indexing.ppsx
www.ics.uci.edu/~shantas/publications.html
www.ics.uci.edu/~shantas/publications/12-Self-stabilizing_End-to-End_Communication.ppsx
www.ics.uci.edu/~shantas/publications/14-Assignment_Problems_of_Different-Sized_Inputs_in_MapReduce_DISC.ppsx
www.ics.uci.edu/~shantas/publications/15-Interval_join_on_MapReduce.ppsx
www.ics.uci.edu/~shantas/publications/15-All2All_X2Y.ppsx
www.ics.uci.edu/~shantas/publications/15-Meta-MapReduce.ppsx
www.ics.uci.edu/~shantas/publications/16-Private_and_Secure_Secret_Shared_MapReduce.ppsx
www.ics.uci.edu/~shantas/publications/19-privacy_smart_home_codaspy.ppsx
www.ics.uci.edu/~shantas/publications/19-partition_computation_shantanu_icde.ppsx
www.ics.uci.edu/~shantas/publications/19-obscure_secret-sharing_shantanu-sharma_vldb.ppsx
www.ics.uci.edu/~shantas/publications/19-IoTNotary_attestatin_in_tippers.ppsx
www.ics.uci.edu/~shantas/publications/20-IoTExpunge_sensor_data_deletion_codaspy.ppsx
www.ics.uci.edu/~shantas/publications/14-Termination_Detection_in_Cognitive_Radio_Networks.ppsx
www.ics.uci.edu/~shantas/publications/15-5G_survey.ppsx
isg.ics.uci.edu/faculty2/shantanu-sharma
isg.ics.uci.edu/faculty2/sarwar-yusuf
isg.ics.uci.edu/faculty2/roberto-yus-peirote
isg.ics.uci.edu/faculty2/nisha-panwar
isg.ics.uci.edu/faculty2/georgios-bouloukakis
isg.ics.uci.edu/alumni
isg.ics.uci.edu/faculty2/qiuxi-zhu
isg.ics.uci.edu/faculty2/kim-taewoo
isg.ics.uci.edu/faculty2/eun-jeong-shin
isg.ics.uci.edu/faculty2/benson-kyle
isg.ics.uci.edu/students
isg.ics.uci.edu/faculty2/wail-yousef-alkowaileet
isg.ics.uci.edu/faculty2/zuozhi-wang
www.ics.uci.edu/~xikuiw
isg.ics.uci.edu/faculty2/xikui-wang
isg.ics.uci.edu/faculty2/wang-guoxi
www.ics.uci.edu/~praveenv
isg.ics.uci.edu/faculty2/venkateswaran-praveen
isg.ics.uci.edu/faculty2/sinthong-phanwadee-gift
isg.ics.uci.edu/faculty2/sadeem-saleh-alsudais
isg.ics.uci.edu/faculty2/guo-rui
www.ics.uci.edu/~primal
isg.ics.uci.edu/faculty2/primal-pappachan
isg.ics.uci.edu/faculty2/ni-shengquan
isg.ics.uci.edu/faculty2/nguyen-hang
isg.ics.uci.edu/faculty2/nitish-nag
www.ics.uci.edu/~cluo8
isg.ics.uci.edu/faculty2/chen-luo
isg.ics.uci.edu/faculty2/liu-fangqi
isg.ics.uci.edu/faculty2/lin-yiming
isg.ics.uci.edu/faculty2/avinash-kumar
www.ics.uci.edu/~daokunj
isg.ics.uci.edu/faculty2/jiang-daokun
isg.ics.uci.edu/faculty2/shiva-jahangiri
isg.ics.uci.edu/faculty2/huang-yicong
isg.ics.uci.edu/faculty2/harandizadeh-bahareh
isg.ics.uci.edu/faculty2/han-qing
isg.ics.uci.edu/faculty2/dhrubajyoti-ghosh
isg.ics.uci.edu/faculty2/galvizo-glenn-justo
isg.ics.uci.edu/faculty2/qiushi-bai
isg.ics.uci.edu/faculty2/alhassoun-nailah
isg.ics.uci.edu/people/faculty
fr.ics.uci.edu/haiti
www.ics.uci.edu/community/news/press/view_press
fr.ics.uci.edu
grape.ics.uci.edu/wiki/fr
isg.ics.uci.edu
www.ics.uci.edu/~dsm
nalini.ics.uci.edu/contact-info
nalini.ics.uci.edu/professional-activities
www.ics.uci.edu/community/news/spotlight/spotlight_nalini_smartamerica.php
nalini.ics.uci.edu/awards
nalini.ics.uci.edu/teaching
www.ics.uci.edu/~cs230
www.ics.uci.edu/~ics218
nalini.ics.uci.edu/about
nalini.ics.uci.edu/research
www.ics.uci.edu/~alexv
www.ics.uci.edu/~alexv/IWIA
www.ics.uci.edu/~sysarch/projects/OpenCV.html
www.ics.uci.edu/~sysarch/projects/FPGA.html
www.ics.uci.edu/~sysarch/projects/Autovec.html
www.ics.uci.edu/~sysarch
www.ics.uci.edu/~alexv/pubs.html
www.ics.uci.edu/~vazirani
www.ics.uci.edu/~andre
www.ics.uci.edu/informatics/ugrad
www.informatics.uci.edu/people
www.ics.uci.edu/~mbietz
hana.ics.uci.edu
hana.ics.uci.edu/index.html%3Fq=content%252Fdonald-bren-foundation.html
hana.ics.uci.edu/index.html%3Fq=content%252Fnsf.html
hana.ics.uci.edu/index.html%3Fq=content%252Fgoogle.html
hana.ics.uci.edu/index.html%3Fq=content%252Fveronica-newhart.html
hana.ics.uci.edu/index.html%3Fq=content%252Fyao-li.html
hana.ics.uci.edu/index.html%3Fq=content%252Fjingwen-zhang.html
hana.ics.uci.edu/index.html%3Fq=content%252Fmatthew-j-bietz.html
hana.ics.uci.edu/index.html%3Fq=content%252Fgary-m-olson.html
hana.ics.uci.edu/index.html%3Fq=content%252Fjudy-olson.html
hana.ics.uci.edu/index.html%3Fq=content%252Fe-komo-mai-welcome.html
hana.ics.uci.edu/index.html%3Fq=content%252Fcontact-us.html
hana.ics.uci.edu/index.html%3Fq=content%252Fhana-lab-behavior-lab.html
hana.ics.uci.edu/index.html%3Fq=content%252Fpublications.html
hana.ics.uci.edu/index.html%3Fq=content%252Fprojects.html
hana.ics.uci.edu/index.html%3Fq=content%252Fpeople.html
hana.ics.uci.edu/index.html%3Fq=content%252Fe-komo-mai-welcome-0.html
hana.ics.uci.edu/index.html
www.ics.uci.edu/~jutts
www.ics.uci.edu/~jutts/azpsi.html
www.ics.uci.edu/~jutts/response.html
www.ics.uci.edu/~jutts/hyman.html
www.ics.uci.edu/~jutts/is8c
www.ics.uci.edu/~jutts/st13v-06
www.ics.uci.edu/~jutts/st390
www.ics.uci.edu/~jutts/st108
www.ics.uci.edu/~jutts/8
www.ics.uci.edu/~lab/lab_schedule/index.php
www.ics.uci.edu/~lab/lab_schedule
www.ics.uci.edu/~lab
www.ics.uci.edu/about/kfflab
support.ics.uci.edu/laptops
keys.ics.uci.edu
www.ics.uci.edu/~jutts/statlinks.html
www.ics.uci.edu/~jutts/210
www.ics.uci.edu/~jutts/110-201
www.ics.uci.edu/~jutts/201-F13
www.ics.uci.edu/~jutts/110
www.ics.uci.edu/~jutts/7-W13
www.ics.uci.edu/~jutts/GAISE/index.html
www.ics.uci.edu/~wmt
www.ics.uci.edu/~thornton
www.ics.uci.edu/~kay/h21/f06.html
www.ics.uci.edu/~kay/courses/i42/w07.html
www.ics.uci.edu/ugrad/current/policies/index.php
www.ics.uci.edu/~kay/courses/i42/hw/index.html
www.ics.uci.edu/~kay/courses/i41/hw/honesty.html
www.ics.uci.edu/~kay/courses/i41/hw/pair.html
www.ics.uci.edu/~kay/courses/i41/hw/evalcomments.html
www.ics.uci.edu/~kay/courses/i42/hw/hw9.html
www.ics.uci.edu/~kay/courses/i42/hw/labF.html
www.ics.uci.edu/~kay/courses/i42/hw/assignments_index_files/grading_criteria_for_lab.html
www.ics.uci.edu/~kay/courses/i42/hw/hw8.html
www.ics.uci.edu/~kay/courses/i42/w12.fxrqans.html
www.ics.uci.edu/~kay/courses/i42/w12.fxrq.html
www.ics.uci.edu/~kay/courses/i42/hw/labE.html
www.ics.uci.edu/~kay/courses/i42/hw/hw7.html
www.ics.uci.edu/~kay/wordlist.txt
www.ics.uci.edu/~kay/courses/i42/wildride/problem_description_files/index.html
www.ics.uci.edu/~kay/courses/i42/hw/labD.html
www.ics.uci.edu/~kay/courses/i42/hw/facile.txt
www.ics.uci.edu/~kay/courses/i42/hw/cat.txt
www.ics.uci.edu/~kay/courses/i42/hw/hw6.html
www.ics.uci.edu/~kay/courses/i42/hw/hw5.html
www.ics.uci.edu/~kay/courses/i42/hw/labC.html
www.ics.uci.edu/~kay/courses/i42/hw/hw4.html
www.ics.uci.edu/~thornton/ics22/LabManual/Simple
www.ics.uci.edu/~kay/courses/i42/hw/hw3.html
www.ics.uci.edu/~kay/courses/i42/hw/labB.html
www.ics.uci.edu/~kay/courses/i42/hw/hw2.html
www.ics.uci.edu/~kay/python/RPList.py
www.ics.uci.edu/~kay/courses/i42/hw/labA.html
www.ics.uci.edu/~kay/courses/i42/hw/hw1.html
www.ics.uci.edu/~thornton/ics22/LabManual/SettingUpJava.html
www.ics.uci.edu/~kay/courses/i42
mailman.ics.uci.edu/mailman/listinfo/insa-news
mailman.ics.uci.edu/pipermail/insa-news
www.ics.uci.edu/~jwross
www.ics.uci.edu/~kay/courses/i42/refs.html
www.ics.uci.edu/~kay/courses/i42/questions.html
www.ics.uci.edu/~kay/courses/i42/quiz/old
www.ics.uci.edu/~kay/courses/i42/wildride
www.ics.uci.edu/~kay/courses/i42/wildride/data/rides2.txt
www.ics.uci.edu/~kay/courses/i42/wildride/data/rides.txt
www.ics.uci.edu/~kay/courses/i42/wildride/data/1000customers.txt
www.ics.uci.edu/~kay/courses/i42/wildride/data/customers2.txt
www.ics.uci.edu/~kay/courses/i42/wildride/data/customers.txt
www.ics.uci.edu/~kay/courses/i42/wildride/simulator.py
www.ics.uci.edu/~kay/courses/i42/hw
www.ics.uci.edu/~ebaumer
www.ics.uci.edu/~kay/courses/i41/f06.html
www.ics.uci.edu/computing/account_faq.php
www.ics.uci.edu/~kay/courses/i41/hw/index.html
www.ics.uci.edu/~kay/courses/i41/hw/lab9.html
www.ics.uci.edu/~kay/scheme/format-decimal.scm
www.ics.uci.edu/~kay/scheme/copy-file.scm
www.ics.uci.edu/~kay/scheme/gradebook.rkt
www.ics.uci.edu/~kay/scheme/advanced-file-io.ss
www.ics.uci.edu/~kay/courses/i41/hw/hw10.html
www.ics.uci.edu/~kay/courses/i41/hw/hw9.html
www.ics.uci.edu/~kay/courses/i41/vectors.html
www.ics.uci.edu/~kay/scheme/imagevectors.scm
www.ics.uci.edu/~kay/courses/i41/hw/lab8.html
www.ics.uci.edu/~kay/scheme/strings.scm
www.ics.uci.edu/~kay/scheme/infx-tunes.rkt
www.ics.uci.edu/~kay/courses/i41/hw/hw8.html
www.ics.uci.edu/~kay/courses/i41/hw/lab7.html
www.ics.uci.edu/~kay/scheme/simple-file-io.ss
www.ics.uci.edu/~kay/scheme/restaurants4.scm
www.ics.uci.edu/~kay/courses/i41/hw/hw7.html
www.ics.uci.edu/~kay/courses/i41/hw/lab6.html
www.ics.uci.edu/~kay/scheme/text-file-io.scm
www.ics.uci.edu/~kay/scheme/restaurants2.scm
www.ics.uci.edu/~kay/courses/i41/hw/hw6.html
www.ics.uci.edu/~kay/courses/i41/hw/lab5.html
www.ics.uci.edu/~kay/courses/i41/hw/hw5.html
www.ics.uci.edu/~kay/courses/i41/hw/lab4.html
www.ics.uci.edu/~kay/courses/i41/hw/hw4.html
www.ics.uci.edu/~kay/scheme/simple-text-io.ss
www.ics.uci.edu/~kay/scheme/restaurants1.scm
www.ics.uci.edu/~kay/courses/i41/hw/lab3.html
www.ics.uci.edu/~kay/courses/i41/hw/hw3.html
www.ics.uci.edu/~kay/scheme/finger.html
www.ics.uci.edu/~kay/courses/i41/hw/lab2.html
www.ics.uci.edu/~kay/courses/i41/hw/hw2.html
www.ics.uci.edu/~kay/courses/i41/hw/lab1.html
www.ics.uci.edu/~mchan5/Lab1Partners.html
www.ics.uci.edu/~kay/courses/i41/hw/hw1.html
www.ics.uci.edu/~kay/courses/i41/video/index.html
www.ics.uci.edu/~kay/courses/h21/hw/pair.html
www.ics.uci.edu/~kay/courses/i41/hw/lab0.html
www.ics.uci.edu/~kay/courses/i41/hw/collab.html
www.ics.uci.edu/ugrad/policies/index.php/index.php
www.ics.uci.edu/~kay/courses/i41
www.ics.uci.edu/~kay/courses/i41/honesty.html
www.ics.uci.edu/~lab/students/printing.php
www.ics.uci.edu/computing/unix/printing.php
www.ics.uci.edu/~lab/students
www.ics.uci.edu/computing/account/quota.php
www.ics.uci.edu/computing/windows/dropboxes/dropboxes_faq.php
support.ics.uci.edu/passwd/index.php
www.ics.uci.edu/computing/contact
www.ics.uci.edu/computing/policy
www.ics.uci.edu/computing/network
www.ics.uci.edu/computing/email
www.ics.uci.edu/computing/account
elms.ics.uci.edu
www.ics.uci.edu/computing/services/msdnaa_faq.php
www.ics.uci.edu/computing/account/faqs.php
www.ics.uci.edu/~kay/courses/i41/f11.html
www.ics.uci.edu/~mchan5
www.ics.uci.edu/~kay/courses/i41/final.html
www.ics.uci.edu/~kay/courses/i41/answers.html
www.ics.uci.edu/~kay/scheme/restaurants2.html
www.ics.uci.edu/~kay/courses/i41/questions.html
www.ics.uci.edu/~kay/courses/i41/refs.html
www.ics.uci.edu/~kay/courses/i41/quiz/old
www.ics.uci.edu/~kay/courses/i41/hw
www.ics.uci.edu/~oaiyelok
www.ics.uci.edu/~kay/courses/h21/f06.html
www.ics.uci.edu/~kay/courses/h21/hw/index.html
www.ics.uci.edu/~kay/courses/h21/hw/lab9.html
www.ics.uci.edu/~kay/courses/h21/hw/hw10.html
www.ics.uci.edu/~kay/courses/h21/hw/hw9.html
www.ics.uci.edu/~kay/courses/h21/hw/lab8.html
www.ics.uci.edu/~kay/scheme/infx-tunes.scm
www.ics.uci.edu/~kay/courses/h21/hw/hw8.html
www.ics.uci.edu/~kay/courses/h21/hw/lab7.html
www.ics.uci.edu/~kay/courses/h21/hw/hw7.html
www.ics.uci.edu/~kay/courses/h21/hw/lab6.html
www.ics.uci.edu/~kay/courses/h21/hw/hw5menus.html
www.ics.uci.edu/~kay/scheme/restaurants1d.scm
www.ics.uci.edu/~kay/courses/h21/hw/hw6.html
www.ics.uci.edu/~kay/courses/h21/hw/lab5.html
www.ics.uci.edu/~kay/courses/h21/hw/hw5.html
www.ics.uci.edu/~kay/courses/h21/hw/lab4.html
www.ics.uci.edu/~kay/courses/h21/hw/hw4.html
www.ics.uci.edu/~kay/courses/h21/hw/lab3.html
www.ics.uci.edu/~kay/courses/h21/hw/hw3.html
www.ics.uci.edu/~kay/courses/h21/hw/lab2.html
www.ics.uci.edu/~kay/courses/h21/hw/hw2.html
www.ics.uci.edu/~kay/courses/h21/hw/lab1.html
www.ics.uci.edu/~kay/courses/h21/hw/hw1.html
www.ics.uci.edu/~kay/courses/h21/hw/lab0.html
www.ics.uci.edu/~kay/courses/h21/hw/collab.html
www.ics.uci.edu/~kay/courses/h21
www.ics.uci.edu/~kay/courses/h21/hw
www.ics.uci.edu/~rripley
www.ics.uci.edu/~taylor
www.ics.uci.edu/~abaquero
www.ics.uci.edu/%7Eshendric
www.ics.uci.edu/%7Etaylor
www.ics.uci.edu/%7Esgirish
www.ics.uci.edu/%7Ejie
www.ics.uci.edu/~pkammer
www.ics.uci.edu/%7Egmark
www.ics.uci.edu/%7Efielding
www.ics.uci.edu/~fielding/pubs/dissertation/top.htm
www.ics.uci.edu/~fielding
transformativeplay.ics.uci.edu
www.ics.uci.edu/~sudderth
www.ics.uci.edu/~sternh
www.ics.uci.edu/~sternh/courses/210
www.ics.uci.edu/~standish
www.ics.uci.edu/~smyth
grape.ics.uci.edu/wiki/asterix/wiki/stats170ab-2018
sli.ics.uci.edu/Classes/2016W-178
sli.ics.uci.edu/Classes/2015W-178
sli.ics.uci.edu/Classes/2015W-178
sli.ics.uci.edu/Classes/2015W-178
sli.ics.uci.edu/Classes/2015W-178
sli.ics.uci.edu/Classes/2015W-178
sli.ics.uci.edu/Classes/2015W-178
sli.ics.uci.edu/Classes/2015W-178
sli.ics.uci.edu/Classes/2015W-178
sli.ics.uci.edu/Classes/2015W-178
sli.ics.uci.edu/Classes/2015W-178
sli.ics.uci.edu/Classes/2015W-178
sli.ics.uci.edu/Classes/2015W-178
sli.ics.uci.edu/Classes/2015W-178
sli.ics.uci.edu/Classes/2015W-178
sli.ics.uci.edu/Classes/2015W-178
sli.ics.uci.edu/Classes/2015W-178
www.ics.uci.edu/~lab/labs_specs/software.php
www.ics.uci.edu/~lab/students/unixfiles.php
www.ics.uci.edu/~lab/labs_specs
sli.ics.uci.edu/Classes/2015W-178
www.ics.uci.edu/~ngallo1
sli.ics.uci.edu/Classes/2015W-178
sli.ics.uci.edu/Classes/2015W-178
sli.ics.uci.edu/Classes/2015W-178
sli.ics.uci.edu/Classes/2015W-178
sli.ics.uci.edu/Classes/2015W-178
sli.ics.uci.edu/Classes/2015W-178
sli.ics.uci.edu/Classes/2015W-178
sli.ics.uci.edu/Classes/2015W-178
sli.ics.uci.edu/Classes/2015W-178
sli.ics.uci.edu/Classes/2015W-178
sli.ics.uci.edu/Classes/2015W-178
sli.ics.uci.edu/Classes/2015W-178
sli.ics.uci.edu/Classes/2015W-178
sli.ics.uci.edu/Classes/2015W-178
sli.ics.uci.edu/Classes/2015W-178
sli.ics.uci.edu/Classes/2015W-178
sli.ics.uci.edu/Classes/2015W-178
sli.ics.uci.edu/Classes/2016W-178
sli.ics.uci.edu/Classes/2016W-178
sli.ics.uci.edu/Classes/2016W-178
sli.ics.uci.edu/Classes/2016W-178
sli.ics.uci.edu/Classes/2016W-178
sli.ics.uci.edu/extras/cs178/DTree_Demo.html
sli.ics.uci.edu/Classes/2016W-178
sli.ics.uci.edu/Classes/2016W-178
sli.ics.uci.edu/extras/cs178/NNet_Demo.html
sli.ics.uci.edu/Classes/2016W-178
sli.ics.uci.edu/Classes/2016W-178
sli.ics.uci.edu/extras/cs178/LinearSVM_Demo.html
sli.ics.uci.edu/Classes/2016W-178
sli.ics.uci.edu/Classes/2016W-178
sli.ics.uci.edu/Classes/2016W-178
sli.ics.uci.edu/Classes/2016W-178
sli.ics.uci.edu/extras/cs178/Perceptron_Demo.html
sli.ics.uci.edu/Classes/2016W-178
sli.ics.uci.edu/Classes/2016W-178
sli.ics.uci.edu/Classes/2016W-178
sli.ics.uci.edu/Classes/2016W-178
sli.ics.uci.edu/Classes/2016W-178
sli.ics.uci.edu/Classes/2016W-178
sli.ics.uci.edu/Classes/2016W-178
sli.ics.uci.edu/extras/cs178/Intro_Tutorial.html
sli.ics.uci.edu/Classes-CS178-Notes
sli.ics.uci.edu/Classes-CS178-Notes/PCA
sli.ics.uci.edu/Classes-CS178-Notes/PCA
sli.ics.uci.edu/Classes-CS178-Notes/GmmEM
sli.ics.uci.edu/Classes-CS178-Notes/GmmEM
sli.ics.uci.edu/Classes-CS178-Notes/HierarchAC
sli.ics.uci.edu/Classes-CS178-Notes/HierarchAC
sli.ics.uci.edu/Classes-CS178-Notes/KMeans
sli.ics.uci.edu/Classes-CS178-Notes/KMeans
sli.ics.uci.edu/Classes-CS178-Notes/Boosting
sli.ics.uci.edu/Classes-CS178-Notes/Boosting
sli.ics.uci.edu/Classes-CS178-Notes/Bagging
sli.ics.uci.edu/Classes-CS178-Notes/Bagging
sli.ics.uci.edu/Classes-CS178-Notes/DecisionTrees
sli.ics.uci.edu/Classes-CS178-Notes/DecisionTrees
sli.ics.uci.edu/Classes-CS178-Notes/LogisticReg
sli.ics.uci.edu/Classes-CS178-Notes/LogisticReg
sli.ics.uci.edu/Classes-CS178-Notes/LinearClassify
sli.ics.uci.edu/Classes-CS178-Notes/LinearClassify
sli.ics.uci.edu/Classes-CS178-Notes/BayesClassify
sli.ics.uci.edu/Classes-CS178-Notes/BayesClassify
sli.ics.uci.edu/Classes-CS178-Notes/Probability
sli.ics.uci.edu/Classes-CS178-Notes/Probability
sli.ics.uci.edu/Classes-CS178-Notes/KNearestNeighbors
sli.ics.uci.edu/Classes-CS178-Notes/KNearestNeighbors
sli.ics.uci.edu/Classes-CS178-Notes/Classification
sli.ics.uci.edu/Classes-CS178-Notes/Classification
sli.ics.uci.edu/Classes-CS178-Notes/Regression
sli.ics.uci.edu/Classes-CS178-Notes/Regression
sli.ics.uci.edu/Classes-CS178-Notes/Matlab-Classes
sli.ics.uci.edu/Classes-CS178-Notes/Matlab-Classes
sli.ics.uci.edu/Classes-CS178-Notes/Matlab
sli.ics.uci.edu/Classes-CS178-Notes/Matlab
sli.ics.uci.edu/Classes-CS178-Notes/Classes-CS178-Notes
sli.ics.uci.edu/Classes/2016W-178
sli.ics.uci.edu/Classes/2016W-178
sli.ics.uci.edu/Classes/2016W-178
sli.ics.uci.edu/Classes/2016W-178
sli.ics.uci.edu/Classes/2016W-178
sli.ics.uci.edu/Classes/2016W-178
sli.ics.uci.edu/Classes/2016W-178
sli.ics.uci.edu/Classes/2016W-178
sli.ics.uci.edu/Classes/2016W-178
sli.ics.uci.edu/Classes/2016W-178
sli.ics.uci.edu/Classes/2016W-178
sli.ics.uci.edu/Classes/2016W-178
sli.ics.uci.edu/Classes/2016W-178
sli.ics.uci.edu/Classes/2016W-178
sli.ics.uci.edu/Classes/2016W-178
sli.ics.uci.edu/Classes/2016W-178
sli.ics.uci.edu/Classes
sli.ics.uci.edu/Classes/2008W
sli.ics.uci.edu/Classes/2008W
sli.ics.uci.edu/Classes/2008S
sli.ics.uci.edu/Classes/2008S
sli.ics.uci.edu/Classes/2008S
sli.ics.uci.edu/Classes/2008S
sli.ics.uci.edu/Classes/2008S
sli.ics.uci.edu/Classes/2008S
sli.ics.uci.edu/Classes/2008S
sli.ics.uci.edu/Classes/2008S
sli.ics.uci.edu/Classes/2008S
sli.ics.uci.edu/Classes/2008S
sli.ics.uci.edu/Classes/2008S
sli.ics.uci.edu/Classes/2008S
sli.ics.uci.edu/Classes/2008S
sli.ics.uci.edu/Classes/2008CSE
sli.ics.uci.edu/Classes/CSEResources
sli.ics.uci.edu/Classes/CSEResources
sli.ics.uci.edu/Classes/CSEProjectIdeas
sli.ics.uci.edu/Classes/CSEProjectIdeas
sli.ics.uci.edu/Classes/2008CSE
sli.ics.uci.edu/Classes/2008F
sli.ics.uci.edu/Classes-2008F/Main
sli.ics.uci.edu/Classes-2008F/Main
sli.ics.uci.edu/Classes-2008F/Main
sli.ics.uci.edu/Classes-2008F/Main
sli.ics.uci.edu/Classes-2008F/Main
sli.ics.uci.edu/Classes-2008F/Main
sli.ics.uci.edu/Classes-2008F/Main
sli.ics.uci.edu/Classes-2008F/Main
sli.ics.uci.edu/Classes-2008F/Main
sli.ics.uci.edu/Classes-2008F/Finance
sli.ics.uci.edu/Classes-2008F/Tools
sli.ics.uci.edu/Classes-2008F/Tools
sli.ics.uci.edu/Classes-2008F/Flocking
sli.ics.uci.edu/Classes-2008F/Flocking
sli.ics.uci.edu/Classes-2008F/Flocking
sli.ics.uci.edu/Classes-2008F/Flocking
sli.ics.uci.edu/Classes-2008F/Flocking
sli.ics.uci.edu/Classes-2008F/Flocking
sli.ics.uci.edu/Classes-2008F/MarkovianStocks
sli.ics.uci.edu/Classes-2008F/MLN
sli.ics.uci.edu/Classes-2008F/MLN
sli.ics.uci.edu/Classes-2008F/Finance
sli.ics.uci.edu/Classes-2008F/Puzzle
sli.ics.uci.edu/svn/puzzle
sli.ics.uci.edu/Classes-2008F/CTMSegmentation
sli.ics.uci.edu/Classes-2008F/CTMSegmentation
sli.ics.uci.edu/Classes-2008F/CTMSegmentation
sli.ics.uci.edu/Classes-2008F/UsefulBackground
sli.ics.uci.edu/Classes-2008F/UsefulBackground
sli.ics.uci.edu/Classes-2008F/RelatedTechniques
sli.ics.uci.edu/Classes-2008F/RelatedTechniques
sli.ics.uci.edu/Classes-2008F/JigsawPuzzleSolvers
sli.ics.uci.edu/Classes-2008F/Puzzle
sli.ics.uci.edu/Classes-2008F/Puzzle
sli.ics.uci.edu/Classes-2008F/Puzzle
sli.ics.uci.edu/Classes-2008F/Puzzle
sli.ics.uci.edu/Classes-2008F/Puzzle
sli.ics.uci.edu/Classes-2008F/Puzzle
sli.ics.uci.edu/Classes-2008F/JigsawPuzzleSolvers
sli.ics.uci.edu/Classes-2008F/Outline
sli.ics.uci.edu/Classes-2008F/Outline
sli.ics.uci.edu/Classes-2008F/Announcements
sli.ics.uci.edu/Classes-2008F/Announcements
sli.ics.uci.edu/Classes-2008F/Announcements
sli.ics.uci.edu/Classes-2008F/Puzzle
sli.ics.uci.edu/Classes-2008F/Discussion
sli.ics.uci.edu/Classes-2008F/Main
sli.ics.uci.edu/Classes-2008F/Discussion
sli.ics.uci.edu/Classes/2008F
sli.ics.uci.edu/Classes-2008F
sli.ics.uci.edu/Classes-2008F/Classes-2008F
sli.ics.uci.edu/Classes-2008F/Main
sli.ics.uci.edu/Classes/2009W
sli.ics.uci.edu/Classes/2009W
sli.ics.uci.edu/Classes/2009W
sli.ics.uci.edu/Classes/2009W
sli.ics.uci.edu/Classes/2009W
sli.ics.uci.edu/Classes/2009W
sli.ics.uci.edu/Classes/2009W
sli.ics.uci.edu/Classes/2009W
sli.ics.uci.edu/Classes/2009W
sli.ics.uci.edu/Classes/2009W
sli.ics.uci.edu/Classes/2009W
sli.ics.uci.edu/Classes/2009W
sli.ics.uci.edu/Classes/2009W
sli.ics.uci.edu/Classes/2009W
sli.ics.uci.edu/Classes/2009W
sli.ics.uci.edu/Classes/2009W
sli.ics.uci.edu/Classes/2009W
sli.ics.uci.edu/Classes/2009W
sli.ics.uci.edu/Classes/2009W
sli.ics.uci.edu/Classes/2009S
sli.ics.uci.edu/Classes/2009S
www.ics.uci.edu/~tnguye90
sli.ics.uci.edu/Classes/2009S
sli.ics.uci.edu/Classes/2009S
sli.ics.uci.edu/Classes/2009S
sli.ics.uci.edu/Classes/2009S
sli.ics.uci.edu/Classes/2009S
sli.ics.uci.edu/Classes/2009S
sli.ics.uci.edu/Classes/2009S
sli.ics.uci.edu/Classes/2009S
sli.ics.uci.edu/Classes/2009S
sli.ics.uci.edu/Classes/2009S
sli.ics.uci.edu/Classes/2009S
sli.ics.uci.edu/Classes/2009S
sli.ics.uci.edu/Classes/2009S
sli.ics.uci.edu/Classes/2009S
sli.ics.uci.edu/Classes/2009S
sli.ics.uci.edu/Classes/2009S
sli.ics.uci.edu/Classes/2009S
sli.ics.uci.edu/Classes/2009S
sli.ics.uci.edu/Classes/2009S
sli.ics.uci.edu/Classes/2009S
sli.ics.uci.edu/Classes/2009S
sli.ics.uci.edu/Classes/2009S
sli.ics.uci.edu/Classes/2009S
sli.ics.uci.edu/Classes/2009S
sli.ics.uci.edu/Classes/2009S
sli.ics.uci.edu/Classes/2009S
sli.ics.uci.edu/Classes/2009S
sli.ics.uci.edu/Classes/2010W-274a
sli.ics.uci.edu/Classes/2010W-274a
sli.ics.uci.edu/video/cs274a/Lecture22part.html
sli.ics.uci.edu/Classes/2010W-274a
sli.ics.uci.edu/video/cs274a/Lecture20.html
sli.ics.uci.edu/Classes/2010W-274a
sli.ics.uci.edu/video/cs274a/Lecture18.html
sli.ics.uci.edu/Classes/2010W-274a
sli.ics.uci.edu/video/cs274a/Lecture17.html
sli.ics.uci.edu/Classes/2010W-274a
sli.ics.uci.edu/video/cs274a/Lecture16.html
sli.ics.uci.edu/Classes/2010W-274a
sli.ics.uci.edu/video/cs274a/Lecture12.html
sli.ics.uci.edu/Classes/2010W-274a
sli.ics.uci.edu/video/cs274a/Lecture11.html
sli.ics.uci.edu/Classes/2010W-274a
sli.ics.uci.edu/video/cs274a/Lecture10.html
sli.ics.uci.edu/Classes/2010W-274a
sli.ics.uci.edu/video/cs274a/Lecture08.html
sli.ics.uci.edu/Classes/2010W-274a
sli.ics.uci.edu/video/cs274a/Lecture07.html
sli.ics.uci.edu/Classes/2010W-274a
sli.ics.uci.edu/video/cs274a/Lecture06.html
sli.ics.uci.edu/Classes/2010W-274a
sli.ics.uci.edu/video/cs274a/Lecture05.html
sli.ics.uci.edu/Classes/2010W-274a
sli.ics.uci.edu/video/cs274a/Lecture04.html
sli.ics.uci.edu/Classes/2010W-274a
sli.ics.uci.edu/video/cs274a/Lecture03.html
sli.ics.uci.edu/Classes/2010W-274a
sli.ics.uci.edu/video/cs274a/Lecture02.html
sli.ics.uci.edu/Classes/2010W-274a
sli.ics.uci.edu/Classes/2010W-274a
sli.ics.uci.edu/Classes/2010W-274a
sli.ics.uci.edu/Classes/2010W-274a
sli.ics.uci.edu/Classes/2010W-274a
sli.ics.uci.edu/Classes/2010W-274a
sli.ics.uci.edu/Classes/2010W-274a
sli.ics.uci.edu/Classes/2010W-274a
sli.ics.uci.edu/Classes/2010W-274a
sli.ics.uci.edu/Classes/2010W-274a
sli.ics.uci.edu/Classes/2010W-274a
sli.ics.uci.edu/Classes/2010W-274a
sli.ics.uci.edu/Classes/2010W-274a
sli.ics.uci.edu/Classes/2010W-274a
sli.ics.uci.edu/Classes/2010W-178
sli.ics.uci.edu/video/cs178/Lecture26.html
sli.ics.uci.edu/video/cs178/Lecture24.html
sli.ics.uci.edu/Classes/2010W-178
sli.ics.uci.edu/video/cs178/Lecture23.html
sli.ics.uci.edu/Classes/2010W-178
sli.ics.uci.edu/video/cs178/Lecture22.html
sli.ics.uci.edu/Classes/2010W-178
sli.ics.uci.edu/Classes/2010W-178
sli.ics.uci.edu/video/cs178/Lecture21.html
sli.ics.uci.edu/Classes/2010W-178
sli.ics.uci.edu/video/cs178/Lecture20.html
sli.ics.uci.edu/Classes/2010W-178
sli.ics.uci.edu/video/cs178/Lecture18.html
sli.ics.uci.edu/Classes/2010W-178
sli.ics.uci.edu/video/cs178/Lecture17.html
sli.ics.uci.edu/Classes/2010W-178
sli.ics.uci.edu/video/cs178/Lecture12.html
sli.ics.uci.edu/Classes/2010W-178
sli.ics.uci.edu/Classes/2010W-178
sli.ics.uci.edu/video/cs178/Lecture11.html
sli.ics.uci.edu/Classes/2010W-178
sli.ics.uci.edu/video/cs178/Lecture10.html
sli.ics.uci.edu/Classes/2010W-178
sli.ics.uci.edu/video/cs178/Lecture08.html
sli.ics.uci.edu/Classes/2010W-178
sli.ics.uci.edu/video/cs178/Lecture07.html
sli.ics.uci.edu/Classes/2010W-178
sli.ics.uci.edu/video/cs178/Lecture06.html
sli.ics.uci.edu/Classes/2010W-178
sli.ics.uci.edu/video/cs178/Lecture05.html
sli.ics.uci.edu/Classes/2010W-178
sli.ics.uci.edu/video/cs178/Lecture04.html
sli.ics.uci.edu/Classes/2010W-178
sli.ics.uci.edu/video/cs178/Lecture03.html
sli.ics.uci.edu/Classes/2010W-178
sli.ics.uci.edu/video/cs178/Lecture02.html
sli.ics.uci.edu/Classes/2010W-178
sli.ics.uci.edu/video/cs178/Lecture01.html
sli.ics.uci.edu/Classes/2010W-178
www.ics.uci.edu/~okuchaie
sli.ics.uci.edu/Classes/2010W-178
sli.ics.uci.edu/Classes/2010W-178
sli.ics.uci.edu/Classes/2010W-178
sli.ics.uci.edu/Classes/2010W-178
sli.ics.uci.edu/Classes/2010W-178
sli.ics.uci.edu/Classes/2010W-178
sli.ics.uci.edu/Classes/2010W-178
sli.ics.uci.edu/Classes/2010W-178
sli.ics.uci.edu/Classes/2010W-178
sli.ics.uci.edu/Classes/2010W-178
sli.ics.uci.edu/Classes/2010W-178
sli.ics.uci.edu/Classes/2010W-178
sli.ics.uci.edu/Classes/2010W-178
sli.ics.uci.edu/Classes/2010W-178
sli.ics.uci.edu/Classes/2010W-178
sli.ics.uci.edu/Classes/2010W-178
sli.ics.uci.edu/Classes/2010W-178
sli.ics.uci.edu/Classes/2010W-178
sli.ics.uci.edu/Classes/2010W-178
sli.ics.uci.edu/Classes/2010W-178
sli.ics.uci.edu/Classes/2010W-178
sli.ics.uci.edu/Classes/2010W-178
sli.ics.uci.edu/Classes/2010S-295
sli.ics.uci.edu/Classes/2010S-295
sli.ics.uci.edu/Classes/2010S-295
sli.ics.uci.edu/Classes/2010S-295
sli.ics.uci.edu/Classes/2010S-295
sli.ics.uci.edu/Classes/2010S-295
sli.ics.uci.edu/Classes/2010S-295
sli.ics.uci.edu/Classes/2010S-295
sli.ics.uci.edu/Classes/2011W-178
sli.ics.uci.edu/Classes/2011W-178
sli.ics.uci.edu/Classes/2011W-178
sli.ics.uci.edu/Classes/2011W-178
sli.ics.uci.edu/Classes/2011W-178
sli.ics.uci.edu/Classes/2011W-178
sli.ics.uci.edu/Classes/2011W-178
sli.ics.uci.edu/Classes/2011W-178
sli.ics.uci.edu/Classes/2011W-178
sli.ics.uci.edu/Classes/2011W-178
sli.ics.uci.edu/Classes/2011W-178
sli.ics.uci.edu/Classes/2011W-178
sli.ics.uci.edu/Classes/2011W-178
sli.ics.uci.edu/Classes/2011W-178-Review
sli.ics.uci.edu/Classes/2011W-178-Review
sli.ics.uci.edu/Classes/2011W-178
sli.ics.uci.edu/Classes/2011W-178
sli.ics.uci.edu/Classes/2011W-178
sli.ics.uci.edu/Classes/2011W-178
sli.ics.uci.edu/Classes/2011W-178
sli.ics.uci.edu/Classes/2011W-178
sli.ics.uci.edu/Classes/2011W-178
sli.ics.uci.edu/Classes/2011W-178
sli.ics.uci.edu/Classes/2011W-178
sli.ics.uci.edu/Classes/2011W-178
sli.ics.uci.edu/Classes/2011W-178
sli.ics.uci.edu/Classes/2011W-178
sli.ics.uci.edu/Classes/2011W-178
sli.ics.uci.edu/Classes/2011W-178
sli.ics.uci.edu/Classes/2011W-178
sli.ics.uci.edu/Classes/2011W-178
sli.ics.uci.edu/Classes/2011W-178
sli.ics.uci.edu/Classes/2011W-178
sli.ics.uci.edu/Classes/2011W-178
sli.ics.uci.edu/Classes/2011W-178
sli.ics.uci.edu/Classes/2011W-178
sli.ics.uci.edu/Classes/2011W-178
sli.ics.uci.edu/Classes/2011W-178
sli.ics.uci.edu/Classes/2011W-178
sli.ics.uci.edu/Classes/2011W-178
sli.ics.uci.edu/Classes/2011W-178
sli.ics.uci.edu/Classes/2011W-178
sli.ics.uci.edu/Classes/2011W-178
sli.ics.uci.edu/Classes/2011W-178
sli.ics.uci.edu/Classes/2011W-178
sli.ics.uci.edu/Classes/2011W-178
sli.ics.uci.edu/Classes/2011W-178
sli.ics.uci.edu/Classes/2011S-274a
sli.ics.uci.edu/Classes/2011S-274a
sli.ics.uci.edu/Classes/2011S-274a
sli.ics.uci.edu/Classes/2011S-274a
sli.ics.uci.edu/Classes/2011S-274a
sli.ics.uci.edu/Classes/2011S-274a
sli.ics.uci.edu/Classes/2011S-274a
sli.ics.uci.edu/Classes/2011S-274a
sli.ics.uci.edu/Classes/2011S-274a
sli.ics.uci.edu/Classes/2011S-274a
sli.ics.uci.edu/Classes/2011S-274a
sli.ics.uci.edu/Classes/2011S-274a
sli.ics.uci.edu/Classes/2011S-274a
sli.ics.uci.edu/Classes/2011S-274a
sli.ics.uci.edu/Classes/2011S-274a
sli.ics.uci.edu/Classes/2011S-274a
sli.ics.uci.edu/Classes/2011S-274a
sli.ics.uci.edu/Classes/2011S-274a
sli.ics.uci.edu/Classes/2011S-274a
sli.ics.uci.edu/Classes/2011S-274a
sli.ics.uci.edu/Classes/2011S-274a
sli.ics.uci.edu/Classes/2011S-274a
sli.ics.uci.edu/Classes/2011S-274a
sli.ics.uci.edu/Classes/2011S-274a
sli.ics.uci.edu/Classes/2011S-274a
sli.ics.uci.edu/Classes/2011S-274a
sli.ics.uci.edu/Classes/2011S-274a
sli.ics.uci.edu/Classes/2011S-274a
sli.ics.uci.edu/Classes/2011S-274a
sli.ics.uci.edu/Classes/2011S-274a
sli.ics.uci.edu/Classes/2011S-274a
sli.ics.uci.edu/Classes/2011S-274a
sli.ics.uci.edu/Classes/2011S-274a
sli.ics.uci.edu/Classes/2011S-271
sli.ics.uci.edu/Classes/2011S-271
sli.ics.uci.edu/Classes/2011S-271
sli.ics.uci.edu/Classes/2011S-271
sli.ics.uci.edu/Classes/2011S-271
sli.ics.uci.edu/Classes/2011S-271
sli.ics.uci.edu/Classes/2011S-271
sli.ics.uci.edu/Classes/2011S-271
sli.ics.uci.edu/Classes/2011S-271
sli.ics.uci.edu/Classes/2011S-271
sli.ics.uci.edu/Classes/2011S-271
sli.ics.uci.edu/Classes/2011S-271
sli.ics.uci.edu/Classes/2011S-271
sli.ics.uci.edu/Classes/2011S-271
sli.ics.uci.edu/Classes/2011S-271
sli.ics.uci.edu/Classes/2011S-271
sli.ics.uci.edu/Classes/2011S-271
sli.ics.uci.edu/Classes/2011S-271
sli.ics.uci.edu/Classes/2011S-271
sli.ics.uci.edu/Classes/2011S-271
sli.ics.uci.edu/Classes/2011S-271
sli.ics.uci.edu/Classes/2011S-271
sli.ics.uci.edu/Classes/2011S-271
sli.ics.uci.edu/Classes/2011S-271
sli.ics.uci.edu/Classes/2011S-271
sli.ics.uci.edu/Classes/2011S-271
sli.ics.uci.edu/Classes/2011S-271
sli.ics.uci.edu/Classes/2011S-271
sli.ics.uci.edu/Classes/2011S-271
sli.ics.uci.edu/Classes/2011S-271
sli.ics.uci.edu/Classes/2011S-271
sli.ics.uci.edu/Classes/2011S-271
sli.ics.uci.edu/Classes/2011S-271
sli.ics.uci.edu/Classes/2011S-271
sli.ics.uci.edu/Classes/2011S-271
sli.ics.uci.edu/Classes/2011S-271
sli.ics.uci.edu/Classes/2011S-271
sli.ics.uci.edu/Classes/2011S-271
sli.ics.uci.edu/Classes/2011F-171
sli.ics.uci.edu/Classes/2011F-171
sli.ics.uci.edu/Classes/2011F-171
sli.ics.uci.edu/Classes/2011F-171
sli.ics.uci.edu/Classes/2011F-171
sli.ics.uci.edu/Classes/2011F-171
sli.ics.uci.edu/Classes/2011F-171
sli.ics.uci.edu/Classes/2011F-171
sli.ics.uci.edu/Classes/2011F-171
sli.ics.uci.edu/Classes/2011F-171
sli.ics.uci.edu/Classes/2011F-171
sli.ics.uci.edu/Classes/2011F-171
sli.ics.uci.edu/Classes/2011F-171
sli.ics.uci.edu/Classes/2011F-171
sli.ics.uci.edu/Classes/2011F-171
sli.ics.uci.edu/Classes/2011F-171
sli.ics.uci.edu/Classes/2011F-171
sli.ics.uci.edu/Classes/2011F-171
sli.ics.uci.edu/Classes/2011F-171
sli.ics.uci.edu/Classes/2011F-171
sli.ics.uci.edu/Classes/2011F-171
sli.ics.uci.edu/Classes/2011F-171
sli.ics.uci.edu/Classes/2011F-171
sli.ics.uci.edu/Classes/2011F-171
sli.ics.uci.edu/Classes/2011F-171
sli.ics.uci.edu/Classes/2011F-171
sli.ics.uci.edu/Classes/2011F-171
sli.ics.uci.edu/Classes/2011F-171
sli.ics.uci.edu/Classes/2011F-171
sli.ics.uci.edu/Classes/2011F-171
sli.ics.uci.edu/Classes/2011F-171
sli.ics.uci.edu/Classes/2011F-171
sli.ics.uci.edu/Classes/2011F-171
sli.ics.uci.edu/Classes/2011F-171
sli.ics.uci.edu/Classes/2011F-171
sli.ics.uci.edu/Classes/2011F-171
sli.ics.uci.edu/Classes/2011F-171
sli.ics.uci.edu/Classes/2011F-171
sli.ics.uci.edu/Classes/2011F-171
sli.ics.uci.edu/Classes/2011F-171
sli.ics.uci.edu/Classes/2011F-171
sli.ics.uci.edu/Classes/2011F-171
sli.ics.uci.edu/Classes/2012W-178
sli.ics.uci.edu/Classes/2012W-178
sli.ics.uci.edu/Classes/2012W-178
sli.ics.uci.edu/Classes/2012W-178
sli.ics.uci.edu/Classes/2012W-178
sli.ics.uci.edu/Classes/2012W-178
sli.ics.uci.edu/Classes/2012W-178
sli.ics.uci.edu/Classes/2012W-178
sli.ics.uci.edu/Classes/2012W-178
sli.ics.uci.edu/Classes/2012W-178
sli.ics.uci.edu/Classes/2012W-178
sli.ics.uci.edu/Classes/2012W-178
sli.ics.uci.edu/Classes/2012W-178
sli.ics.uci.edu/Classes/2012W-178
sli.ics.uci.edu/Classes/2012W-178
sli.ics.uci.edu/Classes/2012W-178
sli.ics.uci.edu/Classes/2012W-178
sli.ics.uci.edu/Classes/2012W-178
sli.ics.uci.edu/Classes/2012W-178
sli.ics.uci.edu/Classes/2012W-178
sli.ics.uci.edu/Classes/2012W-178
sli.ics.uci.edu/Classes/2012W-178
sli.ics.uci.edu/Classes/2012W-178
sli.ics.uci.edu/Classes/2012W-178
sli.ics.uci.edu/Classes/2012W-178
sli.ics.uci.edu/Classes/2012W-178
sli.ics.uci.edu/Classes/2012W-178
sli.ics.uci.edu/Classes/2012W-178
sli.ics.uci.edu/Classes/2012W-178
sli.ics.uci.edu/Classes/2012W-178
sli.ics.uci.edu/Classes/2012W-178
sli.ics.uci.edu/Classes/2012W-178
sli.ics.uci.edu/Classes/2012W-178
sli.ics.uci.edu/Classes/2012W-178
sli.ics.uci.edu/Classes/2012W-178
sli.ics.uci.edu/Classes/2012W-178
sli.ics.uci.edu/Classes/2012W-178
sli.ics.uci.edu/Classes/2012W-178
sli.ics.uci.edu/Classes/2012W-178
sli.ics.uci.edu/Classes/2012W-178
sli.ics.uci.edu/Classes/2012W-178
sli.ics.uci.edu/Classes/2012W-178
sli.ics.uci.edu/Classes/2012S-274b
sli.ics.uci.edu/Code/Matlab-Factor
sli.ics.uci.edu/Code
sli.ics.uci.edu/Code/GPRTimeshift
sli.ics.uci.edu/Code/-
sli.ics.uci.edu/Code/GPRTimeshift
sli.ics.uci.edu/Code/MMPP
archive.ics.uci.edu/ml/datasets/Dodgers+Loop+Sensor
archive.ics.uci.edu/ml/datasets/CalIt2+Building+People+Counts
sli.ics.uci.edu/Pubs/Abstracts
sli.ics.uci.edu/Pubs/Pubs
sli.ics.uci.edu/Pubs/Pubs
sli.ics.uci.edu/Pubs/Pubs
sli.ics.uci.edu/Pubs/Pubs
sli.ics.uci.edu/Pubs/Pubs
sli.ics.uci.edu/Pubs/Pubs
sli.ics.uci.edu/Pubs/Pubs
sli.ics.uci.edu/Pubs/Pubs
sli.ics.uci.edu/Pubs/Pubs
sli.ics.uci.edu/Pubs/Pubs
sli.ics.uci.edu/Pubs/Pubs
sli.ics.uci.edu/Pubs/Pubs
sli.ics.uci.edu/Pubs/Pubs
sli.ics.uci.edu/Pubs/Pubs
sli.ics.uci.edu/Pubs/Pubs
sli.ics.uci.edu/Pubs/Pubs
sli.ics.uci.edu/Pubs/Pubs
sli.ics.uci.edu/Pubs/Pubs
sli.ics.uci.edu/Pubs/Pubs
sli.ics.uci.edu/Pubs/Pubs
sli.ics.uci.edu/Pubs/Pubs
sli.ics.uci.edu/Pubs/Pubs
sli.ics.uci.edu/Pubs/Pubs
sli.ics.uci.edu/Pubs/Pubs
sli.ics.uci.edu/Pubs/Pubs
sli.ics.uci.edu/Pubs/Pubs
sli.ics.uci.edu/Pubs/Pubs
sli.ics.uci.edu/Pubs/Pubs
sli.ics.uci.edu/Pubs/Pubs
sli.ics.uci.edu/Pubs/Pubs
sli.ics.uci.edu/Pubs/Pubs
sli.ics.uci.edu/Pubs/Pubs
sli.ics.uci.edu/Pubs/Pubs
sli.ics.uci.edu/Pubs/Pubs
sli.ics.uci.edu/Pubs/Pubs
sli.ics.uci.edu/Pubs/Pubs
sli.ics.uci.edu/Pubs/Pubs
sli.ics.uci.edu/Pubs/Pubs
sli.ics.uci.edu/Pubs/Pubs
sli.ics.uci.edu/Pubs/Pubs
sli.ics.uci.edu/Pubs/Pubs
sli.ics.uci.edu/Pubs/Pubs
sli.ics.uci.edu/Pubs/Pubs
sli.ics.uci.edu/Pubs/Pubs
sli.ics.uci.edu/Pubs/Pubs
sli.ics.uci.edu/Pubs/Pubs
sli.ics.uci.edu/Pubs/Pubs
sli.ics.uci.edu/Pubs
sli.ics.uci.edu/Pubs/Pubs
sli.ics.uci.edu/Pubs/Pubs
sli.ics.uci.edu/Pubs/Pubs
sli.ics.uci.edu/Pubs/Pubs
sli.ics.uci.edu/Pubs/Pubs
sli.ics.uci.edu/Pubs/Pubs
sli.ics.uci.edu/Pubs/Pubs
sli.ics.uci.edu/Pubs/Pubs
sli.ics.uci.edu/Pubs/Pubs
sli.ics.uci.edu/Pubs/Pubs
sli.ics.uci.edu/Pubs/Pubs
sli.ics.uci.edu/Pubs/Pubs
sli.ics.uci.edu/Pubs/Pubs
sli.ics.uci.edu/Pubs/Pubs
sli.ics.uci.edu/Pubs/Pubs
sli.ics.uci.edu/Pubs/Pubs
sli.ics.uci.edu/Pubs/Pubs
sli.ics.uci.edu/Pubs/Bibliography
sli.ics.uci.edu/Pubs/Bibliography
sli.ics.uci.edu/Pubs/Pubs
sli.ics.uci.edu/Pubs/Abstracts
sli.ics.uci.edu/Code/MMPP
sli.ics.uci.edu/Code/Adaptive
www.ics.uci.edu/~ihler/papers/abs.html
sli.ics.uci.edu/Ihler-Photos/Main
sli.ics.uci.edu/Ihler-Photos/Bobby
sli.ics.uci.edu/Ihler-Photos
sli.ics.uci.edu/Ihler-Photos/Ihler-Photos
sli.ics.uci.edu/Ihler-Photos/Bobby
sli.ics.uci.edu/Ihler-Photos/Japan
sli.ics.uci.edu/Ihler-Photos/Japan
sli.ics.uci.edu/Ihler-Photos/Africa
sli.ics.uci.edu/Ihler-Photos/Africa
sli.ics.uci.edu/Ihler-Photos/Main
sli.ics.uci.edu/Code/Adaptive
www.ics.uci.edu/~ihler/code
sli.ics.uci.edu/Code/Code
sli.ics.uci.edu/Code/Matlab-Factor
sli.ics.uci.edu/Classes/2012S-274b
sli.ics.uci.edu/Classes/2012S-274b
sli.ics.uci.edu/Classes/2012S-274b
sli.ics.uci.edu/Classes/2012S-274b
sli.ics.uci.edu/Classes/2012S-274b
sli.ics.uci.edu/Classes/2012S-274b
sli.ics.uci.edu/Classes/2012S-274b
sli.ics.uci.edu/Classes/2012S-274b
sli.ics.uci.edu/Classes/2012S-274b-ProjectIdeas
sli.ics.uci.edu/Classes/2012S-274b-ProjectIdeas
sli.ics.uci.edu/Classes/2012S-274b
sli.ics.uci.edu/Classes/2012S-274b
sli.ics.uci.edu/Classes/2012S-274b
sli.ics.uci.edu/Classes/2012S-274b
sli.ics.uci.edu/Classes/2012S-274b
sli.ics.uci.edu/Classes/2012S-274b
sli.ics.uci.edu/Classes/2012S-274b
sli.ics.uci.edu/Classes/2012S-274b
sli.ics.uci.edu/Classes/2012S-274b
sli.ics.uci.edu/Classes/2012S-274b
sli.ics.uci.edu/Classes/2012F-273a
sli.ics.uci.edu/Classes/2012F-273a
sli.ics.uci.edu/Classes/2012F-273a
sli.ics.uci.edu/Classes/2012F-273a
sli.ics.uci.edu/Classes/2012F-273a
sli.ics.uci.edu/Classes/2012F-273a
sli.ics.uci.edu/Classes/2012F-273a
sli.ics.uci.edu/Classes/2012F-273a
sli.ics.uci.edu/Classes/2012F-273a
sli.ics.uci.edu/Classes/2012F-273a
sli.ics.uci.edu/Classes/2012F-273a
sli.ics.uci.edu/Classes/2012F-273a
sli.ics.uci.edu/Classes/2012F-273a
sli.ics.uci.edu/Classes/2012F-273a
sli.ics.uci.edu/Classes/2012F-273a
sli.ics.uci.edu/Classes/2012F-273a
sli.ics.uci.edu/Classes/2012F-273a
sli.ics.uci.edu/Classes/2012F-273a
sli.ics.uci.edu/Classes/2012F-273a
sli.ics.uci.edu/Classes/2012F-273a
sli.ics.uci.edu/Classes/2012F-273a
sli.ics.uci.edu/Classes/2012F-273a
sli.ics.uci.edu/Classes/2012F-273a
sli.ics.uci.edu/Classes/2012F-273a
sli.ics.uci.edu/Classes/2012F-273a
sli.ics.uci.edu/Classes/2012F-273a
sli.ics.uci.edu/Classes/2012F-273a
sli.ics.uci.edu/Classes/2012F-273a
sli.ics.uci.edu/Classes/2012F-273a
sli.ics.uci.edu/Classes/2012F-273a
sli.ics.uci.edu/Classes/2012F-273a
sli.ics.uci.edu/Classes/2012F-273a
sli.ics.uci.edu/Classes/2012F-273a
sli.ics.uci.edu/Classes/2012F-178
sli.ics.uci.edu/Classes/2012F-178
sli.ics.uci.edu/Classes/2012F-178
sli.ics.uci.edu/Classes/2012F-178
sli.ics.uci.edu/Classes/2012F-178
sli.ics.uci.edu/Classes/2012F-178
sli.ics.uci.edu/Classes/2012F-178
sli.ics.uci.edu/Classes/2012F-178
sli.ics.uci.edu/Classes/2012F-178
sli.ics.uci.edu/Classes/2012F-178
sli.ics.uci.edu/Classes/2012F-178
sli.ics.uci.edu/Classes/2012F-178
sli.ics.uci.edu/Classes/2012F-178
sli.ics.uci.edu/Classes/2012F-178
sli.ics.uci.edu/Classes/2012F-178
sli.ics.uci.edu/Classes/2012F-178
sli.ics.uci.edu/Classes/2012F-178
sli.ics.uci.edu/Classes/2012F-178
sli.ics.uci.edu/Classes/2012F-178
sli.ics.uci.edu/Classes/2012F-178
sli.ics.uci.edu/Classes/2012F-178
sli.ics.uci.edu/Classes/2012F-178
sli.ics.uci.edu/Classes/2012F-178
sli.ics.uci.edu/Classes/2012F-178
sli.ics.uci.edu/Classes/2012F-178
sli.ics.uci.edu/Classes/2012F-178
sli.ics.uci.edu/Classes/2012F-178
sli.ics.uci.edu/Classes/2012F-178
sli.ics.uci.edu/Classes/2012F-178
sli.ics.uci.edu/Classes/2012F-178
sli.ics.uci.edu/Classes/2012F-178
sli.ics.uci.edu/Classes/2012F-178
sli.ics.uci.edu/Classes/2013S-77B
sli.ics.uci.edu/Classes/2013S-77B-Misc
sli.ics.uci.edu/Classes/2013S-77B-Misc
sli.ics.uci.edu/Classes/2013S-77B
sli.ics.uci.edu/Classes/2013S-77B
sli.ics.uci.edu/Classes/2013S-77B
www.ics.uci.edu/~sforouza
sli.ics.uci.edu/Classes/2013S-77B
sli.ics.uci.edu/Classes/2013S-77B
sli.ics.uci.edu/Classes/2013S-77B
sli.ics.uci.edu/Classes/2013S-77B
sli.ics.uci.edu/Classes/2013S-77B
sli.ics.uci.edu/Classes/2013S-77B
sli.ics.uci.edu/Classes/2013S-77B
sli.ics.uci.edu/Classes/2013S-77B
sli.ics.uci.edu/Classes/2013S-77B
sli.ics.uci.edu/Classes/2013-iCamp
sli.ics.uci.edu/Classes/2013-iCamp
sli.ics.uci.edu/Classes/2013-iCamp
sli.ics.uci.edu/Classes/2013-iCamp
sli.ics.uci.edu/Classes/2013-iCamp
sli.ics.uci.edu/Classes/2013-iCamp
sli.ics.uci.edu/Classes/2013-iCamp
sli.ics.uci.edu/Classes/2013-iCamp
sli.ics.uci.edu/Classes/2013F-273a
sli.ics.uci.edu/Classes/2013F-273a
sli.ics.uci.edu/Classes/2013F-273a
sli.ics.uci.edu/Classes/2013F-273a
sli.ics.uci.edu/Classes/2013F-273a
sli.ics.uci.edu/Classes/2013F-273a
sli.ics.uci.edu/Classes/2013F-273a
sli.ics.uci.edu/Classes/2013F-273a
sli.ics.uci.edu/Classes/2013F-273a
sli.ics.uci.edu/Classes/2013F-273a
sli.ics.uci.edu/Classes/2013F-273a
sli.ics.uci.edu/Classes/2013F-273a
sli.ics.uci.edu/Classes/2013F-273a
sli.ics.uci.edu/Classes/2013F-273a
sli.ics.uci.edu/Classes/2013F-273a
sli.ics.uci.edu/Classes/2013F-273a
sli.ics.uci.edu/Classes/2013F-273a
sli.ics.uci.edu/Classes/2013F-273a
sli.ics.uci.edu/Classes/2013F-273a
sli.ics.uci.edu/Classes/2013F-273a
sli.ics.uci.edu/Classes/2013F-273a
sli.ics.uci.edu/Classes/2013F-273a
sli.ics.uci.edu/Classes/2013F-273a
sli.ics.uci.edu/Classes/2013F-273a
sli.ics.uci.edu/Classes/2013F-273a
sli.ics.uci.edu/Classes/2013F-273a
sli.ics.uci.edu/Classes/2013F-273a
sli.ics.uci.edu/Classes/2013F-273a
sli.ics.uci.edu/Classes/2013F-273a
sli.ics.uci.edu/Classes/2013F-273a
sli.ics.uci.edu/Classes/2013F-273a
sli.ics.uci.edu/Classes/2014W-178
sli.ics.uci.edu/Classes/2014W-178
sli.ics.uci.edu/Classes/2014W-178
sli.ics.uci.edu/Classes/2014W-178
sli.ics.uci.edu/Classes/2014W-178
sli.ics.uci.edu/Classes/2014W-178
sli.ics.uci.edu/Classes/2014W-178
sli.ics.uci.edu/Classes/2014W-178
sli.ics.uci.edu/Classes/2014W-178
sli.ics.uci.edu/Classes/2014W-178
sli.ics.uci.edu/Classes/2014W-178
sli.ics.uci.edu/Classes/2014W-178
sli.ics.uci.edu/Classes/2014W-178
sli.ics.uci.edu/Classes/2014W-178
www.ics.uci.edu/~mlichman
sli.ics.uci.edu/Classes/2014W-178
sli.ics.uci.edu/Classes/2014W-178
sli.ics.uci.edu/Classes/2014W-178
sli.ics.uci.edu/Classes/2014W-178
sli.ics.uci.edu/Classes/2014W-178
sli.ics.uci.edu/Classes/2014W-178
sli.ics.uci.edu/Classes/2014W-178
sli.ics.uci.edu/Classes/2014W-178
sli.ics.uci.edu/Classes/2014W-178
sli.ics.uci.edu/Classes/2014W-178
sli.ics.uci.edu/Classes/2014W-178
sli.ics.uci.edu/Classes/2014W-178
sli.ics.uci.edu/Classes/2014W-178
sli.ics.uci.edu/Classes/2014W-178
sli.ics.uci.edu/Classes/2014W-178
sli.ics.uci.edu/Classes/2014W-178
sli.ics.uci.edu/Classes/2014W-178
sli.ics.uci.edu/Classes/2014W-178
sli.ics.uci.edu/Classes/2014S-274b
sli.ics.uci.edu/Classes/2014S-274b
sli.ics.uci.edu/Classes/2014S-274b
sli.ics.uci.edu/Classes/2014S-274b
sli.ics.uci.edu/Classes/2014S-274b
sli.ics.uci.edu/Classes/2014S-274b
sli.ics.uci.edu/Classes/2014S-274b
sli.ics.uci.edu/Classes/2014S-274b
sli.ics.uci.edu/Classes/2014S-274b
sli.ics.uci.edu/Classes/2014S-274b
sli.ics.uci.edu/Classes/2014S-274b
sli.ics.uci.edu/Classes/2014S-274b
sli.ics.uci.edu/Classes/2014S-274b
sli.ics.uci.edu/Classes/2014S-274b
sli.ics.uci.edu/Classes/2014S-274b-ProjectIdeas
sli.ics.uci.edu/Classes/2014S-274b-ProjectIdeas
sli.ics.uci.edu/Classes/2014S-274b
sli.ics.uci.edu/Classes/2014S-274b
sli.ics.uci.edu/Classes/2014S-274b
sli.ics.uci.edu/Classes/2014S-274b
sli.ics.uci.edu/Classes/2014S-274b
sli.ics.uci.edu/Classes/2014S-274b
sli.ics.uci.edu/Classes/2014S-274b
sli.ics.uci.edu/Classes/2014S-274b
sli.ics.uci.edu/Classes/2014S-274b
sli.ics.uci.edu/Classes/2014S-274b
sli.ics.uci.edu/Classes/2014S-274b
sli.ics.uci.edu/Classes/2014S-274b
sli.ics.uci.edu/Classes/2015W-273a
sli.ics.uci.edu/Classes/2015W-273a
sli.ics.uci.edu/Classes/2015W-273a
sli.ics.uci.edu/Classes/2015W-273a
sli.ics.uci.edu/Classes/2015W-273a
sli.ics.uci.edu/Classes/2015W-273a
sli.ics.uci.edu/Classes/2015W-273a
sli.ics.uci.edu/Classes/2015W-273a
sli.ics.uci.edu/Classes/2015W-273a
sli.ics.uci.edu/Classes/2015W-273a
sli.ics.uci.edu/Classes/2015W-273a
sli.ics.uci.edu/Classes/2015W-273a
sli.ics.uci.edu/Classes/2015W-273a
sli.ics.uci.edu/Classes/2015W-273a
sli.ics.uci.edu/Classes/2015W-273a
sli.ics.uci.edu/Classes/2015W-273a
sli.ics.uci.edu/Classes/2015W-273a
sli.ics.uci.edu/Classes/2015W-273a
sli.ics.uci.edu/Classes/2015W-273a
sli.ics.uci.edu/Classes/2015W-273a
sli.ics.uci.edu/Classes/2015W-273a
sli.ics.uci.edu/Classes/2015W-273a
sli.ics.uci.edu/Classes/2015W-273a
sli.ics.uci.edu/Classes/2015W-273a
sli.ics.uci.edu/Classes/2015W-273a
sli.ics.uci.edu/Classes/2015W-273a
sli.ics.uci.edu/Classes/2015W-273a
sli.ics.uci.edu/Classes/2015W-273a
sli.ics.uci.edu/Classes/2015W-273a
sli.ics.uci.edu/Classes/2015W-273a
sli.ics.uci.edu/Classes/2015W-273a
sli.ics.uci.edu/Classes/2015W-273a
sli.ics.uci.edu/Classes/2015W-273a
sli.ics.uci.edu/Classes/2015W-273a
sli.ics.uci.edu/Classes/2015F-179
sli.ics.uci.edu/Classes/2015F-179
sli.ics.uci.edu/misc/cs179/pyGM_LoopyBP.html
sli.ics.uci.edu/misc/cs179/pyGM_DualDecomp.html
sli.ics.uci.edu/Classes/2015F-179
sli.ics.uci.edu/Classes/2015F-179
sli.ics.uci.edu/misc/cs179/pyGM_Learning.html
sli.ics.uci.edu/Classes/2015F-179
sli.ics.uci.edu/misc/cs179/pyGM_BayesNet.html
sli.ics.uci.edu/misc/cs179/pyGM_HMM.html
sli.ics.uci.edu/Classes/2015F-179
sli.ics.uci.edu/Classes/2015F-179
sli.ics.uci.edu/Classes/2015F-179
sli.ics.uci.edu/Classes/2015F-179
sli.ics.uci.edu/Classes/2015F-179
sli.ics.uci.edu/Classes/2015F-179
sli.ics.uci.edu/misc/cs179/pyGM_CSP_2.html
sli.ics.uci.edu/Classes/2015F-179
sli.ics.uci.edu/misc/cs179/pyGM_CSP_1.html
sli.ics.uci.edu/Classes/2015F-179
sli.ics.uci.edu/Classes/2015F-179
sli.ics.uci.edu/Classes/2015F-179
sli.ics.uci.edu/Classes/2015F-179
sli.ics.uci.edu/Classes/2015F-179
sli.ics.uci.edu/Classes/2015F-179
sli.ics.uci.edu/Classes/2015F-179
sli.ics.uci.edu/Classes/2015F-179
sli.ics.uci.edu/Classes/2015F-179
sli.ics.uci.edu/Classes/2015F-179
sli.ics.uci.edu/Classes/2015F-179
sli.ics.uci.edu/Classes/2015F-179
sli.ics.uci.edu/Classes/2015F-179
sli.ics.uci.edu/Classes/2015F-179
sli.ics.uci.edu/Classes/2015F-179
sli.ics.uci.edu/Classes/2015F-179
sli.ics.uci.edu/Classes/2015F-179
sli.ics.uci.edu/Classes/2015F-179
sli.ics.uci.edu/Classes/2015F-179
sli.ics.uci.edu/Classes/2015F-179
sli.ics.uci.edu/Classes/2016S-274b
sli.ics.uci.edu/Classes/2016S-274b
sli.ics.uci.edu/Classes/2016S-274b
sli.ics.uci.edu/Classes/2016S-274b
sli.ics.uci.edu/Classes/2016S-274b
sli.ics.uci.edu/Classes/2016S-274b
sli.ics.uci.edu/Classes/2016S-274b
sli.ics.uci.edu/Classes/2016S-274b
sli.ics.uci.edu/Classes/2016S-274b
sli.ics.uci.edu/Classes/2016S-274b
sli.ics.uci.edu/Classes/2016S-274b
sli.ics.uci.edu/Classes/2016S-274b-ProjectIdeas
sli.ics.uci.edu/Classes/2016S-274b-ProjectIdeas
sli.ics.uci.edu/Classes/2016S-274b
sli.ics.uci.edu/Classes/2016S-274b
sli.ics.uci.edu/Classes/2016S-274b
sli.ics.uci.edu/Classes/2016S-274b
sli.ics.uci.edu/Classes/2016S-274b
sli.ics.uci.edu/Classes/2016S-274b
sli.ics.uci.edu/Classes/2016S-274b
sli.ics.uci.edu/Classes/Classes
sli.ics.uci.edu/Classes/2016W-178
sli.ics.uci.edu/Code/Code
www.ics.uci.edu/~ihler/pubs.html
sli.ics.uci.edu/Projects/Projects
sli.ics.uci.edu/Projects/Nonparametric
sli.ics.uci.edu/Projects
sli.ics.uci.edu/Projects/Nonparametric
sli.ics.uci.edu/Projects/Sensor
sli.ics.uci.edu/Projects/Sensor
sli.ics.uci.edu/Projects/BP
sli.ics.uci.edu/Projects/BP
sli.ics.uci.edu/Projects/Event
sli.ics.uci.edu/Projects/Event
sli.ics.uci.edu/Projects/RCTree
sli.ics.uci.edu/Projects/RCTree
sli.ics.uci.edu/Projects/Projects
sli.ics.uci.edu/Group/Group
www.ics.uci.edu/~johutchi
www.ics.uci.edu/~ajfrank
www.ics.uci.edu/~dorendor
www.ics.uci.edu/~johnsong
computableplant.ics.uci.edu/sw/ldsa
computableplant.ics.uci.edu/sw/gccd
computableplant.ics.uci.edu/sw/dd
computableplant.ics.uci.edu/index.html
computableplant.ics.uci.edu/models/index.html
computableplant.ics.uci.edu/tut.html
computableplant.ics.uci.edu/links.html
computableplant.ics.uci.edu/sw.html
computableplant.ics.uci.edu/outreach.html
computableplant.ics.uci.edu/people.html
computableplant.ics.uci.edu/research.html
computableplant.ics.uci.edu/publications.html
computableplant.ics.uci.edu/gallery/gallery.html
www.ics.uci.edu/~duboisc
www.ics.uci.edu/%7Esmyth
cml.ics.uci.edu/
sli.ics.uci.edu/Group/Group
sli.ics.uci.edu/Classes/Classes
sli.ics.uci.edu/Site/Search
sli.ics.uci.edu/Site
sli.ics.uci.edu/Site/UserCreation
sli.ics.uci.edu/Site/UserCreation
sli.ics.uci.edu/Site/ListAllPages
sli.ics.uci.edu/Site/Status
sli.ics.uci.edu/Site/Status
sli.ics.uci.edu/Site/RecentChanges
sli.ics.uci.edu/Site/RecentChanges
sli.ics.uci.edu/Site/GroupAttributes
sli.ics.uci.edu/Site/GroupAttributes
sli.ics.uci.edu/Site/Site
sli.ics.uci.edu/Pubs/RecentChanges
sli.ics.uci.edu/Profiles/Test
sli.ics.uci.edu/Pubs/RecentChanges
sli.ics.uci.edu/Pubs/PubsDB
sli.ics.uci.edu/Pubs/PubsDB
sli.ics.uci.edu/Pubs/Pubs
sli.ics.uci.edu/Projects/Vision
sli.ics.uci.edu/Projects/Vision
sli.ics.uci.edu/Projects/RecentChanges
sli.ics.uci.edu/Projects/RecentChanges
sli.ics.uci.edu/Projects/GraphicalModels
sli.ics.uci.edu/Projects/GraphicalModels
sli.ics.uci.edu/Projects/DataMining
sli.ics.uci.edu/Projects/DataMining
sli.ics.uci.edu/Profiles/RecentChanges
sli.ics.uci.edu/Profiles
sli.ics.uci.edu/Profiles/Profiles
sli.ics.uci.edu/Profiles/RecentChanges
sli.ics.uci.edu/Profiles/Priya
sli.ics.uci.edu/Profiles/Priya
sli.ics.uci.edu/Profiles/Ihler
sli.ics.uci.edu/Profiles/Ihler
sli.ics.uci.edu/Profiles/Profiles
sli.ics.uci.edu/PmWiki/WikiWords
sli.ics.uci.edu/PmWiki/WikiWords
sli.ics.uci.edu/PmWiki
sli.ics.uci.edu/Main/WikiSandbox
sli.ics.uci.edu/PmWiki/PmWiki
sli.ics.uci.edu/PmWiki/WikiWord
sli.ics.uci.edu/PmWiki/WikiWord
sli.ics.uci.edu/PmWiki/WikiWikiWeb
sli.ics.uci.edu/PmWiki/WikiWikiWeb
sli.ics.uci.edu/PmWiki/WikiTrails
sli.ics.uci.edu/PmWiki/FullName
sli.ics.uci.edu/PmWiki/WikiTrails
sli.ics.uci.edu/PmWiki/WikiStyles
sli.ics.uci.edu/PmWiki/WikiStyles
sli.ics.uci.edu/PmWiki/WikiStyleExamples
sli.ics.uci.edu/PmWiki/WikiStyleExamples
sli.ics.uci.edu/PmWiki/WikiStructure
sli.ics.uci.edu/PmWiki/WikiStructure
sli.ics.uci.edu/PmWiki/WikiSandbox
sli.ics.uci.edu/PmWiki/WikiSandbox
sli.ics.uci.edu/Main
sli.ics.uci.edu/Main/HomePage
sli.ics.uci.edu/Main/WikiSandbox
sli.ics.uci.edu/PmWiki/WikiPage
sli.ics.uci.edu/PmWiki/WikiPage
sli.ics.uci.edu/PmWiki/WikiGroups
sli.ics.uci.edu/PmWiki/RecentChanges
sli.ics.uci.edu/PmWiki/WikiGroup
sli.ics.uci.edu/PmWiki/WikiGroup
sli.ics.uci.edu/SiteAdmin/SiteAdmin
sli.ics.uci.edu/SiteAdmin
sli.ics.uci.edu/SiteAdmin/SiteAdmin
sli.ics.uci.edu/PmWiki/WikiGroups
sli.ics.uci.edu/PmWiki/WikiGroup
sli.ics.uci.edu/PmWiki/WikiGroup
sli.ics.uci.edu/PmWiki/WikiFarmTerminology
sli.ics.uci.edu/Category/WikiFarms
sli.ics.uci.edu/Category
sli.ics.uci.edu/Category/Category
sli.ics.uci.edu/Category/WikiFarms
sli.ics.uci.edu/PmWiki/WikiFarmTerminology
sli.ics.uci.edu/PmWiki/WikiFarms
sli.ics.uci.edu/PmWiki/WikiFarms
sli.ics.uci.edu/PmWiki/WikiAdministrator
sli.ics.uci.edu/PmWiki/WikiAdministrator
sli.ics.uci.edu/PmWiki/WebFeeds
sli.ics.uci.edu/PmWiki/WebFeeds
sli.ics.uci.edu/PmWiki/Version
sli.ics.uci.edu/SiteAdmin/Status
sli.ics.uci.edu/SiteAdmin/Status
sli.ics.uci.edu/PmWiki/Version
sli.ics.uci.edu/PmWiki/Variables
sli.ics.uci.edu/Category/PmWikiDeveloper
sli.ics.uci.edu/Category/PmWikiDeveloper
sli.ics.uci.edu/PmWiki/Variables
sli.ics.uci.edu/PmWiki/UTF-8
sli.ics.uci.edu/PmWiki/UTF-8
sli.ics.uci.edu/PmWiki/UrlApprovals
sli.ics.uci.edu/SiteAdmin/ApprovedUrls
sli.ics.uci.edu/Category/Spam
sli.ics.uci.edu/Category/Spam
sli.ics.uci.edu/PmWiki/UrlApprovals
sli.ics.uci.edu/PmWiki/UploadVariables
sli.ics.uci.edu/PmWiki/UploadVariables
sli.ics.uci.edu/PmWiki/UploadsAdmin
sli.ics.uci.edu/PmWiki/UploadsAdmin
sli.ics.uci.edu/PmWiki/Uploads
sli.ics.uci.edu/PmWiki/Uploads
sli.ics.uci.edu/PmWiki/Uploads
sli.ics.uci.edu/PmWiki/UpgradingFromPmWiki1
sli.ics.uci.edu/PmWiki/UpgradingFromPmWiki1
sli.ics.uci.edu/PmWiki/Upgrades
sli.ics.uci.edu/PmWiki/Upgrades
sli.ics.uci.edu/PmWiki/Troubleshooting
sli.ics.uci.edu/PmWiki/Troubleshooting
sli.ics.uci.edu/PmWiki/TextFormattingRules
sli.ics.uci.edu/PmWiki/TextFormattingRules
sli.ics.uci.edu/PmWiki/Tables
sli.ics.uci.edu/PmWiki/Tables
sli.ics.uci.edu/PmWiki/TableDirectives
sli.ics.uci.edu/PmWiki/TableDirectives
sli.ics.uci.edu/PmWiki/SpecialCharacters
sli.ics.uci.edu/PmWiki/SpecialCharacters
sli.ics.uci.edu/PmWiki/SkinTemplates
sli.ics.uci.edu/PmWiki/SkinTemplates
sli.ics.uci.edu/PmWiki/Skins
sli.ics.uci.edu/PmWiki/Skins
sli.ics.uci.edu/PmWiki/SitePreferences
sli.ics.uci.edu/PmWiki/SitePreferences
sli.ics.uci.edu/PmWiki/SitePageActions
sli.ics.uci.edu/Cookbook/Cookbook
sli.ics.uci.edu/PmWiki/SitePageActions
sli.ics.uci.edu/PmWiki/SimultaneousEdits
sli.ics.uci.edu/PmWiki/SimultaneousEdits
sli.ics.uci.edu/PmWiki/SecurityVariables
sli.ics.uci.edu/PmWiki/SecurityVariables
sli.ics.uci.edu/PmWiki/Security
sli.ics.uci.edu/Category/Security
sli.ics.uci.edu/Category/Security
sli.ics.uci.edu/PmWiki/Security
sli.ics.uci.edu/PmWiki/Search
sli.ics.uci.edu/PmWiki/Search
sli.ics.uci.edu/PmWiki/Requirements
sli.ics.uci.edu/PmWiki/Requirements
sli.ics.uci.edu/PmWiki/ReleaseNotes
sli.ics.uci.edu/SiteAdmin/AuthList
sli.ics.uci.edu/SiteAdmin/AuthList
sli.ics.uci.edu/PmWiki/SiteAnalyzer
sli.ics.uci.edu/PmWiki/ReleaseNotes
sli.ics.uci.edu/PmWiki/RefCount
sli.ics.uci.edu/PmWiki/RefCount
sli.ics.uci.edu/PmWiki/RefCount
sli.ics.uci.edu/PmWiki/PmWikiPhilosophy
sli.ics.uci.edu/PmWiki/PmWikiPhilosophy
sli.ics.uci.edu/PmWiki/PerGroupCustomizations
sli.ics.uci.edu/PmWiki/GroupAttributes
sli.ics.uci.edu/PmWiki/GroupName
sli.ics.uci.edu/PmWiki/PerGroupCustomizations
sli.ics.uci.edu/PmWiki/GroupCustomizations
sli.ics.uci.edu/PmWiki/PatrickMichaud
sli.ics.uci.edu/PmWiki/PatrickMichaud
sli.ics.uci.edu/PmWiki/PathVariables
sli.ics.uci.edu/PmWiki/PathVariables
sli.ics.uci.edu/PmWiki/Passwords
sli.ics.uci.edu/PmWiki/SpecialPages
sli.ics.uci.edu/PmWiki/Passwords
sli.ics.uci.edu/PmWiki/PageVariables
sli.ics.uci.edu/PmWiki/PageVariables
sli.ics.uci.edu/PmWiki/PageTextVariables
sli.ics.uci.edu/PmWiki/Name
sli.ics.uci.edu/Site/LocalTemplates
sli.ics.uci.edu/PmWiki/PageTextVariables
sli.ics.uci.edu/PmWiki/PagelistVariables
sli.ics.uci.edu/PmWiki/PagelistVariables
sli.ics.uci.edu/PmWiki/PageListTemplates
sli.ics.uci.edu/PmWiki/PageListTemplates
sli.ics.uci.edu/PmWiki/PageLists
sli.ics.uci.edu/PmWiki/PageLists
sli.ics.uci.edu/PmWiki/PageHistory
sli.ics.uci.edu/PmWiki/PageHistory
sli.ics.uci.edu/PmWiki/PageFileFormat
sli.ics.uci.edu/PmWiki/PageFileFormat
sli.ics.uci.edu/PmWiki/PageDirectives
sli.ics.uci.edu/PmWiki/PageDirectives
sli.ics.uci.edu/PmWiki/OtherVariables
sli.ics.uci.edu/PmWiki/OtherVariables
sli.ics.uci.edu/PmWiki/Notify
sli.ics.uci.edu/SiteAdmin/NotifyList
sli.ics.uci.edu/PmWiki/Notify
sli.ics.uci.edu/PmWiki/MarkupMasterIndex
sli.ics.uci.edu/PmWiki/LinkSchemes
sli.ics.uci.edu/PmWiki/MarkupMasterIndex
sli.ics.uci.edu/PmWiki/MarkupExpressions
sli.ics.uci.edu/PmWiki/MarkupExpressions
sli.ics.uci.edu/PmWiki/MailPosts
sli.ics.uci.edu/PmWiki/MailPosts
sli.ics.uci.edu/PmWiki/MailingLists
sli.ics.uci.edu/PmWiki/MailingLists
sli.ics.uci.edu/PmWiki/LocalCustomizations
sli.ics.uci.edu/PmWiki/LocalCustomizations
sli.ics.uci.edu/PmWiki/LinkVariables
sli.ics.uci.edu/PmWiki/LinkVariables
sli.ics.uci.edu/PmWiki/Links
sli.ics.uci.edu/Profiles/Author
sli.ics.uci.edu/PmWiki/NonexistentPages
sli.ics.uci.edu/PmWiki/Links
sli.ics.uci.edu/PmWiki/LayoutVariables
sli.ics.uci.edu/PmWiki/LayoutVariables
sli.ics.uci.edu/PmWiki/Introduction
sli.ics.uci.edu/PmWiki/Introduction
sli.ics.uci.edu/PmWiki/Internationalizations
sli.ics.uci.edu/Localization/Localization
sli.ics.uci.edu/PmWikiFr/XLPage
sli.ics.uci.edu/PmWiki/Internationalizations
sli.ics.uci.edu/PmWiki/InterMap
sli.ics.uci.edu/Site/InterMap
sli.ics.uci.edu/PmWiki/InterMap
sli.ics.uci.edu/PmWiki/Installation
sli.ics.uci.edu/PmWiki/Installation
sli.ics.uci.edu/PmWiki/InitialSetupTasks
sli.ics.uci.edu/PmWiki/InitialSetupTasks
sli.ics.uci.edu/PmWiki/IncludeOtherPages
sli.ics.uci.edu/PmWiki/IncludeOtherPages
sli.ics.uci.edu/PmWiki/Images
sli.ics.uci.edu/PmWiki/Images
sli.ics.uci.edu/PmWiki/I18nVariables
sli.ics.uci.edu/PmWiki/I18nVariables
sli.ics.uci.edu/PmWiki/GroupHeaders
sli.ics.uci.edu/PmWiki/GroupHeaders
sli.ics.uci.edu/PmWiki/GroupHeader
sli.ics.uci.edu/PmWiki/GroupHeader
sli.ics.uci.edu/PmWiki/GroupFooter
sli.ics.uci.edu/PmWiki/GroupFooter
sli.ics.uci.edu/PmWiki/GroupCustomizations
sli.ics.uci.edu/PmWiki/Glossary
sli.ics.uci.edu/PmWiki/Glossary
sli.ics.uci.edu/PmWiki/Functions
sli.ics.uci.edu/PmWiki/Functions
sli.ics.uci.edu/PmWiki/Forms
sli.ics.uci.edu/PmWiki/Forms
sli.ics.uci.edu/PmWiki/FmtPageName
sli.ics.uci.edu/PmWiki/FmtPageName
sli.ics.uci.edu/PmWiki/FilePermissions
sli.ics.uci.edu/PmWiki/FilePermissions
sli.ics.uci.edu/PmWiki/FAQ
